AiM GGM_EXTEND 8 0x80000000 0 0 8192 0 0 0
AiM GGM_EXTEND 8 0x80000000 1 0 8192 0 0 0
AiM GGM_EXTEND 8 0x80000000 2 0 8192 0 0 0
AiM GGM_EXTEND 8 0x80000000 3 0 8192 0 0 0
AiM GGM_EXTEND 8 0x80000000 4 0 8192 0 0 0
AiM GGM_EXTEND 8 0x80000000 5 0 8192 0 0 0
AiM GGM_EXTEND 8 0x80000000 6 0 8192 0 0 0
AiM GGM_EXTEND 8 0x80000000 7 0 8192 0 0 0
AiM GGM_EXTEND 8 0x80000000 8 0 8192 0 0 0
AiM GGM_EXTEND 8 0x80000000 9 0 8192 0 0 0
AiM GGM_EXTEND 8 0x80000000 10 0 8192 0 0 0
AiM GGM_EXTEND 8 0x80000000 11 0 8192 0 0 0
AiM GGM_EXTEND 8 0x80000000 12 0 8192 0 0 0
AiM GGM_EXTEND 8 0x80000000 13 0 8192 0 0 0
AiM GGM_EXTEND 8 0x80000000 14 0 8192 0 0 0
AiM GGM_EXTEND 8 0x80000000 15 0 8192 0 0 0
AiM GGM_EXTEND 8 0x80000000 0 1 8193 0 0 0
AiM GGM_EXTEND 8 0x80000000 1 1 8193 0 0 0
AiM GGM_EXTEND 8 0x80000000 2 1 8193 0 0 0
AiM GGM_EXTEND 8 0x80000000 3 1 8193 0 0 0
AiM GGM_EXTEND 8 0x80000000 4 1 8193 0 0 0
AiM GGM_EXTEND 8 0x80000000 5 1 8193 0 0 0
AiM GGM_EXTEND 8 0x80000000 6 1 8193 0 0 0
AiM GGM_EXTEND 8 0x80000000 7 1 8193 0 0 0
AiM GGM_EXTEND 8 0x80000000 8 1 8193 0 0 0
AiM GGM_EXTEND 8 0x80000000 9 1 8193 0 0 0
AiM GGM_EXTEND 8 0x80000000 10 1 8193 0 0 0
AiM GGM_EXTEND 8 0x80000000 11 1 8193 0 0 0
AiM GGM_EXTEND 8 0x80000000 12 1 8193 0 0 0
AiM GGM_EXTEND 8 0x80000000 13 1 8193 0 0 0
AiM GGM_EXTEND 8 0x80000000 14 1 8193 0 0 0
AiM GGM_EXTEND 8 0x80000000 15 1 8193 0 0 0
AiM GGM_EXTEND 8 0x80000000 0 2 8194 0 0 0
AiM GGM_EXTEND 8 0x80000000 1 2 8194 0 0 0
AiM GGM_EXTEND 8 0x80000000 2 2 8194 0 0 0
AiM GGM_EXTEND 8 0x80000000 3 2 8194 0 0 0
AiM GGM_EXTEND 8 0x80000000 4 2 8194 0 0 0
AiM GGM_EXTEND 8 0x80000000 5 2 8194 0 0 0
AiM GGM_EXTEND 8 0x80000000 6 2 8194 0 0 0
AiM GGM_EXTEND 8 0x80000000 7 2 8194 0 0 0
AiM GGM_EXTEND 8 0x80000000 8 2 8194 0 0 0
AiM GGM_EXTEND 8 0x80000000 9 2 8194 0 0 0
AiM GGM_EXTEND 8 0x80000000 10 2 8194 0 0 0
AiM GGM_EXTEND 8 0x80000000 11 2 8194 0 0 0
AiM GGM_EXTEND 8 0x80000000 12 2 8194 0 0 0
AiM GGM_EXTEND 8 0x80000000 13 2 8194 0 0 0
AiM GGM_EXTEND 8 0x80000000 14 2 8194 0 0 0
AiM GGM_EXTEND 8 0x80000000 15 2 8194 0 0 0
AiM GGM_EXTEND 8 0x80000000 0 3 8195 0 0 0
AiM GGM_EXTEND 8 0x80000000 1 3 8195 0 0 0
AiM GGM_EXTEND 8 0x80000000 2 3 8195 0 0 0
AiM GGM_EXTEND 8 0x80000000 3 3 8195 0 0 0
AiM GGM_EXTEND 8 0x80000000 4 3 8195 0 0 0
AiM GGM_EXTEND 8 0x80000000 5 3 8195 0 0 0
AiM GGM_EXTEND 8 0x80000000 6 3 8195 0 0 0
AiM GGM_EXTEND 8 0x80000000 7 3 8195 0 0 0
AiM GGM_EXTEND 8 0x80000000 8 3 8195 0 0 0
AiM GGM_EXTEND 8 0x80000000 9 3 8195 0 0 0
AiM GGM_EXTEND 8 0x80000000 10 3 8195 0 0 0
AiM GGM_EXTEND 8 0x80000000 11 3 8195 0 0 0
AiM GGM_EXTEND 8 0x80000000 12 3 8195 0 0 0
AiM GGM_EXTEND 8 0x80000000 13 3 8195 0 0 0
AiM GGM_EXTEND 8 0x80000000 14 3 8195 0 0 0
AiM GGM_EXTEND 8 0x80000000 15 3 8195 0 0 0
AiM EOC
