AiM GGM_EXTEND 8 0x80000000 0 0 8192 0 0 0
AiM GGM_EXTEND 8 0x80000000 1 0 8192 0 8 16
AiM GGM_EXTEND 8 0x80000000 2 0 8192 0 16 32
AiM GGM_EXTEND 8 0x80000000 3 0 8192 0 24 48
AiM GGM_EXTEND 8 0x80000000 4 0 8192 0 32 0
AiM GGM_EXTEND 8 0x80000000 5 0 8192 0 40 16
AiM GGM_EXTEND 8 0x80000000 6 0 8192 0 48 32
AiM GGM_EXTEND 8 0x80000000 7 0 8192 0 56 48
AiM GGM_EXTEND 8 0x80000000 8 0 8192 0 0 0
AiM GGM_EXTEND 8 0x80000000 9 0 8192 0 8 16
AiM GGM_EXTEND 8 0x80000000 10 0 8192 0 16 32
AiM GGM_EXTEND 8 0x80000000 11 0 8192 0 24 48
AiM GGM_EXTEND 8 0x80000000 12 0 8192 0 32 0
AiM GGM_EXTEND 8 0x80000000 13 0 8192 0 40 16
AiM GGM_EXTEND 8 0x80000000 14 0 8192 0 48 32
AiM GGM_EXTEND 8 0x80000000 15 0 8192 0 56 48
AiM GGM_EXTEND 8 0x80000000 0 1 8193 0 0 0
AiM GGM_EXTEND 8 0x80000000 1 1 8193 0 8 16
AiM GGM_EXTEND 8 0x80000000 2 1 8193 0 16 32
AiM GGM_EXTEND 8 0x80000000 3 1 8193 0 24 48
AiM GGM_EXTEND 8 0x80000000 4 1 8193 0 32 0
AiM GGM_EXTEND 8 0x80000000 5 1 8193 0 40 16
AiM GGM_EXTEND 8 0x80000000 6 1 8193 0 48 32
AiM GGM_EXTEND 8 0x80000000 7 1 8193 0 56 48
AiM GGM_EXTEND 8 0x80000000 8 1 8193 0 0 0
AiM GGM_EXTEND 8 0x80000000 9 1 8193 0 8 16
AiM GGM_EXTEND 8 0x80000000 10 1 8193 0 16 32
AiM GGM_EXTEND 8 0x80000000 11 1 8193 0 24 48
AiM GGM_EXTEND 8 0x80000000 12 1 8193 0 32 0
AiM GGM_EXTEND 8 0x80000000 13 1 8193 0 40 16
AiM GGM_EXTEND 8 0x80000000 14 1 8193 0 48 32
AiM GGM_EXTEND 8 0x80000000 15 1 8193 0 56 48
AiM GGM_EXTEND 8 0x80000000 0 2 8194 0 0 0
AiM GGM_EXTEND 8 0x80000000 1 2 8194 0 8 16
AiM GGM_EXTEND 8 0x80000000 2 2 8194 0 16 32
AiM GGM_EXTEND 8 0x80000000 3 2 8194 0 24 48
AiM GGM_EXTEND 8 0x80000000 4 2 8194 0 32 0
AiM GGM_EXTEND 8 0x80000000 5 2 8194 0 40 16
AiM GGM_EXTEND 8 0x80000000 6 2 8194 0 48 32
AiM GGM_EXTEND 8 0x80000000 7 2 8194 0 56 48
AiM GGM_EXTEND 8 0x80000000 8 2 8194 0 0 0
AiM GGM_EXTEND 8 0x80000000 9 2 8194 0 8 16
AiM GGM_EXTEND 8 0x80000000 10 2 8194 0 16 32
AiM GGM_EXTEND 8 0x80000000 11 2 8194 0 24 48
AiM GGM_EXTEND 8 0x80000000 12 2 8194 0 32 0
AiM GGM_EXTEND 8 0x80000000 13 2 8194 0 40 16
AiM GGM_EXTEND 8 0x80000000 14 2 8194 0 48 32
AiM GGM_EXTEND 8 0x80000000 15 2 8194 0 56 48
AiM GGM_EXTEND 8 0x80000000 0 3 8195 0 0 0
AiM GGM_EXTEND 8 0x80000000 1 3 8195 0 8 16
AiM GGM_EXTEND 8 0x80000000 2 3 8195 0 16 32
AiM GGM_EXTEND 8 0x80000000 3 3 8195 0 24 48
AiM GGM_EXTEND 8 0x80000000 4 3 8195 0 32 0
AiM GGM_EXTEND 8 0x80000000 5 3 8195 0 40 16
AiM GGM_EXTEND 8 0x80000000 6 3 8195 0 48 32
AiM GGM_EXTEND 8 0x80000000 7 3 8195 0 56 48
AiM GGM_EXTEND 8 0x80000000 8 3 8195 0 0 0
AiM GGM_EXTEND 8 0x80000000 9 3 8195 0 8 16
AiM GGM_EXTEND 8 0x80000000 10 3 8195 0 16 32
AiM GGM_EXTEND 8 0x80000000 11 3 8195 0 24 48
AiM GGM_EXTEND 8 0x80000000 12 3 8195 0 32 0
AiM GGM_EXTEND 8 0x80000000 13 3 8195 0 40 16
AiM GGM_EXTEND 8 0x80000000 14 3 8195 0 48 32
AiM GGM_EXTEND 8 0x80000000 15 3 8195 0 56 48
AiM GGM_EXTEND 8 0x80000000 0 4 8196 0 0 0
AiM GGM_EXTEND 8 0x80000000 1 4 8196 0 8 16
AiM GGM_EXTEND 8 0x80000000 2 4 8196 0 16 32
AiM GGM_EXTEND 8 0x80000000 3 4 8196 0 24 48
AiM GGM_EXTEND 8 0x80000000 4 4 8196 0 32 0
AiM GGM_EXTEND 8 0x80000000 5 4 8196 0 40 16
AiM GGM_EXTEND 8 0x80000000 6 4 8196 0 48 32
AiM GGM_EXTEND 8 0x80000000 7 4 8196 0 56 48
AiM GGM_EXTEND 8 0x80000000 8 4 8196 0 0 0
AiM GGM_EXTEND 8 0x80000000 9 4 8196 0 8 16
AiM GGM_EXTEND 8 0x80000000 10 4 8196 0 16 32
AiM GGM_EXTEND 8 0x80000000 11 4 8196 0 24 48
AiM GGM_EXTEND 8 0x80000000 12 4 8196 0 32 0
AiM GGM_EXTEND 8 0x80000000 13 4 8196 0 40 16
AiM GGM_EXTEND 8 0x80000000 14 4 8196 0 48 32
AiM GGM_EXTEND 8 0x80000000 15 4 8196 0 56 48
AiM GGM_EXTEND 8 0x80000000 0 5 8197 0 0 0
AiM GGM_EXTEND 8 0x80000000 1 5 8197 0 8 16
AiM GGM_EXTEND 8 0x80000000 2 5 8197 0 16 32
AiM GGM_EXTEND 8 0x80000000 3 5 8197 0 24 48
AiM GGM_EXTEND 8 0x80000000 4 5 8197 0 32 0
AiM GGM_EXTEND 8 0x80000000 5 5 8197 0 40 16
AiM GGM_EXTEND 8 0x80000000 6 5 8197 0 48 32
AiM GGM_EXTEND 8 0x80000000 7 5 8197 0 56 48
AiM GGM_EXTEND 8 0x80000000 8 5 8197 0 0 0
AiM GGM_EXTEND 8 0x80000000 9 5 8197 0 8 16
AiM GGM_EXTEND 8 0x80000000 10 5 8197 0 16 32
AiM GGM_EXTEND 8 0x80000000 11 5 8197 0 24 48
AiM GGM_EXTEND 8 0x80000000 12 5 8197 0 32 0
AiM GGM_EXTEND 8 0x80000000 13 5 8197 0 40 16
AiM GGM_EXTEND 8 0x80000000 14 5 8197 0 48 32
AiM GGM_EXTEND 8 0x80000000 15 5 8197 0 56 48
AiM GGM_EXTEND 8 0x80000000 0 6 8198 0 0 0
AiM GGM_EXTEND 8 0x80000000 1 6 8198 0 8 16
AiM GGM_EXTEND 8 0x80000000 2 6 8198 0 16 32
AiM GGM_EXTEND 8 0x80000000 3 6 8198 0 24 48
AiM GGM_EXTEND 8 0x80000000 4 6 8198 0 32 0
AiM GGM_EXTEND 8 0x80000000 5 6 8198 0 40 16
AiM GGM_EXTEND 8 0x80000000 6 6 8198 0 48 32
AiM GGM_EXTEND 8 0x80000000 7 6 8198 0 56 48
AiM GGM_EXTEND 8 0x80000000 8 6 8198 0 0 0
AiM GGM_EXTEND 8 0x80000000 9 6 8198 0 8 16
AiM GGM_EXTEND 8 0x80000000 10 6 8198 0 16 32
AiM GGM_EXTEND 8 0x80000000 11 6 8198 0 24 48
AiM GGM_EXTEND 8 0x80000000 12 6 8198 0 32 0
AiM GGM_EXTEND 8 0x80000000 13 6 8198 0 40 16
AiM GGM_EXTEND 8 0x80000000 14 6 8198 0 48 32
AiM GGM_EXTEND 8 0x80000000 15 6 8198 0 56 48
AiM GGM_EXTEND 8 0x80000000 0 7 8199 0 0 0
AiM GGM_EXTEND 8 0x80000000 1 7 8199 0 8 16
AiM GGM_EXTEND 8 0x80000000 2 7 8199 0 16 32
AiM GGM_EXTEND 8 0x80000000 3 7 8199 0 24 48
AiM GGM_EXTEND 8 0x80000000 4 7 8199 0 32 0
AiM GGM_EXTEND 8 0x80000000 5 7 8199 0 40 16
AiM GGM_EXTEND 8 0x80000000 6 7 8199 0 48 32
AiM GGM_EXTEND 8 0x80000000 7 7 8199 0 56 48
AiM GGM_EXTEND 8 0x80000000 8 7 8199 0 0 0
AiM GGM_EXTEND 8 0x80000000 9 7 8199 0 8 16
AiM GGM_EXTEND 8 0x80000000 10 7 8199 0 16 32
AiM GGM_EXTEND 8 0x80000000 11 7 8199 0 24 48
AiM GGM_EXTEND 8 0x80000000 12 7 8199 0 32 0
AiM GGM_EXTEND 8 0x80000000 13 7 8199 0 40 16
AiM GGM_EXTEND 8 0x80000000 14 7 8199 0 48 32
AiM GGM_EXTEND 8 0x80000000 15 7 8199 0 56 48
AiM GGM_EXTEND 8 0x80000000 0 8 8200 0 0 0
AiM GGM_EXTEND 8 0x80000000 1 8 8200 0 8 16
AiM GGM_EXTEND 8 0x80000000 2 8 8200 0 16 32
AiM GGM_EXTEND 8 0x80000000 3 8 8200 0 24 48
AiM GGM_EXTEND 8 0x80000000 4 8 8200 0 32 0
AiM GGM_EXTEND 8 0x80000000 5 8 8200 0 40 16
AiM GGM_EXTEND 8 0x80000000 6 8 8200 0 48 32
AiM GGM_EXTEND 8 0x80000000 7 8 8200 0 56 48
AiM GGM_EXTEND 8 0x80000000 8 8 8200 0 0 0
AiM GGM_EXTEND 8 0x80000000 9 8 8200 0 8 16
AiM GGM_EXTEND 8 0x80000000 10 8 8200 0 16 32
AiM GGM_EXTEND 8 0x80000000 11 8 8200 0 24 48
AiM GGM_EXTEND 8 0x80000000 12 8 8200 0 32 0
AiM GGM_EXTEND 8 0x80000000 13 8 8200 0 40 16
AiM GGM_EXTEND 8 0x80000000 14 8 8200 0 48 32
AiM GGM_EXTEND 8 0x80000000 15 8 8200 0 56 48
AiM GGM_EXTEND 8 0x80000000 0 9 8201 0 0 0
AiM GGM_EXTEND 8 0x80000000 1 9 8201 0 8 16
AiM GGM_EXTEND 8 0x80000000 2 9 8201 0 16 32
AiM GGM_EXTEND 8 0x80000000 3 9 8201 0 24 48
AiM GGM_EXTEND 8 0x80000000 4 9 8201 0 32 0
AiM GGM_EXTEND 8 0x80000000 5 9 8201 0 40 16
AiM GGM_EXTEND 8 0x80000000 6 9 8201 0 48 32
AiM GGM_EXTEND 8 0x80000000 7 9 8201 0 56 48
AiM GGM_EXTEND 8 0x80000000 8 9 8201 0 0 0
AiM GGM_EXTEND 8 0x80000000 9 9 8201 0 8 16
AiM GGM_EXTEND 8 0x80000000 10 9 8201 0 16 32
AiM GGM_EXTEND 8 0x80000000 11 9 8201 0 24 48
AiM GGM_EXTEND 8 0x80000000 12 9 8201 0 32 0
AiM GGM_EXTEND 8 0x80000000 13 9 8201 0 40 16
AiM GGM_EXTEND 8 0x80000000 14 9 8201 0 48 32
AiM GGM_EXTEND 8 0x80000000 15 9 8201 0 56 48
AiM GGM_EXTEND 8 0x80000000 0 10 8202 0 0 0
AiM GGM_EXTEND 8 0x80000000 1 10 8202 0 8 16
AiM GGM_EXTEND 8 0x80000000 2 10 8202 0 16 32
AiM GGM_EXTEND 8 0x80000000 3 10 8202 0 24 48
AiM GGM_EXTEND 8 0x80000000 4 10 8202 0 32 0
AiM GGM_EXTEND 8 0x80000000 5 10 8202 0 40 16
AiM GGM_EXTEND 8 0x80000000 6 10 8202 0 48 32
AiM GGM_EXTEND 8 0x80000000 7 10 8202 0 56 48
AiM GGM_EXTEND 8 0x80000000 8 10 8202 0 0 0
AiM GGM_EXTEND 8 0x80000000 9 10 8202 0 8 16
AiM GGM_EXTEND 8 0x80000000 10 10 8202 0 16 32
AiM GGM_EXTEND 8 0x80000000 11 10 8202 0 24 48
AiM GGM_EXTEND 8 0x80000000 12 10 8202 0 32 0
AiM GGM_EXTEND 8 0x80000000 13 10 8202 0 40 16
AiM GGM_EXTEND 8 0x80000000 14 10 8202 0 48 32
AiM GGM_EXTEND 8 0x80000000 15 10 8202 0 56 48
AiM GGM_EXTEND 8 0x80000000 0 11 8203 0 0 0
AiM GGM_EXTEND 8 0x80000000 1 11 8203 0 8 16
AiM GGM_EXTEND 8 0x80000000 2 11 8203 0 16 32
AiM GGM_EXTEND 8 0x80000000 3 11 8203 0 24 48
AiM GGM_EXTEND 8 0x80000000 4 11 8203 0 32 0
AiM GGM_EXTEND 8 0x80000000 5 11 8203 0 40 16
AiM GGM_EXTEND 8 0x80000000 6 11 8203 0 48 32
AiM GGM_EXTEND 8 0x80000000 7 11 8203 0 56 48
AiM GGM_EXTEND 8 0x80000000 8 11 8203 0 0 0
AiM GGM_EXTEND 8 0x80000000 9 11 8203 0 8 16
AiM GGM_EXTEND 8 0x80000000 10 11 8203 0 16 32
AiM GGM_EXTEND 8 0x80000000 11 11 8203 0 24 48
AiM GGM_EXTEND 8 0x80000000 12 11 8203 0 32 0
AiM GGM_EXTEND 8 0x80000000 13 11 8203 0 40 16
AiM GGM_EXTEND 8 0x80000000 14 11 8203 0 48 32
AiM GGM_EXTEND 8 0x80000000 15 11 8203 0 56 48
AiM GGM_EXTEND 8 0x80000000 0 12 8204 0 0 0
AiM GGM_EXTEND 8 0x80000000 1 12 8204 0 8 16
AiM GGM_EXTEND 8 0x80000000 2 12 8204 0 16 32
AiM GGM_EXTEND 8 0x80000000 3 12 8204 0 24 48
AiM GGM_EXTEND 8 0x80000000 4 12 8204 0 32 0
AiM GGM_EXTEND 8 0x80000000 5 12 8204 0 40 16
AiM GGM_EXTEND 8 0x80000000 6 12 8204 0 48 32
AiM GGM_EXTEND 8 0x80000000 7 12 8204 0 56 48
AiM GGM_EXTEND 8 0x80000000 8 12 8204 0 0 0
AiM GGM_EXTEND 8 0x80000000 9 12 8204 0 8 16
AiM GGM_EXTEND 8 0x80000000 10 12 8204 0 16 32
AiM GGM_EXTEND 8 0x80000000 11 12 8204 0 24 48
AiM GGM_EXTEND 8 0x80000000 12 12 8204 0 32 0
AiM GGM_EXTEND 8 0x80000000 13 12 8204 0 40 16
AiM GGM_EXTEND 8 0x80000000 14 12 8204 0 48 32
AiM GGM_EXTEND 8 0x80000000 15 12 8204 0 56 48
AiM GGM_EXTEND 8 0x80000000 0 13 8205 0 0 0
AiM GGM_EXTEND 8 0x80000000 1 13 8205 0 8 16
AiM GGM_EXTEND 8 0x80000000 2 13 8205 0 16 32
AiM GGM_EXTEND 8 0x80000000 3 13 8205 0 24 48
AiM GGM_EXTEND 8 0x80000000 4 13 8205 0 32 0
AiM GGM_EXTEND 8 0x80000000 5 13 8205 0 40 16
AiM GGM_EXTEND 8 0x80000000 6 13 8205 0 48 32
AiM GGM_EXTEND 8 0x80000000 7 13 8205 0 56 48
AiM GGM_EXTEND 8 0x80000000 8 13 8205 0 0 0
AiM GGM_EXTEND 8 0x80000000 9 13 8205 0 8 16
AiM GGM_EXTEND 8 0x80000000 10 13 8205 0 16 32
AiM GGM_EXTEND 8 0x80000000 11 13 8205 0 24 48
AiM GGM_EXTEND 8 0x80000000 12 13 8205 0 32 0
AiM GGM_EXTEND 8 0x80000000 13 13 8205 0 40 16
AiM GGM_EXTEND 8 0x80000000 14 13 8205 0 48 32
AiM GGM_EXTEND 8 0x80000000 15 13 8205 0 56 48
AiM GGM_EXTEND 8 0x80000000 0 14 8206 0 0 0
AiM GGM_EXTEND 8 0x80000000 1 14 8206 0 8 16
AiM GGM_EXTEND 8 0x80000000 2 14 8206 0 16 32
AiM GGM_EXTEND 8 0x80000000 3 14 8206 0 24 48
AiM GGM_EXTEND 8 0x80000000 4 14 8206 0 32 0
AiM GGM_EXTEND 8 0x80000000 5 14 8206 0 40 16
AiM GGM_EXTEND 8 0x80000000 6 14 8206 0 48 32
AiM GGM_EXTEND 8 0x80000000 7 14 8206 0 56 48
AiM GGM_EXTEND 8 0x80000000 8 14 8206 0 0 0
AiM GGM_EXTEND 8 0x80000000 9 14 8206 0 8 16
AiM GGM_EXTEND 8 0x80000000 10 14 8206 0 16 32
AiM GGM_EXTEND 8 0x80000000 11 14 8206 0 24 48
AiM GGM_EXTEND 8 0x80000000 12 14 8206 0 32 0
AiM GGM_EXTEND 8 0x80000000 13 14 8206 0 40 16
AiM GGM_EXTEND 8 0x80000000 14 14 8206 0 48 32
AiM GGM_EXTEND 8 0x80000000 15 14 8206 0 56 48
AiM GGM_EXTEND 8 0x80000000 0 15 8207 0 0 0
AiM GGM_EXTEND 8 0x80000000 1 15 8207 0 8 16
AiM GGM_EXTEND 8 0x80000000 2 15 8207 0 16 32
AiM GGM_EXTEND 8 0x80000000 3 15 8207 0 24 48
AiM GGM_EXTEND 8 0x80000000 4 15 8207 0 32 0
AiM GGM_EXTEND 8 0x80000000 5 15 8207 0 40 16
AiM GGM_EXTEND 8 0x80000000 6 15 8207 0 48 32
AiM GGM_EXTEND 8 0x80000000 7 15 8207 0 56 48
AiM GGM_EXTEND 8 0x80000000 8 15 8207 0 0 0
AiM GGM_EXTEND 8 0x80000000 9 15 8207 0 8 16
AiM GGM_EXTEND 8 0x80000000 10 15 8207 0 16 32
AiM GGM_EXTEND 8 0x80000000 11 15 8207 0 24 48
AiM GGM_EXTEND 8 0x80000000 12 15 8207 0 32 0
AiM GGM_EXTEND 8 0x80000000 13 15 8207 0 40 16
AiM GGM_EXTEND 8 0x80000000 14 15 8207 0 48 32
AiM GGM_EXTEND 8 0x80000000 15 15 8207 0 56 48
AiM GGM_EXTEND 8 0x80000000 0 16 8208 0 0 0
AiM GGM_EXTEND 8 0x80000000 1 16 8208 0 8 16
AiM GGM_EXTEND 8 0x80000000 2 16 8208 0 16 32
AiM GGM_EXTEND 8 0x80000000 3 16 8208 0 24 48
AiM GGM_EXTEND 8 0x80000000 4 16 8208 0 32 0
AiM GGM_EXTEND 8 0x80000000 5 16 8208 0 40 16
AiM GGM_EXTEND 8 0x80000000 6 16 8208 0 48 32
AiM GGM_EXTEND 8 0x80000000 7 16 8208 0 56 48
AiM GGM_EXTEND 8 0x80000000 8 16 8208 0 0 0
AiM GGM_EXTEND 8 0x80000000 9 16 8208 0 8 16
AiM GGM_EXTEND 8 0x80000000 10 16 8208 0 16 32
AiM GGM_EXTEND 8 0x80000000 11 16 8208 0 24 48
AiM GGM_EXTEND 8 0x80000000 12 16 8208 0 32 0
AiM GGM_EXTEND 8 0x80000000 13 16 8208 0 40 16
AiM GGM_EXTEND 8 0x80000000 14 16 8208 0 48 32
AiM GGM_EXTEND 8 0x80000000 15 16 8208 0 56 48
AiM GGM_EXTEND 8 0x80000000 0 17 8209 0 0 0
AiM GGM_EXTEND 8 0x80000000 1 17 8209 0 8 16
AiM GGM_EXTEND 8 0x80000000 2 17 8209 0 16 32
AiM GGM_EXTEND 8 0x80000000 3 17 8209 0 24 48
AiM GGM_EXTEND 8 0x80000000 4 17 8209 0 32 0
AiM GGM_EXTEND 8 0x80000000 5 17 8209 0 40 16
AiM GGM_EXTEND 8 0x80000000 6 17 8209 0 48 32
AiM GGM_EXTEND 8 0x80000000 7 17 8209 0 56 48
AiM GGM_EXTEND 8 0x80000000 8 17 8209 0 0 0
AiM GGM_EXTEND 8 0x80000000 9 17 8209 0 8 16
AiM GGM_EXTEND 8 0x80000000 10 17 8209 0 16 32
AiM GGM_EXTEND 8 0x80000000 11 17 8209 0 24 48
AiM GGM_EXTEND 8 0x80000000 12 17 8209 0 32 0
AiM GGM_EXTEND 8 0x80000000 13 17 8209 0 40 16
AiM GGM_EXTEND 8 0x80000000 14 17 8209 0 48 32
AiM GGM_EXTEND 8 0x80000000 15 17 8209 0 56 48
AiM GGM_EXTEND 8 0x80000000 0 18 8210 0 0 0
AiM GGM_EXTEND 8 0x80000000 1 18 8210 0 8 16
AiM GGM_EXTEND 8 0x80000000 2 18 8210 0 16 32
AiM GGM_EXTEND 8 0x80000000 3 18 8210 0 24 48
AiM GGM_EXTEND 8 0x80000000 4 18 8210 0 32 0
AiM GGM_EXTEND 8 0x80000000 5 18 8210 0 40 16
AiM GGM_EXTEND 8 0x80000000 6 18 8210 0 48 32
AiM GGM_EXTEND 8 0x80000000 7 18 8210 0 56 48
AiM GGM_EXTEND 8 0x80000000 8 18 8210 0 0 0
AiM GGM_EXTEND 8 0x80000000 9 18 8210 0 8 16
AiM GGM_EXTEND 8 0x80000000 10 18 8210 0 16 32
AiM GGM_EXTEND 8 0x80000000 11 18 8210 0 24 48
AiM GGM_EXTEND 8 0x80000000 12 18 8210 0 32 0
AiM GGM_EXTEND 8 0x80000000 13 18 8210 0 40 16
AiM GGM_EXTEND 8 0x80000000 14 18 8210 0 48 32
AiM GGM_EXTEND 8 0x80000000 15 18 8210 0 56 48
AiM GGM_EXTEND 8 0x80000000 0 19 8211 0 0 0
AiM GGM_EXTEND 8 0x80000000 1 19 8211 0 8 16
AiM GGM_EXTEND 8 0x80000000 2 19 8211 0 16 32
AiM GGM_EXTEND 8 0x80000000 3 19 8211 0 24 48
AiM GGM_EXTEND 8 0x80000000 4 19 8211 0 32 0
AiM GGM_EXTEND 8 0x80000000 5 19 8211 0 40 16
AiM GGM_EXTEND 8 0x80000000 6 19 8211 0 48 32
AiM GGM_EXTEND 8 0x80000000 7 19 8211 0 56 48
AiM GGM_EXTEND 8 0x80000000 8 19 8211 0 0 0
AiM GGM_EXTEND 8 0x80000000 9 19 8211 0 8 16
AiM GGM_EXTEND 8 0x80000000 10 19 8211 0 16 32
AiM GGM_EXTEND 8 0x80000000 11 19 8211 0 24 48
AiM GGM_EXTEND 8 0x80000000 12 19 8211 0 32 0
AiM GGM_EXTEND 8 0x80000000 13 19 8211 0 40 16
AiM GGM_EXTEND 8 0x80000000 14 19 8211 0 48 32
AiM GGM_EXTEND 8 0x80000000 15 19 8211 0 56 48
AiM GGM_EXTEND 8 0x80000000 0 20 8212 0 0 0
AiM GGM_EXTEND 8 0x80000000 1 20 8212 0 8 16
AiM GGM_EXTEND 8 0x80000000 2 20 8212 0 16 32
AiM GGM_EXTEND 8 0x80000000 3 20 8212 0 24 48
AiM GGM_EXTEND 8 0x80000000 4 20 8212 0 32 0
AiM GGM_EXTEND 8 0x80000000 5 20 8212 0 40 16
AiM GGM_EXTEND 8 0x80000000 6 20 8212 0 48 32
AiM GGM_EXTEND 8 0x80000000 7 20 8212 0 56 48
AiM GGM_EXTEND 8 0x80000000 8 20 8212 0 0 0
AiM GGM_EXTEND 8 0x80000000 9 20 8212 0 8 16
AiM GGM_EXTEND 8 0x80000000 10 20 8212 0 16 32
AiM GGM_EXTEND 8 0x80000000 11 20 8212 0 24 48
AiM GGM_EXTEND 8 0x80000000 12 20 8212 0 32 0
AiM GGM_EXTEND 8 0x80000000 13 20 8212 0 40 16
AiM GGM_EXTEND 8 0x80000000 14 20 8212 0 48 32
AiM GGM_EXTEND 8 0x80000000 15 20 8212 0 56 48
AiM GGM_EXTEND 8 0x80000000 0 21 8213 0 0 0
AiM GGM_EXTEND 8 0x80000000 1 21 8213 0 8 16
AiM GGM_EXTEND 8 0x80000000 2 21 8213 0 16 32
AiM GGM_EXTEND 8 0x80000000 3 21 8213 0 24 48
AiM GGM_EXTEND 8 0x80000000 4 21 8213 0 32 0
AiM GGM_EXTEND 8 0x80000000 5 21 8213 0 40 16
AiM GGM_EXTEND 8 0x80000000 6 21 8213 0 48 32
AiM GGM_EXTEND 8 0x80000000 7 21 8213 0 56 48
AiM GGM_EXTEND 8 0x80000000 8 21 8213 0 0 0
AiM GGM_EXTEND 8 0x80000000 9 21 8213 0 8 16
AiM GGM_EXTEND 8 0x80000000 10 21 8213 0 16 32
AiM GGM_EXTEND 8 0x80000000 11 21 8213 0 24 48
AiM GGM_EXTEND 8 0x80000000 12 21 8213 0 32 0
AiM GGM_EXTEND 8 0x80000000 13 21 8213 0 40 16
AiM GGM_EXTEND 8 0x80000000 14 21 8213 0 48 32
AiM GGM_EXTEND 8 0x80000000 15 21 8213 0 56 48
AiM GGM_EXTEND 8 0x80000000 0 22 8214 0 0 0
AiM GGM_EXTEND 8 0x80000000 1 22 8214 0 8 16
AiM GGM_EXTEND 8 0x80000000 2 22 8214 0 16 32
AiM GGM_EXTEND 8 0x80000000 3 22 8214 0 24 48
AiM GGM_EXTEND 8 0x80000000 4 22 8214 0 32 0
AiM GGM_EXTEND 8 0x80000000 5 22 8214 0 40 16
AiM GGM_EXTEND 8 0x80000000 6 22 8214 0 48 32
AiM GGM_EXTEND 8 0x80000000 7 22 8214 0 56 48
AiM GGM_EXTEND 8 0x80000000 8 22 8214 0 0 0
AiM GGM_EXTEND 8 0x80000000 9 22 8214 0 8 16
AiM GGM_EXTEND 8 0x80000000 10 22 8214 0 16 32
AiM GGM_EXTEND 8 0x80000000 11 22 8214 0 24 48
AiM GGM_EXTEND 8 0x80000000 12 22 8214 0 32 0
AiM GGM_EXTEND 8 0x80000000 13 22 8214 0 40 16
AiM GGM_EXTEND 8 0x80000000 14 22 8214 0 48 32
AiM GGM_EXTEND 8 0x80000000 15 22 8214 0 56 48
AiM GGM_EXTEND 8 0x80000000 0 23 8215 0 0 0
AiM GGM_EXTEND 8 0x80000000 1 23 8215 0 8 16
AiM GGM_EXTEND 8 0x80000000 2 23 8215 0 16 32
AiM GGM_EXTEND 8 0x80000000 3 23 8215 0 24 48
AiM GGM_EXTEND 8 0x80000000 4 23 8215 0 32 0
AiM GGM_EXTEND 8 0x80000000 5 23 8215 0 40 16
AiM GGM_EXTEND 8 0x80000000 6 23 8215 0 48 32
AiM GGM_EXTEND 8 0x80000000 7 23 8215 0 56 48
AiM GGM_EXTEND 8 0x80000000 8 23 8215 0 0 0
AiM GGM_EXTEND 8 0x80000000 9 23 8215 0 8 16
AiM GGM_EXTEND 8 0x80000000 10 23 8215 0 16 32
AiM GGM_EXTEND 8 0x80000000 11 23 8215 0 24 48
AiM GGM_EXTEND 8 0x80000000 12 23 8215 0 32 0
AiM GGM_EXTEND 8 0x80000000 13 23 8215 0 40 16
AiM GGM_EXTEND 8 0x80000000 14 23 8215 0 48 32
AiM GGM_EXTEND 8 0x80000000 15 23 8215 0 56 48
AiM GGM_EXTEND 8 0x80000000 0 24 8216 0 0 0
AiM GGM_EXTEND 8 0x80000000 1 24 8216 0 8 16
AiM GGM_EXTEND 8 0x80000000 2 24 8216 0 16 32
AiM GGM_EXTEND 8 0x80000000 3 24 8216 0 24 48
AiM GGM_EXTEND 8 0x80000000 4 24 8216 0 32 0
AiM GGM_EXTEND 8 0x80000000 5 24 8216 0 40 16
AiM GGM_EXTEND 8 0x80000000 6 24 8216 0 48 32
AiM GGM_EXTEND 8 0x80000000 7 24 8216 0 56 48
AiM GGM_EXTEND 8 0x80000000 8 24 8216 0 0 0
AiM GGM_EXTEND 8 0x80000000 9 24 8216 0 8 16
AiM GGM_EXTEND 8 0x80000000 10 24 8216 0 16 32
AiM GGM_EXTEND 8 0x80000000 11 24 8216 0 24 48
AiM GGM_EXTEND 8 0x80000000 12 24 8216 0 32 0
AiM GGM_EXTEND 8 0x80000000 13 24 8216 0 40 16
AiM GGM_EXTEND 8 0x80000000 14 24 8216 0 48 32
AiM GGM_EXTEND 8 0x80000000 15 24 8216 0 56 48
AiM GGM_EXTEND 8 0x80000000 0 25 8217 0 0 0
AiM GGM_EXTEND 8 0x80000000 1 25 8217 0 8 16
AiM GGM_EXTEND 8 0x80000000 2 25 8217 0 16 32
AiM GGM_EXTEND 8 0x80000000 3 25 8217 0 24 48
AiM GGM_EXTEND 8 0x80000000 4 25 8217 0 32 0
AiM GGM_EXTEND 8 0x80000000 5 25 8217 0 40 16
AiM GGM_EXTEND 8 0x80000000 6 25 8217 0 48 32
AiM GGM_EXTEND 8 0x80000000 7 25 8217 0 56 48
AiM GGM_EXTEND 8 0x80000000 8 25 8217 0 0 0
AiM GGM_EXTEND 8 0x80000000 9 25 8217 0 8 16
AiM GGM_EXTEND 8 0x80000000 10 25 8217 0 16 32
AiM GGM_EXTEND 8 0x80000000 11 25 8217 0 24 48
AiM GGM_EXTEND 8 0x80000000 12 25 8217 0 32 0
AiM GGM_EXTEND 8 0x80000000 13 25 8217 0 40 16
AiM GGM_EXTEND 8 0x80000000 14 25 8217 0 48 32
AiM GGM_EXTEND 8 0x80000000 15 25 8217 0 56 48
AiM GGM_EXTEND 8 0x80000000 0 26 8218 0 0 0
AiM GGM_EXTEND 8 0x80000000 1 26 8218 0 8 16
AiM GGM_EXTEND 8 0x80000000 2 26 8218 0 16 32
AiM GGM_EXTEND 8 0x80000000 3 26 8218 0 24 48
AiM GGM_EXTEND 8 0x80000000 4 26 8218 0 32 0
AiM GGM_EXTEND 8 0x80000000 5 26 8218 0 40 16
AiM GGM_EXTEND 8 0x80000000 6 26 8218 0 48 32
AiM GGM_EXTEND 8 0x80000000 7 26 8218 0 56 48
AiM GGM_EXTEND 8 0x80000000 8 26 8218 0 0 0
AiM GGM_EXTEND 8 0x80000000 9 26 8218 0 8 16
AiM GGM_EXTEND 8 0x80000000 10 26 8218 0 16 32
AiM GGM_EXTEND 8 0x80000000 11 26 8218 0 24 48
AiM GGM_EXTEND 8 0x80000000 12 26 8218 0 32 0
AiM GGM_EXTEND 8 0x80000000 13 26 8218 0 40 16
AiM GGM_EXTEND 8 0x80000000 14 26 8218 0 48 32
AiM GGM_EXTEND 8 0x80000000 15 26 8218 0 56 48
AiM GGM_EXTEND 8 0x80000000 0 27 8219 0 0 0
AiM GGM_EXTEND 8 0x80000000 1 27 8219 0 8 16
AiM GGM_EXTEND 8 0x80000000 2 27 8219 0 16 32
AiM GGM_EXTEND 8 0x80000000 3 27 8219 0 24 48
AiM GGM_EXTEND 8 0x80000000 4 27 8219 0 32 0
AiM GGM_EXTEND 8 0x80000000 5 27 8219 0 40 16
AiM GGM_EXTEND 8 0x80000000 6 27 8219 0 48 32
AiM GGM_EXTEND 8 0x80000000 7 27 8219 0 56 48
AiM GGM_EXTEND 8 0x80000000 8 27 8219 0 0 0
AiM GGM_EXTEND 8 0x80000000 9 27 8219 0 8 16
AiM GGM_EXTEND 8 0x80000000 10 27 8219 0 16 32
AiM GGM_EXTEND 8 0x80000000 11 27 8219 0 24 48
AiM GGM_EXTEND 8 0x80000000 12 27 8219 0 32 0
AiM GGM_EXTEND 8 0x80000000 13 27 8219 0 40 16
AiM GGM_EXTEND 8 0x80000000 14 27 8219 0 48 32
AiM GGM_EXTEND 8 0x80000000 15 27 8219 0 56 48
AiM GGM_EXTEND 8 0x80000000 0 28 8220 0 0 0
AiM GGM_EXTEND 8 0x80000000 1 28 8220 0 8 16
AiM GGM_EXTEND 8 0x80000000 2 28 8220 0 16 32
AiM GGM_EXTEND 8 0x80000000 3 28 8220 0 24 48
AiM GGM_EXTEND 8 0x80000000 4 28 8220 0 32 0
AiM GGM_EXTEND 8 0x80000000 5 28 8220 0 40 16
AiM GGM_EXTEND 8 0x80000000 6 28 8220 0 48 32
AiM GGM_EXTEND 8 0x80000000 7 28 8220 0 56 48
AiM GGM_EXTEND 8 0x80000000 8 28 8220 0 0 0
AiM GGM_EXTEND 8 0x80000000 9 28 8220 0 8 16
AiM GGM_EXTEND 8 0x80000000 10 28 8220 0 16 32
AiM GGM_EXTEND 8 0x80000000 11 28 8220 0 24 48
AiM GGM_EXTEND 8 0x80000000 12 28 8220 0 32 0
AiM GGM_EXTEND 8 0x80000000 13 28 8220 0 40 16
AiM GGM_EXTEND 8 0x80000000 14 28 8220 0 48 32
AiM GGM_EXTEND 8 0x80000000 15 28 8220 0 56 48
AiM GGM_EXTEND 8 0x80000000 0 29 8221 0 0 0
AiM GGM_EXTEND 8 0x80000000 1 29 8221 0 8 16
AiM GGM_EXTEND 8 0x80000000 2 29 8221 0 16 32
AiM GGM_EXTEND 8 0x80000000 3 29 8221 0 24 48
AiM GGM_EXTEND 8 0x80000000 4 29 8221 0 32 0
AiM GGM_EXTEND 8 0x80000000 5 29 8221 0 40 16
AiM GGM_EXTEND 8 0x80000000 6 29 8221 0 48 32
AiM GGM_EXTEND 8 0x80000000 7 29 8221 0 56 48
AiM GGM_EXTEND 8 0x80000000 8 29 8221 0 0 0
AiM GGM_EXTEND 8 0x80000000 9 29 8221 0 8 16
AiM GGM_EXTEND 8 0x80000000 10 29 8221 0 16 32
AiM GGM_EXTEND 8 0x80000000 11 29 8221 0 24 48
AiM GGM_EXTEND 8 0x80000000 12 29 8221 0 32 0
AiM GGM_EXTEND 8 0x80000000 13 29 8221 0 40 16
AiM GGM_EXTEND 8 0x80000000 14 29 8221 0 48 32
AiM GGM_EXTEND 8 0x80000000 15 29 8221 0 56 48
AiM GGM_EXTEND 8 0x80000000 0 30 8222 0 0 0
AiM GGM_EXTEND 8 0x80000000 1 30 8222 0 8 16
AiM GGM_EXTEND 8 0x80000000 2 30 8222 0 16 32
AiM GGM_EXTEND 8 0x80000000 3 30 8222 0 24 48
AiM GGM_EXTEND 8 0x80000000 4 30 8222 0 32 0
AiM GGM_EXTEND 8 0x80000000 5 30 8222 0 40 16
AiM GGM_EXTEND 8 0x80000000 6 30 8222 0 48 32
AiM GGM_EXTEND 8 0x80000000 7 30 8222 0 56 48
AiM GGM_EXTEND 8 0x80000000 8 30 8222 0 0 0
AiM GGM_EXTEND 8 0x80000000 9 30 8222 0 8 16
AiM GGM_EXTEND 8 0x80000000 10 30 8222 0 16 32
AiM GGM_EXTEND 8 0x80000000 11 30 8222 0 24 48
AiM GGM_EXTEND 8 0x80000000 12 30 8222 0 32 0
AiM GGM_EXTEND 8 0x80000000 13 30 8222 0 40 16
AiM GGM_EXTEND 8 0x80000000 14 30 8222 0 48 32
AiM GGM_EXTEND 8 0x80000000 15 30 8222 0 56 48
AiM GGM_EXTEND 8 0x80000000 0 31 8223 0 0 0
AiM GGM_EXTEND 8 0x80000000 1 31 8223 0 8 16
AiM GGM_EXTEND 8 0x80000000 2 31 8223 0 16 32
AiM GGM_EXTEND 8 0x80000000 3 31 8223 0 24 48
AiM GGM_EXTEND 8 0x80000000 4 31 8223 0 32 0
AiM GGM_EXTEND 8 0x80000000 5 31 8223 0 40 16
AiM GGM_EXTEND 8 0x80000000 6 31 8223 0 48 32
AiM GGM_EXTEND 8 0x80000000 7 31 8223 0 56 48
AiM GGM_EXTEND 8 0x80000000 8 31 8223 0 0 0
AiM GGM_EXTEND 8 0x80000000 9 31 8223 0 8 16
AiM GGM_EXTEND 8 0x80000000 10 31 8223 0 16 32
AiM GGM_EXTEND 8 0x80000000 11 31 8223 0 24 48
AiM GGM_EXTEND 8 0x80000000 12 31 8223 0 32 0
AiM GGM_EXTEND 8 0x80000000 13 31 8223 0 40 16
AiM GGM_EXTEND 8 0x80000000 14 31 8223 0 48 32
AiM GGM_EXTEND 8 0x80000000 15 31 8223 0 56 48
AiM EOC
