AiM GGM_EXTEND 8 0x80000000 0 0 8192 128 0 0
AiM GGM_EXTEND 8 0x80000000 1 0 8192 128 8 16
AiM GGM_EXTEND 8 0x80000000 2 0 8192 128 0 0
AiM GGM_EXTEND 8 0x80000000 3 0 8192 128 8 16
AiM GGM_EXTEND 8 0x80000000 4 0 8192 128 0 0
AiM GGM_EXTEND 8 0x80000000 5 0 8192 128 8 16
AiM GGM_EXTEND 8 0x80000000 6 0 8192 128 0 0
AiM GGM_EXTEND 8 0x80000000 7 0 8192 128 8 16
AiM GGM_EXTEND 8 0x80000000 8 0 8192 128 0 0
AiM GGM_EXTEND 8 0x80000000 9 0 8192 128 8 16
AiM GGM_EXTEND 8 0x80000000 10 0 8192 128 0 0
AiM GGM_EXTEND 8 0x80000000 11 0 8192 128 8 16
AiM GGM_EXTEND 8 0x80000000 12 0 8192 128 0 0
AiM GGM_EXTEND 8 0x80000000 13 0 8192 128 8 16
AiM GGM_EXTEND 8 0x80000000 14 0 8192 128 0 0
AiM GGM_EXTEND 8 0x80000000 15 0 8192 128 8 16
AiM GGM_EXTEND 8 0x80000000 0 1 8193 128 0 0
AiM GGM_EXTEND 8 0x80000000 1 1 8193 128 8 16
AiM GGM_EXTEND 8 0x80000000 2 1 8193 128 0 0
AiM GGM_EXTEND 8 0x80000000 3 1 8193 128 8 16
AiM GGM_EXTEND 8 0x80000000 4 1 8193 128 0 0
AiM GGM_EXTEND 8 0x80000000 5 1 8193 128 8 16
AiM GGM_EXTEND 8 0x80000000 6 1 8193 128 0 0
AiM GGM_EXTEND 8 0x80000000 7 1 8193 128 8 16
AiM GGM_EXTEND 8 0x80000000 8 1 8193 128 0 0
AiM GGM_EXTEND 8 0x80000000 9 1 8193 128 8 16
AiM GGM_EXTEND 8 0x80000000 10 1 8193 128 0 0
AiM GGM_EXTEND 8 0x80000000 11 1 8193 128 8 16
AiM GGM_EXTEND 8 0x80000000 12 1 8193 128 0 0
AiM GGM_EXTEND 8 0x80000000 13 1 8193 128 8 16
AiM GGM_EXTEND 8 0x80000000 14 1 8193 128 0 0
AiM GGM_EXTEND 8 0x80000000 15 1 8193 128 8 16
AiM GGM_EXTEND 8 0x80000000 0 2 8194 128 0 0
AiM GGM_EXTEND 8 0x80000000 1 2 8194 128 8 16
AiM GGM_EXTEND 8 0x80000000 2 2 8194 128 0 0
AiM GGM_EXTEND 8 0x80000000 3 2 8194 128 8 16
AiM GGM_EXTEND 8 0x80000000 4 2 8194 128 0 0
AiM GGM_EXTEND 8 0x80000000 5 2 8194 128 8 16
AiM GGM_EXTEND 8 0x80000000 6 2 8194 128 0 0
AiM GGM_EXTEND 8 0x80000000 7 2 8194 128 8 16
AiM GGM_EXTEND 8 0x80000000 8 2 8194 128 0 0
AiM GGM_EXTEND 8 0x80000000 9 2 8194 128 8 16
AiM GGM_EXTEND 8 0x80000000 10 2 8194 128 0 0
AiM GGM_EXTEND 8 0x80000000 11 2 8194 128 8 16
AiM GGM_EXTEND 8 0x80000000 12 2 8194 128 0 0
AiM GGM_EXTEND 8 0x80000000 13 2 8194 128 8 16
AiM GGM_EXTEND 8 0x80000000 14 2 8194 128 0 0
AiM GGM_EXTEND 8 0x80000000 15 2 8194 128 8 16
AiM GGM_EXTEND 8 0x80000000 0 3 8195 128 0 0
AiM GGM_EXTEND 8 0x80000000 1 3 8195 128 8 16
AiM GGM_EXTEND 8 0x80000000 2 3 8195 128 0 0
AiM GGM_EXTEND 8 0x80000000 3 3 8195 128 8 16
AiM GGM_EXTEND 8 0x80000000 4 3 8195 128 0 0
AiM GGM_EXTEND 8 0x80000000 5 3 8195 128 8 16
AiM GGM_EXTEND 8 0x80000000 6 3 8195 128 0 0
AiM GGM_EXTEND 8 0x80000000 7 3 8195 128 8 16
AiM GGM_EXTEND 8 0x80000000 8 3 8195 128 0 0
AiM GGM_EXTEND 8 0x80000000 9 3 8195 128 8 16
AiM GGM_EXTEND 8 0x80000000 10 3 8195 128 0 0
AiM GGM_EXTEND 8 0x80000000 11 3 8195 128 8 16
AiM GGM_EXTEND 8 0x80000000 12 3 8195 128 0 0
AiM GGM_EXTEND 8 0x80000000 13 3 8195 128 8 16
AiM GGM_EXTEND 8 0x80000000 14 3 8195 128 0 0
AiM GGM_EXTEND 8 0x80000000 15 3 8195 128 8 16
AiM GGM_EXTEND 8 0x80000000 0 4 8196 128 0 0
AiM GGM_EXTEND 8 0x80000000 1 4 8196 128 8 16
AiM GGM_EXTEND 8 0x80000000 2 4 8196 128 0 0
AiM GGM_EXTEND 8 0x80000000 3 4 8196 128 8 16
AiM GGM_EXTEND 8 0x80000000 4 4 8196 128 0 0
AiM GGM_EXTEND 8 0x80000000 5 4 8196 128 8 16
AiM GGM_EXTEND 8 0x80000000 6 4 8196 128 0 0
AiM GGM_EXTEND 8 0x80000000 7 4 8196 128 8 16
AiM GGM_EXTEND 8 0x80000000 8 4 8196 128 0 0
AiM GGM_EXTEND 8 0x80000000 9 4 8196 128 8 16
AiM GGM_EXTEND 8 0x80000000 10 4 8196 128 0 0
AiM GGM_EXTEND 8 0x80000000 11 4 8196 128 8 16
AiM GGM_EXTEND 8 0x80000000 12 4 8196 128 0 0
AiM GGM_EXTEND 8 0x80000000 13 4 8196 128 8 16
AiM GGM_EXTEND 8 0x80000000 14 4 8196 128 0 0
AiM GGM_EXTEND 8 0x80000000 15 4 8196 128 8 16
AiM GGM_EXTEND 8 0x80000000 0 5 8197 128 0 0
AiM GGM_EXTEND 8 0x80000000 1 5 8197 128 8 16
AiM GGM_EXTEND 8 0x80000000 2 5 8197 128 0 0
AiM GGM_EXTEND 8 0x80000000 3 5 8197 128 8 16
AiM GGM_EXTEND 8 0x80000000 4 5 8197 128 0 0
AiM GGM_EXTEND 8 0x80000000 5 5 8197 128 8 16
AiM GGM_EXTEND 8 0x80000000 6 5 8197 128 0 0
AiM GGM_EXTEND 8 0x80000000 7 5 8197 128 8 16
AiM GGM_EXTEND 8 0x80000000 8 5 8197 128 0 0
AiM GGM_EXTEND 8 0x80000000 9 5 8197 128 8 16
AiM GGM_EXTEND 8 0x80000000 10 5 8197 128 0 0
AiM GGM_EXTEND 8 0x80000000 11 5 8197 128 8 16
AiM GGM_EXTEND 8 0x80000000 12 5 8197 128 0 0
AiM GGM_EXTEND 8 0x80000000 13 5 8197 128 8 16
AiM GGM_EXTEND 8 0x80000000 14 5 8197 128 0 0
AiM GGM_EXTEND 8 0x80000000 15 5 8197 128 8 16
AiM GGM_EXTEND 8 0x80000000 0 6 8198 128 0 0
AiM GGM_EXTEND 8 0x80000000 1 6 8198 128 8 16
AiM GGM_EXTEND 8 0x80000000 2 6 8198 128 0 0
AiM GGM_EXTEND 8 0x80000000 3 6 8198 128 8 16
AiM GGM_EXTEND 8 0x80000000 4 6 8198 128 0 0
AiM GGM_EXTEND 8 0x80000000 5 6 8198 128 8 16
AiM GGM_EXTEND 8 0x80000000 6 6 8198 128 0 0
AiM GGM_EXTEND 8 0x80000000 7 6 8198 128 8 16
AiM GGM_EXTEND 8 0x80000000 8 6 8198 128 0 0
AiM GGM_EXTEND 8 0x80000000 9 6 8198 128 8 16
AiM GGM_EXTEND 8 0x80000000 10 6 8198 128 0 0
AiM GGM_EXTEND 8 0x80000000 11 6 8198 128 8 16
AiM GGM_EXTEND 8 0x80000000 12 6 8198 128 0 0
AiM GGM_EXTEND 8 0x80000000 13 6 8198 128 8 16
AiM GGM_EXTEND 8 0x80000000 14 6 8198 128 0 0
AiM GGM_EXTEND 8 0x80000000 15 6 8198 128 8 16
AiM GGM_EXTEND 8 0x80000000 0 7 8199 128 0 0
AiM GGM_EXTEND 8 0x80000000 1 7 8199 128 8 16
AiM GGM_EXTEND 8 0x80000000 2 7 8199 128 0 0
AiM GGM_EXTEND 8 0x80000000 3 7 8199 128 8 16
AiM GGM_EXTEND 8 0x80000000 4 7 8199 128 0 0
AiM GGM_EXTEND 8 0x80000000 5 7 8199 128 8 16
AiM GGM_EXTEND 8 0x80000000 6 7 8199 128 0 0
AiM GGM_EXTEND 8 0x80000000 7 7 8199 128 8 16
AiM GGM_EXTEND 8 0x80000000 8 7 8199 128 0 0
AiM GGM_EXTEND 8 0x80000000 9 7 8199 128 8 16
AiM GGM_EXTEND 8 0x80000000 10 7 8199 128 0 0
AiM GGM_EXTEND 8 0x80000000 11 7 8199 128 8 16
AiM GGM_EXTEND 8 0x80000000 12 7 8199 128 0 0
AiM GGM_EXTEND 8 0x80000000 13 7 8199 128 8 16
AiM GGM_EXTEND 8 0x80000000 14 7 8199 128 0 0
AiM GGM_EXTEND 8 0x80000000 15 7 8199 128 8 16
AiM EOC
