[AiMTrace] [info] Opening trace file v2_l40s/spu_l40s_C8.trace with delimiter " "...
[AiMDRAMSystem] [info] AiMDRAMSystem: One intermediate level (rank/pseudochannel) between channel and bankgroup.
[AiMDRAMSystem] [info] AiMDRAMSystem: 4 host traffic stream(s) from v2_l40s/r0.5_b_fair.streams
Frontend:
  impl: AiMTrace

MemorySystem:
  impl: AiMDRAM
  stream3_class1_finish_max: 948843
  stream2_class1_cols_per_ch: 42414
  stream2_class1_finish_max: 717651
  stream1_class1_finish_mean: 473093.375
  stream2_class1_finish_mean: 712187.625
  stream2_class1_finish_min: 705627
  stream0_class1_cols_per_ch: 42414
  stream0_class1_finish_mean: 232086.75
  stream3_class1_finish_mean: 944396.875
  stream0_class1_finish_min: 229897
  stream1_class1_finish_max: 478222
  total_num_R_MEM_requests: 0  # total number of R MEM requests
  stream1_class1_finish_min: 468000
  total_num_wait_read_stalls: 0  # total number of cycles that AiM DMA is stalled because of waiting for read operations from channels
  total_num_AiM_ISR_GGM_EXTEND_requests: 0  # total number of AiM ISR_GGM_EXTEND requests
  total_num_ISR_full: 0  # total number of cycles that AiM DMA does not receive ISR because of lack of enough ISR space
  total_num_AiM_ISR_GGM_REDUCE_requests: 16960  # total number of AiM ISR_GGM_REDUCE requests
  total_num_W_MEM_requests: 0  # total number of W MEM requests
  total_num_AiM_ISR_NET_WAIT_requests: 0  # total number of AiM ISR_NET_WAIT requests
  total_num_AiM_ISR_SYNC_requests: 53  # total number of AiM ISR_SYNC requests
  stream3_class1_cols_per_ch: 42414
  stream3_class1_finish_min: 940689
  stream0_class1_finish_max: 233584
  memory_system_cycles: 1098718
  total_num_AiM_ISR_EOC_requests: 1  # total number of AiM ISR_EOC requests
  pim_done_cycles: 1098717  # cycle at which the PIM ISR trace reached EOC (-1 if never)
  stream1_class1_cols_per_ch: 42414
  total_num_AiM_ISR_NET_DELAY_requests: 0  # total number of AiM ISR_NET_DELAY requests
  net_busy_cycles: 0  # total NIC-lane occupancy advanced by ISR_NET_DELAY (for U_NET)
  DRAM:
    impl: HBM2
  AddrMapper:
    impl: RoBaRaCoCh


  Controller:
    impl: AiM
    id: Channel 0
    CH0_agg_rdlat_p95: 0
    CH0_agg_rdlat_p50: 0
    CH0_agg_rdlat_mean: 0
    CH0_agg_rdlat_count: 0
    CH0_agg_q_mean: 0
    CH0_agg_row_hit: 0
    CH0_agg_wr_cols: 0
    CH0_dru_rdlat_p99: 0
    CH0_dru_rdlat_p50: 0
    CH0_dru_rdlat_mean: 0
    CH0_agg_q_p95: 0
    CH0_dru_rdlat_count: 0
    CH0_dru_wq_mean: 0
    CH0_dru_q_p99: 0
    CH0_agg_rd_cols: 0
    CH0_dru_q_p95: 0
    CH0_agg_row_conflict: 0
    CH0_agg_row_miss: 0
    CH0_dru_q_p50: 0
    CH0_agg_q_p99: 0
    CH0_dru_q_mean: 0
    CH0_dru_q_count: 0
    CH0_dru_row_conflict: 0
    CH0_dru_row_miss: 0
    CH0_dru_row_hit: 0
    CH0_dru_bus_cycles: 0
    CH0_dru_wr_cols: 0
    CH0_dru_rd_cols: 0
    CH0_dru_rdlat_p95: 0
    CH0_gpu_rdlat_p99: 4198
    CH0_pim_allbank_cols: 34944
    CH0_num_UNKNOWN_commands: 0  # total number of UNKNOWN commands
    CH0_pim_q_mean: 43273.745765186919
    CH0_gpu_q_p50: 234
    CH0_agg_bus_cycles: 0
    CH0_num_TMOD_commands: 0  # total number of TMOD commands
    CH0_num_REFsb_commands: 0  # total number of REFsb commands
    CH0_gpu_q_count: 96144
    CH0_num_ABWR_commands: 14400  # total number of ABWR commands
    CH0_pim_row_miss: 267
    CH0_gpu_rdlat_p95: 2146
    CH0_gpu_wq_mean: 1324.5676760256829
    CH0_pim_row_hit: 32704
    CH0_idle_cycles: 21  # total number of idle cycles
    CH0_gpu_bus_cycles: 339312
    CH0_pim_allbank_slot_cycles: 104832
    CH0_num_PREA_commands: 2734  # total number of PREA commands
    CH0_num_ABRD_commands: 20544  # total number of ABRD commands
    CH0_pim_rd_cols: 0
    CH0_AiM_ISR_SYNC_cycles: 0  # total number of AiM ISR_SYNC cycles
    CH0_num_ACT16_commands: 2233  # total number of ACT16 commands
    CH0_num_SYNC_commands: 0  # total number of SYNC commands
    CH0_num_RDA_commands: 0  # total number of RDA commands
    CH0_agg_wq_mean: 0
    CH0_num_WRA_commands: 0  # total number of WRA commands
    CH0_R_cycles: 3455489
    CH0_pim_wq_count: 14400
    CH0_num_REFab_commands: 256  # total number of REFab commands
    CH0_AiM_ISR_NET_WAIT_cycles: 0  # total number of AiM ISR_NET_WAIT cycles
    CH0_W_cycles: 1922905
    CH0_AiM_ISR_GGM_EXTEND_cycles: 0  # total number of AiM ISR_GGM_EXTEND cycles
    CH0_agg_q_count: 0
    CH0_dru_wq_count: 0
    CH0_num_ACT_commands: 29971  # total number of ACT commands
    CH0_agg_rdlat_p99: 0
    CH0_gpu_row_conflict: 19512
    CH0_AiM_ISR_GGM_REDUCE_cycles: 698641  # total number of AiM ISR_GGM_REDUCE cycles
    CH0_AiM_ISR_NET_DELAY_cycles: 0  # total number of AiM ISR_NET_DELAY cycles
    CH0_num_PRE_commands: 27003  # total number of PRE commands
    CH0_num_EOC_commands: 0  # total number of EOC commands
    CH0_AiM_ISR_EOC_cycles: 0  # total number of AiM ISR_EOC cycles
    CH0_gpu_row_miss: 10459
    CH0_num_WR_commands: 73512  # total number of WR commands
    CH0_pim_row_conflict: 1973
    CH0_pim_q_count: 20544
    CH0_pim_q_p99: 16386
    CH0_pim_q_p50: 16386
    CH0_pim_q_p95: 16386
    CH0_pim_rdlat_p50: 0
    CH0_gpu_wq_count: 73512
    CH0_gpu_rdlat_p50: 278
    CH0_pim_wq_mean: 3138.9147222222223
    CH0_active_cycles: 749192  # total number of active cycles
    CH0_pim_rdlat_p95: 0
    CH0_pim_wr_cols: 0
    CH0_pim_rdlat_count: 0
    CH0_pim_rdlat_mean: 0
    CH0_agg_wq_count: 0
    CH0_pim_rdlat_p99: 0
    CH0_gpu_rd_cols: 96144
    CH0_gpu_wr_cols: 73512
    CH0_num_RD_commands: 96144  # total number of RD commands
    CH0_gpu_row_hit: 139685
    CH0_gpu_q_mean: 573.08996921284745
    CH0_gpu_q_p95: 2094
    CH0_precharged_cycles: 349526  # total number of precharged cycles
    CH0_pim_bus_cycles: 0
    CH0_gpu_q_p99: 3954
    CH0_agg_q_p50: 0
    CH0_gpu_rdlat_count: 96144
    CH0_gpu_rdlat_mean: 642.03073514727907
    Scheduler:
      impl: FRFCFS
    RefreshManager:
      impl: AllBank



  Controller:
    impl: AiM
    id: Channel 1
    CH1_idle_cycles: 486  # total number of idle cycles
    CH1_agg_rdlat_p95: 0
    CH1_agg_rdlat_p50: 0
    CH1_agg_rdlat_count: 0
    CH1_agg_wq_count: 0
    CH1_agg_q_p99: 0
    CH1_pim_allbank_cols: 34944
    CH1_agg_q_p95: 0
    CH1_agg_q_p50: 0
    CH1_agg_q_mean: 0
    CH1_agg_row_hit: 0
    CH1_agg_rd_cols: 0
    CH1_dru_rdlat_p99: 0
    CH1_dru_rdlat_p50: 0
    CH1_dru_rdlat_mean: 0
    CH1_dru_rdlat_count: 0
    CH1_dru_wq_mean: 0
    CH1_dru_wq_count: 0
    CH1_dru_q_p99: 0
    CH1_dru_q_mean: 0
    CH1_dru_row_conflict: 0
    CH1_dru_bus_cycles: 0
    CH1_agg_wq_mean: 0
    CH1_dru_wr_cols: 0
    CH1_pim_row_hit: 32698
    CH1_dru_q_p50: 0
    CH1_num_PREA_commands: 2727  # total number of PREA commands
    CH1_AiM_ISR_EOC_cycles: 0  # total number of AiM ISR_EOC cycles
    CH1_gpu_rd_cols: 96144
    CH1_num_REFsb_commands: 0  # total number of REFsb commands
    CH1_agg_rdlat_p99: 0
    CH1_num_REFab_commands: 256  # total number of REFab commands
    CH1_num_ACT_commands: 29734  # total number of ACT commands
    CH1_dru_row_hit: 0
    CH1_num_ABWR_commands: 14400  # total number of ABWR commands
    CH1_gpu_rdlat_count: 96144
    CH1_dru_q_count: 0
    CH1_pim_rd_cols: 0
    CH1_num_ACT16_commands: 2237  # total number of ACT16 commands
    CH1_num_SYNC_commands: 0  # total number of SYNC commands
    CH1_agg_rdlat_mean: 0
    CH1_gpu_wr_cols: 73512
    CH1_AiM_ISR_GGM_EXTEND_cycles: 0  # total number of AiM ISR_GGM_EXTEND cycles
    CH1_dru_rdlat_p95: 0
    CH1_num_TMOD_commands: 0  # total number of TMOD commands
    CH1_pim_q_p95: 16386
    CH1_agg_wr_cols: 0
    CH1_pim_wq_mean: 3048.1754861111112
    CH1_num_RDA_commands: 0  # total number of RDA commands
    CH1_precharged_cycles: 349848  # total number of precharged cycles
    CH1_pim_wr_cols: 0
    CH1_dru_row_miss: 0
    CH1_pim_wq_count: 14400
    CH1_R_cycles: 3268281
    CH1_W_cycles: 1978699
    CH1_pim_row_miss: 270
    CH1_AiM_ISR_GGM_REDUCE_cycles: 702360  # total number of AiM ISR_GGM_REDUCE cycles
    CH1_pim_allbank_slot_cycles: 104832
    CH1_num_WRA_commands: 0  # total number of WRA commands
    CH1_num_UNKNOWN_commands: 0  # total number of UNKNOWN commands
    CH1_gpu_wq_count: 73512
    CH1_gpu_rdlat_p95: 2138
    CH1_gpu_bus_cycles: 339312
    CH1_AiM_ISR_SYNC_cycles: 0  # total number of AiM ISR_SYNC cycles
    CH1_AiM_ISR_NET_DELAY_cycles: 0  # total number of AiM ISR_NET_DELAY cycles
    CH1_agg_q_count: 0
    CH1_gpu_q_count: 96144
    CH1_num_EOC_commands: 0  # total number of EOC commands
    CH1_AiM_ISR_NET_WAIT_cycles: 0  # total number of AiM ISR_NET_WAIT cycles
    CH1_pim_q_count: 20544
    CH1_num_RD_commands: 96144  # total number of RD commands
    CH1_num_WR_commands: 73512  # total number of WR commands
    CH1_num_ABRD_commands: 20544  # total number of ABRD commands
    CH1_num_PRE_commands: 26899  # total number of PRE commands
    CH1_pim_row_conflict: 1976
    CH1_gpu_rdlat_p99: 4362
    CH1_pim_rdlat_p95: 0
    CH1_dru_q_p95: 0
    CH1_pim_rdlat_mean: 0
    CH1_pim_q_mean: 43120.555101246107
    CH1_pim_rdlat_count: 0
    CH1_agg_row_conflict: 0
    CH1_pim_q_p50: 16386
    CH1_active_cycles: 748870  # total number of active cycles
    CH1_pim_q_p99: 16386
    CH1_gpu_row_miss: 10182
    CH1_pim_rdlat_p50: 0
    CH1_agg_bus_cycles: 0
    CH1_pim_rdlat_p99: 0
    CH1_gpu_row_conflict: 19552
    CH1_gpu_row_hit: 139922
    CH1_gpu_rdlat_mean: 626.87971168247634
    CH1_agg_row_miss: 0
    CH1_gpu_q_mean: 559.88610833749374
    CH1_pim_bus_cycles: 0
    CH1_gpu_q_p50: 230
    CH1_gpu_q_p95: 2086
    CH1_gpu_q_p99: 4142
    CH1_dru_rd_cols: 0
    CH1_gpu_wq_mean: 1359.3964658831212
    CH1_gpu_rdlat_p50: 274
    Scheduler:
      impl: FRFCFS
    RefreshManager:
      impl: AllBank



  Controller:
    impl: AiM
    id: Channel 2
    CH2_precharged_cycles: 349042  # total number of precharged cycles
    CH2_active_cycles: 749676  # total number of active cycles
    CH2_pim_allbank_slot_cycles: 104832
    CH2_agg_rdlat_p95: 0
    CH2_agg_rdlat_p50: 0
    CH2_agg_q_mean: 0
    CH2_pim_allbank_cols: 34944
    CH2_agg_row_conflict: 0
    CH2_agg_row_miss: 0
    CH2_agg_row_hit: 0
    CH2_agg_wr_cols: 0
    CH2_agg_rd_cols: 0
    CH2_dru_rdlat_p99: 0
    CH2_dru_rdlat_p95: 0
    CH2_dru_rdlat_p50: 0
    CH2_dru_rdlat_count: 0
    CH2_dru_wq_count: 0
    CH2_dru_q_p99: 0
    CH2_dru_q_p50: 0
    CH2_agg_bus_cycles: 0
    CH2_dru_q_mean: 0
    CH2_dru_row_conflict: 0
    CH2_dru_row_hit: 0
    CH2_dru_wr_cols: 0
    CH2_dru_rd_cols: 0
    CH2_pim_bus_cycles: 0
    CH2_pim_wr_cols: 0
    CH2_num_EOC_commands: 0  # total number of EOC commands
    CH2_gpu_q_p99: 3922
    CH2_pim_q_count: 20544
    CH2_agg_q_p50: 0
    CH2_gpu_bus_cycles: 339312
    CH2_agg_rdlat_count: 0
    CH2_agg_q_p95: 0
    CH2_dru_bus_cycles: 0
    CH2_num_PREA_commands: 2720  # total number of PREA commands
    CH2_num_TMOD_commands: 0  # total number of TMOD commands
    CH2_num_ABWR_commands: 14400  # total number of ABWR commands
    CH2_num_ABRD_commands: 20544  # total number of ABRD commands
    CH2_R_cycles: 3336193
    CH2_pim_row_hit: 32706
    CH2_gpu_q_p50: 234
    CH2_num_WRA_commands: 0  # total number of WRA commands
    CH2_num_RDA_commands: 0  # total number of RDA commands
    CH2_AiM_ISR_EOC_cycles: 0  # total number of AiM ISR_EOC cycles
    CH2_AiM_ISR_NET_WAIT_cycles: 0  # total number of AiM ISR_NET_WAIT cycles
    CH2_pim_row_conflict: 1968
    CH2_AiM_ISR_SYNC_cycles: 0  # total number of AiM ISR_SYNC cycles
    CH2_agg_rdlat_p99: 0
    CH2_dru_row_miss: 0
    CH2_num_REFab_commands: 256  # total number of REFab commands
    CH2_agg_rdlat_mean: 0
    CH2_num_SYNC_commands: 0  # total number of SYNC commands
    CH2_agg_wq_count: 0
    CH2_dru_rdlat_mean: 0
    CH2_gpu_q_count: 96144
    CH2_AiM_ISR_GGM_REDUCE_cycles: 708314  # total number of AiM ISR_GGM_REDUCE cycles
    CH2_W_cycles: 1884320
    CH2_AiM_ISR_NET_DELAY_cycles: 0  # total number of AiM ISR_NET_DELAY cycles
    CH2_num_ACT_commands: 29872  # total number of ACT commands
    CH2_pim_q_p50: 16386
    CH2_num_ACT16_commands: 2230  # total number of ACT16 commands
    CH2_num_PRE_commands: 27031  # total number of PRE commands
    CH2_dru_q_p95: 0
    CH2_pim_q_p95: 16386
    CH2_pim_wq_mean: 3024.3079861111109
    CH2_pim_q_mean: 43055.777696651094
    CH2_pim_rdlat_p99: 0
    CH2_pim_rd_cols: 0
    CH2_gpu_rdlat_count: 96144
    CH2_agg_q_p99: 0
    CH2_pim_q_p99: 16386
    CH2_agg_q_count: 0
    CH2_pim_wq_count: 14400
    CH2_pim_rdlat_count: 0
    CH2_gpu_wq_mean: 1344.3980710632277
    CH2_idle_cycles: 18  # total number of idle cycles
    CH2_pim_rdlat_mean: 0
    CH2_gpu_rdlat_p50: 274
    CH2_pim_rdlat_p50: 0
    CH2_dru_q_count: 0
    CH2_pim_rdlat_p95: 0
    CH2_num_RD_commands: 96144  # total number of RD commands
    CH2_AiM_ISR_GGM_EXTEND_cycles: 0  # total number of AiM ISR_GGM_EXTEND cycles
    CH2_gpu_rd_cols: 96144
    CH2_agg_wq_mean: 0
    CH2_gpu_wr_cols: 73512
    CH2_num_UNKNOWN_commands: 0  # total number of UNKNOWN commands
    CH2_gpu_row_hit: 139784
    CH2_gpu_row_miss: 10410
    CH2_pim_row_miss: 270
    CH2_gpu_row_conflict: 19462
    CH2_gpu_rdlat_p99: 4230
    CH2_gpu_q_mean: 569.66259985022464
    CH2_gpu_q_p95: 2078
    CH2_gpu_wq_count: 73512
    CH2_num_REFsb_commands: 0  # total number of REFsb commands
    CH2_gpu_rdlat_mean: 637.36256032617734
    CH2_dru_wq_mean: 0
    CH2_num_WR_commands: 73512  # total number of WR commands
    CH2_gpu_rdlat_p95: 2134
    Scheduler:
      impl: FRFCFS
    RefreshManager:
      impl: AllBank



  Controller:
    impl: AiM
    id: Channel 3
    CH3_pim_allbank_cols: 34944
    CH3_agg_rdlat_p99: 0
    CH3_active_cycles: 749075  # total number of active cycles
    CH3_agg_rdlat_p95: 0
    CH3_agg_rdlat_p50: 0
    CH3_agg_rdlat_mean: 0
    CH3_agg_q_p99: 0
    CH3_agg_q_p50: 0
    CH3_agg_q_mean: 0
    CH3_agg_row_conflict: 0
    CH3_agg_row_miss: 0
    CH3_agg_wr_cols: 0
    CH3_agg_rd_cols: 0
    CH3_dru_rdlat_p50: 0
    CH3_dru_rdlat_mean: 0
    CH3_dru_wq_mean: 0
    CH3_pim_allbank_slot_cycles: 104832
    CH3_dru_wq_count: 0
    CH3_dru_q_p99: 0
    CH3_idle_cycles: 18  # total number of idle cycles
    CH3_dru_q_p50: 0
    CH3_precharged_cycles: 349643  # total number of precharged cycles
    CH3_dru_q_mean: 0
    CH3_dru_row_conflict: 0
    CH3_dru_row_hit: 0
    CH3_dru_bus_cycles: 0
    CH3_dru_wr_cols: 0
    CH3_gpu_rdlat_p99: 4338
    CH3_pim_q_p95: 16386
    CH3_AiM_ISR_NET_DELAY_cycles: 0  # total number of AiM ISR_NET_DELAY cycles
    CH3_pim_q_count: 20544
    CH3_num_ACT_commands: 30104  # total number of ACT commands
    CH3_num_TMOD_commands: 0  # total number of TMOD commands
    CH3_num_SYNC_commands: 0  # total number of SYNC commands
    CH3_agg_rdlat_count: 0
    CH3_pim_q_mean: 43333.333284657318
    CH3_dru_q_p95: 0
    CH3_pim_row_hit: 32696
    CH3_num_REFsb_commands: 0  # total number of REFsb commands
    CH3_agg_q_count: 0
    CH3_pim_wr_cols: 0
    CH3_num_RDA_commands: 0  # total number of RDA commands
    CH3_R_cycles: 3505950
    CH3_num_ACT16_commands: 2242  # total number of ACT16 commands
    CH3_dru_q_count: 0
    CH3_num_WRA_commands: 0  # total number of WRA commands
    CH3_num_ABWR_commands: 14400  # total number of ABWR commands
    CH3_gpu_rd_cols: 96144
    CH3_agg_wq_mean: 0
    CH3_num_PREA_commands: 2739  # total number of PREA commands
    CH3_gpu_q_p50: 238
    CH3_gpu_row_miss: 10539
    CH3_AiM_ISR_SYNC_cycles: 0  # total number of AiM ISR_SYNC cycles
    CH3_dru_row_miss: 0
    CH3_W_cycles: 1851218
    CH3_AiM_ISR_EOC_cycles: 0  # total number of AiM ISR_EOC cycles
    CH3_AiM_ISR_NET_WAIT_cycles: 0  # total number of AiM ISR_NET_WAIT cycles
    CH3_pim_rdlat_count: 0
    CH3_dru_rdlat_count: 0
    CH3_pim_bus_cycles: 0
    CH3_gpu_wq_mean: 1289.1357329415605
    CH3_pim_rd_cols: 0
    CH3_num_ABRD_commands: 20544  # total number of ABRD commands
    CH3_AiM_ISR_GGM_REDUCE_cycles: 719292  # total number of AiM ISR_GGM_REDUCE cycles
    CH3_gpu_rdlat_mean: 643.40217798302547
    CH3_AiM_ISR_GGM_EXTEND_cycles: 0  # total number of AiM ISR_GGM_EXTEND cycles
    CH3_num_PRE_commands: 27114  # total number of PRE commands
    CH3_gpu_rdlat_p50: 282
    CH3_num_EOC_commands: 0  # total number of EOC commands
    CH3_gpu_q_p95: 2066
    CH3_pim_wq_mean: 3069.2670138888889
    CH3_pim_row_conflict: 1980
    CH3_agg_row_hit: 0
    CH3_pim_rdlat_p99: 0
    CH3_dru_rdlat_p95: 0
    CH3_num_RD_commands: 96144  # total number of RD commands
    CH3_pim_q_p50: 16386
    CH3_pim_q_p99: 16386
    CH3_agg_bus_cycles: 0
    CH3_pim_wq_count: 14400
    CH3_gpu_q_mean: 573.93656390414378
    CH3_pim_rdlat_mean: 0
    CH3_dru_rdlat_p99: 0
    CH3_pim_rdlat_p95: 0
    CH3_num_UNKNOWN_commands: 0  # total number of UNKNOWN commands
    CH3_gpu_wr_cols: 73512
    CH3_dru_rd_cols: 0
    CH3_gpu_bus_cycles: 339312
    CH3_num_WR_commands: 73512  # total number of WR commands
    CH3_gpu_row_conflict: 19565
    CH3_agg_q_p95: 0
    CH3_pim_rdlat_p50: 0
    CH3_gpu_q_count: 96144
    CH3_pim_row_miss: 268
    CH3_gpu_rdlat_count: 96144
    CH3_gpu_row_hit: 139552
    CH3_gpu_q_p99: 3502
    CH3_agg_wq_count: 0
    CH3_gpu_wq_count: 73512
    CH3_num_REFab_commands: 256  # total number of REFab commands
    CH3_gpu_rdlat_p95: 2130
    Scheduler:
      impl: FRFCFS
    RefreshManager:
      impl: AllBank



  Controller:
    impl: AiM
    id: Channel 4
    CH4_idle_cycles: 483  # total number of idle cycles
    CH4_agg_rdlat_mean: 0
    CH4_agg_wq_mean: 0
    CH4_agg_wq_count: 0
    CH4_agg_q_p50: 0
    CH4_agg_q_mean: 0
    CH4_agg_q_count: 0
    CH4_agg_row_miss: 0
    CH4_agg_row_conflict: 0
    CH4_agg_rd_cols: 0
    CH4_dru_rdlat_p99: 0
    CH4_dru_rdlat_p95: 0
    CH4_dru_rdlat_mean: 0
    CH4_dru_wq_mean: 0
    CH4_dru_wq_count: 0
    CH4_agg_rdlat_p95: 0
    CH4_dru_q_p99: 0
    CH4_dru_q_p95: 0
    CH4_pim_allbank_slot_cycles: 104832
    CH4_dru_q_mean: 0
    CH4_dru_rdlat_p50: 0
    CH4_dru_q_count: 0
    CH4_dru_row_conflict: 0
    CH4_dru_row_miss: 0
    CH4_agg_row_hit: 0
    CH4_dru_bus_cycles: 0
    CH4_dru_rd_cols: 0
    CH4_agg_rdlat_p50: 0
    CH4_gpu_rdlat_p99: 4230
    CH4_pim_row_hit: 32702
    CH4_agg_rdlat_count: 0
    CH4_agg_q_p95: 0
    CH4_num_ACT16_commands: 2234  # total number of ACT16 commands
    CH4_dru_row_hit: 0
    CH4_gpu_rdlat_p50: 270
    CH4_num_UNKNOWN_commands: 0  # total number of UNKNOWN commands
    CH4_dru_q_p50: 0
    CH4_AiM_ISR_GGM_REDUCE_cycles: 701231  # total number of AiM ISR_GGM_REDUCE cycles
    CH4_pim_q_p95: 16386
    CH4_num_SYNC_commands: 0  # total number of SYNC commands
    CH4_num_ABRD_commands: 20544  # total number of ABRD commands
    CH4_agg_bus_cycles: 0
    CH4_num_REFab_commands: 256  # total number of REFab commands
    CH4_num_RD_commands: 96144  # total number of RD commands
    CH4_pim_row_miss: 275
    CH4_pim_q_p50: 16386
    CH4_pim_bus_cycles: 0
    CH4_gpu_wq_mean: 1350.6529546196539
    CH4_pim_rdlat_p50: 0
    CH4_R_cycles: 3190354
    CH4_gpu_wr_cols: 73512
    CH4_AiM_ISR_NET_WAIT_cycles: 0  # total number of AiM ISR_NET_WAIT cycles
    CH4_num_WRA_commands: 0  # total number of WRA commands
    CH4_precharged_cycles: 349526  # total number of precharged cycles
    CH4_W_cycles: 2072880
    CH4_gpu_row_miss: 10308
    CH4_AiM_ISR_EOC_cycles: 0  # total number of AiM ISR_EOC cycles
    CH4_num_ABWR_commands: 14400  # total number of ABWR commands
    CH4_pim_wq_count: 14400
    CH4_pim_rdlat_p99: 0
    CH4_gpu_bus_cycles: 339312
    CH4_agg_wr_cols: 0
    CH4_dru_wr_cols: 0
    CH4_num_EOC_commands: 0  # total number of EOC commands
    CH4_pim_wq_mean: 3077.8399305555554
    CH4_num_ACT_commands: 29588  # total number of ACT commands
    CH4_AiM_ISR_SYNC_cycles: 0  # total number of AiM ISR_SYNC cycles
    CH4_agg_rdlat_p99: 0
    CH4_num_PRE_commands: 26820  # total number of PRE commands
    CH4_AiM_ISR_NET_DELAY_cycles: 0  # total number of AiM ISR_NET_DELAY cycles
    CH4_dru_rdlat_count: 0
    CH4_gpu_q_p95: 2074
    CH4_num_WR_commands: 73512  # total number of WR commands
    CH4_pim_row_conflict: 1967
    CH4_pim_q_p99: 16386
    CH4_pim_wr_cols: 0
    CH4_pim_q_count: 20544
    CH4_agg_q_p99: 0
    CH4_pim_q_mean: 43146.996008566981
    CH4_num_REFsb_commands: 0  # total number of REFsb commands
    CH4_pim_rdlat_count: 0
    CH4_num_RDA_commands: 0  # total number of RDA commands
    CH4_gpu_q_p50: 226
    CH4_gpu_row_hit: 140068
    CH4_gpu_q_p99: 4014
    CH4_pim_rd_cols: 0
    CH4_pim_rdlat_mean: 0
    CH4_pim_rdlat_p95: 0
    CH4_gpu_rdlat_p95: 2134
    CH4_num_PREA_commands: 2710  # total number of PREA commands
    CH4_gpu_row_conflict: 19280
    CH4_pim_allbank_cols: 34944
    CH4_AiM_ISR_GGM_EXTEND_cycles: 0  # total number of AiM ISR_GGM_EXTEND cycles
    CH4_gpu_rdlat_count: 96144
    CH4_active_cycles: 749192  # total number of active cycles
    CH4_gpu_q_count: 96144
    CH4_num_TMOD_commands: 0  # total number of TMOD commands
    CH4_gpu_q_mean: 563.70341362955571
    CH4_gpu_wq_count: 73512
    CH4_gpu_rd_cols: 96144
    CH4_gpu_rdlat_mean: 629.88649317690135
    Scheduler:
      impl: FRFCFS
    RefreshManager:
      impl: AllBank



  Controller:
    impl: AiM
    id: Channel 5
    CH5_precharged_cycles: 349140  # total number of precharged cycles
    CH5_active_cycles: 749578  # total number of active cycles
    CH5_idle_cycles: 948  # total number of idle cycles
    CH5_pim_allbank_cols: 34944
    CH5_agg_rdlat_p99: 0
    CH5_agg_rdlat_p50: 0
    CH5_agg_wq_count: 0
    CH5_agg_q_p99: 0
    CH5_agg_q_p95: 0
    CH5_agg_q_mean: 0
    CH5_agg_q_count: 0
    CH5_agg_rdlat_p95: 0
    CH5_agg_wr_cols: 0
    CH5_agg_rd_cols: 0
    CH5_dru_rdlat_count: 0
    CH5_dru_wq_mean: 0
    CH5_dru_q_p99: 0
    CH5_dru_q_p95: 0
    CH5_dru_q_p50: 0
    CH5_dru_q_mean: 0
    CH5_dru_q_count: 0
    CH5_dru_row_conflict: 0
    CH5_dru_row_miss: 0
    CH5_dru_row_hit: 0
    CH5_agg_row_hit: 0
    CH5_dru_bus_cycles: 0
    CH5_dru_wr_cols: 0
    CH5_agg_row_conflict: 0
    CH5_dru_rdlat_mean: 0
    CH5_dru_rd_cols: 0
    CH5_pim_row_miss: 269
    CH5_pim_rdlat_count: 0
    CH5_pim_bus_cycles: 0
    CH5_num_SYNC_commands: 0  # total number of SYNC commands
    CH5_pim_wr_cols: 0
    CH5_gpu_q_count: 96144
    CH5_num_REFab_commands: 256  # total number of REFab commands
    CH5_agg_row_miss: 0
    CH5_num_REFsb_commands: 0  # total number of REFsb commands
    CH5_gpu_rdlat_p99: 4366
    CH5_num_ABRD_commands: 20544  # total number of ABRD commands
    CH5_pim_q_count: 20544
    CH5_num_UNKNOWN_commands: 0  # total number of UNKNOWN commands
    CH5_num_RDA_commands: 0  # total number of RDA commands
    CH5_AiM_ISR_NET_DELAY_cycles: 0  # total number of AiM ISR_NET_DELAY cycles
    CH5_num_ACT_commands: 29908  # total number of ACT commands
    CH5_gpu_q_p50: 230
    CH5_W_cycles: 1846641
    CH5_pim_wq_count: 14400
    CH5_pim_rdlat_p95: 0
    CH5_dru_rdlat_p99: 0
    CH5_num_PREA_commands: 2720  # total number of PREA commands
    CH5_pim_row_hit: 32703
    CH5_num_EOC_commands: 0  # total number of EOC commands
    CH5_AiM_ISR_NET_WAIT_cycles: 0  # total number of AiM ISR_NET_WAIT cycles
    CH5_AiM_ISR_GGM_EXTEND_cycles: 0  # total number of AiM ISR_GGM_EXTEND cycles
    CH5_AiM_ISR_GGM_REDUCE_cycles: 704970  # total number of AiM ISR_GGM_REDUCE cycles
    CH5_num_PRE_commands: 27033  # total number of PRE commands
    CH5_agg_wq_mean: 0
    CH5_gpu_rdlat_mean: 632.69721459477455
    CH5_agg_rdlat_count: 0
    CH5_AiM_ISR_EOC_cycles: 0  # total number of AiM ISR_EOC cycles
    CH5_R_cycles: 3327918
    CH5_gpu_q_mean: 565.08332293226829
    CH5_dru_rdlat_p95: 0
    CH5_dru_rdlat_p50: 0
    CH5_pim_rd_cols: 0
    CH5_num_ABWR_commands: 14400  # total number of ABWR commands
    CH5_agg_rdlat_mean: 0
    CH5_pim_rdlat_p50: 0
    CH5_pim_allbank_slot_cycles: 104832
    CH5_pim_row_conflict: 1972
    CH5_gpu_row_miss: 10293
    CH5_agg_q_p50: 0
    CH5_pim_q_mean: 42877.6390673676
    CH5_pim_q_p50: 16386
    CH5_pim_q_p95: 16386
    CH5_AiM_ISR_SYNC_cycles: 0  # total number of AiM ISR_SYNC cycles
    CH5_pim_q_p99: 16386
    CH5_pim_rdlat_p99: 0
    CH5_pim_wq_mean: 3027.4345833333332
    CH5_num_WR_commands: 73512  # total number of WR commands
    CH5_pim_rdlat_mean: 0
    CH5_gpu_rd_cols: 96144
    CH5_dru_wq_count: 0
    CH5_gpu_wr_cols: 73512
    CH5_gpu_bus_cycles: 339312
    CH5_agg_bus_cycles: 0
    CH5_gpu_row_hit: 139748
    CH5_num_WRA_commands: 0  # total number of WRA commands
    CH5_gpu_rdlat_count: 96144
    CH5_gpu_row_conflict: 19615
    CH5_gpu_q_p95: 2050
    CH5_gpu_rdlat_p95: 2110
    CH5_num_RD_commands: 96144  # total number of RD commands
    CH5_gpu_q_p99: 4150
    CH5_num_TMOD_commands: 0  # total number of TMOD commands
    CH5_num_ACT16_commands: 2233  # total number of ACT16 commands
    CH5_gpu_wq_count: 73512
    CH5_gpu_wq_mean: 1358.2479731200349
    CH5_gpu_rdlat_p50: 274
    Scheduler:
      impl: FRFCFS
    RefreshManager:
      impl: AllBank



  Controller:
    impl: AiM
    id: Channel 6
    CH6_precharged_cycles: 349195  # total number of precharged cycles
    CH6_pim_allbank_cols: 34944
    CH6_agg_rdlat_p99: 0
    CH6_agg_rdlat_p95: 0
    CH6_active_cycles: 749523  # total number of active cycles
    CH6_agg_rdlat_p50: 0
    CH6_agg_rdlat_mean: 0
    CH6_agg_rdlat_count: 0
    CH6_agg_wq_mean: 0
    CH6_agg_q_p99: 0
    CH6_agg_q_p50: 0
    CH6_idle_cycles: 483  # total number of idle cycles
    CH6_agg_q_mean: 0
    CH6_agg_q_count: 0
    CH6_agg_row_conflict: 0
    CH6_agg_wr_cols: 0
    CH6_agg_rd_cols: 0
    CH6_dru_rdlat_p99: 0
    CH6_dru_rdlat_p95: 0
    CH6_dru_rdlat_mean: 0
    CH6_dru_q_p99: 0
    CH6_dru_q_p95: 0
    CH6_dru_q_p50: 0
    CH6_dru_rdlat_p50: 0
    CH6_dru_q_count: 0
    CH6_dru_row_conflict: 0
    CH6_dru_row_miss: 0
    CH6_dru_wq_count: 0
    CH6_dru_row_hit: 0
    CH6_dru_bus_cycles: 0
    CH6_dru_rd_cols: 0
    CH6_dru_q_mean: 0
    CH6_pim_row_hit: 32706
    CH6_pim_bus_cycles: 0
    CH6_gpu_q_count: 96144
    CH6_pim_rd_cols: 0
    CH6_AiM_ISR_NET_WAIT_cycles: 0  # total number of AiM ISR_NET_WAIT cycles
    CH6_num_EOC_commands: 0  # total number of EOC commands
    CH6_pim_wr_cols: 0
    CH6_pim_q_p50: 16386
    CH6_pim_allbank_slot_cycles: 104832
    CH6_agg_bus_cycles: 0
    CH6_gpu_rdlat_p50: 270
    CH6_num_REFsb_commands: 0  # total number of REFsb commands
    CH6_num_TMOD_commands: 0  # total number of TMOD commands
    CH6_gpu_row_miss: 10121
    CH6_num_ABRD_commands: 20544  # total number of ABRD commands
    CH6_num_ACT_commands: 29534  # total number of ACT commands
    CH6_pim_wq_count: 14400
    CH6_num_REFab_commands: 256  # total number of REFab commands
    CH6_pim_wq_mean: 3000.386597222222
    CH6_gpu_rdlat_mean: 626.99373855882845
    CH6_AiM_ISR_SYNC_cycles: 0  # total number of AiM ISR_SYNC cycles
    CH6_R_cycles: 3266036
    CH6_num_RD_commands: 96144  # total number of RD commands
    CH6_dru_wq_mean: 0
    CH6_gpu_q_mean: 560.0234856049259
    CH6_gpu_wr_cols: 73512
    CH6_dru_wr_cols: 0
    CH6_AiM_ISR_GGM_EXTEND_cycles: 0  # total number of AiM ISR_GGM_EXTEND cycles
    CH6_num_PRE_commands: 26945  # total number of PRE commands
    CH6_AiM_ISR_EOC_cycles: 0  # total number of AiM ISR_EOC cycles
    CH6_pim_q_p95: 16386
    CH6_AiM_ISR_NET_DELAY_cycles: 0  # total number of AiM ISR_NET_DELAY cycles
    CH6_gpu_bus_cycles: 339312
    CH6_agg_q_p95: 0
    CH6_agg_row_hit: 0
    CH6_gpu_row_hit: 140122
    CH6_num_PREA_commands: 2705  # total number of PREA commands
    CH6_num_ABWR_commands: 14400  # total number of ABWR commands
    CH6_pim_rdlat_p99: 0
    CH6_pim_q_count: 20544
    CH6_num_UNKNOWN_commands: 0  # total number of UNKNOWN commands
    CH6_pim_q_mean: 42833.783489096575
    CH6_gpu_rdlat_p95: 2122
    CH6_pim_row_miss: 264
    CH6_pim_q_p99: 16386
    CH6_agg_wq_count: 0
    CH6_pim_rdlat_count: 0
    CH6_num_SYNC_commands: 0  # total number of SYNC commands
    CH6_pim_rdlat_mean: 0
    CH6_agg_row_miss: 0
    CH6_pim_rdlat_p50: 0
    CH6_pim_rdlat_p95: 0
    CH6_dru_rdlat_count: 0
    CH6_num_WRA_commands: 0  # total number of WRA commands
    CH6_gpu_rd_cols: 96144
    CH6_gpu_row_conflict: 19413
    CH6_num_RDA_commands: 0  # total number of RDA commands
    CH6_AiM_ISR_GGM_REDUCE_cycles: 704109  # total number of AiM ISR_GGM_REDUCE cycles
    CH6_W_cycles: 1940182
    CH6_gpu_q_p50: 226
    CH6_gpu_rdlat_count: 96144
    CH6_num_WR_commands: 73512  # total number of WR commands
    CH6_gpu_q_p95: 2062
    CH6_gpu_q_p99: 3922
    CH6_gpu_wq_count: 73512
    CH6_gpu_rdlat_p99: 4234
    CH6_pim_row_conflict: 1974
    CH6_num_ACT16_commands: 2230  # total number of ACT16 commands
    CH6_gpu_wq_mean: 1364.5653226684078
    Scheduler:
      impl: FRFCFS
    RefreshManager:
      impl: AllBank



  Controller:
    impl: AiM
    id: Channel 7
    CH7_precharged_cycles: 349521  # total number of precharged cycles
    CH7_agg_rdlat_p50: 0
    CH7_agg_rdlat_count: 0
    CH7_agg_wq_count: 0
    CH7_agg_q_p50: 0
    CH7_pim_allbank_cols: 34944
    CH7_agg_wr_cols: 0
    CH7_dru_rdlat_p99: 0
    CH7_dru_rdlat_p95: 0
    CH7_dru_rdlat_p50: 0
    CH7_dru_rdlat_count: 0
    CH7_dru_wq_mean: 0
    CH7_agg_bus_cycles: 0
    CH7_dru_wq_count: 0
    CH7_active_cycles: 749197  # total number of active cycles
    CH7_dru_q_p50: 0
    CH7_dru_q_mean: 0
    CH7_dru_q_count: 0
    CH7_agg_row_miss: 0
    CH7_dru_row_miss: 0
    CH7_dru_q_p99: 0
    CH7_dru_q_p95: 0
    CH7_dru_row_hit: 0
    CH7_dru_wr_cols: 0
    CH7_dru_rd_cols: 0
    CH7_num_UNKNOWN_commands: 0  # total number of UNKNOWN commands
    CH7_dru_rdlat_mean: 0
    CH7_num_EOC_commands: 0  # total number of EOC commands
    CH7_dru_bus_cycles: 0
    CH7_gpu_rdlat_p99: 4258
    CH7_num_TMOD_commands: 0  # total number of TMOD commands
    CH7_gpu_row_miss: 10192
    CH7_num_REFsb_commands: 0  # total number of REFsb commands
    CH7_pim_rd_cols: 0
    CH7_pim_q_mean: 43221.709112149532
    CH7_agg_q_p95: 0
    CH7_pim_q_p95: 16386
    CH7_num_PRE_commands: 27449  # total number of PRE commands
    CH7_agg_rdlat_p99: 0
    CH7_num_ABWR_commands: 14400  # total number of ABWR commands
    CH7_num_ABRD_commands: 20544  # total number of ABRD commands
    CH7_agg_q_p99: 0
    CH7_AiM_ISR_SYNC_cycles: 0  # total number of AiM ISR_SYNC cycles
    CH7_pim_row_miss: 269
    CH7_num_SYNC_commands: 0  # total number of SYNC commands
    CH7_num_ACT16_commands: 2239  # total number of ACT16 commands
    CH7_idle_cycles: 483  # total number of idle cycles
    CH7_pim_row_conflict: 1977
    CH7_agg_row_conflict: 0
    CH7_pim_rdlat_p50: 0
    CH7_num_WRA_commands: 0  # total number of WRA commands
    CH7_AiM_ISR_GGM_EXTEND_cycles: 0  # total number of AiM ISR_GGM_EXTEND cycles
    CH7_W_cycles: 2079860
    CH7_gpu_q_p99: 3934
    CH7_gpu_row_hit: 139500
    CH7_gpu_row_conflict: 19964
    CH7_pim_row_hit: 32698
    CH7_agg_rdlat_mean: 0
    CH7_agg_row_hit: 0
    CH7_agg_rd_cols: 0
    CH7_R_cycles: 3321902
    CH7_pim_wr_cols: 0
    CH7_agg_rdlat_p95: 0
    CH7_num_RDA_commands: 0  # total number of RDA commands
    CH7_AiM_ISR_NET_WAIT_cycles: 0  # total number of AiM ISR_NET_WAIT cycles
    CH7_num_WR_commands: 73512  # total number of WR commands
    CH7_num_ACT_commands: 30156  # total number of ACT commands
    CH7_AiM_ISR_GGM_REDUCE_cycles: 697867  # total number of AiM ISR_GGM_REDUCE cycles
    CH7_pim_allbank_slot_cycles: 104832
    CH7_num_PREA_commands: 2728  # total number of PREA commands
    CH7_num_RD_commands: 96144  # total number of RD commands
    CH7_pim_q_count: 20544
    CH7_pim_q_p50: 16386
    CH7_dru_row_conflict: 0
    CH7_gpu_wq_count: 73512
    CH7_pim_wq_count: 14400
    CH7_pim_q_p99: 16386
    CH7_pim_wq_mean: 2967.2915277777779
    CH7_gpu_rdlat_count: 96144
    CH7_gpu_rd_cols: 96144
    CH7_pim_rdlat_count: 0
    CH7_gpu_bus_cycles: 339312
    CH7_pim_rdlat_mean: 0
    CH7_pim_rdlat_p99: 0
    CH7_gpu_rdlat_mean: 643.09481610916953
    CH7_AiM_ISR_NET_DELAY_cycles: 0  # total number of AiM ISR_NET_DELAY cycles
    CH7_pim_rdlat_p95: 0
    CH7_agg_wq_mean: 0
    CH7_gpu_wr_cols: 73512
    CH7_agg_q_count: 0
    CH7_gpu_q_count: 96144
    CH7_gpu_q_mean: 575.54349725411885
    CH7_agg_q_mean: 0
    CH7_gpu_q_p50: 234
    CH7_gpu_q_p95: 2062
    CH7_AiM_ISR_EOC_cycles: 0  # total number of AiM ISR_EOC cycles
    CH7_gpu_wq_mean: 1338.311241702035
    CH7_num_REFab_commands: 256  # total number of REFab commands
    CH7_gpu_rdlat_p50: 278
    CH7_pim_bus_cycles: 0
    CH7_gpu_rdlat_p95: 2126
    Scheduler:
      impl: FRFCFS
    RefreshManager:
      impl: AllBank



