AiM GGM_EXTEND 8 0x80000000 0 0 1 128 0 0 0
AiM GGM_EXTEND 8 0x80000000 0 2 3 128 0 0 0
AiM GGM_EXTEND 8 0x80000000 0 4 5 128 0 0 0
AiM GGM_EXTEND 8 0x80000000 0 6 7 128 0 0 0
AiM GGM_EXTEND 8 0x80000000 0 8 9 128 0 0 0
AiM GGM_EXTEND 8 0x80000000 0 8 9 128 8 16 0
AiM GGM_EXTEND 8 0x80000000 0 10 11 128 0 0 0
AiM GGM_EXTEND 8 0x80000000 0 10 11 128 8 16 0
AiM GGM_EXTEND 8 0x80000000 0 10 11 128 16 32 0
AiM GGM_EXTEND 8 0x80000000 0 10 11 128 24 48 0
AiM GGM_EXTEND 8 0x80000000 0 12 13 128 0 0 0
AiM GGM_EXTEND 8 0x80000000 0 12 13 128 8 16 0
AiM GGM_EXTEND 8 0x80000000 0 12 13 128 16 32 0
AiM GGM_EXTEND 8 0x80000000 0 12 13 128 24 48 0
AiM GGM_EXTEND 8 0x80000000 0 12 14 128 32 0 0
AiM GGM_EXTEND 8 0x80000000 0 12 14 128 40 16 0
AiM GGM_EXTEND 8 0x80000000 0 12 14 128 48 32 0
AiM GGM_EXTEND 8 0x80000000 0 12 14 128 56 48 0
AiM GGM_EXTEND 8 0x80000000 1 0 1 128 0 0 1
AiM GGM_EXTEND 8 0x80000000 1 2 3 128 0 0 1
AiM GGM_EXTEND 8 0x80000000 1 4 5 128 0 0 1
AiM GGM_EXTEND 8 0x80000000 1 6 7 128 0 0 1
AiM GGM_EXTEND 8 0x80000000 1 8 9 128 0 0 1
AiM GGM_EXTEND 8 0x80000000 1 8 9 128 8 16 1
AiM GGM_EXTEND 8 0x80000000 1 10 11 128 0 0 1
AiM GGM_EXTEND 8 0x80000000 1 10 11 128 8 16 1
AiM GGM_EXTEND 8 0x80000000 1 10 11 128 16 32 1
AiM GGM_EXTEND 8 0x80000000 1 10 11 128 24 48 1
AiM GGM_EXTEND 8 0x80000000 1 12 13 128 0 0 1
AiM GGM_EXTEND 8 0x80000000 1 12 13 128 8 16 1
AiM GGM_EXTEND 8 0x80000000 1 12 13 128 16 32 1
AiM GGM_EXTEND 8 0x80000000 1 12 13 128 24 48 1
AiM GGM_EXTEND 8 0x80000000 1 12 14 128 32 0 1
AiM GGM_EXTEND 8 0x80000000 1 12 14 128 40 16 1
AiM GGM_EXTEND 8 0x80000000 1 12 14 128 48 32 1
AiM GGM_EXTEND 8 0x80000000 1 12 14 128 56 48 1
AiM GGM_EXTEND 8 0x80000000 2 0 1 128 0 0 2
AiM GGM_EXTEND 8 0x80000000 2 2 3 128 0 0 2
AiM GGM_EXTEND 8 0x80000000 2 4 5 128 0 0 2
AiM GGM_EXTEND 8 0x80000000 2 6 7 128 0 0 2
AiM GGM_EXTEND 8 0x80000000 2 8 9 128 0 0 2
AiM GGM_EXTEND 8 0x80000000 2 8 9 128 8 16 2
AiM GGM_EXTEND 8 0x80000000 2 10 11 128 0 0 2
AiM GGM_EXTEND 8 0x80000000 2 10 11 128 8 16 2
AiM GGM_EXTEND 8 0x80000000 2 10 11 128 16 32 2
AiM GGM_EXTEND 8 0x80000000 2 10 11 128 24 48 2
AiM GGM_EXTEND 8 0x80000000 2 12 13 128 0 0 2
AiM GGM_EXTEND 8 0x80000000 2 12 13 128 8 16 2
AiM GGM_EXTEND 8 0x80000000 2 12 13 128 16 32 2
AiM GGM_EXTEND 8 0x80000000 2 12 13 128 24 48 2
AiM GGM_EXTEND 8 0x80000000 2 12 14 128 32 0 2
AiM GGM_EXTEND 8 0x80000000 2 12 14 128 40 16 2
AiM GGM_EXTEND 8 0x80000000 2 12 14 128 48 32 2
AiM GGM_EXTEND 8 0x80000000 2 12 14 128 56 48 2
AiM GGM_EXTEND 8 0x80000000 3 0 1 128 0 0 3
AiM GGM_EXTEND 8 0x80000000 3 2 3 128 0 0 3
AiM GGM_EXTEND 8 0x80000000 3 4 5 128 0 0 3
AiM GGM_EXTEND 8 0x80000000 3 6 7 128 0 0 3
AiM GGM_EXTEND 8 0x80000000 3 8 9 128 0 0 3
AiM GGM_EXTEND 8 0x80000000 3 8 9 128 8 16 3
AiM GGM_EXTEND 8 0x80000000 3 10 11 128 0 0 3
AiM GGM_EXTEND 8 0x80000000 3 10 11 128 8 16 3
AiM GGM_EXTEND 8 0x80000000 3 10 11 128 16 32 3
AiM GGM_EXTEND 8 0x80000000 3 10 11 128 24 48 3
AiM GGM_EXTEND 8 0x80000000 3 12 13 128 0 0 3
AiM GGM_EXTEND 8 0x80000000 3 12 13 128 8 16 3
AiM GGM_EXTEND 8 0x80000000 3 12 13 128 16 32 3
AiM GGM_EXTEND 8 0x80000000 3 12 13 128 24 48 3
AiM GGM_EXTEND 8 0x80000000 3 12 14 128 32 0 3
AiM GGM_EXTEND 8 0x80000000 3 12 14 128 40 16 3
AiM GGM_EXTEND 8 0x80000000 3 12 14 128 48 32 3
AiM GGM_EXTEND 8 0x80000000 3 12 14 128 56 48 3
AiM GGM_EXTEND 8 0x80000000 4 0 1 128 0 0 4
AiM GGM_EXTEND 8 0x80000000 4 2 3 128 0 0 4
AiM GGM_EXTEND 8 0x80000000 4 4 5 128 0 0 4
AiM GGM_EXTEND 8 0x80000000 4 6 7 128 0 0 4
AiM GGM_EXTEND 8 0x80000000 4 8 9 128 0 0 4
AiM GGM_EXTEND 8 0x80000000 4 8 9 128 8 16 4
AiM GGM_EXTEND 8 0x80000000 4 10 11 128 0 0 4
AiM GGM_EXTEND 8 0x80000000 4 10 11 128 8 16 4
AiM GGM_EXTEND 8 0x80000000 4 10 11 128 16 32 4
AiM GGM_EXTEND 8 0x80000000 4 10 11 128 24 48 4
AiM GGM_EXTEND 8 0x80000000 4 12 13 128 0 0 4
AiM GGM_EXTEND 8 0x80000000 4 12 13 128 8 16 4
AiM GGM_EXTEND 8 0x80000000 4 12 13 128 16 32 4
AiM GGM_EXTEND 8 0x80000000 4 12 13 128 24 48 4
AiM GGM_EXTEND 8 0x80000000 4 12 14 128 32 0 4
AiM GGM_EXTEND 8 0x80000000 4 12 14 128 40 16 4
AiM GGM_EXTEND 8 0x80000000 4 12 14 128 48 32 4
AiM GGM_EXTEND 8 0x80000000 4 12 14 128 56 48 4
AiM GGM_EXTEND 8 0x80000000 5 0 1 128 0 0 5
AiM GGM_EXTEND 8 0x80000000 5 2 3 128 0 0 5
AiM GGM_EXTEND 8 0x80000000 5 4 5 128 0 0 5
AiM GGM_EXTEND 8 0x80000000 5 6 7 128 0 0 5
AiM GGM_EXTEND 8 0x80000000 5 8 9 128 0 0 5
AiM GGM_EXTEND 8 0x80000000 5 8 9 128 8 16 5
AiM GGM_EXTEND 8 0x80000000 5 10 11 128 0 0 5
AiM GGM_EXTEND 8 0x80000000 5 10 11 128 8 16 5
AiM GGM_EXTEND 8 0x80000000 5 10 11 128 16 32 5
AiM GGM_EXTEND 8 0x80000000 5 10 11 128 24 48 5
AiM GGM_EXTEND 8 0x80000000 5 12 13 128 0 0 5
AiM GGM_EXTEND 8 0x80000000 5 12 13 128 8 16 5
AiM GGM_EXTEND 8 0x80000000 5 12 13 128 16 32 5
AiM GGM_EXTEND 8 0x80000000 5 12 13 128 24 48 5
AiM GGM_EXTEND 8 0x80000000 5 12 14 128 32 0 5
AiM GGM_EXTEND 8 0x80000000 5 12 14 128 40 16 5
AiM GGM_EXTEND 8 0x80000000 5 12 14 128 48 32 5
AiM GGM_EXTEND 8 0x80000000 5 12 14 128 56 48 5
AiM GGM_EXTEND 8 0x80000000 6 0 1 128 0 0 6
AiM GGM_EXTEND 8 0x80000000 6 2 3 128 0 0 6
AiM GGM_EXTEND 8 0x80000000 6 4 5 128 0 0 6
AiM GGM_EXTEND 8 0x80000000 6 6 7 128 0 0 6
AiM GGM_EXTEND 8 0x80000000 6 8 9 128 0 0 6
AiM GGM_EXTEND 8 0x80000000 6 8 9 128 8 16 6
AiM GGM_EXTEND 8 0x80000000 6 10 11 128 0 0 6
AiM GGM_EXTEND 8 0x80000000 6 10 11 128 8 16 6
AiM GGM_EXTEND 8 0x80000000 6 10 11 128 16 32 6
AiM GGM_EXTEND 8 0x80000000 6 10 11 128 24 48 6
AiM GGM_EXTEND 8 0x80000000 6 12 13 128 0 0 6
AiM GGM_EXTEND 8 0x80000000 6 12 13 128 8 16 6
AiM GGM_EXTEND 8 0x80000000 6 12 13 128 16 32 6
AiM GGM_EXTEND 8 0x80000000 6 12 13 128 24 48 6
AiM GGM_EXTEND 8 0x80000000 6 12 14 128 32 0 6
AiM GGM_EXTEND 8 0x80000000 6 12 14 128 40 16 6
AiM GGM_EXTEND 8 0x80000000 6 12 14 128 48 32 6
AiM GGM_EXTEND 8 0x80000000 6 12 14 128 56 48 6
AiM GGM_EXTEND 8 0x80000000 7 0 1 128 0 0 7
AiM GGM_EXTEND 8 0x80000000 7 2 3 128 0 0 7
AiM GGM_EXTEND 8 0x80000000 7 4 5 128 0 0 7
AiM GGM_EXTEND 8 0x80000000 7 6 7 128 0 0 7
AiM GGM_EXTEND 8 0x80000000 7 8 9 128 0 0 7
AiM GGM_EXTEND 8 0x80000000 7 8 9 128 8 16 7
AiM GGM_EXTEND 8 0x80000000 7 10 11 128 0 0 7
AiM GGM_EXTEND 8 0x80000000 7 10 11 128 8 16 7
AiM GGM_EXTEND 8 0x80000000 7 10 11 128 16 32 7
AiM GGM_EXTEND 8 0x80000000 7 10 11 128 24 48 7
AiM GGM_EXTEND 8 0x80000000 7 12 13 128 0 0 7
AiM GGM_EXTEND 8 0x80000000 7 12 13 128 8 16 7
AiM GGM_EXTEND 8 0x80000000 7 12 13 128 16 32 7
AiM GGM_EXTEND 8 0x80000000 7 12 13 128 24 48 7
AiM GGM_EXTEND 8 0x80000000 7 12 14 128 32 0 7
AiM GGM_EXTEND 8 0x80000000 7 12 14 128 40 16 7
AiM GGM_EXTEND 8 0x80000000 7 12 14 128 48 32 7
AiM GGM_EXTEND 8 0x80000000 7 12 14 128 56 48 7
AiM GGM_EXTEND 8 0x80000000 8 0 1 128 0 0 8
AiM GGM_EXTEND 8 0x80000000 8 2 3 128 0 0 8
AiM GGM_EXTEND 8 0x80000000 8 4 5 128 0 0 8
AiM GGM_EXTEND 8 0x80000000 8 6 7 128 0 0 8
AiM GGM_EXTEND 8 0x80000000 8 8 9 128 0 0 8
AiM GGM_EXTEND 8 0x80000000 8 8 9 128 8 16 8
AiM GGM_EXTEND 8 0x80000000 8 10 11 128 0 0 8
AiM GGM_EXTEND 8 0x80000000 8 10 11 128 8 16 8
AiM GGM_EXTEND 8 0x80000000 8 10 11 128 16 32 8
AiM GGM_EXTEND 8 0x80000000 8 10 11 128 24 48 8
AiM GGM_EXTEND 8 0x80000000 8 12 13 128 0 0 8
AiM GGM_EXTEND 8 0x80000000 8 12 13 128 8 16 8
AiM GGM_EXTEND 8 0x80000000 8 12 13 128 16 32 8
AiM GGM_EXTEND 8 0x80000000 8 12 13 128 24 48 8
AiM GGM_EXTEND 8 0x80000000 8 12 14 128 32 0 8
AiM GGM_EXTEND 8 0x80000000 8 12 14 128 40 16 8
AiM GGM_EXTEND 8 0x80000000 8 12 14 128 48 32 8
AiM GGM_EXTEND 8 0x80000000 8 12 14 128 56 48 8
AiM GGM_EXTEND 8 0x80000000 9 0 1 128 0 0 9
AiM GGM_EXTEND 8 0x80000000 9 2 3 128 0 0 9
AiM GGM_EXTEND 8 0x80000000 9 4 5 128 0 0 9
AiM GGM_EXTEND 8 0x80000000 9 6 7 128 0 0 9
AiM GGM_EXTEND 8 0x80000000 9 8 9 128 0 0 9
AiM GGM_EXTEND 8 0x80000000 9 8 9 128 8 16 9
AiM GGM_EXTEND 8 0x80000000 9 10 11 128 0 0 9
AiM GGM_EXTEND 8 0x80000000 9 10 11 128 8 16 9
AiM GGM_EXTEND 8 0x80000000 9 10 11 128 16 32 9
AiM GGM_EXTEND 8 0x80000000 9 10 11 128 24 48 9
AiM GGM_EXTEND 8 0x80000000 9 12 13 128 0 0 9
AiM GGM_EXTEND 8 0x80000000 9 12 13 128 8 16 9
AiM GGM_EXTEND 8 0x80000000 9 12 13 128 16 32 9
AiM GGM_EXTEND 8 0x80000000 9 12 13 128 24 48 9
AiM GGM_EXTEND 8 0x80000000 9 12 14 128 32 0 9
AiM GGM_EXTEND 8 0x80000000 9 12 14 128 40 16 9
AiM GGM_EXTEND 8 0x80000000 9 12 14 128 48 32 9
AiM GGM_EXTEND 8 0x80000000 9 12 14 128 56 48 9
AiM GGM_EXTEND 8 0x80000000 10 0 1 128 0 0 10
AiM GGM_EXTEND 8 0x80000000 10 2 3 128 0 0 10
AiM GGM_EXTEND 8 0x80000000 10 4 5 128 0 0 10
AiM GGM_EXTEND 8 0x80000000 10 6 7 128 0 0 10
AiM GGM_EXTEND 8 0x80000000 10 8 9 128 0 0 10
AiM GGM_EXTEND 8 0x80000000 10 8 9 128 8 16 10
AiM GGM_EXTEND 8 0x80000000 10 10 11 128 0 0 10
AiM GGM_EXTEND 8 0x80000000 10 10 11 128 8 16 10
AiM GGM_EXTEND 8 0x80000000 10 10 11 128 16 32 10
AiM GGM_EXTEND 8 0x80000000 10 10 11 128 24 48 10
AiM GGM_EXTEND 8 0x80000000 10 12 13 128 0 0 10
AiM GGM_EXTEND 8 0x80000000 10 12 13 128 8 16 10
AiM GGM_EXTEND 8 0x80000000 10 12 13 128 16 32 10
AiM GGM_EXTEND 8 0x80000000 10 12 13 128 24 48 10
AiM GGM_EXTEND 8 0x80000000 10 12 14 128 32 0 10
AiM GGM_EXTEND 8 0x80000000 10 12 14 128 40 16 10
AiM GGM_EXTEND 8 0x80000000 10 12 14 128 48 32 10
AiM GGM_EXTEND 8 0x80000000 10 12 14 128 56 48 10
AiM GGM_EXTEND 8 0x80000000 11 0 1 128 0 0 11
AiM GGM_EXTEND 8 0x80000000 11 2 3 128 0 0 11
AiM GGM_EXTEND 8 0x80000000 11 4 5 128 0 0 11
AiM GGM_EXTEND 8 0x80000000 11 6 7 128 0 0 11
AiM GGM_EXTEND 8 0x80000000 11 8 9 128 0 0 11
AiM GGM_EXTEND 8 0x80000000 11 8 9 128 8 16 11
AiM GGM_EXTEND 8 0x80000000 11 10 11 128 0 0 11
AiM GGM_EXTEND 8 0x80000000 11 10 11 128 8 16 11
AiM GGM_EXTEND 8 0x80000000 11 10 11 128 16 32 11
AiM GGM_EXTEND 8 0x80000000 11 10 11 128 24 48 11
AiM GGM_EXTEND 8 0x80000000 11 12 13 128 0 0 11
AiM GGM_EXTEND 8 0x80000000 11 12 13 128 8 16 11
AiM GGM_EXTEND 8 0x80000000 11 12 13 128 16 32 11
AiM GGM_EXTEND 8 0x80000000 11 12 13 128 24 48 11
AiM GGM_EXTEND 8 0x80000000 11 12 14 128 32 0 11
AiM GGM_EXTEND 8 0x80000000 11 12 14 128 40 16 11
AiM GGM_EXTEND 8 0x80000000 11 12 14 128 48 32 11
AiM GGM_EXTEND 8 0x80000000 11 12 14 128 56 48 11
AiM GGM_EXTEND 8 0x80000000 12 0 1 128 0 0 12
AiM GGM_EXTEND 8 0x80000000 12 2 3 128 0 0 12
AiM GGM_EXTEND 8 0x80000000 12 4 5 128 0 0 12
AiM GGM_EXTEND 8 0x80000000 12 6 7 128 0 0 12
AiM GGM_EXTEND 8 0x80000000 12 8 9 128 0 0 12
AiM GGM_EXTEND 8 0x80000000 12 8 9 128 8 16 12
AiM GGM_EXTEND 8 0x80000000 12 10 11 128 0 0 12
AiM GGM_EXTEND 8 0x80000000 12 10 11 128 8 16 12
AiM GGM_EXTEND 8 0x80000000 12 10 11 128 16 32 12
AiM GGM_EXTEND 8 0x80000000 12 10 11 128 24 48 12
AiM GGM_EXTEND 8 0x80000000 12 12 13 128 0 0 12
AiM GGM_EXTEND 8 0x80000000 12 12 13 128 8 16 12
AiM GGM_EXTEND 8 0x80000000 12 12 13 128 16 32 12
AiM GGM_EXTEND 8 0x80000000 12 12 13 128 24 48 12
AiM GGM_EXTEND 8 0x80000000 12 12 14 128 32 0 12
AiM GGM_EXTEND 8 0x80000000 12 12 14 128 40 16 12
AiM GGM_EXTEND 8 0x80000000 12 12 14 128 48 32 12
AiM GGM_EXTEND 8 0x80000000 12 12 14 128 56 48 12
AiM GGM_EXTEND 8 0x80000000 13 0 1 128 0 0 13
AiM GGM_EXTEND 8 0x80000000 13 2 3 128 0 0 13
AiM GGM_EXTEND 8 0x80000000 13 4 5 128 0 0 13
AiM GGM_EXTEND 8 0x80000000 13 6 7 128 0 0 13
AiM GGM_EXTEND 8 0x80000000 13 8 9 128 0 0 13
AiM GGM_EXTEND 8 0x80000000 13 8 9 128 8 16 13
AiM GGM_EXTEND 8 0x80000000 13 10 11 128 0 0 13
AiM GGM_EXTEND 8 0x80000000 13 10 11 128 8 16 13
AiM GGM_EXTEND 8 0x80000000 13 10 11 128 16 32 13
AiM GGM_EXTEND 8 0x80000000 13 10 11 128 24 48 13
AiM GGM_EXTEND 8 0x80000000 13 12 13 128 0 0 13
AiM GGM_EXTEND 8 0x80000000 13 12 13 128 8 16 13
AiM GGM_EXTEND 8 0x80000000 13 12 13 128 16 32 13
AiM GGM_EXTEND 8 0x80000000 13 12 13 128 24 48 13
AiM GGM_EXTEND 8 0x80000000 13 12 14 128 32 0 13
AiM GGM_EXTEND 8 0x80000000 13 12 14 128 40 16 13
AiM GGM_EXTEND 8 0x80000000 13 12 14 128 48 32 13
AiM GGM_EXTEND 8 0x80000000 13 12 14 128 56 48 13
AiM GGM_EXTEND 8 0x80000000 14 0 1 128 0 0 14
AiM GGM_EXTEND 8 0x80000000 14 2 3 128 0 0 14
AiM GGM_EXTEND 8 0x80000000 14 4 5 128 0 0 14
AiM GGM_EXTEND 8 0x80000000 14 6 7 128 0 0 14
AiM GGM_EXTEND 8 0x80000000 14 8 9 128 0 0 14
AiM GGM_EXTEND 8 0x80000000 14 8 9 128 8 16 14
AiM GGM_EXTEND 8 0x80000000 14 10 11 128 0 0 14
AiM GGM_EXTEND 8 0x80000000 14 10 11 128 8 16 14
AiM GGM_EXTEND 8 0x80000000 14 10 11 128 16 32 14
AiM GGM_EXTEND 8 0x80000000 14 10 11 128 24 48 14
AiM GGM_EXTEND 8 0x80000000 14 12 13 128 0 0 14
AiM GGM_EXTEND 8 0x80000000 14 12 13 128 8 16 14
AiM GGM_EXTEND 8 0x80000000 14 12 13 128 16 32 14
AiM GGM_EXTEND 8 0x80000000 14 12 13 128 24 48 14
AiM GGM_EXTEND 8 0x80000000 14 12 14 128 32 0 14
AiM GGM_EXTEND 8 0x80000000 14 12 14 128 40 16 14
AiM GGM_EXTEND 8 0x80000000 14 12 14 128 48 32 14
AiM GGM_EXTEND 8 0x80000000 14 12 14 128 56 48 14
AiM GGM_EXTEND 8 0x80000000 15 0 1 128 0 0 15
AiM GGM_EXTEND 8 0x80000000 15 2 3 128 0 0 15
AiM GGM_EXTEND 8 0x80000000 15 4 5 128 0 0 15
AiM GGM_EXTEND 8 0x80000000 15 6 7 128 0 0 15
AiM GGM_EXTEND 8 0x80000000 15 8 9 128 0 0 15
AiM GGM_EXTEND 8 0x80000000 15 8 9 128 8 16 15
AiM GGM_EXTEND 8 0x80000000 15 10 11 128 0 0 15
AiM GGM_EXTEND 8 0x80000000 15 10 11 128 8 16 15
AiM GGM_EXTEND 8 0x80000000 15 10 11 128 16 32 15
AiM GGM_EXTEND 8 0x80000000 15 10 11 128 24 48 15
AiM GGM_EXTEND 8 0x80000000 15 12 13 128 0 0 15
AiM GGM_EXTEND 8 0x80000000 15 12 13 128 8 16 15
AiM GGM_EXTEND 8 0x80000000 15 12 13 128 16 32 15
AiM GGM_EXTEND 8 0x80000000 15 12 13 128 24 48 15
AiM GGM_EXTEND 8 0x80000000 15 12 14 128 32 0 15
AiM GGM_EXTEND 8 0x80000000 15 12 14 128 40 16 15
AiM GGM_EXTEND 8 0x80000000 15 12 14 128 48 32 15
AiM GGM_EXTEND 8 0x80000000 15 12 14 128 56 48 15
AiM GGM_EXTEND 8 0x80000000 3 15 16 128 0 0 3
AiM GGM_EXTEND 8 0x80000000 3 17 18 128 0 0 3
AiM GGM_EXTEND 8 0x80000000 3 19 20 128 0 0 3
AiM GGM_EXTEND 8 0x80000000 3 21 22 128 0 0 3
AiM GGM_EXTEND 8 0x80000000 3 23 24 128 0 0 3
AiM GGM_EXTEND 8 0x80000000 3 23 24 128 8 16 3
AiM GGM_EXTEND 8 0x80000000 3 25 26 128 0 0 3
AiM GGM_EXTEND 8 0x80000000 3 25 26 128 8 16 3
AiM GGM_EXTEND 8 0x80000000 3 25 26 128 16 32 3
AiM GGM_EXTEND 8 0x80000000 3 25 26 128 24 48 3
AiM GGM_EXTEND 8 0x80000000 3 27 28 128 0 0 3
AiM GGM_EXTEND 8 0x80000000 3 27 28 128 8 16 3
AiM GGM_EXTEND 8 0x80000000 3 27 28 128 16 32 3
AiM GGM_EXTEND 8 0x80000000 3 27 28 128 24 48 3
AiM GGM_EXTEND 8 0x80000000 3 27 29 128 32 0 3
AiM GGM_EXTEND 8 0x80000000 3 27 29 128 40 16 3
AiM GGM_EXTEND 8 0x80000000 3 27 29 128 48 32 3
AiM GGM_EXTEND 8 0x80000000 3 27 29 128 56 48 3
AiM GGM_EXTEND 8 0x80000000 4 15 16 128 0 0 4
AiM GGM_EXTEND 8 0x80000000 4 17 18 128 0 0 4
AiM GGM_EXTEND 8 0x80000000 4 19 20 128 0 0 4
AiM GGM_EXTEND 8 0x80000000 4 21 22 128 0 0 4
AiM GGM_EXTEND 8 0x80000000 4 23 24 128 0 0 4
AiM GGM_EXTEND 8 0x80000000 4 23 24 128 8 16 4
AiM GGM_EXTEND 8 0x80000000 4 25 26 128 0 0 4
AiM GGM_EXTEND 8 0x80000000 4 25 26 128 8 16 4
AiM GGM_EXTEND 8 0x80000000 4 25 26 128 16 32 4
AiM GGM_EXTEND 8 0x80000000 4 25 26 128 24 48 4
AiM GGM_EXTEND 8 0x80000000 4 27 28 128 0 0 4
AiM GGM_EXTEND 8 0x80000000 4 27 28 128 8 16 4
AiM GGM_EXTEND 8 0x80000000 4 27 28 128 16 32 4
AiM GGM_EXTEND 8 0x80000000 4 27 28 128 24 48 4
AiM GGM_EXTEND 8 0x80000000 4 27 29 128 32 0 4
AiM GGM_EXTEND 8 0x80000000 4 27 29 128 40 16 4
AiM GGM_EXTEND 8 0x80000000 4 27 29 128 48 32 4
AiM GGM_EXTEND 8 0x80000000 4 27 29 128 56 48 4
AiM GGM_EXTEND 8 0x80000000 5 15 16 128 0 0 5
AiM GGM_EXTEND 8 0x80000000 5 17 18 128 0 0 5
AiM GGM_EXTEND 8 0x80000000 5 19 20 128 0 0 5
AiM GGM_EXTEND 8 0x80000000 5 21 22 128 0 0 5
AiM GGM_EXTEND 8 0x80000000 5 23 24 128 0 0 5
AiM GGM_EXTEND 8 0x80000000 5 23 24 128 8 16 5
AiM GGM_EXTEND 8 0x80000000 5 25 26 128 0 0 5
AiM GGM_EXTEND 8 0x80000000 5 25 26 128 8 16 5
AiM GGM_EXTEND 8 0x80000000 5 25 26 128 16 32 5
AiM GGM_EXTEND 8 0x80000000 5 25 26 128 24 48 5
AiM GGM_EXTEND 8 0x80000000 5 27 28 128 0 0 5
AiM GGM_EXTEND 8 0x80000000 5 27 28 128 8 16 5
AiM GGM_EXTEND 8 0x80000000 5 27 28 128 16 32 5
AiM GGM_EXTEND 8 0x80000000 5 27 28 128 24 48 5
AiM GGM_EXTEND 8 0x80000000 5 27 29 128 32 0 5
AiM GGM_EXTEND 8 0x80000000 5 27 29 128 40 16 5
AiM GGM_EXTEND 8 0x80000000 5 27 29 128 48 32 5
AiM GGM_EXTEND 8 0x80000000 5 27 29 128 56 48 5
AiM GGM_EXTEND 8 0x80000000 6 15 16 128 0 0 6
AiM GGM_EXTEND 8 0x80000000 6 17 18 128 0 0 6
AiM GGM_EXTEND 8 0x80000000 6 19 20 128 0 0 6
AiM GGM_EXTEND 8 0x80000000 6 21 22 128 0 0 6
AiM GGM_EXTEND 8 0x80000000 6 23 24 128 0 0 6
AiM GGM_EXTEND 8 0x80000000 6 23 24 128 8 16 6
AiM GGM_EXTEND 8 0x80000000 6 25 26 128 0 0 6
AiM GGM_EXTEND 8 0x80000000 6 25 26 128 8 16 6
AiM GGM_EXTEND 8 0x80000000 6 25 26 128 16 32 6
AiM GGM_EXTEND 8 0x80000000 6 25 26 128 24 48 6
AiM GGM_EXTEND 8 0x80000000 6 27 28 128 0 0 6
AiM GGM_EXTEND 8 0x80000000 6 27 28 128 8 16 6
AiM GGM_EXTEND 8 0x80000000 6 27 28 128 16 32 6
AiM GGM_EXTEND 8 0x80000000 6 27 28 128 24 48 6
AiM GGM_EXTEND 8 0x80000000 6 27 29 128 32 0 6
AiM GGM_EXTEND 8 0x80000000 6 27 29 128 40 16 6
AiM GGM_EXTEND 8 0x80000000 6 27 29 128 48 32 6
AiM GGM_EXTEND 8 0x80000000 6 27 29 128 56 48 6
AiM GGM_EXTEND 8 0x80000000 7 15 16 128 0 0 7
AiM GGM_EXTEND 8 0x80000000 7 17 18 128 0 0 7
AiM GGM_EXTEND 8 0x80000000 7 19 20 128 0 0 7
AiM GGM_EXTEND 8 0x80000000 7 21 22 128 0 0 7
AiM GGM_EXTEND 8 0x80000000 7 23 24 128 0 0 7
AiM GGM_EXTEND 8 0x80000000 7 23 24 128 8 16 7
AiM GGM_EXTEND 8 0x80000000 7 25 26 128 0 0 7
AiM GGM_EXTEND 8 0x80000000 7 25 26 128 8 16 7
AiM GGM_EXTEND 8 0x80000000 7 25 26 128 16 32 7
AiM GGM_EXTEND 8 0x80000000 7 25 26 128 24 48 7
AiM GGM_EXTEND 8 0x80000000 7 27 28 128 0 0 7
AiM GGM_EXTEND 8 0x80000000 7 27 28 128 8 16 7
AiM GGM_EXTEND 8 0x80000000 7 27 28 128 16 32 7
AiM GGM_EXTEND 8 0x80000000 7 27 28 128 24 48 7
AiM GGM_EXTEND 8 0x80000000 7 27 29 128 32 0 7
AiM GGM_EXTEND 8 0x80000000 7 27 29 128 40 16 7
AiM GGM_EXTEND 8 0x80000000 7 27 29 128 48 32 7
AiM GGM_EXTEND 8 0x80000000 7 27 29 128 56 48 7
AiM GGM_EXTEND 8 0x80000000 8 15 16 128 0 0 8
AiM GGM_EXTEND 8 0x80000000 8 17 18 128 0 0 8
AiM GGM_EXTEND 8 0x80000000 8 19 20 128 0 0 8
AiM GGM_EXTEND 8 0x80000000 8 21 22 128 0 0 8
AiM GGM_EXTEND 8 0x80000000 8 23 24 128 0 0 8
AiM GGM_EXTEND 8 0x80000000 8 23 24 128 8 16 8
AiM GGM_EXTEND 8 0x80000000 8 25 26 128 0 0 8
AiM GGM_EXTEND 8 0x80000000 8 25 26 128 8 16 8
AiM GGM_EXTEND 8 0x80000000 8 25 26 128 16 32 8
AiM GGM_EXTEND 8 0x80000000 8 25 26 128 24 48 8
AiM GGM_EXTEND 8 0x80000000 8 27 28 128 0 0 8
AiM GGM_EXTEND 8 0x80000000 8 27 28 128 8 16 8
AiM GGM_EXTEND 8 0x80000000 8 27 28 128 16 32 8
AiM GGM_EXTEND 8 0x80000000 8 27 28 128 24 48 8
AiM GGM_EXTEND 8 0x80000000 8 27 29 128 32 0 8
AiM GGM_EXTEND 8 0x80000000 8 27 29 128 40 16 8
AiM GGM_EXTEND 8 0x80000000 8 27 29 128 48 32 8
AiM GGM_EXTEND 8 0x80000000 8 27 29 128 56 48 8
AiM GGM_EXTEND 8 0x80000000 9 15 16 128 0 0 9
AiM GGM_EXTEND 8 0x80000000 9 17 18 128 0 0 9
AiM GGM_EXTEND 8 0x80000000 9 19 20 128 0 0 9
AiM GGM_EXTEND 8 0x80000000 9 21 22 128 0 0 9
AiM GGM_EXTEND 8 0x80000000 9 23 24 128 0 0 9
AiM GGM_EXTEND 8 0x80000000 9 23 24 128 8 16 9
AiM GGM_EXTEND 8 0x80000000 9 25 26 128 0 0 9
AiM GGM_EXTEND 8 0x80000000 9 25 26 128 8 16 9
AiM GGM_EXTEND 8 0x80000000 9 25 26 128 16 32 9
AiM GGM_EXTEND 8 0x80000000 9 25 26 128 24 48 9
AiM GGM_EXTEND 8 0x80000000 9 27 28 128 0 0 9
AiM GGM_EXTEND 8 0x80000000 9 27 28 128 8 16 9
AiM GGM_EXTEND 8 0x80000000 9 27 28 128 16 32 9
AiM GGM_EXTEND 8 0x80000000 9 27 28 128 24 48 9
AiM GGM_EXTEND 8 0x80000000 9 27 29 128 32 0 9
AiM GGM_EXTEND 8 0x80000000 9 27 29 128 40 16 9
AiM GGM_EXTEND 8 0x80000000 9 27 29 128 48 32 9
AiM GGM_EXTEND 8 0x80000000 9 27 29 128 56 48 9
AiM GGM_EXTEND 8 0x80000000 10 15 16 128 0 0 10
AiM GGM_EXTEND 8 0x80000000 10 17 18 128 0 0 10
AiM GGM_EXTEND 8 0x80000000 10 19 20 128 0 0 10
AiM GGM_EXTEND 8 0x80000000 10 21 22 128 0 0 10
AiM GGM_EXTEND 8 0x80000000 10 23 24 128 0 0 10
AiM GGM_EXTEND 8 0x80000000 10 23 24 128 8 16 10
AiM GGM_EXTEND 8 0x80000000 10 25 26 128 0 0 10
AiM GGM_EXTEND 8 0x80000000 10 25 26 128 8 16 10
AiM GGM_EXTEND 8 0x80000000 10 25 26 128 16 32 10
AiM GGM_EXTEND 8 0x80000000 10 25 26 128 24 48 10
AiM GGM_EXTEND 8 0x80000000 10 27 28 128 0 0 10
AiM GGM_EXTEND 8 0x80000000 10 27 28 128 8 16 10
AiM GGM_EXTEND 8 0x80000000 10 27 28 128 16 32 10
AiM GGM_EXTEND 8 0x80000000 10 27 28 128 24 48 10
AiM GGM_EXTEND 8 0x80000000 10 27 29 128 32 0 10
AiM GGM_EXTEND 8 0x80000000 10 27 29 128 40 16 10
AiM GGM_EXTEND 8 0x80000000 10 27 29 128 48 32 10
AiM GGM_EXTEND 8 0x80000000 10 27 29 128 56 48 10
AiM GGM_EXTEND 8 0x80000000 11 15 16 128 0 0 11
AiM GGM_EXTEND 8 0x80000000 11 17 18 128 0 0 11
AiM GGM_EXTEND 8 0x80000000 11 19 20 128 0 0 11
AiM GGM_EXTEND 8 0x80000000 11 21 22 128 0 0 11
AiM GGM_EXTEND 8 0x80000000 11 23 24 128 0 0 11
AiM GGM_EXTEND 8 0x80000000 11 23 24 128 8 16 11
AiM GGM_EXTEND 8 0x80000000 11 25 26 128 0 0 11
AiM GGM_EXTEND 8 0x80000000 11 25 26 128 8 16 11
AiM GGM_EXTEND 8 0x80000000 11 25 26 128 16 32 11
AiM GGM_EXTEND 8 0x80000000 11 25 26 128 24 48 11
AiM GGM_EXTEND 8 0x80000000 11 27 28 128 0 0 11
AiM GGM_EXTEND 8 0x80000000 11 27 28 128 8 16 11
AiM GGM_EXTEND 8 0x80000000 11 27 28 128 16 32 11
AiM GGM_EXTEND 8 0x80000000 11 27 28 128 24 48 11
AiM GGM_EXTEND 8 0x80000000 11 27 29 128 32 0 11
AiM GGM_EXTEND 8 0x80000000 11 27 29 128 40 16 11
AiM GGM_EXTEND 8 0x80000000 11 27 29 128 48 32 11
AiM GGM_EXTEND 8 0x80000000 11 27 29 128 56 48 11
AiM GGM_EXTEND 8 0x80000000 12 15 16 128 0 0 12
AiM GGM_EXTEND 8 0x80000000 12 17 18 128 0 0 12
AiM GGM_EXTEND 8 0x80000000 12 19 20 128 0 0 12
AiM GGM_EXTEND 8 0x80000000 12 21 22 128 0 0 12
AiM GGM_EXTEND 8 0x80000000 12 23 24 128 0 0 12
AiM GGM_EXTEND 8 0x80000000 12 23 24 128 8 16 12
AiM GGM_EXTEND 8 0x80000000 12 25 26 128 0 0 12
AiM GGM_EXTEND 8 0x80000000 12 25 26 128 8 16 12
AiM GGM_EXTEND 8 0x80000000 12 25 26 128 16 32 12
AiM GGM_EXTEND 8 0x80000000 12 25 26 128 24 48 12
AiM GGM_EXTEND 8 0x80000000 12 27 28 128 0 0 12
AiM GGM_EXTEND 8 0x80000000 12 27 28 128 8 16 12
AiM GGM_EXTEND 8 0x80000000 12 27 28 128 16 32 12
AiM GGM_EXTEND 8 0x80000000 12 27 28 128 24 48 12
AiM GGM_EXTEND 8 0x80000000 12 27 29 128 32 0 12
AiM GGM_EXTEND 8 0x80000000 12 27 29 128 40 16 12
AiM GGM_EXTEND 8 0x80000000 12 27 29 128 48 32 12
AiM GGM_EXTEND 8 0x80000000 12 27 29 128 56 48 12
AiM GGM_EXTEND 8 0x80000000 13 15 16 128 0 0 13
AiM GGM_EXTEND 8 0x80000000 13 17 18 128 0 0 13
AiM GGM_EXTEND 8 0x80000000 13 19 20 128 0 0 13
AiM GGM_EXTEND 8 0x80000000 13 21 22 128 0 0 13
AiM GGM_EXTEND 8 0x80000000 13 23 24 128 0 0 13
AiM GGM_EXTEND 8 0x80000000 13 23 24 128 8 16 13
AiM GGM_EXTEND 8 0x80000000 13 25 26 128 0 0 13
AiM GGM_EXTEND 8 0x80000000 13 25 26 128 8 16 13
AiM GGM_EXTEND 8 0x80000000 13 25 26 128 16 32 13
AiM GGM_EXTEND 8 0x80000000 13 25 26 128 24 48 13
AiM GGM_EXTEND 8 0x80000000 13 27 28 128 0 0 13
AiM GGM_EXTEND 8 0x80000000 13 27 28 128 8 16 13
AiM GGM_EXTEND 8 0x80000000 13 27 28 128 16 32 13
AiM GGM_EXTEND 8 0x80000000 13 27 28 128 24 48 13
AiM GGM_EXTEND 8 0x80000000 13 27 29 128 32 0 13
AiM GGM_EXTEND 8 0x80000000 13 27 29 128 40 16 13
AiM GGM_EXTEND 8 0x80000000 13 27 29 128 48 32 13
AiM GGM_EXTEND 8 0x80000000 13 27 29 128 56 48 13
AiM GGM_EXTEND 8 0x80000000 14 15 16 128 0 0 14
AiM GGM_EXTEND 8 0x80000000 14 17 18 128 0 0 14
AiM GGM_EXTEND 8 0x80000000 14 19 20 128 0 0 14
AiM GGM_EXTEND 8 0x80000000 14 21 22 128 0 0 14
AiM GGM_EXTEND 8 0x80000000 14 23 24 128 0 0 14
AiM GGM_EXTEND 8 0x80000000 14 23 24 128 8 16 14
AiM GGM_EXTEND 8 0x80000000 14 25 26 128 0 0 14
AiM GGM_EXTEND 8 0x80000000 14 25 26 128 8 16 14
AiM GGM_EXTEND 8 0x80000000 14 25 26 128 16 32 14
AiM GGM_EXTEND 8 0x80000000 14 25 26 128 24 48 14
AiM GGM_EXTEND 8 0x80000000 14 27 28 128 0 0 14
AiM GGM_EXTEND 8 0x80000000 14 27 28 128 8 16 14
AiM GGM_EXTEND 8 0x80000000 14 27 28 128 16 32 14
AiM GGM_EXTEND 8 0x80000000 14 27 28 128 24 48 14
AiM GGM_EXTEND 8 0x80000000 14 27 29 128 32 0 14
AiM GGM_EXTEND 8 0x80000000 14 27 29 128 40 16 14
AiM GGM_EXTEND 8 0x80000000 14 27 29 128 48 32 14
AiM GGM_EXTEND 8 0x80000000 14 27 29 128 56 48 14
AiM GGM_EXTEND 8 0x80000000 15 15 16 128 0 0 15
AiM GGM_EXTEND 8 0x80000000 15 17 18 128 0 0 15
AiM GGM_EXTEND 8 0x80000000 15 19 20 128 0 0 15
AiM GGM_EXTEND 8 0x80000000 15 21 22 128 0 0 15
AiM GGM_EXTEND 8 0x80000000 15 23 24 128 0 0 15
AiM GGM_EXTEND 8 0x80000000 15 23 24 128 8 16 15
AiM GGM_EXTEND 8 0x80000000 15 25 26 128 0 0 15
AiM GGM_EXTEND 8 0x80000000 15 25 26 128 8 16 15
AiM GGM_EXTEND 8 0x80000000 15 25 26 128 16 32 15
AiM GGM_EXTEND 8 0x80000000 15 25 26 128 24 48 15
AiM GGM_EXTEND 8 0x80000000 15 27 28 128 0 0 15
AiM GGM_EXTEND 8 0x80000000 15 27 28 128 8 16 15
AiM GGM_EXTEND 8 0x80000000 15 27 28 128 16 32 15
AiM GGM_EXTEND 8 0x80000000 15 27 28 128 24 48 15
AiM GGM_EXTEND 8 0x80000000 15 27 29 128 32 0 15
AiM GGM_EXTEND 8 0x80000000 15 27 29 128 40 16 15
AiM GGM_EXTEND 8 0x80000000 15 27 29 128 48 32 15
AiM GGM_EXTEND 8 0x80000000 15 27 29 128 56 48 15
AiM GGM_EXTEND 8 0x80000000 0 15 16 128 0 0 0
AiM GGM_EXTEND 8 0x80000000 0 17 18 128 0 0 0
AiM GGM_EXTEND 8 0x80000000 0 19 20 128 0 0 0
AiM GGM_EXTEND 8 0x80000000 0 21 22 128 0 0 0
AiM GGM_EXTEND 8 0x80000000 0 23 24 128 0 0 0
AiM GGM_EXTEND 8 0x80000000 0 23 24 128 8 16 0
AiM GGM_EXTEND 8 0x80000000 0 25 26 128 0 0 0
AiM GGM_EXTEND 8 0x80000000 0 25 26 128 8 16 0
AiM GGM_EXTEND 8 0x80000000 0 25 26 128 16 32 0
AiM GGM_EXTEND 8 0x80000000 0 25 26 128 24 48 0
AiM GGM_EXTEND 8 0x80000000 0 27 28 128 0 0 0
AiM GGM_EXTEND 8 0x80000000 0 27 28 128 8 16 0
AiM GGM_EXTEND 8 0x80000000 0 27 28 128 16 32 0
AiM GGM_EXTEND 8 0x80000000 0 27 28 128 24 48 0
AiM GGM_EXTEND 8 0x80000000 0 27 29 128 32 0 0
AiM GGM_EXTEND 8 0x80000000 0 27 29 128 40 16 0
AiM GGM_EXTEND 8 0x80000000 0 27 29 128 48 32 0
AiM GGM_EXTEND 8 0x80000000 0 27 29 128 56 48 0
AiM GGM_EXTEND 8 0x80000000 1 15 16 128 0 0 1
AiM GGM_EXTEND 8 0x80000000 1 17 18 128 0 0 1
AiM GGM_EXTEND 8 0x80000000 1 19 20 128 0 0 1
AiM GGM_EXTEND 8 0x80000000 1 21 22 128 0 0 1
AiM GGM_EXTEND 8 0x80000000 1 23 24 128 0 0 1
AiM GGM_EXTEND 8 0x80000000 1 23 24 128 8 16 1
AiM GGM_EXTEND 8 0x80000000 1 25 26 128 0 0 1
AiM GGM_EXTEND 8 0x80000000 1 25 26 128 8 16 1
AiM GGM_EXTEND 8 0x80000000 1 25 26 128 16 32 1
AiM GGM_EXTEND 8 0x80000000 1 25 26 128 24 48 1
AiM GGM_EXTEND 8 0x80000000 1 27 28 128 0 0 1
AiM GGM_EXTEND 8 0x80000000 1 27 28 128 8 16 1
AiM GGM_EXTEND 8 0x80000000 1 27 28 128 16 32 1
AiM GGM_EXTEND 8 0x80000000 1 27 28 128 24 48 1
AiM GGM_EXTEND 8 0x80000000 1 27 29 128 32 0 1
AiM GGM_EXTEND 8 0x80000000 1 27 29 128 40 16 1
AiM GGM_EXTEND 8 0x80000000 1 27 29 128 48 32 1
AiM GGM_EXTEND 8 0x80000000 1 27 29 128 56 48 1
AiM GGM_EXTEND 8 0x80000000 2 15 16 128 0 0 2
AiM GGM_EXTEND 8 0x80000000 2 17 18 128 0 0 2
AiM GGM_EXTEND 8 0x80000000 2 19 20 128 0 0 2
AiM GGM_EXTEND 8 0x80000000 2 21 22 128 0 0 2
AiM GGM_EXTEND 8 0x80000000 2 23 24 128 0 0 2
AiM GGM_EXTEND 8 0x80000000 2 23 24 128 8 16 2
AiM GGM_EXTEND 8 0x80000000 2 25 26 128 0 0 2
AiM GGM_EXTEND 8 0x80000000 2 25 26 128 8 16 2
AiM GGM_EXTEND 8 0x80000000 2 25 26 128 16 32 2
AiM GGM_EXTEND 8 0x80000000 2 25 26 128 24 48 2
AiM GGM_EXTEND 8 0x80000000 2 27 28 128 0 0 2
AiM GGM_EXTEND 8 0x80000000 2 27 28 128 8 16 2
AiM GGM_EXTEND 8 0x80000000 2 27 28 128 16 32 2
AiM GGM_EXTEND 8 0x80000000 2 27 28 128 24 48 2
AiM GGM_EXTEND 8 0x80000000 2 27 29 128 32 0 2
AiM GGM_EXTEND 8 0x80000000 2 27 29 128 40 16 2
AiM GGM_EXTEND 8 0x80000000 2 27 29 128 48 32 2
AiM GGM_EXTEND 8 0x80000000 2 27 29 128 56 48 2
AiM GGM_EXTEND 8 0x80000000 6 30 31 128 0 0 6
AiM GGM_EXTEND 8 0x80000000 6 32 33 128 0 0 6
AiM GGM_EXTEND 8 0x80000000 6 34 35 128 0 0 6
AiM GGM_EXTEND 8 0x80000000 6 36 37 128 0 0 6
AiM GGM_EXTEND 8 0x80000000 6 38 39 128 0 0 6
AiM GGM_EXTEND 8 0x80000000 6 38 39 128 8 16 6
AiM GGM_EXTEND 8 0x80000000 6 40 41 128 0 0 6
AiM GGM_EXTEND 8 0x80000000 6 40 41 128 8 16 6
AiM GGM_EXTEND 8 0x80000000 6 40 41 128 16 32 6
AiM GGM_EXTEND 8 0x80000000 6 40 41 128 24 48 6
AiM GGM_EXTEND 8 0x80000000 6 42 43 128 0 0 6
AiM GGM_EXTEND 8 0x80000000 6 42 43 128 8 16 6
AiM GGM_EXTEND 8 0x80000000 6 42 43 128 16 32 6
AiM GGM_EXTEND 8 0x80000000 6 42 43 128 24 48 6
AiM GGM_EXTEND 8 0x80000000 6 42 44 128 32 0 6
AiM GGM_EXTEND 8 0x80000000 6 42 44 128 40 16 6
AiM GGM_EXTEND 8 0x80000000 6 42 44 128 48 32 6
AiM GGM_EXTEND 8 0x80000000 6 42 44 128 56 48 6
AiM GGM_EXTEND 8 0x80000000 7 30 31 128 0 0 7
AiM GGM_EXTEND 8 0x80000000 7 32 33 128 0 0 7
AiM GGM_EXTEND 8 0x80000000 7 34 35 128 0 0 7
AiM GGM_EXTEND 8 0x80000000 7 36 37 128 0 0 7
AiM GGM_EXTEND 8 0x80000000 7 38 39 128 0 0 7
AiM GGM_EXTEND 8 0x80000000 7 38 39 128 8 16 7
AiM GGM_EXTEND 8 0x80000000 7 40 41 128 0 0 7
AiM GGM_EXTEND 8 0x80000000 7 40 41 128 8 16 7
AiM GGM_EXTEND 8 0x80000000 7 40 41 128 16 32 7
AiM GGM_EXTEND 8 0x80000000 7 40 41 128 24 48 7
AiM GGM_EXTEND 8 0x80000000 7 42 43 128 0 0 7
AiM GGM_EXTEND 8 0x80000000 7 42 43 128 8 16 7
AiM GGM_EXTEND 8 0x80000000 7 42 43 128 16 32 7
AiM GGM_EXTEND 8 0x80000000 7 42 43 128 24 48 7
AiM GGM_EXTEND 8 0x80000000 7 42 44 128 32 0 7
AiM GGM_EXTEND 8 0x80000000 7 42 44 128 40 16 7
AiM GGM_EXTEND 8 0x80000000 7 42 44 128 48 32 7
AiM GGM_EXTEND 8 0x80000000 7 42 44 128 56 48 7
AiM GGM_EXTEND 8 0x80000000 8 30 31 128 0 0 8
AiM GGM_EXTEND 8 0x80000000 8 32 33 128 0 0 8
AiM GGM_EXTEND 8 0x80000000 8 34 35 128 0 0 8
AiM GGM_EXTEND 8 0x80000000 8 36 37 128 0 0 8
AiM GGM_EXTEND 8 0x80000000 8 38 39 128 0 0 8
AiM GGM_EXTEND 8 0x80000000 8 38 39 128 8 16 8
AiM GGM_EXTEND 8 0x80000000 8 40 41 128 0 0 8
AiM GGM_EXTEND 8 0x80000000 8 40 41 128 8 16 8
AiM GGM_EXTEND 8 0x80000000 8 40 41 128 16 32 8
AiM GGM_EXTEND 8 0x80000000 8 40 41 128 24 48 8
AiM GGM_EXTEND 8 0x80000000 8 42 43 128 0 0 8
AiM GGM_EXTEND 8 0x80000000 8 42 43 128 8 16 8
AiM GGM_EXTEND 8 0x80000000 8 42 43 128 16 32 8
AiM GGM_EXTEND 8 0x80000000 8 42 43 128 24 48 8
AiM GGM_EXTEND 8 0x80000000 8 42 44 128 32 0 8
AiM GGM_EXTEND 8 0x80000000 8 42 44 128 40 16 8
AiM GGM_EXTEND 8 0x80000000 8 42 44 128 48 32 8
AiM GGM_EXTEND 8 0x80000000 8 42 44 128 56 48 8
AiM GGM_EXTEND 8 0x80000000 9 30 31 128 0 0 9
AiM GGM_EXTEND 8 0x80000000 9 32 33 128 0 0 9
AiM GGM_EXTEND 8 0x80000000 9 34 35 128 0 0 9
AiM GGM_EXTEND 8 0x80000000 9 36 37 128 0 0 9
AiM GGM_EXTEND 8 0x80000000 9 38 39 128 0 0 9
AiM GGM_EXTEND 8 0x80000000 9 38 39 128 8 16 9
AiM GGM_EXTEND 8 0x80000000 9 40 41 128 0 0 9
AiM GGM_EXTEND 8 0x80000000 9 40 41 128 8 16 9
AiM GGM_EXTEND 8 0x80000000 9 40 41 128 16 32 9
AiM GGM_EXTEND 8 0x80000000 9 40 41 128 24 48 9
AiM GGM_EXTEND 8 0x80000000 9 42 43 128 0 0 9
AiM GGM_EXTEND 8 0x80000000 9 42 43 128 8 16 9
AiM GGM_EXTEND 8 0x80000000 9 42 43 128 16 32 9
AiM GGM_EXTEND 8 0x80000000 9 42 43 128 24 48 9
AiM GGM_EXTEND 8 0x80000000 9 42 44 128 32 0 9
AiM GGM_EXTEND 8 0x80000000 9 42 44 128 40 16 9
AiM GGM_EXTEND 8 0x80000000 9 42 44 128 48 32 9
AiM GGM_EXTEND 8 0x80000000 9 42 44 128 56 48 9
AiM GGM_EXTEND 8 0x80000000 10 30 31 128 0 0 10
AiM GGM_EXTEND 8 0x80000000 10 32 33 128 0 0 10
AiM GGM_EXTEND 8 0x80000000 10 34 35 128 0 0 10
AiM GGM_EXTEND 8 0x80000000 10 36 37 128 0 0 10
AiM GGM_EXTEND 8 0x80000000 10 38 39 128 0 0 10
AiM GGM_EXTEND 8 0x80000000 10 38 39 128 8 16 10
AiM GGM_EXTEND 8 0x80000000 10 40 41 128 0 0 10
AiM GGM_EXTEND 8 0x80000000 10 40 41 128 8 16 10
AiM GGM_EXTEND 8 0x80000000 10 40 41 128 16 32 10
AiM GGM_EXTEND 8 0x80000000 10 40 41 128 24 48 10
AiM GGM_EXTEND 8 0x80000000 10 42 43 128 0 0 10
AiM GGM_EXTEND 8 0x80000000 10 42 43 128 8 16 10
AiM GGM_EXTEND 8 0x80000000 10 42 43 128 16 32 10
AiM GGM_EXTEND 8 0x80000000 10 42 43 128 24 48 10
AiM GGM_EXTEND 8 0x80000000 10 42 44 128 32 0 10
AiM GGM_EXTEND 8 0x80000000 10 42 44 128 40 16 10
AiM GGM_EXTEND 8 0x80000000 10 42 44 128 48 32 10
AiM GGM_EXTEND 8 0x80000000 10 42 44 128 56 48 10
AiM GGM_EXTEND 8 0x80000000 11 30 31 128 0 0 11
AiM GGM_EXTEND 8 0x80000000 11 32 33 128 0 0 11
AiM GGM_EXTEND 8 0x80000000 11 34 35 128 0 0 11
AiM GGM_EXTEND 8 0x80000000 11 36 37 128 0 0 11
AiM GGM_EXTEND 8 0x80000000 11 38 39 128 0 0 11
AiM GGM_EXTEND 8 0x80000000 11 38 39 128 8 16 11
AiM GGM_EXTEND 8 0x80000000 11 40 41 128 0 0 11
AiM GGM_EXTEND 8 0x80000000 11 40 41 128 8 16 11
AiM GGM_EXTEND 8 0x80000000 11 40 41 128 16 32 11
AiM GGM_EXTEND 8 0x80000000 11 40 41 128 24 48 11
AiM GGM_EXTEND 8 0x80000000 11 42 43 128 0 0 11
AiM GGM_EXTEND 8 0x80000000 11 42 43 128 8 16 11
AiM GGM_EXTEND 8 0x80000000 11 42 43 128 16 32 11
AiM GGM_EXTEND 8 0x80000000 11 42 43 128 24 48 11
AiM GGM_EXTEND 8 0x80000000 11 42 44 128 32 0 11
AiM GGM_EXTEND 8 0x80000000 11 42 44 128 40 16 11
AiM GGM_EXTEND 8 0x80000000 11 42 44 128 48 32 11
AiM GGM_EXTEND 8 0x80000000 11 42 44 128 56 48 11
AiM GGM_EXTEND 8 0x80000000 12 30 31 128 0 0 12
AiM GGM_EXTEND 8 0x80000000 12 32 33 128 0 0 12
AiM GGM_EXTEND 8 0x80000000 12 34 35 128 0 0 12
AiM GGM_EXTEND 8 0x80000000 12 36 37 128 0 0 12
AiM GGM_EXTEND 8 0x80000000 12 38 39 128 0 0 12
AiM GGM_EXTEND 8 0x80000000 12 38 39 128 8 16 12
AiM GGM_EXTEND 8 0x80000000 12 40 41 128 0 0 12
AiM GGM_EXTEND 8 0x80000000 12 40 41 128 8 16 12
AiM GGM_EXTEND 8 0x80000000 12 40 41 128 16 32 12
AiM GGM_EXTEND 8 0x80000000 12 40 41 128 24 48 12
AiM GGM_EXTEND 8 0x80000000 12 42 43 128 0 0 12
AiM GGM_EXTEND 8 0x80000000 12 42 43 128 8 16 12
AiM GGM_EXTEND 8 0x80000000 12 42 43 128 16 32 12
AiM GGM_EXTEND 8 0x80000000 12 42 43 128 24 48 12
AiM GGM_EXTEND 8 0x80000000 12 42 44 128 32 0 12
AiM GGM_EXTEND 8 0x80000000 12 42 44 128 40 16 12
AiM GGM_EXTEND 8 0x80000000 12 42 44 128 48 32 12
AiM GGM_EXTEND 8 0x80000000 12 42 44 128 56 48 12
AiM GGM_EXTEND 8 0x80000000 13 30 31 128 0 0 13
AiM GGM_EXTEND 8 0x80000000 13 32 33 128 0 0 13
AiM GGM_EXTEND 8 0x80000000 13 34 35 128 0 0 13
AiM GGM_EXTEND 8 0x80000000 13 36 37 128 0 0 13
AiM GGM_EXTEND 8 0x80000000 13 38 39 128 0 0 13
AiM GGM_EXTEND 8 0x80000000 13 38 39 128 8 16 13
AiM GGM_EXTEND 8 0x80000000 13 40 41 128 0 0 13
AiM GGM_EXTEND 8 0x80000000 13 40 41 128 8 16 13
AiM GGM_EXTEND 8 0x80000000 13 40 41 128 16 32 13
AiM GGM_EXTEND 8 0x80000000 13 40 41 128 24 48 13
AiM GGM_EXTEND 8 0x80000000 13 42 43 128 0 0 13
AiM GGM_EXTEND 8 0x80000000 13 42 43 128 8 16 13
AiM GGM_EXTEND 8 0x80000000 13 42 43 128 16 32 13
AiM GGM_EXTEND 8 0x80000000 13 42 43 128 24 48 13
AiM GGM_EXTEND 8 0x80000000 13 42 44 128 32 0 13
AiM GGM_EXTEND 8 0x80000000 13 42 44 128 40 16 13
AiM GGM_EXTEND 8 0x80000000 13 42 44 128 48 32 13
AiM GGM_EXTEND 8 0x80000000 13 42 44 128 56 48 13
AiM GGM_EXTEND 8 0x80000000 14 30 31 128 0 0 14
AiM GGM_EXTEND 8 0x80000000 14 32 33 128 0 0 14
AiM GGM_EXTEND 8 0x80000000 14 34 35 128 0 0 14
AiM GGM_EXTEND 8 0x80000000 14 36 37 128 0 0 14
AiM GGM_EXTEND 8 0x80000000 14 38 39 128 0 0 14
AiM GGM_EXTEND 8 0x80000000 14 38 39 128 8 16 14
AiM GGM_EXTEND 8 0x80000000 14 40 41 128 0 0 14
AiM GGM_EXTEND 8 0x80000000 14 40 41 128 8 16 14
AiM GGM_EXTEND 8 0x80000000 14 40 41 128 16 32 14
AiM GGM_EXTEND 8 0x80000000 14 40 41 128 24 48 14
AiM GGM_EXTEND 8 0x80000000 14 42 43 128 0 0 14
AiM GGM_EXTEND 8 0x80000000 14 42 43 128 8 16 14
AiM GGM_EXTEND 8 0x80000000 14 42 43 128 16 32 14
AiM GGM_EXTEND 8 0x80000000 14 42 43 128 24 48 14
AiM GGM_EXTEND 8 0x80000000 14 42 44 128 32 0 14
AiM GGM_EXTEND 8 0x80000000 14 42 44 128 40 16 14
AiM GGM_EXTEND 8 0x80000000 14 42 44 128 48 32 14
AiM GGM_EXTEND 8 0x80000000 14 42 44 128 56 48 14
AiM GGM_EXTEND 8 0x80000000 15 30 31 128 0 0 15
AiM GGM_EXTEND 8 0x80000000 15 32 33 128 0 0 15
AiM GGM_EXTEND 8 0x80000000 15 34 35 128 0 0 15
AiM GGM_EXTEND 8 0x80000000 15 36 37 128 0 0 15
AiM GGM_EXTEND 8 0x80000000 15 38 39 128 0 0 15
AiM GGM_EXTEND 8 0x80000000 15 38 39 128 8 16 15
AiM GGM_EXTEND 8 0x80000000 15 40 41 128 0 0 15
AiM GGM_EXTEND 8 0x80000000 15 40 41 128 8 16 15
AiM GGM_EXTEND 8 0x80000000 15 40 41 128 16 32 15
AiM GGM_EXTEND 8 0x80000000 15 40 41 128 24 48 15
AiM GGM_EXTEND 8 0x80000000 15 42 43 128 0 0 15
AiM GGM_EXTEND 8 0x80000000 15 42 43 128 8 16 15
AiM GGM_EXTEND 8 0x80000000 15 42 43 128 16 32 15
AiM GGM_EXTEND 8 0x80000000 15 42 43 128 24 48 15
AiM GGM_EXTEND 8 0x80000000 15 42 44 128 32 0 15
AiM GGM_EXTEND 8 0x80000000 15 42 44 128 40 16 15
AiM GGM_EXTEND 8 0x80000000 15 42 44 128 48 32 15
AiM GGM_EXTEND 8 0x80000000 15 42 44 128 56 48 15
AiM GGM_EXTEND 8 0x80000000 0 30 31 128 0 0 0
AiM GGM_EXTEND 8 0x80000000 0 32 33 128 0 0 0
AiM GGM_EXTEND 8 0x80000000 0 34 35 128 0 0 0
AiM GGM_EXTEND 8 0x80000000 0 36 37 128 0 0 0
AiM GGM_EXTEND 8 0x80000000 0 38 39 128 0 0 0
AiM GGM_EXTEND 8 0x80000000 0 38 39 128 8 16 0
AiM GGM_EXTEND 8 0x80000000 0 40 41 128 0 0 0
AiM GGM_EXTEND 8 0x80000000 0 40 41 128 8 16 0
AiM GGM_EXTEND 8 0x80000000 0 40 41 128 16 32 0
AiM GGM_EXTEND 8 0x80000000 0 40 41 128 24 48 0
AiM GGM_EXTEND 8 0x80000000 0 42 43 128 0 0 0
AiM GGM_EXTEND 8 0x80000000 0 42 43 128 8 16 0
AiM GGM_EXTEND 8 0x80000000 0 42 43 128 16 32 0
AiM GGM_EXTEND 8 0x80000000 0 42 43 128 24 48 0
AiM GGM_EXTEND 8 0x80000000 0 42 44 128 32 0 0
AiM GGM_EXTEND 8 0x80000000 0 42 44 128 40 16 0
AiM GGM_EXTEND 8 0x80000000 0 42 44 128 48 32 0
AiM GGM_EXTEND 8 0x80000000 0 42 44 128 56 48 0
AiM GGM_EXTEND 8 0x80000000 1 30 31 128 0 0 1
AiM GGM_EXTEND 8 0x80000000 1 32 33 128 0 0 1
AiM GGM_EXTEND 8 0x80000000 1 34 35 128 0 0 1
AiM GGM_EXTEND 8 0x80000000 1 36 37 128 0 0 1
AiM GGM_EXTEND 8 0x80000000 1 38 39 128 0 0 1
AiM GGM_EXTEND 8 0x80000000 1 38 39 128 8 16 1
AiM GGM_EXTEND 8 0x80000000 1 40 41 128 0 0 1
AiM GGM_EXTEND 8 0x80000000 1 40 41 128 8 16 1
AiM GGM_EXTEND 8 0x80000000 1 40 41 128 16 32 1
AiM GGM_EXTEND 8 0x80000000 1 40 41 128 24 48 1
AiM GGM_EXTEND 8 0x80000000 1 42 43 128 0 0 1
AiM GGM_EXTEND 8 0x80000000 1 42 43 128 8 16 1
AiM GGM_EXTEND 8 0x80000000 1 42 43 128 16 32 1
AiM GGM_EXTEND 8 0x80000000 1 42 43 128 24 48 1
AiM GGM_EXTEND 8 0x80000000 1 42 44 128 32 0 1
AiM GGM_EXTEND 8 0x80000000 1 42 44 128 40 16 1
AiM GGM_EXTEND 8 0x80000000 1 42 44 128 48 32 1
AiM GGM_EXTEND 8 0x80000000 1 42 44 128 56 48 1
AiM GGM_EXTEND 8 0x80000000 2 30 31 128 0 0 2
AiM GGM_EXTEND 8 0x80000000 2 32 33 128 0 0 2
AiM GGM_EXTEND 8 0x80000000 2 34 35 128 0 0 2
AiM GGM_EXTEND 8 0x80000000 2 36 37 128 0 0 2
AiM GGM_EXTEND 8 0x80000000 2 38 39 128 0 0 2
AiM GGM_EXTEND 8 0x80000000 2 38 39 128 8 16 2
AiM GGM_EXTEND 8 0x80000000 2 40 41 128 0 0 2
AiM GGM_EXTEND 8 0x80000000 2 40 41 128 8 16 2
AiM GGM_EXTEND 8 0x80000000 2 40 41 128 16 32 2
AiM GGM_EXTEND 8 0x80000000 2 40 41 128 24 48 2
AiM GGM_EXTEND 8 0x80000000 2 42 43 128 0 0 2
AiM GGM_EXTEND 8 0x80000000 2 42 43 128 8 16 2
AiM GGM_EXTEND 8 0x80000000 2 42 43 128 16 32 2
AiM GGM_EXTEND 8 0x80000000 2 42 43 128 24 48 2
AiM GGM_EXTEND 8 0x80000000 2 42 44 128 32 0 2
AiM GGM_EXTEND 8 0x80000000 2 42 44 128 40 16 2
AiM GGM_EXTEND 8 0x80000000 2 42 44 128 48 32 2
AiM GGM_EXTEND 8 0x80000000 2 42 44 128 56 48 2
AiM GGM_EXTEND 8 0x80000000 3 30 31 128 0 0 3
AiM GGM_EXTEND 8 0x80000000 3 32 33 128 0 0 3
AiM GGM_EXTEND 8 0x80000000 3 34 35 128 0 0 3
AiM GGM_EXTEND 8 0x80000000 3 36 37 128 0 0 3
AiM GGM_EXTEND 8 0x80000000 3 38 39 128 0 0 3
AiM GGM_EXTEND 8 0x80000000 3 38 39 128 8 16 3
AiM GGM_EXTEND 8 0x80000000 3 40 41 128 0 0 3
AiM GGM_EXTEND 8 0x80000000 3 40 41 128 8 16 3
AiM GGM_EXTEND 8 0x80000000 3 40 41 128 16 32 3
AiM GGM_EXTEND 8 0x80000000 3 40 41 128 24 48 3
AiM GGM_EXTEND 8 0x80000000 3 42 43 128 0 0 3
AiM GGM_EXTEND 8 0x80000000 3 42 43 128 8 16 3
AiM GGM_EXTEND 8 0x80000000 3 42 43 128 16 32 3
AiM GGM_EXTEND 8 0x80000000 3 42 43 128 24 48 3
AiM GGM_EXTEND 8 0x80000000 3 42 44 128 32 0 3
AiM GGM_EXTEND 8 0x80000000 3 42 44 128 40 16 3
AiM GGM_EXTEND 8 0x80000000 3 42 44 128 48 32 3
AiM GGM_EXTEND 8 0x80000000 3 42 44 128 56 48 3
AiM GGM_EXTEND 8 0x80000000 4 30 31 128 0 0 4
AiM GGM_EXTEND 8 0x80000000 4 32 33 128 0 0 4
AiM GGM_EXTEND 8 0x80000000 4 34 35 128 0 0 4
AiM GGM_EXTEND 8 0x80000000 4 36 37 128 0 0 4
AiM GGM_EXTEND 8 0x80000000 4 38 39 128 0 0 4
AiM GGM_EXTEND 8 0x80000000 4 38 39 128 8 16 4
AiM GGM_EXTEND 8 0x80000000 4 40 41 128 0 0 4
AiM GGM_EXTEND 8 0x80000000 4 40 41 128 8 16 4
AiM GGM_EXTEND 8 0x80000000 4 40 41 128 16 32 4
AiM GGM_EXTEND 8 0x80000000 4 40 41 128 24 48 4
AiM GGM_EXTEND 8 0x80000000 4 42 43 128 0 0 4
AiM GGM_EXTEND 8 0x80000000 4 42 43 128 8 16 4
AiM GGM_EXTEND 8 0x80000000 4 42 43 128 16 32 4
AiM GGM_EXTEND 8 0x80000000 4 42 43 128 24 48 4
AiM GGM_EXTEND 8 0x80000000 4 42 44 128 32 0 4
AiM GGM_EXTEND 8 0x80000000 4 42 44 128 40 16 4
AiM GGM_EXTEND 8 0x80000000 4 42 44 128 48 32 4
AiM GGM_EXTEND 8 0x80000000 4 42 44 128 56 48 4
AiM GGM_EXTEND 8 0x80000000 5 30 31 128 0 0 5
AiM GGM_EXTEND 8 0x80000000 5 32 33 128 0 0 5
AiM GGM_EXTEND 8 0x80000000 5 34 35 128 0 0 5
AiM GGM_EXTEND 8 0x80000000 5 36 37 128 0 0 5
AiM GGM_EXTEND 8 0x80000000 5 38 39 128 0 0 5
AiM GGM_EXTEND 8 0x80000000 5 38 39 128 8 16 5
AiM GGM_EXTEND 8 0x80000000 5 40 41 128 0 0 5
AiM GGM_EXTEND 8 0x80000000 5 40 41 128 8 16 5
AiM GGM_EXTEND 8 0x80000000 5 40 41 128 16 32 5
AiM GGM_EXTEND 8 0x80000000 5 40 41 128 24 48 5
AiM GGM_EXTEND 8 0x80000000 5 42 43 128 0 0 5
AiM GGM_EXTEND 8 0x80000000 5 42 43 128 8 16 5
AiM GGM_EXTEND 8 0x80000000 5 42 43 128 16 32 5
AiM GGM_EXTEND 8 0x80000000 5 42 43 128 24 48 5
AiM GGM_EXTEND 8 0x80000000 5 42 44 128 32 0 5
AiM GGM_EXTEND 8 0x80000000 5 42 44 128 40 16 5
AiM GGM_EXTEND 8 0x80000000 5 42 44 128 48 32 5
AiM GGM_EXTEND 8 0x80000000 5 42 44 128 56 48 5
AiM GGM_EXTEND 8 0x80000000 9 45 46 128 0 0 9
AiM GGM_EXTEND 8 0x80000000 9 47 48 128 0 0 9
AiM GGM_EXTEND 8 0x80000000 9 49 50 128 0 0 9
AiM GGM_EXTEND 8 0x80000000 9 51 52 128 0 0 9
AiM GGM_EXTEND 8 0x80000000 9 53 54 128 0 0 9
AiM GGM_EXTEND 8 0x80000000 9 53 54 128 8 16 9
AiM GGM_EXTEND 8 0x80000000 9 55 56 128 0 0 9
AiM GGM_EXTEND 8 0x80000000 9 55 56 128 8 16 9
AiM GGM_EXTEND 8 0x80000000 9 55 56 128 16 32 9
AiM GGM_EXTEND 8 0x80000000 9 55 56 128 24 48 9
AiM GGM_EXTEND 8 0x80000000 9 57 58 128 0 0 9
AiM GGM_EXTEND 8 0x80000000 9 57 58 128 8 16 9
AiM GGM_EXTEND 8 0x80000000 9 57 58 128 16 32 9
AiM GGM_EXTEND 8 0x80000000 9 57 58 128 24 48 9
AiM GGM_EXTEND 8 0x80000000 9 57 59 128 32 0 9
AiM GGM_EXTEND 8 0x80000000 9 57 59 128 40 16 9
AiM GGM_EXTEND 8 0x80000000 9 57 59 128 48 32 9
AiM GGM_EXTEND 8 0x80000000 9 57 59 128 56 48 9
AiM GGM_EXTEND 8 0x80000000 10 45 46 128 0 0 10
AiM GGM_EXTEND 8 0x80000000 10 47 48 128 0 0 10
AiM GGM_EXTEND 8 0x80000000 10 49 50 128 0 0 10
AiM GGM_EXTEND 8 0x80000000 10 51 52 128 0 0 10
AiM GGM_EXTEND 8 0x80000000 10 53 54 128 0 0 10
AiM GGM_EXTEND 8 0x80000000 10 53 54 128 8 16 10
AiM GGM_EXTEND 8 0x80000000 10 55 56 128 0 0 10
AiM GGM_EXTEND 8 0x80000000 10 55 56 128 8 16 10
AiM GGM_EXTEND 8 0x80000000 10 55 56 128 16 32 10
AiM GGM_EXTEND 8 0x80000000 10 55 56 128 24 48 10
AiM GGM_EXTEND 8 0x80000000 10 57 58 128 0 0 10
AiM GGM_EXTEND 8 0x80000000 10 57 58 128 8 16 10
AiM GGM_EXTEND 8 0x80000000 10 57 58 128 16 32 10
AiM GGM_EXTEND 8 0x80000000 10 57 58 128 24 48 10
AiM GGM_EXTEND 8 0x80000000 10 57 59 128 32 0 10
AiM GGM_EXTEND 8 0x80000000 10 57 59 128 40 16 10
AiM GGM_EXTEND 8 0x80000000 10 57 59 128 48 32 10
AiM GGM_EXTEND 8 0x80000000 10 57 59 128 56 48 10
AiM GGM_EXTEND 8 0x80000000 11 45 46 128 0 0 11
AiM GGM_EXTEND 8 0x80000000 11 47 48 128 0 0 11
AiM GGM_EXTEND 8 0x80000000 11 49 50 128 0 0 11
AiM GGM_EXTEND 8 0x80000000 11 51 52 128 0 0 11
AiM GGM_EXTEND 8 0x80000000 11 53 54 128 0 0 11
AiM GGM_EXTEND 8 0x80000000 11 53 54 128 8 16 11
AiM GGM_EXTEND 8 0x80000000 11 55 56 128 0 0 11
AiM GGM_EXTEND 8 0x80000000 11 55 56 128 8 16 11
AiM GGM_EXTEND 8 0x80000000 11 55 56 128 16 32 11
AiM GGM_EXTEND 8 0x80000000 11 55 56 128 24 48 11
AiM GGM_EXTEND 8 0x80000000 11 57 58 128 0 0 11
AiM GGM_EXTEND 8 0x80000000 11 57 58 128 8 16 11
AiM GGM_EXTEND 8 0x80000000 11 57 58 128 16 32 11
AiM GGM_EXTEND 8 0x80000000 11 57 58 128 24 48 11
AiM GGM_EXTEND 8 0x80000000 11 57 59 128 32 0 11
AiM GGM_EXTEND 8 0x80000000 11 57 59 128 40 16 11
AiM GGM_EXTEND 8 0x80000000 11 57 59 128 48 32 11
AiM GGM_EXTEND 8 0x80000000 11 57 59 128 56 48 11
AiM GGM_EXTEND 8 0x80000000 12 45 46 128 0 0 12
AiM GGM_EXTEND 8 0x80000000 12 47 48 128 0 0 12
AiM GGM_EXTEND 8 0x80000000 12 49 50 128 0 0 12
AiM GGM_EXTEND 8 0x80000000 12 51 52 128 0 0 12
AiM GGM_EXTEND 8 0x80000000 12 53 54 128 0 0 12
AiM GGM_EXTEND 8 0x80000000 12 53 54 128 8 16 12
AiM GGM_EXTEND 8 0x80000000 12 55 56 128 0 0 12
AiM GGM_EXTEND 8 0x80000000 12 55 56 128 8 16 12
AiM GGM_EXTEND 8 0x80000000 12 55 56 128 16 32 12
AiM GGM_EXTEND 8 0x80000000 12 55 56 128 24 48 12
AiM GGM_EXTEND 8 0x80000000 12 57 58 128 0 0 12
AiM GGM_EXTEND 8 0x80000000 12 57 58 128 8 16 12
AiM GGM_EXTEND 8 0x80000000 12 57 58 128 16 32 12
AiM GGM_EXTEND 8 0x80000000 12 57 58 128 24 48 12
AiM GGM_EXTEND 8 0x80000000 12 57 59 128 32 0 12
AiM GGM_EXTEND 8 0x80000000 12 57 59 128 40 16 12
AiM GGM_EXTEND 8 0x80000000 12 57 59 128 48 32 12
AiM GGM_EXTEND 8 0x80000000 12 57 59 128 56 48 12
AiM GGM_EXTEND 8 0x80000000 13 45 46 128 0 0 13
AiM GGM_EXTEND 8 0x80000000 13 47 48 128 0 0 13
AiM GGM_EXTEND 8 0x80000000 13 49 50 128 0 0 13
AiM GGM_EXTEND 8 0x80000000 13 51 52 128 0 0 13
AiM GGM_EXTEND 8 0x80000000 13 53 54 128 0 0 13
AiM GGM_EXTEND 8 0x80000000 13 53 54 128 8 16 13
AiM GGM_EXTEND 8 0x80000000 13 55 56 128 0 0 13
AiM GGM_EXTEND 8 0x80000000 13 55 56 128 8 16 13
AiM GGM_EXTEND 8 0x80000000 13 55 56 128 16 32 13
AiM GGM_EXTEND 8 0x80000000 13 55 56 128 24 48 13
AiM GGM_EXTEND 8 0x80000000 13 57 58 128 0 0 13
AiM GGM_EXTEND 8 0x80000000 13 57 58 128 8 16 13
AiM GGM_EXTEND 8 0x80000000 13 57 58 128 16 32 13
AiM GGM_EXTEND 8 0x80000000 13 57 58 128 24 48 13
AiM GGM_EXTEND 8 0x80000000 13 57 59 128 32 0 13
AiM GGM_EXTEND 8 0x80000000 13 57 59 128 40 16 13
AiM GGM_EXTEND 8 0x80000000 13 57 59 128 48 32 13
AiM GGM_EXTEND 8 0x80000000 13 57 59 128 56 48 13
AiM GGM_EXTEND 8 0x80000000 14 45 46 128 0 0 14
AiM GGM_EXTEND 8 0x80000000 14 47 48 128 0 0 14
AiM GGM_EXTEND 8 0x80000000 14 49 50 128 0 0 14
AiM GGM_EXTEND 8 0x80000000 14 51 52 128 0 0 14
AiM GGM_EXTEND 8 0x80000000 14 53 54 128 0 0 14
AiM GGM_EXTEND 8 0x80000000 14 53 54 128 8 16 14
AiM GGM_EXTEND 8 0x80000000 14 55 56 128 0 0 14
AiM GGM_EXTEND 8 0x80000000 14 55 56 128 8 16 14
AiM GGM_EXTEND 8 0x80000000 14 55 56 128 16 32 14
AiM GGM_EXTEND 8 0x80000000 14 55 56 128 24 48 14
AiM GGM_EXTEND 8 0x80000000 14 57 58 128 0 0 14
AiM GGM_EXTEND 8 0x80000000 14 57 58 128 8 16 14
AiM GGM_EXTEND 8 0x80000000 14 57 58 128 16 32 14
AiM GGM_EXTEND 8 0x80000000 14 57 58 128 24 48 14
AiM GGM_EXTEND 8 0x80000000 14 57 59 128 32 0 14
AiM GGM_EXTEND 8 0x80000000 14 57 59 128 40 16 14
AiM GGM_EXTEND 8 0x80000000 14 57 59 128 48 32 14
AiM GGM_EXTEND 8 0x80000000 14 57 59 128 56 48 14
AiM GGM_EXTEND 8 0x80000000 15 45 46 128 0 0 15
AiM GGM_EXTEND 8 0x80000000 15 47 48 128 0 0 15
AiM GGM_EXTEND 8 0x80000000 15 49 50 128 0 0 15
AiM GGM_EXTEND 8 0x80000000 15 51 52 128 0 0 15
AiM GGM_EXTEND 8 0x80000000 15 53 54 128 0 0 15
AiM GGM_EXTEND 8 0x80000000 15 53 54 128 8 16 15
AiM GGM_EXTEND 8 0x80000000 15 55 56 128 0 0 15
AiM GGM_EXTEND 8 0x80000000 15 55 56 128 8 16 15
AiM GGM_EXTEND 8 0x80000000 15 55 56 128 16 32 15
AiM GGM_EXTEND 8 0x80000000 15 55 56 128 24 48 15
AiM GGM_EXTEND 8 0x80000000 15 57 58 128 0 0 15
AiM GGM_EXTEND 8 0x80000000 15 57 58 128 8 16 15
AiM GGM_EXTEND 8 0x80000000 15 57 58 128 16 32 15
AiM GGM_EXTEND 8 0x80000000 15 57 58 128 24 48 15
AiM GGM_EXTEND 8 0x80000000 15 57 59 128 32 0 15
AiM GGM_EXTEND 8 0x80000000 15 57 59 128 40 16 15
AiM GGM_EXTEND 8 0x80000000 15 57 59 128 48 32 15
AiM GGM_EXTEND 8 0x80000000 15 57 59 128 56 48 15
AiM GGM_EXTEND 8 0x80000000 0 45 46 128 0 0 0
AiM GGM_EXTEND 8 0x80000000 0 47 48 128 0 0 0
AiM GGM_EXTEND 8 0x80000000 0 49 50 128 0 0 0
AiM GGM_EXTEND 8 0x80000000 0 51 52 128 0 0 0
AiM GGM_EXTEND 8 0x80000000 0 53 54 128 0 0 0
AiM GGM_EXTEND 8 0x80000000 0 53 54 128 8 16 0
AiM GGM_EXTEND 8 0x80000000 0 55 56 128 0 0 0
AiM GGM_EXTEND 8 0x80000000 0 55 56 128 8 16 0
AiM GGM_EXTEND 8 0x80000000 0 55 56 128 16 32 0
AiM GGM_EXTEND 8 0x80000000 0 55 56 128 24 48 0
AiM GGM_EXTEND 8 0x80000000 0 57 58 128 0 0 0
AiM GGM_EXTEND 8 0x80000000 0 57 58 128 8 16 0
AiM GGM_EXTEND 8 0x80000000 0 57 58 128 16 32 0
AiM GGM_EXTEND 8 0x80000000 0 57 58 128 24 48 0
AiM GGM_EXTEND 8 0x80000000 0 57 59 128 32 0 0
AiM GGM_EXTEND 8 0x80000000 0 57 59 128 40 16 0
AiM GGM_EXTEND 8 0x80000000 0 57 59 128 48 32 0
AiM GGM_EXTEND 8 0x80000000 0 57 59 128 56 48 0
AiM GGM_EXTEND 8 0x80000000 1 45 46 128 0 0 1
AiM GGM_EXTEND 8 0x80000000 1 47 48 128 0 0 1
AiM GGM_EXTEND 8 0x80000000 1 49 50 128 0 0 1
AiM GGM_EXTEND 8 0x80000000 1 51 52 128 0 0 1
AiM GGM_EXTEND 8 0x80000000 1 53 54 128 0 0 1
AiM GGM_EXTEND 8 0x80000000 1 53 54 128 8 16 1
AiM GGM_EXTEND 8 0x80000000 1 55 56 128 0 0 1
AiM GGM_EXTEND 8 0x80000000 1 55 56 128 8 16 1
AiM GGM_EXTEND 8 0x80000000 1 55 56 128 16 32 1
AiM GGM_EXTEND 8 0x80000000 1 55 56 128 24 48 1
AiM GGM_EXTEND 8 0x80000000 1 57 58 128 0 0 1
AiM GGM_EXTEND 8 0x80000000 1 57 58 128 8 16 1
AiM GGM_EXTEND 8 0x80000000 1 57 58 128 16 32 1
AiM GGM_EXTEND 8 0x80000000 1 57 58 128 24 48 1
AiM GGM_EXTEND 8 0x80000000 1 57 59 128 32 0 1
AiM GGM_EXTEND 8 0x80000000 1 57 59 128 40 16 1
AiM GGM_EXTEND 8 0x80000000 1 57 59 128 48 32 1
AiM GGM_EXTEND 8 0x80000000 1 57 59 128 56 48 1
AiM GGM_EXTEND 8 0x80000000 2 45 46 128 0 0 2
AiM GGM_EXTEND 8 0x80000000 2 47 48 128 0 0 2
AiM GGM_EXTEND 8 0x80000000 2 49 50 128 0 0 2
AiM GGM_EXTEND 8 0x80000000 2 51 52 128 0 0 2
AiM GGM_EXTEND 8 0x80000000 2 53 54 128 0 0 2
AiM GGM_EXTEND 8 0x80000000 2 53 54 128 8 16 2
AiM GGM_EXTEND 8 0x80000000 2 55 56 128 0 0 2
AiM GGM_EXTEND 8 0x80000000 2 55 56 128 8 16 2
AiM GGM_EXTEND 8 0x80000000 2 55 56 128 16 32 2
AiM GGM_EXTEND 8 0x80000000 2 55 56 128 24 48 2
AiM GGM_EXTEND 8 0x80000000 2 57 58 128 0 0 2
AiM GGM_EXTEND 8 0x80000000 2 57 58 128 8 16 2
AiM GGM_EXTEND 8 0x80000000 2 57 58 128 16 32 2
AiM GGM_EXTEND 8 0x80000000 2 57 58 128 24 48 2
AiM GGM_EXTEND 8 0x80000000 2 57 59 128 32 0 2
AiM GGM_EXTEND 8 0x80000000 2 57 59 128 40 16 2
AiM GGM_EXTEND 8 0x80000000 2 57 59 128 48 32 2
AiM GGM_EXTEND 8 0x80000000 2 57 59 128 56 48 2
AiM GGM_EXTEND 8 0x80000000 3 45 46 128 0 0 3
AiM GGM_EXTEND 8 0x80000000 3 47 48 128 0 0 3
AiM GGM_EXTEND 8 0x80000000 3 49 50 128 0 0 3
AiM GGM_EXTEND 8 0x80000000 3 51 52 128 0 0 3
AiM GGM_EXTEND 8 0x80000000 3 53 54 128 0 0 3
AiM GGM_EXTEND 8 0x80000000 3 53 54 128 8 16 3
AiM GGM_EXTEND 8 0x80000000 3 55 56 128 0 0 3
AiM GGM_EXTEND 8 0x80000000 3 55 56 128 8 16 3
AiM GGM_EXTEND 8 0x80000000 3 55 56 128 16 32 3
AiM GGM_EXTEND 8 0x80000000 3 55 56 128 24 48 3
AiM GGM_EXTEND 8 0x80000000 3 57 58 128 0 0 3
AiM GGM_EXTEND 8 0x80000000 3 57 58 128 8 16 3
AiM GGM_EXTEND 8 0x80000000 3 57 58 128 16 32 3
AiM GGM_EXTEND 8 0x80000000 3 57 58 128 24 48 3
AiM GGM_EXTEND 8 0x80000000 3 57 59 128 32 0 3
AiM GGM_EXTEND 8 0x80000000 3 57 59 128 40 16 3
AiM GGM_EXTEND 8 0x80000000 3 57 59 128 48 32 3
AiM GGM_EXTEND 8 0x80000000 3 57 59 128 56 48 3
AiM GGM_EXTEND 8 0x80000000 4 45 46 128 0 0 4
AiM GGM_EXTEND 8 0x80000000 4 47 48 128 0 0 4
AiM GGM_EXTEND 8 0x80000000 4 49 50 128 0 0 4
AiM GGM_EXTEND 8 0x80000000 4 51 52 128 0 0 4
AiM GGM_EXTEND 8 0x80000000 4 53 54 128 0 0 4
AiM GGM_EXTEND 8 0x80000000 4 53 54 128 8 16 4
AiM GGM_EXTEND 8 0x80000000 4 55 56 128 0 0 4
AiM GGM_EXTEND 8 0x80000000 4 55 56 128 8 16 4
AiM GGM_EXTEND 8 0x80000000 4 55 56 128 16 32 4
AiM GGM_EXTEND 8 0x80000000 4 55 56 128 24 48 4
AiM GGM_EXTEND 8 0x80000000 4 57 58 128 0 0 4
AiM GGM_EXTEND 8 0x80000000 4 57 58 128 8 16 4
AiM GGM_EXTEND 8 0x80000000 4 57 58 128 16 32 4
AiM GGM_EXTEND 8 0x80000000 4 57 58 128 24 48 4
AiM GGM_EXTEND 8 0x80000000 4 57 59 128 32 0 4
AiM GGM_EXTEND 8 0x80000000 4 57 59 128 40 16 4
AiM GGM_EXTEND 8 0x80000000 4 57 59 128 48 32 4
AiM GGM_EXTEND 8 0x80000000 4 57 59 128 56 48 4
AiM GGM_EXTEND 8 0x80000000 5 45 46 128 0 0 5
AiM GGM_EXTEND 8 0x80000000 5 47 48 128 0 0 5
AiM GGM_EXTEND 8 0x80000000 5 49 50 128 0 0 5
AiM GGM_EXTEND 8 0x80000000 5 51 52 128 0 0 5
AiM GGM_EXTEND 8 0x80000000 5 53 54 128 0 0 5
AiM GGM_EXTEND 8 0x80000000 5 53 54 128 8 16 5
AiM GGM_EXTEND 8 0x80000000 5 55 56 128 0 0 5
AiM GGM_EXTEND 8 0x80000000 5 55 56 128 8 16 5
AiM GGM_EXTEND 8 0x80000000 5 55 56 128 16 32 5
AiM GGM_EXTEND 8 0x80000000 5 55 56 128 24 48 5
AiM GGM_EXTEND 8 0x80000000 5 57 58 128 0 0 5
AiM GGM_EXTEND 8 0x80000000 5 57 58 128 8 16 5
AiM GGM_EXTEND 8 0x80000000 5 57 58 128 16 32 5
AiM GGM_EXTEND 8 0x80000000 5 57 58 128 24 48 5
AiM GGM_EXTEND 8 0x80000000 5 57 59 128 32 0 5
AiM GGM_EXTEND 8 0x80000000 5 57 59 128 40 16 5
AiM GGM_EXTEND 8 0x80000000 5 57 59 128 48 32 5
AiM GGM_EXTEND 8 0x80000000 5 57 59 128 56 48 5
AiM GGM_EXTEND 8 0x80000000 6 45 46 128 0 0 6
AiM GGM_EXTEND 8 0x80000000 6 47 48 128 0 0 6
AiM GGM_EXTEND 8 0x80000000 6 49 50 128 0 0 6
AiM GGM_EXTEND 8 0x80000000 6 51 52 128 0 0 6
AiM GGM_EXTEND 8 0x80000000 6 53 54 128 0 0 6
AiM GGM_EXTEND 8 0x80000000 6 53 54 128 8 16 6
AiM GGM_EXTEND 8 0x80000000 6 55 56 128 0 0 6
AiM GGM_EXTEND 8 0x80000000 6 55 56 128 8 16 6
AiM GGM_EXTEND 8 0x80000000 6 55 56 128 16 32 6
AiM GGM_EXTEND 8 0x80000000 6 55 56 128 24 48 6
AiM GGM_EXTEND 8 0x80000000 6 57 58 128 0 0 6
AiM GGM_EXTEND 8 0x80000000 6 57 58 128 8 16 6
AiM GGM_EXTEND 8 0x80000000 6 57 58 128 16 32 6
AiM GGM_EXTEND 8 0x80000000 6 57 58 128 24 48 6
AiM GGM_EXTEND 8 0x80000000 6 57 59 128 32 0 6
AiM GGM_EXTEND 8 0x80000000 6 57 59 128 40 16 6
AiM GGM_EXTEND 8 0x80000000 6 57 59 128 48 32 6
AiM GGM_EXTEND 8 0x80000000 6 57 59 128 56 48 6
AiM GGM_EXTEND 8 0x80000000 7 45 46 128 0 0 7
AiM GGM_EXTEND 8 0x80000000 7 47 48 128 0 0 7
AiM GGM_EXTEND 8 0x80000000 7 49 50 128 0 0 7
AiM GGM_EXTEND 8 0x80000000 7 51 52 128 0 0 7
AiM GGM_EXTEND 8 0x80000000 7 53 54 128 0 0 7
AiM GGM_EXTEND 8 0x80000000 7 53 54 128 8 16 7
AiM GGM_EXTEND 8 0x80000000 7 55 56 128 0 0 7
AiM GGM_EXTEND 8 0x80000000 7 55 56 128 8 16 7
AiM GGM_EXTEND 8 0x80000000 7 55 56 128 16 32 7
AiM GGM_EXTEND 8 0x80000000 7 55 56 128 24 48 7
AiM GGM_EXTEND 8 0x80000000 7 57 58 128 0 0 7
AiM GGM_EXTEND 8 0x80000000 7 57 58 128 8 16 7
AiM GGM_EXTEND 8 0x80000000 7 57 58 128 16 32 7
AiM GGM_EXTEND 8 0x80000000 7 57 58 128 24 48 7
AiM GGM_EXTEND 8 0x80000000 7 57 59 128 32 0 7
AiM GGM_EXTEND 8 0x80000000 7 57 59 128 40 16 7
AiM GGM_EXTEND 8 0x80000000 7 57 59 128 48 32 7
AiM GGM_EXTEND 8 0x80000000 7 57 59 128 56 48 7
AiM GGM_EXTEND 8 0x80000000 8 45 46 128 0 0 8
AiM GGM_EXTEND 8 0x80000000 8 47 48 128 0 0 8
AiM GGM_EXTEND 8 0x80000000 8 49 50 128 0 0 8
AiM GGM_EXTEND 8 0x80000000 8 51 52 128 0 0 8
AiM GGM_EXTEND 8 0x80000000 8 53 54 128 0 0 8
AiM GGM_EXTEND 8 0x80000000 8 53 54 128 8 16 8
AiM GGM_EXTEND 8 0x80000000 8 55 56 128 0 0 8
AiM GGM_EXTEND 8 0x80000000 8 55 56 128 8 16 8
AiM GGM_EXTEND 8 0x80000000 8 55 56 128 16 32 8
AiM GGM_EXTEND 8 0x80000000 8 55 56 128 24 48 8
AiM GGM_EXTEND 8 0x80000000 8 57 58 128 0 0 8
AiM GGM_EXTEND 8 0x80000000 8 57 58 128 8 16 8
AiM GGM_EXTEND 8 0x80000000 8 57 58 128 16 32 8
AiM GGM_EXTEND 8 0x80000000 8 57 58 128 24 48 8
AiM GGM_EXTEND 8 0x80000000 8 57 59 128 32 0 8
AiM GGM_EXTEND 8 0x80000000 8 57 59 128 40 16 8
AiM GGM_EXTEND 8 0x80000000 8 57 59 128 48 32 8
AiM GGM_EXTEND 8 0x80000000 8 57 59 128 56 48 8
AiM EOC
