AiM GGM_EXTEND 8 0x80000000 0 0 0 128 0 0 1
AiM GGM_EXTEND 8 0x80000000 2 0 0 128 0 0 3
AiM GGM_EXTEND 8 0x80000000 4 0 0 128 0 0 5
AiM GGM_EXTEND 8 0x80000000 6 0 0 128 0 0 7
AiM GGM_EXTEND 8 0x80000000 8 0 0 128 0 0 9
AiM GGM_EXTEND 8 0x80000000 10 0 0 128 0 0 11
AiM GGM_EXTEND 8 0x80000000 12 0 0 128 0 0 13
AiM GGM_EXTEND 8 0x80000000 14 0 0 128 0 0 15
AiM GGM_EXTEND 8 0x80000000 0 1 1 128 0 0 1
AiM GGM_EXTEND 8 0x80000000 2 1 1 128 0 0 3
AiM GGM_EXTEND 8 0x80000000 4 1 1 128 0 0 5
AiM GGM_EXTEND 8 0x80000000 6 1 1 128 0 0 7
AiM GGM_EXTEND 8 0x80000000 8 1 1 128 0 0 9
AiM GGM_EXTEND 8 0x80000000 10 1 1 128 0 0 11
AiM GGM_EXTEND 8 0x80000000 12 1 1 128 0 0 13
AiM GGM_EXTEND 8 0x80000000 14 1 1 128 0 0 15
AiM GGM_EXTEND 8 0x80000000 6 2 2 128 0 0 7
AiM GGM_EXTEND 8 0x80000000 8 2 2 128 0 0 9
AiM GGM_EXTEND 8 0x80000000 10 2 2 128 0 0 11
AiM GGM_EXTEND 8 0x80000000 12 2 2 128 0 0 13
AiM GGM_EXTEND 8 0x80000000 14 2 2 128 0 0 15
AiM GGM_EXTEND 8 0x80000000 0 2 2 128 0 0 1
AiM GGM_EXTEND 8 0x80000000 2 2 2 128 0 0 3
AiM GGM_EXTEND 8 0x80000000 4 2 2 128 0 0 5
AiM GGM_EXTEND 8 0x80000000 6 3 3 128 0 0 7
AiM GGM_EXTEND 8 0x80000000 8 3 3 128 0 0 9
AiM GGM_EXTEND 8 0x80000000 10 3 3 128 0 0 11
AiM GGM_EXTEND 8 0x80000000 12 3 3 128 0 0 13
AiM GGM_EXTEND 8 0x80000000 14 3 3 128 0 0 15
AiM GGM_EXTEND 8 0x80000000 0 3 3 128 0 0 1
AiM GGM_EXTEND 8 0x80000000 2 3 3 128 0 0 3
AiM GGM_EXTEND 8 0x80000000 4 3 3 128 0 0 5
AiM GGM_EXTEND 8 0x80000000 12 4 4 128 0 0 13
AiM GGM_EXTEND 8 0x80000000 14 4 4 128 0 0 15
AiM GGM_EXTEND 8 0x80000000 0 4 4 128 0 0 1
AiM GGM_EXTEND 8 0x80000000 2 4 4 128 0 0 3
AiM GGM_EXTEND 8 0x80000000 4 4 4 128 0 0 5
AiM GGM_EXTEND 8 0x80000000 6 4 4 128 0 0 7
AiM GGM_EXTEND 8 0x80000000 8 4 4 128 0 0 9
AiM GGM_EXTEND 8 0x80000000 10 4 4 128 0 0 11
AiM GGM_EXTEND 8 0x80000000 12 5 5 128 0 0 13
AiM GGM_EXTEND 8 0x80000000 14 5 5 128 0 0 15
AiM GGM_EXTEND 8 0x80000000 0 5 5 128 0 0 1
AiM GGM_EXTEND 8 0x80000000 2 5 5 128 0 0 3
AiM GGM_EXTEND 8 0x80000000 4 5 5 128 0 0 5
AiM GGM_EXTEND 8 0x80000000 6 5 5 128 0 0 7
AiM GGM_EXTEND 8 0x80000000 8 5 5 128 0 0 9
AiM GGM_EXTEND 8 0x80000000 10 5 5 128 0 0 11
AiM GGM_EXTEND 8 0x80000000 2 6 6 128 0 0 3
AiM GGM_EXTEND 8 0x80000000 4 6 6 128 0 0 5
AiM GGM_EXTEND 8 0x80000000 6 6 6 128 0 0 7
AiM GGM_EXTEND 8 0x80000000 8 6 6 128 0 0 9
AiM GGM_EXTEND 8 0x80000000 10 6 6 128 0 0 11
AiM GGM_EXTEND 8 0x80000000 12 6 6 128 0 0 13
AiM GGM_EXTEND 8 0x80000000 14 6 6 128 0 0 15
AiM GGM_EXTEND 8 0x80000000 0 6 6 128 0 0 1
AiM GGM_EXTEND 8 0x80000000 2 7 7 128 0 0 3
AiM GGM_EXTEND 8 0x80000000 4 7 7 128 0 0 5
AiM GGM_EXTEND 8 0x80000000 6 7 7 128 0 0 7
AiM GGM_EXTEND 8 0x80000000 8 7 7 128 0 0 9
AiM GGM_EXTEND 8 0x80000000 10 7 7 128 0 0 11
AiM GGM_EXTEND 8 0x80000000 12 7 7 128 0 0 13
AiM GGM_EXTEND 8 0x80000000 14 7 7 128 0 0 15
AiM GGM_EXTEND 8 0x80000000 0 7 7 128 0 0 1
AiM GGM_EXTEND 8 0x80000000 1 8 8 128 0 0 0
AiM GGM_EXTEND 8 0x80000000 3 8 8 128 0 0 2
AiM GGM_EXTEND 8 0x80000000 5 8 8 128 0 0 4
AiM GGM_EXTEND 8 0x80000000 7 8 8 128 0 0 6
AiM GGM_EXTEND 8 0x80000000 9 8 8 128 0 0 8
AiM GGM_EXTEND 8 0x80000000 11 8 8 128 0 0 10
AiM GGM_EXTEND 8 0x80000000 13 8 8 128 0 0 12
AiM GGM_EXTEND 8 0x80000000 15 8 8 128 0 0 14
AiM GGM_EXTEND 8 0x80000000 1 9 9 128 0 0 0
AiM GGM_EXTEND 8 0x80000000 3 9 9 128 0 0 2
AiM GGM_EXTEND 8 0x80000000 5 9 9 128 0 0 4
AiM GGM_EXTEND 8 0x80000000 7 9 9 128 0 0 6
AiM GGM_EXTEND 8 0x80000000 9 9 9 128 0 0 8
AiM GGM_EXTEND 8 0x80000000 11 9 9 128 0 0 10
AiM GGM_EXTEND 8 0x80000000 13 9 9 128 0 0 12
AiM GGM_EXTEND 8 0x80000000 15 9 9 128 0 0 14
AiM GGM_EXTEND 8 0x80000000 7 10 10 128 0 0 6
AiM GGM_EXTEND 8 0x80000000 9 10 10 128 0 0 8
AiM GGM_EXTEND 8 0x80000000 11 10 10 128 0 0 10
AiM GGM_EXTEND 8 0x80000000 13 10 10 128 0 0 12
AiM GGM_EXTEND 8 0x80000000 15 10 10 128 0 0 14
AiM GGM_EXTEND 8 0x80000000 1 10 10 128 0 0 0
AiM GGM_EXTEND 8 0x80000000 3 10 10 128 0 0 2
AiM GGM_EXTEND 8 0x80000000 5 10 10 128 0 0 4
AiM GGM_EXTEND 8 0x80000000 7 11 11 128 0 0 6
AiM GGM_EXTEND 8 0x80000000 9 11 11 128 0 0 8
AiM GGM_EXTEND 8 0x80000000 11 11 11 128 0 0 10
AiM GGM_EXTEND 8 0x80000000 13 11 11 128 0 0 12
AiM GGM_EXTEND 8 0x80000000 15 11 11 128 0 0 14
AiM GGM_EXTEND 8 0x80000000 1 11 11 128 0 0 0
AiM GGM_EXTEND 8 0x80000000 3 11 11 128 0 0 2
AiM GGM_EXTEND 8 0x80000000 5 11 11 128 0 0 4
AiM GGM_EXTEND 8 0x80000000 13 12 12 128 0 0 12
AiM GGM_EXTEND 8 0x80000000 15 12 12 128 0 0 14
AiM GGM_EXTEND 8 0x80000000 1 12 12 128 0 0 0
AiM GGM_EXTEND 8 0x80000000 3 12 12 128 0 0 2
AiM GGM_EXTEND 8 0x80000000 5 12 12 128 0 0 4
AiM GGM_EXTEND 8 0x80000000 7 12 12 128 0 0 6
AiM GGM_EXTEND 8 0x80000000 9 12 12 128 0 0 8
AiM GGM_EXTEND 8 0x80000000 11 12 12 128 0 0 10
AiM GGM_EXTEND 8 0x80000000 13 13 13 128 0 0 12
AiM GGM_EXTEND 8 0x80000000 15 13 13 128 0 0 14
AiM GGM_EXTEND 8 0x80000000 1 13 13 128 0 0 0
AiM GGM_EXTEND 8 0x80000000 3 13 13 128 0 0 2
AiM GGM_EXTEND 8 0x80000000 5 13 13 128 0 0 4
AiM GGM_EXTEND 8 0x80000000 7 13 13 128 0 0 6
AiM GGM_EXTEND 8 0x80000000 9 13 13 128 0 0 8
AiM GGM_EXTEND 8 0x80000000 11 13 13 128 0 0 10
AiM GGM_EXTEND 8 0x80000000 3 14 14 128 0 0 2
AiM GGM_EXTEND 8 0x80000000 5 14 14 128 0 0 4
AiM GGM_EXTEND 8 0x80000000 7 14 14 128 0 0 6
AiM GGM_EXTEND 8 0x80000000 9 14 14 128 0 0 8
AiM GGM_EXTEND 8 0x80000000 11 14 14 128 0 0 10
AiM GGM_EXTEND 8 0x80000000 13 14 14 128 0 0 12
AiM GGM_EXTEND 8 0x80000000 15 14 14 128 0 0 14
AiM GGM_EXTEND 8 0x80000000 1 14 14 128 0 0 0
AiM GGM_EXTEND 8 0x80000000 3 15 15 128 0 0 2
AiM GGM_EXTEND 8 0x80000000 5 15 15 128 0 0 4
AiM GGM_EXTEND 8 0x80000000 7 15 15 128 0 0 6
AiM GGM_EXTEND 8 0x80000000 9 15 15 128 0 0 8
AiM GGM_EXTEND 8 0x80000000 11 15 15 128 0 0 10
AiM GGM_EXTEND 8 0x80000000 13 15 15 128 0 0 12
AiM GGM_EXTEND 8 0x80000000 15 15 15 128 0 0 14
AiM GGM_EXTEND 8 0x80000000 1 15 15 128 0 0 0
AiM GGM_EXTEND 8 0x80000000 0 16 16 128 0 0 1
AiM GGM_EXTEND 8 0x80000000 2 16 16 128 0 0 3
AiM GGM_EXTEND 8 0x80000000 4 16 16 128 0 0 5
AiM GGM_EXTEND 8 0x80000000 6 16 16 128 0 0 7
AiM GGM_EXTEND 8 0x80000000 8 16 16 128 0 0 9
AiM GGM_EXTEND 8 0x80000000 10 16 16 128 0 0 11
AiM GGM_EXTEND 8 0x80000000 12 16 16 128 0 0 13
AiM GGM_EXTEND 8 0x80000000 14 16 16 128 0 0 15
AiM GGM_EXTEND 8 0x80000000 0 17 17 128 0 0 1
AiM GGM_EXTEND 8 0x80000000 2 17 17 128 0 0 3
AiM GGM_EXTEND 8 0x80000000 4 17 17 128 0 0 5
AiM GGM_EXTEND 8 0x80000000 6 17 17 128 0 0 7
AiM GGM_EXTEND 8 0x80000000 8 17 17 128 0 0 9
AiM GGM_EXTEND 8 0x80000000 10 17 17 128 0 0 11
AiM GGM_EXTEND 8 0x80000000 12 17 17 128 0 0 13
AiM GGM_EXTEND 8 0x80000000 14 17 17 128 0 0 15
AiM GGM_EXTEND 8 0x80000000 6 18 18 128 0 0 7
AiM GGM_EXTEND 8 0x80000000 8 18 18 128 0 0 9
AiM GGM_EXTEND 8 0x80000000 10 18 18 128 0 0 11
AiM GGM_EXTEND 8 0x80000000 12 18 18 128 0 0 13
AiM GGM_EXTEND 8 0x80000000 14 18 18 128 0 0 15
AiM GGM_EXTEND 8 0x80000000 0 18 18 128 0 0 1
AiM GGM_EXTEND 8 0x80000000 2 18 18 128 0 0 3
AiM GGM_EXTEND 8 0x80000000 4 18 18 128 0 0 5
AiM GGM_EXTEND 8 0x80000000 6 19 19 128 0 0 7
AiM GGM_EXTEND 8 0x80000000 8 19 19 128 0 0 9
AiM GGM_EXTEND 8 0x80000000 10 19 19 128 0 0 11
AiM GGM_EXTEND 8 0x80000000 12 19 19 128 0 0 13
AiM GGM_EXTEND 8 0x80000000 14 19 19 128 0 0 15
AiM GGM_EXTEND 8 0x80000000 0 19 19 128 0 0 1
AiM GGM_EXTEND 8 0x80000000 2 19 19 128 0 0 3
AiM GGM_EXTEND 8 0x80000000 4 19 19 128 0 0 5
AiM GGM_EXTEND 8 0x80000000 12 20 20 128 0 0 13
AiM GGM_EXTEND 8 0x80000000 14 20 20 128 0 0 15
AiM GGM_EXTEND 8 0x80000000 0 20 20 128 0 0 1
AiM GGM_EXTEND 8 0x80000000 2 20 20 128 0 0 3
AiM GGM_EXTEND 8 0x80000000 4 20 20 128 0 0 5
AiM GGM_EXTEND 8 0x80000000 6 20 20 128 0 0 7
AiM GGM_EXTEND 8 0x80000000 8 20 20 128 0 0 9
AiM GGM_EXTEND 8 0x80000000 10 20 20 128 0 0 11
AiM GGM_EXTEND 8 0x80000000 12 21 21 128 0 0 13
AiM GGM_EXTEND 8 0x80000000 14 21 21 128 0 0 15
AiM GGM_EXTEND 8 0x80000000 0 21 21 128 0 0 1
AiM GGM_EXTEND 8 0x80000000 2 21 21 128 0 0 3
AiM GGM_EXTEND 8 0x80000000 4 21 21 128 0 0 5
AiM GGM_EXTEND 8 0x80000000 6 21 21 128 0 0 7
AiM GGM_EXTEND 8 0x80000000 8 21 21 128 0 0 9
AiM GGM_EXTEND 8 0x80000000 10 21 21 128 0 0 11
AiM GGM_EXTEND 8 0x80000000 2 22 22 128 0 0 3
AiM GGM_EXTEND 8 0x80000000 4 22 22 128 0 0 5
AiM GGM_EXTEND 8 0x80000000 6 22 22 128 0 0 7
AiM GGM_EXTEND 8 0x80000000 8 22 22 128 0 0 9
AiM GGM_EXTEND 8 0x80000000 10 22 22 128 0 0 11
AiM GGM_EXTEND 8 0x80000000 12 22 22 128 0 0 13
AiM GGM_EXTEND 8 0x80000000 14 22 22 128 0 0 15
AiM GGM_EXTEND 8 0x80000000 0 22 22 128 0 0 1
AiM GGM_EXTEND 8 0x80000000 2 23 23 128 0 0 3
AiM GGM_EXTEND 8 0x80000000 4 23 23 128 0 0 5
AiM GGM_EXTEND 8 0x80000000 6 23 23 128 0 0 7
AiM GGM_EXTEND 8 0x80000000 8 23 23 128 0 0 9
AiM GGM_EXTEND 8 0x80000000 10 23 23 128 0 0 11
AiM GGM_EXTEND 8 0x80000000 12 23 23 128 0 0 13
AiM GGM_EXTEND 8 0x80000000 14 23 23 128 0 0 15
AiM GGM_EXTEND 8 0x80000000 0 23 23 128 0 0 1
AiM GGM_EXTEND 8 0x80000000 1 24 24 128 0 0 0
AiM GGM_EXTEND 8 0x80000000 3 24 24 128 0 0 2
AiM GGM_EXTEND 8 0x80000000 5 24 24 128 0 0 4
AiM GGM_EXTEND 8 0x80000000 7 24 24 128 0 0 6
AiM GGM_EXTEND 8 0x80000000 9 24 24 128 0 0 8
AiM GGM_EXTEND 8 0x80000000 11 24 24 128 0 0 10
AiM GGM_EXTEND 8 0x80000000 13 24 24 128 0 0 12
AiM GGM_EXTEND 8 0x80000000 15 24 24 128 0 0 14
AiM GGM_EXTEND 8 0x80000000 1 25 25 128 0 0 0
AiM GGM_EXTEND 8 0x80000000 3 25 25 128 0 0 2
AiM GGM_EXTEND 8 0x80000000 5 25 25 128 0 0 4
AiM GGM_EXTEND 8 0x80000000 7 25 25 128 0 0 6
AiM GGM_EXTEND 8 0x80000000 9 25 25 128 0 0 8
AiM GGM_EXTEND 8 0x80000000 11 25 25 128 0 0 10
AiM GGM_EXTEND 8 0x80000000 13 25 25 128 0 0 12
AiM GGM_EXTEND 8 0x80000000 15 25 25 128 0 0 14
AiM GGM_EXTEND 8 0x80000000 7 26 26 128 0 0 6
AiM GGM_EXTEND 8 0x80000000 9 26 26 128 0 0 8
AiM GGM_EXTEND 8 0x80000000 11 26 26 128 0 0 10
AiM GGM_EXTEND 8 0x80000000 13 26 26 128 0 0 12
AiM GGM_EXTEND 8 0x80000000 15 26 26 128 0 0 14
AiM GGM_EXTEND 8 0x80000000 1 26 26 128 0 0 0
AiM GGM_EXTEND 8 0x80000000 3 26 26 128 0 0 2
AiM GGM_EXTEND 8 0x80000000 5 26 26 128 0 0 4
AiM GGM_EXTEND 8 0x80000000 7 27 27 128 0 0 6
AiM GGM_EXTEND 8 0x80000000 9 27 27 128 0 0 8
AiM GGM_EXTEND 8 0x80000000 11 27 27 128 0 0 10
AiM GGM_EXTEND 8 0x80000000 13 27 27 128 0 0 12
AiM GGM_EXTEND 8 0x80000000 15 27 27 128 0 0 14
AiM GGM_EXTEND 8 0x80000000 1 27 27 128 0 0 0
AiM GGM_EXTEND 8 0x80000000 3 27 27 128 0 0 2
AiM GGM_EXTEND 8 0x80000000 5 27 27 128 0 0 4
AiM GGM_EXTEND 8 0x80000000 13 28 28 128 0 0 12
AiM GGM_EXTEND 8 0x80000000 15 28 28 128 0 0 14
AiM GGM_EXTEND 8 0x80000000 1 28 28 128 0 0 0
AiM GGM_EXTEND 8 0x80000000 3 28 28 128 0 0 2
AiM GGM_EXTEND 8 0x80000000 5 28 28 128 0 0 4
AiM GGM_EXTEND 8 0x80000000 7 28 28 128 0 0 6
AiM GGM_EXTEND 8 0x80000000 9 28 28 128 0 0 8
AiM GGM_EXTEND 8 0x80000000 11 28 28 128 0 0 10
AiM GGM_EXTEND 8 0x80000000 13 29 29 128 0 0 12
AiM GGM_EXTEND 8 0x80000000 15 29 29 128 0 0 14
AiM GGM_EXTEND 8 0x80000000 1 29 29 128 0 0 0
AiM GGM_EXTEND 8 0x80000000 3 29 29 128 0 0 2
AiM GGM_EXTEND 8 0x80000000 5 29 29 128 0 0 4
AiM GGM_EXTEND 8 0x80000000 7 29 29 128 0 0 6
AiM GGM_EXTEND 8 0x80000000 9 29 29 128 0 0 8
AiM GGM_EXTEND 8 0x80000000 11 29 29 128 0 0 10
AiM GGM_EXTEND 8 0x80000000 3 30 30 128 0 0 2
AiM GGM_EXTEND 8 0x80000000 5 30 30 128 0 0 4
AiM GGM_EXTEND 8 0x80000000 7 30 30 128 0 0 6
AiM GGM_EXTEND 8 0x80000000 9 30 30 128 0 0 8
AiM GGM_EXTEND 8 0x80000000 11 30 30 128 0 0 10
AiM GGM_EXTEND 8 0x80000000 13 30 30 128 0 0 12
AiM GGM_EXTEND 8 0x80000000 15 30 30 128 0 0 14
AiM GGM_EXTEND 8 0x80000000 1 30 30 128 0 0 0
AiM GGM_EXTEND 8 0x80000000 3 31 31 128 0 0 2
AiM GGM_EXTEND 8 0x80000000 5 31 31 128 0 0 4
AiM GGM_EXTEND 8 0x80000000 7 31 31 128 0 0 6
AiM GGM_EXTEND 8 0x80000000 9 31 31 128 0 0 8
AiM GGM_EXTEND 8 0x80000000 11 31 31 128 0 0 10
AiM GGM_EXTEND 8 0x80000000 13 31 31 128 0 0 12
AiM GGM_EXTEND 8 0x80000000 15 31 31 128 0 0 14
AiM GGM_EXTEND 8 0x80000000 1 31 31 128 0 0 0
AiM GGM_EXTEND 8 0x80000000 0 32 32 128 0 0 1
AiM GGM_EXTEND 8 0x80000000 2 32 32 128 0 0 3
AiM GGM_EXTEND 8 0x80000000 4 32 32 128 0 0 5
AiM GGM_EXTEND 8 0x80000000 6 32 32 128 0 0 7
AiM GGM_EXTEND 8 0x80000000 8 32 32 128 0 0 9
AiM GGM_EXTEND 8 0x80000000 10 32 32 128 0 0 11
AiM GGM_EXTEND 8 0x80000000 12 32 32 128 0 0 13
AiM GGM_EXTEND 8 0x80000000 14 32 32 128 0 0 15
AiM GGM_EXTEND 8 0x80000000 0 33 33 128 0 0 1
AiM GGM_EXTEND 8 0x80000000 2 33 33 128 0 0 3
AiM GGM_EXTEND 8 0x80000000 4 33 33 128 0 0 5
AiM GGM_EXTEND 8 0x80000000 6 33 33 128 0 0 7
AiM GGM_EXTEND 8 0x80000000 8 33 33 128 0 0 9
AiM GGM_EXTEND 8 0x80000000 10 33 33 128 0 0 11
AiM GGM_EXTEND 8 0x80000000 12 33 33 128 0 0 13
AiM GGM_EXTEND 8 0x80000000 14 33 33 128 0 0 15
AiM GGM_EXTEND 8 0x80000000 6 34 34 128 0 0 7
AiM GGM_EXTEND 8 0x80000000 8 34 34 128 0 0 9
AiM GGM_EXTEND 8 0x80000000 10 34 34 128 0 0 11
AiM GGM_EXTEND 8 0x80000000 12 34 34 128 0 0 13
AiM GGM_EXTEND 8 0x80000000 14 34 34 128 0 0 15
AiM GGM_EXTEND 8 0x80000000 0 34 34 128 0 0 1
AiM GGM_EXTEND 8 0x80000000 2 34 34 128 0 0 3
AiM GGM_EXTEND 8 0x80000000 4 34 34 128 0 0 5
AiM GGM_EXTEND 8 0x80000000 6 35 35 128 0 0 7
AiM GGM_EXTEND 8 0x80000000 8 35 35 128 0 0 9
AiM GGM_EXTEND 8 0x80000000 10 35 35 128 0 0 11
AiM GGM_EXTEND 8 0x80000000 12 35 35 128 0 0 13
AiM GGM_EXTEND 8 0x80000000 14 35 35 128 0 0 15
AiM GGM_EXTEND 8 0x80000000 0 35 35 128 0 0 1
AiM GGM_EXTEND 8 0x80000000 2 35 35 128 0 0 3
AiM GGM_EXTEND 8 0x80000000 4 35 35 128 0 0 5
AiM GGM_EXTEND 8 0x80000000 12 36 36 128 0 0 13
AiM GGM_EXTEND 8 0x80000000 14 36 36 128 0 0 15
AiM GGM_EXTEND 8 0x80000000 0 36 36 128 0 0 1
AiM GGM_EXTEND 8 0x80000000 2 36 36 128 0 0 3
AiM GGM_EXTEND 8 0x80000000 4 36 36 128 0 0 5
AiM GGM_EXTEND 8 0x80000000 6 36 36 128 0 0 7
AiM GGM_EXTEND 8 0x80000000 8 36 36 128 0 0 9
AiM GGM_EXTEND 8 0x80000000 10 36 36 128 0 0 11
AiM GGM_EXTEND 8 0x80000000 12 37 37 128 0 0 13
AiM GGM_EXTEND 8 0x80000000 14 37 37 128 0 0 15
AiM GGM_EXTEND 8 0x80000000 0 37 37 128 0 0 1
AiM GGM_EXTEND 8 0x80000000 2 37 37 128 0 0 3
AiM GGM_EXTEND 8 0x80000000 4 37 37 128 0 0 5
AiM GGM_EXTEND 8 0x80000000 6 37 37 128 0 0 7
AiM GGM_EXTEND 8 0x80000000 8 37 37 128 0 0 9
AiM GGM_EXTEND 8 0x80000000 10 37 37 128 0 0 11
AiM GGM_EXTEND 8 0x80000000 2 38 38 128 0 0 3
AiM GGM_EXTEND 8 0x80000000 4 38 38 128 0 0 5
AiM GGM_EXTEND 8 0x80000000 6 38 38 128 0 0 7
AiM GGM_EXTEND 8 0x80000000 8 38 38 128 0 0 9
AiM GGM_EXTEND 8 0x80000000 10 38 38 128 0 0 11
AiM GGM_EXTEND 8 0x80000000 12 38 38 128 0 0 13
AiM GGM_EXTEND 8 0x80000000 14 38 38 128 0 0 15
AiM GGM_EXTEND 8 0x80000000 0 38 38 128 0 0 1
AiM GGM_EXTEND 8 0x80000000 2 39 39 128 0 0 3
AiM GGM_EXTEND 8 0x80000000 4 39 39 128 0 0 5
AiM GGM_EXTEND 8 0x80000000 6 39 39 128 0 0 7
AiM GGM_EXTEND 8 0x80000000 8 39 39 128 0 0 9
AiM GGM_EXTEND 8 0x80000000 10 39 39 128 0 0 11
AiM GGM_EXTEND 8 0x80000000 12 39 39 128 0 0 13
AiM GGM_EXTEND 8 0x80000000 14 39 39 128 0 0 15
AiM GGM_EXTEND 8 0x80000000 0 39 39 128 0 0 1
AiM GGM_EXTEND 8 0x80000000 0 32 32 128 8 16 1
AiM GGM_EXTEND 8 0x80000000 2 32 32 128 8 16 3
AiM GGM_EXTEND 8 0x80000000 4 32 32 128 8 16 5
AiM GGM_EXTEND 8 0x80000000 6 32 32 128 8 16 7
AiM GGM_EXTEND 8 0x80000000 8 32 32 128 8 16 9
AiM GGM_EXTEND 8 0x80000000 10 32 32 128 8 16 11
AiM GGM_EXTEND 8 0x80000000 12 32 32 128 8 16 13
AiM GGM_EXTEND 8 0x80000000 14 32 32 128 8 16 15
AiM GGM_EXTEND 8 0x80000000 0 33 33 128 8 16 1
AiM GGM_EXTEND 8 0x80000000 2 33 33 128 8 16 3
AiM GGM_EXTEND 8 0x80000000 4 33 33 128 8 16 5
AiM GGM_EXTEND 8 0x80000000 6 33 33 128 8 16 7
AiM GGM_EXTEND 8 0x80000000 8 33 33 128 8 16 9
AiM GGM_EXTEND 8 0x80000000 10 33 33 128 8 16 11
AiM GGM_EXTEND 8 0x80000000 12 33 33 128 8 16 13
AiM GGM_EXTEND 8 0x80000000 14 33 33 128 8 16 15
AiM GGM_EXTEND 8 0x80000000 6 34 34 128 8 16 7
AiM GGM_EXTEND 8 0x80000000 8 34 34 128 8 16 9
AiM GGM_EXTEND 8 0x80000000 10 34 34 128 8 16 11
AiM GGM_EXTEND 8 0x80000000 12 34 34 128 8 16 13
AiM GGM_EXTEND 8 0x80000000 14 34 34 128 8 16 15
AiM GGM_EXTEND 8 0x80000000 0 34 34 128 8 16 1
AiM GGM_EXTEND 8 0x80000000 2 34 34 128 8 16 3
AiM GGM_EXTEND 8 0x80000000 4 34 34 128 8 16 5
AiM GGM_EXTEND 8 0x80000000 6 35 35 128 8 16 7
AiM GGM_EXTEND 8 0x80000000 8 35 35 128 8 16 9
AiM GGM_EXTEND 8 0x80000000 10 35 35 128 8 16 11
AiM GGM_EXTEND 8 0x80000000 12 35 35 128 8 16 13
AiM GGM_EXTEND 8 0x80000000 14 35 35 128 8 16 15
AiM GGM_EXTEND 8 0x80000000 0 35 35 128 8 16 1
AiM GGM_EXTEND 8 0x80000000 2 35 35 128 8 16 3
AiM GGM_EXTEND 8 0x80000000 4 35 35 128 8 16 5
AiM GGM_EXTEND 8 0x80000000 12 36 36 128 8 16 13
AiM GGM_EXTEND 8 0x80000000 14 36 36 128 8 16 15
AiM GGM_EXTEND 8 0x80000000 0 36 36 128 8 16 1
AiM GGM_EXTEND 8 0x80000000 2 36 36 128 8 16 3
AiM GGM_EXTEND 8 0x80000000 4 36 36 128 8 16 5
AiM GGM_EXTEND 8 0x80000000 6 36 36 128 8 16 7
AiM GGM_EXTEND 8 0x80000000 8 36 36 128 8 16 9
AiM GGM_EXTEND 8 0x80000000 10 36 36 128 8 16 11
AiM GGM_EXTEND 8 0x80000000 12 37 37 128 8 16 13
AiM GGM_EXTEND 8 0x80000000 14 37 37 128 8 16 15
AiM GGM_EXTEND 8 0x80000000 0 37 37 128 8 16 1
AiM GGM_EXTEND 8 0x80000000 2 37 37 128 8 16 3
AiM GGM_EXTEND 8 0x80000000 4 37 37 128 8 16 5
AiM GGM_EXTEND 8 0x80000000 6 37 37 128 8 16 7
AiM GGM_EXTEND 8 0x80000000 8 37 37 128 8 16 9
AiM GGM_EXTEND 8 0x80000000 10 37 37 128 8 16 11
AiM GGM_EXTEND 8 0x80000000 2 38 38 128 8 16 3
AiM GGM_EXTEND 8 0x80000000 4 38 38 128 8 16 5
AiM GGM_EXTEND 8 0x80000000 6 38 38 128 8 16 7
AiM GGM_EXTEND 8 0x80000000 8 38 38 128 8 16 9
AiM GGM_EXTEND 8 0x80000000 10 38 38 128 8 16 11
AiM GGM_EXTEND 8 0x80000000 12 38 38 128 8 16 13
AiM GGM_EXTEND 8 0x80000000 14 38 38 128 8 16 15
AiM GGM_EXTEND 8 0x80000000 0 38 38 128 8 16 1
AiM GGM_EXTEND 8 0x80000000 2 39 39 128 8 16 3
AiM GGM_EXTEND 8 0x80000000 4 39 39 128 8 16 5
AiM GGM_EXTEND 8 0x80000000 6 39 39 128 8 16 7
AiM GGM_EXTEND 8 0x80000000 8 39 39 128 8 16 9
AiM GGM_EXTEND 8 0x80000000 10 39 39 128 8 16 11
AiM GGM_EXTEND 8 0x80000000 12 39 39 128 8 16 13
AiM GGM_EXTEND 8 0x80000000 14 39 39 128 8 16 15
AiM GGM_EXTEND 8 0x80000000 0 39 39 128 8 16 1
AiM GGM_EXTEND 8 0x80000000 1 40 40 128 0 0 0
AiM GGM_EXTEND 8 0x80000000 3 40 40 128 0 0 2
AiM GGM_EXTEND 8 0x80000000 5 40 40 128 0 0 4
AiM GGM_EXTEND 8 0x80000000 7 40 40 128 0 0 6
AiM GGM_EXTEND 8 0x80000000 9 40 40 128 0 0 8
AiM GGM_EXTEND 8 0x80000000 11 40 40 128 0 0 10
AiM GGM_EXTEND 8 0x80000000 13 40 40 128 0 0 12
AiM GGM_EXTEND 8 0x80000000 15 40 40 128 0 0 14
AiM GGM_EXTEND 8 0x80000000 1 41 41 128 0 0 0
AiM GGM_EXTEND 8 0x80000000 3 41 41 128 0 0 2
AiM GGM_EXTEND 8 0x80000000 5 41 41 128 0 0 4
AiM GGM_EXTEND 8 0x80000000 7 41 41 128 0 0 6
AiM GGM_EXTEND 8 0x80000000 9 41 41 128 0 0 8
AiM GGM_EXTEND 8 0x80000000 11 41 41 128 0 0 10
AiM GGM_EXTEND 8 0x80000000 13 41 41 128 0 0 12
AiM GGM_EXTEND 8 0x80000000 15 41 41 128 0 0 14
AiM GGM_EXTEND 8 0x80000000 7 42 42 128 0 0 6
AiM GGM_EXTEND 8 0x80000000 9 42 42 128 0 0 8
AiM GGM_EXTEND 8 0x80000000 11 42 42 128 0 0 10
AiM GGM_EXTEND 8 0x80000000 13 42 42 128 0 0 12
AiM GGM_EXTEND 8 0x80000000 15 42 42 128 0 0 14
AiM GGM_EXTEND 8 0x80000000 1 42 42 128 0 0 0
AiM GGM_EXTEND 8 0x80000000 3 42 42 128 0 0 2
AiM GGM_EXTEND 8 0x80000000 5 42 42 128 0 0 4
AiM GGM_EXTEND 8 0x80000000 7 43 43 128 0 0 6
AiM GGM_EXTEND 8 0x80000000 9 43 43 128 0 0 8
AiM GGM_EXTEND 8 0x80000000 11 43 43 128 0 0 10
AiM GGM_EXTEND 8 0x80000000 13 43 43 128 0 0 12
AiM GGM_EXTEND 8 0x80000000 15 43 43 128 0 0 14
AiM GGM_EXTEND 8 0x80000000 1 43 43 128 0 0 0
AiM GGM_EXTEND 8 0x80000000 3 43 43 128 0 0 2
AiM GGM_EXTEND 8 0x80000000 5 43 43 128 0 0 4
AiM GGM_EXTEND 8 0x80000000 13 44 44 128 0 0 12
AiM GGM_EXTEND 8 0x80000000 15 44 44 128 0 0 14
AiM GGM_EXTEND 8 0x80000000 1 44 44 128 0 0 0
AiM GGM_EXTEND 8 0x80000000 3 44 44 128 0 0 2
AiM GGM_EXTEND 8 0x80000000 5 44 44 128 0 0 4
AiM GGM_EXTEND 8 0x80000000 7 44 44 128 0 0 6
AiM GGM_EXTEND 8 0x80000000 9 44 44 128 0 0 8
AiM GGM_EXTEND 8 0x80000000 11 44 44 128 0 0 10
AiM GGM_EXTEND 8 0x80000000 13 45 45 128 0 0 12
AiM GGM_EXTEND 8 0x80000000 15 45 45 128 0 0 14
AiM GGM_EXTEND 8 0x80000000 1 45 45 128 0 0 0
AiM GGM_EXTEND 8 0x80000000 3 45 45 128 0 0 2
AiM GGM_EXTEND 8 0x80000000 5 45 45 128 0 0 4
AiM GGM_EXTEND 8 0x80000000 7 45 45 128 0 0 6
AiM GGM_EXTEND 8 0x80000000 9 45 45 128 0 0 8
AiM GGM_EXTEND 8 0x80000000 11 45 45 128 0 0 10
AiM GGM_EXTEND 8 0x80000000 3 46 46 128 0 0 2
AiM GGM_EXTEND 8 0x80000000 5 46 46 128 0 0 4
AiM GGM_EXTEND 8 0x80000000 7 46 46 128 0 0 6
AiM GGM_EXTEND 8 0x80000000 9 46 46 128 0 0 8
AiM GGM_EXTEND 8 0x80000000 11 46 46 128 0 0 10
AiM GGM_EXTEND 8 0x80000000 13 46 46 128 0 0 12
AiM GGM_EXTEND 8 0x80000000 15 46 46 128 0 0 14
AiM GGM_EXTEND 8 0x80000000 1 46 46 128 0 0 0
AiM GGM_EXTEND 8 0x80000000 3 47 47 128 0 0 2
AiM GGM_EXTEND 8 0x80000000 5 47 47 128 0 0 4
AiM GGM_EXTEND 8 0x80000000 7 47 47 128 0 0 6
AiM GGM_EXTEND 8 0x80000000 9 47 47 128 0 0 8
AiM GGM_EXTEND 8 0x80000000 11 47 47 128 0 0 10
AiM GGM_EXTEND 8 0x80000000 13 47 47 128 0 0 12
AiM GGM_EXTEND 8 0x80000000 15 47 47 128 0 0 14
AiM GGM_EXTEND 8 0x80000000 1 47 47 128 0 0 0
AiM GGM_EXTEND 8 0x80000000 1 40 40 128 8 16 0
AiM GGM_EXTEND 8 0x80000000 3 40 40 128 8 16 2
AiM GGM_EXTEND 8 0x80000000 5 40 40 128 8 16 4
AiM GGM_EXTEND 8 0x80000000 7 40 40 128 8 16 6
AiM GGM_EXTEND 8 0x80000000 9 40 40 128 8 16 8
AiM GGM_EXTEND 8 0x80000000 11 40 40 128 8 16 10
AiM GGM_EXTEND 8 0x80000000 13 40 40 128 8 16 12
AiM GGM_EXTEND 8 0x80000000 15 40 40 128 8 16 14
AiM GGM_EXTEND 8 0x80000000 1 41 41 128 8 16 0
AiM GGM_EXTEND 8 0x80000000 3 41 41 128 8 16 2
AiM GGM_EXTEND 8 0x80000000 5 41 41 128 8 16 4
AiM GGM_EXTEND 8 0x80000000 7 41 41 128 8 16 6
AiM GGM_EXTEND 8 0x80000000 9 41 41 128 8 16 8
AiM GGM_EXTEND 8 0x80000000 11 41 41 128 8 16 10
AiM GGM_EXTEND 8 0x80000000 13 41 41 128 8 16 12
AiM GGM_EXTEND 8 0x80000000 15 41 41 128 8 16 14
AiM GGM_EXTEND 8 0x80000000 7 42 42 128 8 16 6
AiM GGM_EXTEND 8 0x80000000 9 42 42 128 8 16 8
AiM GGM_EXTEND 8 0x80000000 11 42 42 128 8 16 10
AiM GGM_EXTEND 8 0x80000000 13 42 42 128 8 16 12
AiM GGM_EXTEND 8 0x80000000 15 42 42 128 8 16 14
AiM GGM_EXTEND 8 0x80000000 1 42 42 128 8 16 0
AiM GGM_EXTEND 8 0x80000000 3 42 42 128 8 16 2
AiM GGM_EXTEND 8 0x80000000 5 42 42 128 8 16 4
AiM GGM_EXTEND 8 0x80000000 7 43 43 128 8 16 6
AiM GGM_EXTEND 8 0x80000000 9 43 43 128 8 16 8
AiM GGM_EXTEND 8 0x80000000 11 43 43 128 8 16 10
AiM GGM_EXTEND 8 0x80000000 13 43 43 128 8 16 12
AiM GGM_EXTEND 8 0x80000000 15 43 43 128 8 16 14
AiM GGM_EXTEND 8 0x80000000 1 43 43 128 8 16 0
AiM GGM_EXTEND 8 0x80000000 3 43 43 128 8 16 2
AiM GGM_EXTEND 8 0x80000000 5 43 43 128 8 16 4
AiM GGM_EXTEND 8 0x80000000 13 44 44 128 8 16 12
AiM GGM_EXTEND 8 0x80000000 15 44 44 128 8 16 14
AiM GGM_EXTEND 8 0x80000000 1 44 44 128 8 16 0
AiM GGM_EXTEND 8 0x80000000 3 44 44 128 8 16 2
AiM GGM_EXTEND 8 0x80000000 5 44 44 128 8 16 4
AiM GGM_EXTEND 8 0x80000000 7 44 44 128 8 16 6
AiM GGM_EXTEND 8 0x80000000 9 44 44 128 8 16 8
AiM GGM_EXTEND 8 0x80000000 11 44 44 128 8 16 10
AiM GGM_EXTEND 8 0x80000000 13 45 45 128 8 16 12
AiM GGM_EXTEND 8 0x80000000 15 45 45 128 8 16 14
AiM GGM_EXTEND 8 0x80000000 1 45 45 128 8 16 0
AiM GGM_EXTEND 8 0x80000000 3 45 45 128 8 16 2
AiM GGM_EXTEND 8 0x80000000 5 45 45 128 8 16 4
AiM GGM_EXTEND 8 0x80000000 7 45 45 128 8 16 6
AiM GGM_EXTEND 8 0x80000000 9 45 45 128 8 16 8
AiM GGM_EXTEND 8 0x80000000 11 45 45 128 8 16 10
AiM GGM_EXTEND 8 0x80000000 3 46 46 128 8 16 2
AiM GGM_EXTEND 8 0x80000000 5 46 46 128 8 16 4
AiM GGM_EXTEND 8 0x80000000 7 46 46 128 8 16 6
AiM GGM_EXTEND 8 0x80000000 9 46 46 128 8 16 8
AiM GGM_EXTEND 8 0x80000000 11 46 46 128 8 16 10
AiM GGM_EXTEND 8 0x80000000 13 46 46 128 8 16 12
AiM GGM_EXTEND 8 0x80000000 15 46 46 128 8 16 14
AiM GGM_EXTEND 8 0x80000000 1 46 46 128 8 16 0
AiM GGM_EXTEND 8 0x80000000 3 47 47 128 8 16 2
AiM GGM_EXTEND 8 0x80000000 5 47 47 128 8 16 4
AiM GGM_EXTEND 8 0x80000000 7 47 47 128 8 16 6
AiM GGM_EXTEND 8 0x80000000 9 47 47 128 8 16 8
AiM GGM_EXTEND 8 0x80000000 11 47 47 128 8 16 10
AiM GGM_EXTEND 8 0x80000000 13 47 47 128 8 16 12
AiM GGM_EXTEND 8 0x80000000 15 47 47 128 8 16 14
AiM GGM_EXTEND 8 0x80000000 1 47 47 128 8 16 0
AiM GGM_EXTEND 8 0x80000000 1 40 40 128 16 32 0
AiM GGM_EXTEND 8 0x80000000 3 40 40 128 16 32 2
AiM GGM_EXTEND 8 0x80000000 5 40 40 128 16 32 4
AiM GGM_EXTEND 8 0x80000000 7 40 40 128 16 32 6
AiM GGM_EXTEND 8 0x80000000 9 40 40 128 16 32 8
AiM GGM_EXTEND 8 0x80000000 11 40 40 128 16 32 10
AiM GGM_EXTEND 8 0x80000000 13 40 40 128 16 32 12
AiM GGM_EXTEND 8 0x80000000 15 40 40 128 16 32 14
AiM GGM_EXTEND 8 0x80000000 1 41 41 128 16 32 0
AiM GGM_EXTEND 8 0x80000000 3 41 41 128 16 32 2
AiM GGM_EXTEND 8 0x80000000 5 41 41 128 16 32 4
AiM GGM_EXTEND 8 0x80000000 7 41 41 128 16 32 6
AiM GGM_EXTEND 8 0x80000000 9 41 41 128 16 32 8
AiM GGM_EXTEND 8 0x80000000 11 41 41 128 16 32 10
AiM GGM_EXTEND 8 0x80000000 13 41 41 128 16 32 12
AiM GGM_EXTEND 8 0x80000000 15 41 41 128 16 32 14
AiM GGM_EXTEND 8 0x80000000 7 42 42 128 16 32 6
AiM GGM_EXTEND 8 0x80000000 9 42 42 128 16 32 8
AiM GGM_EXTEND 8 0x80000000 11 42 42 128 16 32 10
AiM GGM_EXTEND 8 0x80000000 13 42 42 128 16 32 12
AiM GGM_EXTEND 8 0x80000000 15 42 42 128 16 32 14
AiM GGM_EXTEND 8 0x80000000 1 42 42 128 16 32 0
AiM GGM_EXTEND 8 0x80000000 3 42 42 128 16 32 2
AiM GGM_EXTEND 8 0x80000000 5 42 42 128 16 32 4
AiM GGM_EXTEND 8 0x80000000 7 43 43 128 16 32 6
AiM GGM_EXTEND 8 0x80000000 9 43 43 128 16 32 8
AiM GGM_EXTEND 8 0x80000000 11 43 43 128 16 32 10
AiM GGM_EXTEND 8 0x80000000 13 43 43 128 16 32 12
AiM GGM_EXTEND 8 0x80000000 15 43 43 128 16 32 14
AiM GGM_EXTEND 8 0x80000000 1 43 43 128 16 32 0
AiM GGM_EXTEND 8 0x80000000 3 43 43 128 16 32 2
AiM GGM_EXTEND 8 0x80000000 5 43 43 128 16 32 4
AiM GGM_EXTEND 8 0x80000000 13 44 44 128 16 32 12
AiM GGM_EXTEND 8 0x80000000 15 44 44 128 16 32 14
AiM GGM_EXTEND 8 0x80000000 1 44 44 128 16 32 0
AiM GGM_EXTEND 8 0x80000000 3 44 44 128 16 32 2
AiM GGM_EXTEND 8 0x80000000 5 44 44 128 16 32 4
AiM GGM_EXTEND 8 0x80000000 7 44 44 128 16 32 6
AiM GGM_EXTEND 8 0x80000000 9 44 44 128 16 32 8
AiM GGM_EXTEND 8 0x80000000 11 44 44 128 16 32 10
AiM GGM_EXTEND 8 0x80000000 13 45 45 128 16 32 12
AiM GGM_EXTEND 8 0x80000000 15 45 45 128 16 32 14
AiM GGM_EXTEND 8 0x80000000 1 45 45 128 16 32 0
AiM GGM_EXTEND 8 0x80000000 3 45 45 128 16 32 2
AiM GGM_EXTEND 8 0x80000000 5 45 45 128 16 32 4
AiM GGM_EXTEND 8 0x80000000 7 45 45 128 16 32 6
AiM GGM_EXTEND 8 0x80000000 9 45 45 128 16 32 8
AiM GGM_EXTEND 8 0x80000000 11 45 45 128 16 32 10
AiM GGM_EXTEND 8 0x80000000 3 46 46 128 16 32 2
AiM GGM_EXTEND 8 0x80000000 5 46 46 128 16 32 4
AiM GGM_EXTEND 8 0x80000000 7 46 46 128 16 32 6
AiM GGM_EXTEND 8 0x80000000 9 46 46 128 16 32 8
AiM GGM_EXTEND 8 0x80000000 11 46 46 128 16 32 10
AiM GGM_EXTEND 8 0x80000000 13 46 46 128 16 32 12
AiM GGM_EXTEND 8 0x80000000 15 46 46 128 16 32 14
AiM GGM_EXTEND 8 0x80000000 1 46 46 128 16 32 0
AiM GGM_EXTEND 8 0x80000000 3 47 47 128 16 32 2
AiM GGM_EXTEND 8 0x80000000 5 47 47 128 16 32 4
AiM GGM_EXTEND 8 0x80000000 7 47 47 128 16 32 6
AiM GGM_EXTEND 8 0x80000000 9 47 47 128 16 32 8
AiM GGM_EXTEND 8 0x80000000 11 47 47 128 16 32 10
AiM GGM_EXTEND 8 0x80000000 13 47 47 128 16 32 12
AiM GGM_EXTEND 8 0x80000000 15 47 47 128 16 32 14
AiM GGM_EXTEND 8 0x80000000 1 47 47 128 16 32 0
AiM GGM_EXTEND 8 0x80000000 1 40 40 128 24 48 0
AiM GGM_EXTEND 8 0x80000000 3 40 40 128 24 48 2
AiM GGM_EXTEND 8 0x80000000 5 40 40 128 24 48 4
AiM GGM_EXTEND 8 0x80000000 7 40 40 128 24 48 6
AiM GGM_EXTEND 8 0x80000000 9 40 40 128 24 48 8
AiM GGM_EXTEND 8 0x80000000 11 40 40 128 24 48 10
AiM GGM_EXTEND 8 0x80000000 13 40 40 128 24 48 12
AiM GGM_EXTEND 8 0x80000000 15 40 40 128 24 48 14
AiM GGM_EXTEND 8 0x80000000 1 41 41 128 24 48 0
AiM GGM_EXTEND 8 0x80000000 3 41 41 128 24 48 2
AiM GGM_EXTEND 8 0x80000000 5 41 41 128 24 48 4
AiM GGM_EXTEND 8 0x80000000 7 41 41 128 24 48 6
AiM GGM_EXTEND 8 0x80000000 9 41 41 128 24 48 8
AiM GGM_EXTEND 8 0x80000000 11 41 41 128 24 48 10
AiM GGM_EXTEND 8 0x80000000 13 41 41 128 24 48 12
AiM GGM_EXTEND 8 0x80000000 15 41 41 128 24 48 14
AiM GGM_EXTEND 8 0x80000000 7 42 42 128 24 48 6
AiM GGM_EXTEND 8 0x80000000 9 42 42 128 24 48 8
AiM GGM_EXTEND 8 0x80000000 11 42 42 128 24 48 10
AiM GGM_EXTEND 8 0x80000000 13 42 42 128 24 48 12
AiM GGM_EXTEND 8 0x80000000 15 42 42 128 24 48 14
AiM GGM_EXTEND 8 0x80000000 1 42 42 128 24 48 0
AiM GGM_EXTEND 8 0x80000000 3 42 42 128 24 48 2
AiM GGM_EXTEND 8 0x80000000 5 42 42 128 24 48 4
AiM GGM_EXTEND 8 0x80000000 7 43 43 128 24 48 6
AiM GGM_EXTEND 8 0x80000000 9 43 43 128 24 48 8
AiM GGM_EXTEND 8 0x80000000 11 43 43 128 24 48 10
AiM GGM_EXTEND 8 0x80000000 13 43 43 128 24 48 12
AiM GGM_EXTEND 8 0x80000000 15 43 43 128 24 48 14
AiM GGM_EXTEND 8 0x80000000 1 43 43 128 24 48 0
AiM GGM_EXTEND 8 0x80000000 3 43 43 128 24 48 2
AiM GGM_EXTEND 8 0x80000000 5 43 43 128 24 48 4
AiM GGM_EXTEND 8 0x80000000 13 44 44 128 24 48 12
AiM GGM_EXTEND 8 0x80000000 15 44 44 128 24 48 14
AiM GGM_EXTEND 8 0x80000000 1 44 44 128 24 48 0
AiM GGM_EXTEND 8 0x80000000 3 44 44 128 24 48 2
AiM GGM_EXTEND 8 0x80000000 5 44 44 128 24 48 4
AiM GGM_EXTEND 8 0x80000000 7 44 44 128 24 48 6
AiM GGM_EXTEND 8 0x80000000 9 44 44 128 24 48 8
AiM GGM_EXTEND 8 0x80000000 11 44 44 128 24 48 10
AiM GGM_EXTEND 8 0x80000000 13 45 45 128 24 48 12
AiM GGM_EXTEND 8 0x80000000 15 45 45 128 24 48 14
AiM GGM_EXTEND 8 0x80000000 1 45 45 128 24 48 0
AiM GGM_EXTEND 8 0x80000000 3 45 45 128 24 48 2
AiM GGM_EXTEND 8 0x80000000 5 45 45 128 24 48 4
AiM GGM_EXTEND 8 0x80000000 7 45 45 128 24 48 6
AiM GGM_EXTEND 8 0x80000000 9 45 45 128 24 48 8
AiM GGM_EXTEND 8 0x80000000 11 45 45 128 24 48 10
AiM GGM_EXTEND 8 0x80000000 3 46 46 128 24 48 2
AiM GGM_EXTEND 8 0x80000000 5 46 46 128 24 48 4
AiM GGM_EXTEND 8 0x80000000 7 46 46 128 24 48 6
AiM GGM_EXTEND 8 0x80000000 9 46 46 128 24 48 8
AiM GGM_EXTEND 8 0x80000000 11 46 46 128 24 48 10
AiM GGM_EXTEND 8 0x80000000 13 46 46 128 24 48 12
AiM GGM_EXTEND 8 0x80000000 15 46 46 128 24 48 14
AiM GGM_EXTEND 8 0x80000000 1 46 46 128 24 48 0
AiM GGM_EXTEND 8 0x80000000 3 47 47 128 24 48 2
AiM GGM_EXTEND 8 0x80000000 5 47 47 128 24 48 4
AiM GGM_EXTEND 8 0x80000000 7 47 47 128 24 48 6
AiM GGM_EXTEND 8 0x80000000 9 47 47 128 24 48 8
AiM GGM_EXTEND 8 0x80000000 11 47 47 128 24 48 10
AiM GGM_EXTEND 8 0x80000000 13 47 47 128 24 48 12
AiM GGM_EXTEND 8 0x80000000 15 47 47 128 24 48 14
AiM GGM_EXTEND 8 0x80000000 1 47 47 128 24 48 0
AiM GGM_EXTEND 8 0x80000000 0 48 48 128 0 0 1
AiM GGM_EXTEND 8 0x80000000 2 48 48 128 0 0 3
AiM GGM_EXTEND 8 0x80000000 4 48 48 128 0 0 5
AiM GGM_EXTEND 8 0x80000000 6 48 48 128 0 0 7
AiM GGM_EXTEND 8 0x80000000 8 48 48 128 0 0 9
AiM GGM_EXTEND 8 0x80000000 10 48 48 128 0 0 11
AiM GGM_EXTEND 8 0x80000000 12 48 48 128 0 0 13
AiM GGM_EXTEND 8 0x80000000 14 48 48 128 0 0 15
AiM GGM_EXTEND 8 0x80000000 0 49 50 128 0 0 1
AiM GGM_EXTEND 8 0x80000000 2 49 50 128 0 0 3
AiM GGM_EXTEND 8 0x80000000 4 49 50 128 0 0 5
AiM GGM_EXTEND 8 0x80000000 6 49 50 128 0 0 7
AiM GGM_EXTEND 8 0x80000000 8 49 50 128 0 0 9
AiM GGM_EXTEND 8 0x80000000 10 49 50 128 0 0 11
AiM GGM_EXTEND 8 0x80000000 12 49 50 128 0 0 13
AiM GGM_EXTEND 8 0x80000000 14 49 50 128 0 0 15
AiM GGM_EXTEND 8 0x80000000 6 50 52 128 0 0 7
AiM GGM_EXTEND 8 0x80000000 8 50 52 128 0 0 9
AiM GGM_EXTEND 8 0x80000000 10 50 52 128 0 0 11
AiM GGM_EXTEND 8 0x80000000 12 50 52 128 0 0 13
AiM GGM_EXTEND 8 0x80000000 14 50 52 128 0 0 15
AiM GGM_EXTEND 8 0x80000000 0 50 52 128 0 0 1
AiM GGM_EXTEND 8 0x80000000 2 50 52 128 0 0 3
AiM GGM_EXTEND 8 0x80000000 4 50 52 128 0 0 5
AiM GGM_EXTEND 8 0x80000000 6 51 54 128 0 0 7
AiM GGM_EXTEND 8 0x80000000 8 51 54 128 0 0 9
AiM GGM_EXTEND 8 0x80000000 10 51 54 128 0 0 11
AiM GGM_EXTEND 8 0x80000000 12 51 54 128 0 0 13
AiM GGM_EXTEND 8 0x80000000 14 51 54 128 0 0 15
AiM GGM_EXTEND 8 0x80000000 0 51 54 128 0 0 1
AiM GGM_EXTEND 8 0x80000000 2 51 54 128 0 0 3
AiM GGM_EXTEND 8 0x80000000 4 51 54 128 0 0 5
AiM GGM_EXTEND 8 0x80000000 12 52 56 128 0 0 13
AiM GGM_EXTEND 8 0x80000000 14 52 56 128 0 0 15
AiM GGM_EXTEND 8 0x80000000 0 52 56 128 0 0 1
AiM GGM_EXTEND 8 0x80000000 2 52 56 128 0 0 3
AiM GGM_EXTEND 8 0x80000000 4 52 56 128 0 0 5
AiM GGM_EXTEND 8 0x80000000 6 52 56 128 0 0 7
AiM GGM_EXTEND 8 0x80000000 8 52 56 128 0 0 9
AiM GGM_EXTEND 8 0x80000000 10 52 56 128 0 0 11
AiM GGM_EXTEND 8 0x80000000 12 53 58 128 0 0 13
AiM GGM_EXTEND 8 0x80000000 14 53 58 128 0 0 15
AiM GGM_EXTEND 8 0x80000000 0 53 58 128 0 0 1
AiM GGM_EXTEND 8 0x80000000 2 53 58 128 0 0 3
AiM GGM_EXTEND 8 0x80000000 4 53 58 128 0 0 5
AiM GGM_EXTEND 8 0x80000000 6 53 58 128 0 0 7
AiM GGM_EXTEND 8 0x80000000 8 53 58 128 0 0 9
AiM GGM_EXTEND 8 0x80000000 10 53 58 128 0 0 11
AiM GGM_EXTEND 8 0x80000000 2 54 60 128 0 0 3
AiM GGM_EXTEND 8 0x80000000 4 54 60 128 0 0 5
AiM GGM_EXTEND 8 0x80000000 6 54 60 128 0 0 7
AiM GGM_EXTEND 8 0x80000000 8 54 60 128 0 0 9
AiM GGM_EXTEND 8 0x80000000 10 54 60 128 0 0 11
AiM GGM_EXTEND 8 0x80000000 12 54 60 128 0 0 13
AiM GGM_EXTEND 8 0x80000000 14 54 60 128 0 0 15
AiM GGM_EXTEND 8 0x80000000 0 54 60 128 0 0 1
AiM GGM_EXTEND 8 0x80000000 2 55 62 128 0 0 3
AiM GGM_EXTEND 8 0x80000000 4 55 62 128 0 0 5
AiM GGM_EXTEND 8 0x80000000 6 55 62 128 0 0 7
AiM GGM_EXTEND 8 0x80000000 8 55 62 128 0 0 9
AiM GGM_EXTEND 8 0x80000000 10 55 62 128 0 0 11
AiM GGM_EXTEND 8 0x80000000 12 55 62 128 0 0 13
AiM GGM_EXTEND 8 0x80000000 14 55 62 128 0 0 15
AiM GGM_EXTEND 8 0x80000000 0 55 62 128 0 0 1
AiM GGM_EXTEND 8 0x80000000 0 48 48 128 8 16 1
AiM GGM_EXTEND 8 0x80000000 2 48 48 128 8 16 3
AiM GGM_EXTEND 8 0x80000000 4 48 48 128 8 16 5
AiM GGM_EXTEND 8 0x80000000 6 48 48 128 8 16 7
AiM GGM_EXTEND 8 0x80000000 8 48 48 128 8 16 9
AiM GGM_EXTEND 8 0x80000000 10 48 48 128 8 16 11
AiM GGM_EXTEND 8 0x80000000 12 48 48 128 8 16 13
AiM GGM_EXTEND 8 0x80000000 14 48 48 128 8 16 15
AiM GGM_EXTEND 8 0x80000000 0 49 50 128 8 16 1
AiM GGM_EXTEND 8 0x80000000 2 49 50 128 8 16 3
AiM GGM_EXTEND 8 0x80000000 4 49 50 128 8 16 5
AiM GGM_EXTEND 8 0x80000000 6 49 50 128 8 16 7
AiM GGM_EXTEND 8 0x80000000 8 49 50 128 8 16 9
AiM GGM_EXTEND 8 0x80000000 10 49 50 128 8 16 11
AiM GGM_EXTEND 8 0x80000000 12 49 50 128 8 16 13
AiM GGM_EXTEND 8 0x80000000 14 49 50 128 8 16 15
AiM GGM_EXTEND 8 0x80000000 6 50 52 128 8 16 7
AiM GGM_EXTEND 8 0x80000000 8 50 52 128 8 16 9
AiM GGM_EXTEND 8 0x80000000 10 50 52 128 8 16 11
AiM GGM_EXTEND 8 0x80000000 12 50 52 128 8 16 13
AiM GGM_EXTEND 8 0x80000000 14 50 52 128 8 16 15
AiM GGM_EXTEND 8 0x80000000 0 50 52 128 8 16 1
AiM GGM_EXTEND 8 0x80000000 2 50 52 128 8 16 3
AiM GGM_EXTEND 8 0x80000000 4 50 52 128 8 16 5
AiM GGM_EXTEND 8 0x80000000 6 51 54 128 8 16 7
AiM GGM_EXTEND 8 0x80000000 8 51 54 128 8 16 9
AiM GGM_EXTEND 8 0x80000000 10 51 54 128 8 16 11
AiM GGM_EXTEND 8 0x80000000 12 51 54 128 8 16 13
AiM GGM_EXTEND 8 0x80000000 14 51 54 128 8 16 15
AiM GGM_EXTEND 8 0x80000000 0 51 54 128 8 16 1
AiM GGM_EXTEND 8 0x80000000 2 51 54 128 8 16 3
AiM GGM_EXTEND 8 0x80000000 4 51 54 128 8 16 5
AiM GGM_EXTEND 8 0x80000000 12 52 56 128 8 16 13
AiM GGM_EXTEND 8 0x80000000 14 52 56 128 8 16 15
AiM GGM_EXTEND 8 0x80000000 0 52 56 128 8 16 1
AiM GGM_EXTEND 8 0x80000000 2 52 56 128 8 16 3
AiM GGM_EXTEND 8 0x80000000 4 52 56 128 8 16 5
AiM GGM_EXTEND 8 0x80000000 6 52 56 128 8 16 7
AiM GGM_EXTEND 8 0x80000000 8 52 56 128 8 16 9
AiM GGM_EXTEND 8 0x80000000 10 52 56 128 8 16 11
AiM GGM_EXTEND 8 0x80000000 12 53 58 128 8 16 13
AiM GGM_EXTEND 8 0x80000000 14 53 58 128 8 16 15
AiM GGM_EXTEND 8 0x80000000 0 53 58 128 8 16 1
AiM GGM_EXTEND 8 0x80000000 2 53 58 128 8 16 3
AiM GGM_EXTEND 8 0x80000000 4 53 58 128 8 16 5
AiM GGM_EXTEND 8 0x80000000 6 53 58 128 8 16 7
AiM GGM_EXTEND 8 0x80000000 8 53 58 128 8 16 9
AiM GGM_EXTEND 8 0x80000000 10 53 58 128 8 16 11
AiM GGM_EXTEND 8 0x80000000 2 54 60 128 8 16 3
AiM GGM_EXTEND 8 0x80000000 4 54 60 128 8 16 5
AiM GGM_EXTEND 8 0x80000000 6 54 60 128 8 16 7
AiM GGM_EXTEND 8 0x80000000 8 54 60 128 8 16 9
AiM GGM_EXTEND 8 0x80000000 10 54 60 128 8 16 11
AiM GGM_EXTEND 8 0x80000000 12 54 60 128 8 16 13
AiM GGM_EXTEND 8 0x80000000 14 54 60 128 8 16 15
AiM GGM_EXTEND 8 0x80000000 0 54 60 128 8 16 1
AiM GGM_EXTEND 8 0x80000000 2 55 62 128 8 16 3
AiM GGM_EXTEND 8 0x80000000 4 55 62 128 8 16 5
AiM GGM_EXTEND 8 0x80000000 6 55 62 128 8 16 7
AiM GGM_EXTEND 8 0x80000000 8 55 62 128 8 16 9
AiM GGM_EXTEND 8 0x80000000 10 55 62 128 8 16 11
AiM GGM_EXTEND 8 0x80000000 12 55 62 128 8 16 13
AiM GGM_EXTEND 8 0x80000000 14 55 62 128 8 16 15
AiM GGM_EXTEND 8 0x80000000 0 55 62 128 8 16 1
AiM GGM_EXTEND 8 0x80000000 0 48 48 128 16 32 1
AiM GGM_EXTEND 8 0x80000000 2 48 48 128 16 32 3
AiM GGM_EXTEND 8 0x80000000 4 48 48 128 16 32 5
AiM GGM_EXTEND 8 0x80000000 6 48 48 128 16 32 7
AiM GGM_EXTEND 8 0x80000000 8 48 48 128 16 32 9
AiM GGM_EXTEND 8 0x80000000 10 48 48 128 16 32 11
AiM GGM_EXTEND 8 0x80000000 12 48 48 128 16 32 13
AiM GGM_EXTEND 8 0x80000000 14 48 48 128 16 32 15
AiM GGM_EXTEND 8 0x80000000 0 49 50 128 16 32 1
AiM GGM_EXTEND 8 0x80000000 2 49 50 128 16 32 3
AiM GGM_EXTEND 8 0x80000000 4 49 50 128 16 32 5
AiM GGM_EXTEND 8 0x80000000 6 49 50 128 16 32 7
AiM GGM_EXTEND 8 0x80000000 8 49 50 128 16 32 9
AiM GGM_EXTEND 8 0x80000000 10 49 50 128 16 32 11
AiM GGM_EXTEND 8 0x80000000 12 49 50 128 16 32 13
AiM GGM_EXTEND 8 0x80000000 14 49 50 128 16 32 15
AiM GGM_EXTEND 8 0x80000000 6 50 52 128 16 32 7
AiM GGM_EXTEND 8 0x80000000 8 50 52 128 16 32 9
AiM GGM_EXTEND 8 0x80000000 10 50 52 128 16 32 11
AiM GGM_EXTEND 8 0x80000000 12 50 52 128 16 32 13
AiM GGM_EXTEND 8 0x80000000 14 50 52 128 16 32 15
AiM GGM_EXTEND 8 0x80000000 0 50 52 128 16 32 1
AiM GGM_EXTEND 8 0x80000000 2 50 52 128 16 32 3
AiM GGM_EXTEND 8 0x80000000 4 50 52 128 16 32 5
AiM GGM_EXTEND 8 0x80000000 6 51 54 128 16 32 7
AiM GGM_EXTEND 8 0x80000000 8 51 54 128 16 32 9
AiM GGM_EXTEND 8 0x80000000 10 51 54 128 16 32 11
AiM GGM_EXTEND 8 0x80000000 12 51 54 128 16 32 13
AiM GGM_EXTEND 8 0x80000000 14 51 54 128 16 32 15
AiM GGM_EXTEND 8 0x80000000 0 51 54 128 16 32 1
AiM GGM_EXTEND 8 0x80000000 2 51 54 128 16 32 3
AiM GGM_EXTEND 8 0x80000000 4 51 54 128 16 32 5
AiM GGM_EXTEND 8 0x80000000 12 52 56 128 16 32 13
AiM GGM_EXTEND 8 0x80000000 14 52 56 128 16 32 15
AiM GGM_EXTEND 8 0x80000000 0 52 56 128 16 32 1
AiM GGM_EXTEND 8 0x80000000 2 52 56 128 16 32 3
AiM GGM_EXTEND 8 0x80000000 4 52 56 128 16 32 5
AiM GGM_EXTEND 8 0x80000000 6 52 56 128 16 32 7
AiM GGM_EXTEND 8 0x80000000 8 52 56 128 16 32 9
AiM GGM_EXTEND 8 0x80000000 10 52 56 128 16 32 11
AiM GGM_EXTEND 8 0x80000000 12 53 58 128 16 32 13
AiM GGM_EXTEND 8 0x80000000 14 53 58 128 16 32 15
AiM GGM_EXTEND 8 0x80000000 0 53 58 128 16 32 1
AiM GGM_EXTEND 8 0x80000000 2 53 58 128 16 32 3
AiM GGM_EXTEND 8 0x80000000 4 53 58 128 16 32 5
AiM GGM_EXTEND 8 0x80000000 6 53 58 128 16 32 7
AiM GGM_EXTEND 8 0x80000000 8 53 58 128 16 32 9
AiM GGM_EXTEND 8 0x80000000 10 53 58 128 16 32 11
AiM GGM_EXTEND 8 0x80000000 2 54 60 128 16 32 3
AiM GGM_EXTEND 8 0x80000000 4 54 60 128 16 32 5
AiM GGM_EXTEND 8 0x80000000 6 54 60 128 16 32 7
AiM GGM_EXTEND 8 0x80000000 8 54 60 128 16 32 9
AiM GGM_EXTEND 8 0x80000000 10 54 60 128 16 32 11
AiM GGM_EXTEND 8 0x80000000 12 54 60 128 16 32 13
AiM GGM_EXTEND 8 0x80000000 14 54 60 128 16 32 15
AiM GGM_EXTEND 8 0x80000000 0 54 60 128 16 32 1
AiM GGM_EXTEND 8 0x80000000 2 55 62 128 16 32 3
AiM GGM_EXTEND 8 0x80000000 4 55 62 128 16 32 5
AiM GGM_EXTEND 8 0x80000000 6 55 62 128 16 32 7
AiM GGM_EXTEND 8 0x80000000 8 55 62 128 16 32 9
AiM GGM_EXTEND 8 0x80000000 10 55 62 128 16 32 11
AiM GGM_EXTEND 8 0x80000000 12 55 62 128 16 32 13
AiM GGM_EXTEND 8 0x80000000 14 55 62 128 16 32 15
AiM GGM_EXTEND 8 0x80000000 0 55 62 128 16 32 1
AiM GGM_EXTEND 8 0x80000000 0 48 48 128 24 48 1
AiM GGM_EXTEND 8 0x80000000 2 48 48 128 24 48 3
AiM GGM_EXTEND 8 0x80000000 4 48 48 128 24 48 5
AiM GGM_EXTEND 8 0x80000000 6 48 48 128 24 48 7
AiM GGM_EXTEND 8 0x80000000 8 48 48 128 24 48 9
AiM GGM_EXTEND 8 0x80000000 10 48 48 128 24 48 11
AiM GGM_EXTEND 8 0x80000000 12 48 48 128 24 48 13
AiM GGM_EXTEND 8 0x80000000 14 48 48 128 24 48 15
AiM GGM_EXTEND 8 0x80000000 0 49 50 128 24 48 1
AiM GGM_EXTEND 8 0x80000000 2 49 50 128 24 48 3
AiM GGM_EXTEND 8 0x80000000 4 49 50 128 24 48 5
AiM GGM_EXTEND 8 0x80000000 6 49 50 128 24 48 7
AiM GGM_EXTEND 8 0x80000000 8 49 50 128 24 48 9
AiM GGM_EXTEND 8 0x80000000 10 49 50 128 24 48 11
AiM GGM_EXTEND 8 0x80000000 12 49 50 128 24 48 13
AiM GGM_EXTEND 8 0x80000000 14 49 50 128 24 48 15
AiM GGM_EXTEND 8 0x80000000 6 50 52 128 24 48 7
AiM GGM_EXTEND 8 0x80000000 8 50 52 128 24 48 9
AiM GGM_EXTEND 8 0x80000000 10 50 52 128 24 48 11
AiM GGM_EXTEND 8 0x80000000 12 50 52 128 24 48 13
AiM GGM_EXTEND 8 0x80000000 14 50 52 128 24 48 15
AiM GGM_EXTEND 8 0x80000000 0 50 52 128 24 48 1
AiM GGM_EXTEND 8 0x80000000 2 50 52 128 24 48 3
AiM GGM_EXTEND 8 0x80000000 4 50 52 128 24 48 5
AiM GGM_EXTEND 8 0x80000000 6 51 54 128 24 48 7
AiM GGM_EXTEND 8 0x80000000 8 51 54 128 24 48 9
AiM GGM_EXTEND 8 0x80000000 10 51 54 128 24 48 11
AiM GGM_EXTEND 8 0x80000000 12 51 54 128 24 48 13
AiM GGM_EXTEND 8 0x80000000 14 51 54 128 24 48 15
AiM GGM_EXTEND 8 0x80000000 0 51 54 128 24 48 1
AiM GGM_EXTEND 8 0x80000000 2 51 54 128 24 48 3
AiM GGM_EXTEND 8 0x80000000 4 51 54 128 24 48 5
AiM GGM_EXTEND 8 0x80000000 12 52 56 128 24 48 13
AiM GGM_EXTEND 8 0x80000000 14 52 56 128 24 48 15
AiM GGM_EXTEND 8 0x80000000 0 52 56 128 24 48 1
AiM GGM_EXTEND 8 0x80000000 2 52 56 128 24 48 3
AiM GGM_EXTEND 8 0x80000000 4 52 56 128 24 48 5
AiM GGM_EXTEND 8 0x80000000 6 52 56 128 24 48 7
AiM GGM_EXTEND 8 0x80000000 8 52 56 128 24 48 9
AiM GGM_EXTEND 8 0x80000000 10 52 56 128 24 48 11
AiM GGM_EXTEND 8 0x80000000 12 53 58 128 24 48 13
AiM GGM_EXTEND 8 0x80000000 14 53 58 128 24 48 15
AiM GGM_EXTEND 8 0x80000000 0 53 58 128 24 48 1
AiM GGM_EXTEND 8 0x80000000 2 53 58 128 24 48 3
AiM GGM_EXTEND 8 0x80000000 4 53 58 128 24 48 5
AiM GGM_EXTEND 8 0x80000000 6 53 58 128 24 48 7
AiM GGM_EXTEND 8 0x80000000 8 53 58 128 24 48 9
AiM GGM_EXTEND 8 0x80000000 10 53 58 128 24 48 11
AiM GGM_EXTEND 8 0x80000000 2 54 60 128 24 48 3
AiM GGM_EXTEND 8 0x80000000 4 54 60 128 24 48 5
AiM GGM_EXTEND 8 0x80000000 6 54 60 128 24 48 7
AiM GGM_EXTEND 8 0x80000000 8 54 60 128 24 48 9
AiM GGM_EXTEND 8 0x80000000 10 54 60 128 24 48 11
AiM GGM_EXTEND 8 0x80000000 12 54 60 128 24 48 13
AiM GGM_EXTEND 8 0x80000000 14 54 60 128 24 48 15
AiM GGM_EXTEND 8 0x80000000 0 54 60 128 24 48 1
AiM GGM_EXTEND 8 0x80000000 2 55 62 128 24 48 3
AiM GGM_EXTEND 8 0x80000000 4 55 62 128 24 48 5
AiM GGM_EXTEND 8 0x80000000 6 55 62 128 24 48 7
AiM GGM_EXTEND 8 0x80000000 8 55 62 128 24 48 9
AiM GGM_EXTEND 8 0x80000000 10 55 62 128 24 48 11
AiM GGM_EXTEND 8 0x80000000 12 55 62 128 24 48 13
AiM GGM_EXTEND 8 0x80000000 14 55 62 128 24 48 15
AiM GGM_EXTEND 8 0x80000000 0 55 62 128 24 48 1
AiM GGM_EXTEND 8 0x80000000 0 48 49 128 32 0 1
AiM GGM_EXTEND 8 0x80000000 2 48 49 128 32 0 3
AiM GGM_EXTEND 8 0x80000000 4 48 49 128 32 0 5
AiM GGM_EXTEND 8 0x80000000 6 48 49 128 32 0 7
AiM GGM_EXTEND 8 0x80000000 8 48 49 128 32 0 9
AiM GGM_EXTEND 8 0x80000000 10 48 49 128 32 0 11
AiM GGM_EXTEND 8 0x80000000 12 48 49 128 32 0 13
AiM GGM_EXTEND 8 0x80000000 14 48 49 128 32 0 15
AiM GGM_EXTEND 8 0x80000000 0 49 51 128 32 0 1
AiM GGM_EXTEND 8 0x80000000 2 49 51 128 32 0 3
AiM GGM_EXTEND 8 0x80000000 4 49 51 128 32 0 5
AiM GGM_EXTEND 8 0x80000000 6 49 51 128 32 0 7
AiM GGM_EXTEND 8 0x80000000 8 49 51 128 32 0 9
AiM GGM_EXTEND 8 0x80000000 10 49 51 128 32 0 11
AiM GGM_EXTEND 8 0x80000000 12 49 51 128 32 0 13
AiM GGM_EXTEND 8 0x80000000 14 49 51 128 32 0 15
AiM GGM_EXTEND 8 0x80000000 6 50 53 128 32 0 7
AiM GGM_EXTEND 8 0x80000000 8 50 53 128 32 0 9
AiM GGM_EXTEND 8 0x80000000 10 50 53 128 32 0 11
AiM GGM_EXTEND 8 0x80000000 12 50 53 128 32 0 13
AiM GGM_EXTEND 8 0x80000000 14 50 53 128 32 0 15
AiM GGM_EXTEND 8 0x80000000 0 50 53 128 32 0 1
AiM GGM_EXTEND 8 0x80000000 2 50 53 128 32 0 3
AiM GGM_EXTEND 8 0x80000000 4 50 53 128 32 0 5
AiM GGM_EXTEND 8 0x80000000 6 51 55 128 32 0 7
AiM GGM_EXTEND 8 0x80000000 8 51 55 128 32 0 9
AiM GGM_EXTEND 8 0x80000000 10 51 55 128 32 0 11
AiM GGM_EXTEND 8 0x80000000 12 51 55 128 32 0 13
AiM GGM_EXTEND 8 0x80000000 14 51 55 128 32 0 15
AiM GGM_EXTEND 8 0x80000000 0 51 55 128 32 0 1
AiM GGM_EXTEND 8 0x80000000 2 51 55 128 32 0 3
AiM GGM_EXTEND 8 0x80000000 4 51 55 128 32 0 5
AiM GGM_EXTEND 8 0x80000000 12 52 57 128 32 0 13
AiM GGM_EXTEND 8 0x80000000 14 52 57 128 32 0 15
AiM GGM_EXTEND 8 0x80000000 0 52 57 128 32 0 1
AiM GGM_EXTEND 8 0x80000000 2 52 57 128 32 0 3
AiM GGM_EXTEND 8 0x80000000 4 52 57 128 32 0 5
AiM GGM_EXTEND 8 0x80000000 6 52 57 128 32 0 7
AiM GGM_EXTEND 8 0x80000000 8 52 57 128 32 0 9
AiM GGM_EXTEND 8 0x80000000 10 52 57 128 32 0 11
AiM GGM_EXTEND 8 0x80000000 12 53 59 128 32 0 13
AiM GGM_EXTEND 8 0x80000000 14 53 59 128 32 0 15
AiM GGM_EXTEND 8 0x80000000 0 53 59 128 32 0 1
AiM GGM_EXTEND 8 0x80000000 2 53 59 128 32 0 3
AiM GGM_EXTEND 8 0x80000000 4 53 59 128 32 0 5
AiM GGM_EXTEND 8 0x80000000 6 53 59 128 32 0 7
AiM GGM_EXTEND 8 0x80000000 8 53 59 128 32 0 9
AiM GGM_EXTEND 8 0x80000000 10 53 59 128 32 0 11
AiM GGM_EXTEND 8 0x80000000 2 54 61 128 32 0 3
AiM GGM_EXTEND 8 0x80000000 4 54 61 128 32 0 5
AiM GGM_EXTEND 8 0x80000000 6 54 61 128 32 0 7
AiM GGM_EXTEND 8 0x80000000 8 54 61 128 32 0 9
AiM GGM_EXTEND 8 0x80000000 10 54 61 128 32 0 11
AiM GGM_EXTEND 8 0x80000000 12 54 61 128 32 0 13
AiM GGM_EXTEND 8 0x80000000 14 54 61 128 32 0 15
AiM GGM_EXTEND 8 0x80000000 0 54 61 128 32 0 1
AiM GGM_EXTEND 8 0x80000000 2 55 63 128 32 0 3
AiM GGM_EXTEND 8 0x80000000 4 55 63 128 32 0 5
AiM GGM_EXTEND 8 0x80000000 6 55 63 128 32 0 7
AiM GGM_EXTEND 8 0x80000000 8 55 63 128 32 0 9
AiM GGM_EXTEND 8 0x80000000 10 55 63 128 32 0 11
AiM GGM_EXTEND 8 0x80000000 12 55 63 128 32 0 13
AiM GGM_EXTEND 8 0x80000000 14 55 63 128 32 0 15
AiM GGM_EXTEND 8 0x80000000 0 55 63 128 32 0 1
AiM GGM_EXTEND 8 0x80000000 0 48 49 128 40 16 1
AiM GGM_EXTEND 8 0x80000000 2 48 49 128 40 16 3
AiM GGM_EXTEND 8 0x80000000 4 48 49 128 40 16 5
AiM GGM_EXTEND 8 0x80000000 6 48 49 128 40 16 7
AiM GGM_EXTEND 8 0x80000000 8 48 49 128 40 16 9
AiM GGM_EXTEND 8 0x80000000 10 48 49 128 40 16 11
AiM GGM_EXTEND 8 0x80000000 12 48 49 128 40 16 13
AiM GGM_EXTEND 8 0x80000000 14 48 49 128 40 16 15
AiM GGM_EXTEND 8 0x80000000 0 49 51 128 40 16 1
AiM GGM_EXTEND 8 0x80000000 2 49 51 128 40 16 3
AiM GGM_EXTEND 8 0x80000000 4 49 51 128 40 16 5
AiM GGM_EXTEND 8 0x80000000 6 49 51 128 40 16 7
AiM GGM_EXTEND 8 0x80000000 8 49 51 128 40 16 9
AiM GGM_EXTEND 8 0x80000000 10 49 51 128 40 16 11
AiM GGM_EXTEND 8 0x80000000 12 49 51 128 40 16 13
AiM GGM_EXTEND 8 0x80000000 14 49 51 128 40 16 15
AiM GGM_EXTEND 8 0x80000000 6 50 53 128 40 16 7
AiM GGM_EXTEND 8 0x80000000 8 50 53 128 40 16 9
AiM GGM_EXTEND 8 0x80000000 10 50 53 128 40 16 11
AiM GGM_EXTEND 8 0x80000000 12 50 53 128 40 16 13
AiM GGM_EXTEND 8 0x80000000 14 50 53 128 40 16 15
AiM GGM_EXTEND 8 0x80000000 0 50 53 128 40 16 1
AiM GGM_EXTEND 8 0x80000000 2 50 53 128 40 16 3
AiM GGM_EXTEND 8 0x80000000 4 50 53 128 40 16 5
AiM GGM_EXTEND 8 0x80000000 6 51 55 128 40 16 7
AiM GGM_EXTEND 8 0x80000000 8 51 55 128 40 16 9
AiM GGM_EXTEND 8 0x80000000 10 51 55 128 40 16 11
AiM GGM_EXTEND 8 0x80000000 12 51 55 128 40 16 13
AiM GGM_EXTEND 8 0x80000000 14 51 55 128 40 16 15
AiM GGM_EXTEND 8 0x80000000 0 51 55 128 40 16 1
AiM GGM_EXTEND 8 0x80000000 2 51 55 128 40 16 3
AiM GGM_EXTEND 8 0x80000000 4 51 55 128 40 16 5
AiM GGM_EXTEND 8 0x80000000 12 52 57 128 40 16 13
AiM GGM_EXTEND 8 0x80000000 14 52 57 128 40 16 15
AiM GGM_EXTEND 8 0x80000000 0 52 57 128 40 16 1
AiM GGM_EXTEND 8 0x80000000 2 52 57 128 40 16 3
AiM GGM_EXTEND 8 0x80000000 4 52 57 128 40 16 5
AiM GGM_EXTEND 8 0x80000000 6 52 57 128 40 16 7
AiM GGM_EXTEND 8 0x80000000 8 52 57 128 40 16 9
AiM GGM_EXTEND 8 0x80000000 10 52 57 128 40 16 11
AiM GGM_EXTEND 8 0x80000000 12 53 59 128 40 16 13
AiM GGM_EXTEND 8 0x80000000 14 53 59 128 40 16 15
AiM GGM_EXTEND 8 0x80000000 0 53 59 128 40 16 1
AiM GGM_EXTEND 8 0x80000000 2 53 59 128 40 16 3
AiM GGM_EXTEND 8 0x80000000 4 53 59 128 40 16 5
AiM GGM_EXTEND 8 0x80000000 6 53 59 128 40 16 7
AiM GGM_EXTEND 8 0x80000000 8 53 59 128 40 16 9
AiM GGM_EXTEND 8 0x80000000 10 53 59 128 40 16 11
AiM GGM_EXTEND 8 0x80000000 2 54 61 128 40 16 3
AiM GGM_EXTEND 8 0x80000000 4 54 61 128 40 16 5
AiM GGM_EXTEND 8 0x80000000 6 54 61 128 40 16 7
AiM GGM_EXTEND 8 0x80000000 8 54 61 128 40 16 9
AiM GGM_EXTEND 8 0x80000000 10 54 61 128 40 16 11
AiM GGM_EXTEND 8 0x80000000 12 54 61 128 40 16 13
AiM GGM_EXTEND 8 0x80000000 14 54 61 128 40 16 15
AiM GGM_EXTEND 8 0x80000000 0 54 61 128 40 16 1
AiM GGM_EXTEND 8 0x80000000 2 55 63 128 40 16 3
AiM GGM_EXTEND 8 0x80000000 4 55 63 128 40 16 5
AiM GGM_EXTEND 8 0x80000000 6 55 63 128 40 16 7
AiM GGM_EXTEND 8 0x80000000 8 55 63 128 40 16 9
AiM GGM_EXTEND 8 0x80000000 10 55 63 128 40 16 11
AiM GGM_EXTEND 8 0x80000000 12 55 63 128 40 16 13
AiM GGM_EXTEND 8 0x80000000 14 55 63 128 40 16 15
AiM GGM_EXTEND 8 0x80000000 0 55 63 128 40 16 1
AiM GGM_EXTEND 8 0x80000000 0 48 49 128 48 32 1
AiM GGM_EXTEND 8 0x80000000 2 48 49 128 48 32 3
AiM GGM_EXTEND 8 0x80000000 4 48 49 128 48 32 5
AiM GGM_EXTEND 8 0x80000000 6 48 49 128 48 32 7
AiM GGM_EXTEND 8 0x80000000 8 48 49 128 48 32 9
AiM GGM_EXTEND 8 0x80000000 10 48 49 128 48 32 11
AiM GGM_EXTEND 8 0x80000000 12 48 49 128 48 32 13
AiM GGM_EXTEND 8 0x80000000 14 48 49 128 48 32 15
AiM GGM_EXTEND 8 0x80000000 0 49 51 128 48 32 1
AiM GGM_EXTEND 8 0x80000000 2 49 51 128 48 32 3
AiM GGM_EXTEND 8 0x80000000 4 49 51 128 48 32 5
AiM GGM_EXTEND 8 0x80000000 6 49 51 128 48 32 7
AiM GGM_EXTEND 8 0x80000000 8 49 51 128 48 32 9
AiM GGM_EXTEND 8 0x80000000 10 49 51 128 48 32 11
AiM GGM_EXTEND 8 0x80000000 12 49 51 128 48 32 13
AiM GGM_EXTEND 8 0x80000000 14 49 51 128 48 32 15
AiM GGM_EXTEND 8 0x80000000 6 50 53 128 48 32 7
AiM GGM_EXTEND 8 0x80000000 8 50 53 128 48 32 9
AiM GGM_EXTEND 8 0x80000000 10 50 53 128 48 32 11
AiM GGM_EXTEND 8 0x80000000 12 50 53 128 48 32 13
AiM GGM_EXTEND 8 0x80000000 14 50 53 128 48 32 15
AiM GGM_EXTEND 8 0x80000000 0 50 53 128 48 32 1
AiM GGM_EXTEND 8 0x80000000 2 50 53 128 48 32 3
AiM GGM_EXTEND 8 0x80000000 4 50 53 128 48 32 5
AiM GGM_EXTEND 8 0x80000000 6 51 55 128 48 32 7
AiM GGM_EXTEND 8 0x80000000 8 51 55 128 48 32 9
AiM GGM_EXTEND 8 0x80000000 10 51 55 128 48 32 11
AiM GGM_EXTEND 8 0x80000000 12 51 55 128 48 32 13
AiM GGM_EXTEND 8 0x80000000 14 51 55 128 48 32 15
AiM GGM_EXTEND 8 0x80000000 0 51 55 128 48 32 1
AiM GGM_EXTEND 8 0x80000000 2 51 55 128 48 32 3
AiM GGM_EXTEND 8 0x80000000 4 51 55 128 48 32 5
AiM GGM_EXTEND 8 0x80000000 12 52 57 128 48 32 13
AiM GGM_EXTEND 8 0x80000000 14 52 57 128 48 32 15
AiM GGM_EXTEND 8 0x80000000 0 52 57 128 48 32 1
AiM GGM_EXTEND 8 0x80000000 2 52 57 128 48 32 3
AiM GGM_EXTEND 8 0x80000000 4 52 57 128 48 32 5
AiM GGM_EXTEND 8 0x80000000 6 52 57 128 48 32 7
AiM GGM_EXTEND 8 0x80000000 8 52 57 128 48 32 9
AiM GGM_EXTEND 8 0x80000000 10 52 57 128 48 32 11
AiM GGM_EXTEND 8 0x80000000 12 53 59 128 48 32 13
AiM GGM_EXTEND 8 0x80000000 14 53 59 128 48 32 15
AiM GGM_EXTEND 8 0x80000000 0 53 59 128 48 32 1
AiM GGM_EXTEND 8 0x80000000 2 53 59 128 48 32 3
AiM GGM_EXTEND 8 0x80000000 4 53 59 128 48 32 5
AiM GGM_EXTEND 8 0x80000000 6 53 59 128 48 32 7
AiM GGM_EXTEND 8 0x80000000 8 53 59 128 48 32 9
AiM GGM_EXTEND 8 0x80000000 10 53 59 128 48 32 11
AiM GGM_EXTEND 8 0x80000000 2 54 61 128 48 32 3
AiM GGM_EXTEND 8 0x80000000 4 54 61 128 48 32 5
AiM GGM_EXTEND 8 0x80000000 6 54 61 128 48 32 7
AiM GGM_EXTEND 8 0x80000000 8 54 61 128 48 32 9
AiM GGM_EXTEND 8 0x80000000 10 54 61 128 48 32 11
AiM GGM_EXTEND 8 0x80000000 12 54 61 128 48 32 13
AiM GGM_EXTEND 8 0x80000000 14 54 61 128 48 32 15
AiM GGM_EXTEND 8 0x80000000 0 54 61 128 48 32 1
AiM GGM_EXTEND 8 0x80000000 2 55 63 128 48 32 3
AiM GGM_EXTEND 8 0x80000000 4 55 63 128 48 32 5
AiM GGM_EXTEND 8 0x80000000 6 55 63 128 48 32 7
AiM GGM_EXTEND 8 0x80000000 8 55 63 128 48 32 9
AiM GGM_EXTEND 8 0x80000000 10 55 63 128 48 32 11
AiM GGM_EXTEND 8 0x80000000 12 55 63 128 48 32 13
AiM GGM_EXTEND 8 0x80000000 14 55 63 128 48 32 15
AiM GGM_EXTEND 8 0x80000000 0 55 63 128 48 32 1
AiM GGM_EXTEND 8 0x80000000 0 48 49 128 56 48 1
AiM GGM_EXTEND 8 0x80000000 2 48 49 128 56 48 3
AiM GGM_EXTEND 8 0x80000000 4 48 49 128 56 48 5
AiM GGM_EXTEND 8 0x80000000 6 48 49 128 56 48 7
AiM GGM_EXTEND 8 0x80000000 8 48 49 128 56 48 9
AiM GGM_EXTEND 8 0x80000000 10 48 49 128 56 48 11
AiM GGM_EXTEND 8 0x80000000 12 48 49 128 56 48 13
AiM GGM_EXTEND 8 0x80000000 14 48 49 128 56 48 15
AiM GGM_EXTEND 8 0x80000000 0 49 51 128 56 48 1
AiM GGM_EXTEND 8 0x80000000 2 49 51 128 56 48 3
AiM GGM_EXTEND 8 0x80000000 4 49 51 128 56 48 5
AiM GGM_EXTEND 8 0x80000000 6 49 51 128 56 48 7
AiM GGM_EXTEND 8 0x80000000 8 49 51 128 56 48 9
AiM GGM_EXTEND 8 0x80000000 10 49 51 128 56 48 11
AiM GGM_EXTEND 8 0x80000000 12 49 51 128 56 48 13
AiM GGM_EXTEND 8 0x80000000 14 49 51 128 56 48 15
AiM GGM_EXTEND 8 0x80000000 6 50 53 128 56 48 7
AiM GGM_EXTEND 8 0x80000000 8 50 53 128 56 48 9
AiM GGM_EXTEND 8 0x80000000 10 50 53 128 56 48 11
AiM GGM_EXTEND 8 0x80000000 12 50 53 128 56 48 13
AiM GGM_EXTEND 8 0x80000000 14 50 53 128 56 48 15
AiM GGM_EXTEND 8 0x80000000 0 50 53 128 56 48 1
AiM GGM_EXTEND 8 0x80000000 2 50 53 128 56 48 3
AiM GGM_EXTEND 8 0x80000000 4 50 53 128 56 48 5
AiM GGM_EXTEND 8 0x80000000 6 51 55 128 56 48 7
AiM GGM_EXTEND 8 0x80000000 8 51 55 128 56 48 9
AiM GGM_EXTEND 8 0x80000000 10 51 55 128 56 48 11
AiM GGM_EXTEND 8 0x80000000 12 51 55 128 56 48 13
AiM GGM_EXTEND 8 0x80000000 14 51 55 128 56 48 15
AiM GGM_EXTEND 8 0x80000000 0 51 55 128 56 48 1
AiM GGM_EXTEND 8 0x80000000 2 51 55 128 56 48 3
AiM GGM_EXTEND 8 0x80000000 4 51 55 128 56 48 5
AiM GGM_EXTEND 8 0x80000000 12 52 57 128 56 48 13
AiM GGM_EXTEND 8 0x80000000 14 52 57 128 56 48 15
AiM GGM_EXTEND 8 0x80000000 0 52 57 128 56 48 1
AiM GGM_EXTEND 8 0x80000000 2 52 57 128 56 48 3
AiM GGM_EXTEND 8 0x80000000 4 52 57 128 56 48 5
AiM GGM_EXTEND 8 0x80000000 6 52 57 128 56 48 7
AiM GGM_EXTEND 8 0x80000000 8 52 57 128 56 48 9
AiM GGM_EXTEND 8 0x80000000 10 52 57 128 56 48 11
AiM GGM_EXTEND 8 0x80000000 12 53 59 128 56 48 13
AiM GGM_EXTEND 8 0x80000000 14 53 59 128 56 48 15
AiM GGM_EXTEND 8 0x80000000 0 53 59 128 56 48 1
AiM GGM_EXTEND 8 0x80000000 2 53 59 128 56 48 3
AiM GGM_EXTEND 8 0x80000000 4 53 59 128 56 48 5
AiM GGM_EXTEND 8 0x80000000 6 53 59 128 56 48 7
AiM GGM_EXTEND 8 0x80000000 8 53 59 128 56 48 9
AiM GGM_EXTEND 8 0x80000000 10 53 59 128 56 48 11
AiM GGM_EXTEND 8 0x80000000 2 54 61 128 56 48 3
AiM GGM_EXTEND 8 0x80000000 4 54 61 128 56 48 5
AiM GGM_EXTEND 8 0x80000000 6 54 61 128 56 48 7
AiM GGM_EXTEND 8 0x80000000 8 54 61 128 56 48 9
AiM GGM_EXTEND 8 0x80000000 10 54 61 128 56 48 11
AiM GGM_EXTEND 8 0x80000000 12 54 61 128 56 48 13
AiM GGM_EXTEND 8 0x80000000 14 54 61 128 56 48 15
AiM GGM_EXTEND 8 0x80000000 0 54 61 128 56 48 1
AiM GGM_EXTEND 8 0x80000000 2 55 63 128 56 48 3
AiM GGM_EXTEND 8 0x80000000 4 55 63 128 56 48 5
AiM GGM_EXTEND 8 0x80000000 6 55 63 128 56 48 7
AiM GGM_EXTEND 8 0x80000000 8 55 63 128 56 48 9
AiM GGM_EXTEND 8 0x80000000 10 55 63 128 56 48 11
AiM GGM_EXTEND 8 0x80000000 12 55 63 128 56 48 13
AiM GGM_EXTEND 8 0x80000000 14 55 63 128 56 48 15
AiM GGM_EXTEND 8 0x80000000 0 55 63 128 56 48 1
AiM EOC
