AiM GGM_EXTEND 8 0x80000000 0 0 1 128 0 0 0
AiM GGM_EXTEND 8 0x80000000 1 0 1 128 0 0 1
AiM GGM_EXTEND 8 0x80000000 2 0 1 128 0 0 2
AiM GGM_EXTEND 8 0x80000000 3 0 1 128 0 0 3
AiM GGM_EXTEND 8 0x80000000 4 0 1 128 0 0 4
AiM GGM_EXTEND 8 0x80000000 5 0 1 128 8 16 5
AiM GGM_EXTEND 8 0x80000000 6 0 1 128 0 0 6
AiM GGM_EXTEND 8 0x80000000 7 0 1 128 8 16 7
AiM GGM_EXTEND 8 0x80000000 8 0 1 128 16 32 8
AiM GGM_EXTEND 8 0x80000000 9 0 1 128 24 48 9
AiM GGM_EXTEND 8 0x80000000 10 0 1 128 0 0 10
AiM GGM_EXTEND 8 0x80000000 11 0 1 128 8 16 11
AiM GGM_EXTEND 8 0x80000000 12 0 1 128 16 32 12
AiM GGM_EXTEND 8 0x80000000 13 0 1 128 24 48 13
AiM GGM_EXTEND 8 0x80000000 14 0 2 128 32 0 14
AiM GGM_EXTEND 8 0x80000000 15 0 2 128 40 16 15
AiM GGM_EXTEND 8 0x80000000 0 2 4 128 48 32 0
AiM GGM_EXTEND 8 0x80000000 1 2 4 128 56 48 1
AiM GGM_EXTEND 8 0x80000000 2 2 3 128 0 0 2
AiM GGM_EXTEND 8 0x80000000 3 2 3 128 0 0 3
AiM GGM_EXTEND 8 0x80000000 4 2 3 128 0 0 4
AiM GGM_EXTEND 8 0x80000000 5 2 3 128 0 0 5
AiM GGM_EXTEND 8 0x80000000 6 2 3 128 0 0 6
AiM GGM_EXTEND 8 0x80000000 7 2 3 128 8 16 7
AiM GGM_EXTEND 8 0x80000000 8 2 3 128 0 0 8
AiM GGM_EXTEND 8 0x80000000 9 2 3 128 8 16 9
AiM GGM_EXTEND 8 0x80000000 10 3 4 128 16 32 10
AiM GGM_EXTEND 8 0x80000000 11 3 4 128 24 48 11
AiM GGM_EXTEND 8 0x80000000 12 3 4 128 0 0 12
AiM GGM_EXTEND 8 0x80000000 13 3 4 128 8 16 13
AiM GGM_EXTEND 8 0x80000000 14 3 4 128 16 32 14
AiM GGM_EXTEND 8 0x80000000 15 3 4 128 24 48 15
AiM GGM_EXTEND 8 0x80000000 0 5 7 128 32 0 0
AiM GGM_EXTEND 8 0x80000000 1 5 7 128 40 16 1
AiM GGM_EXTEND 8 0x80000000 2 4 6 128 48 32 2
AiM GGM_EXTEND 8 0x80000000 3 4 6 128 56 48 3
AiM GGM_EXTEND 8 0x80000000 4 4 5 128 0 0 4
AiM GGM_EXTEND 8 0x80000000 5 4 5 128 0 0 5
AiM GGM_EXTEND 8 0x80000000 6 4 5 128 0 0 6
AiM GGM_EXTEND 8 0x80000000 7 4 5 128 0 0 7
AiM GGM_EXTEND 8 0x80000000 8 4 5 128 0 0 8
AiM GGM_EXTEND 8 0x80000000 9 4 5 128 8 16 9
AiM GGM_EXTEND 8 0x80000000 10 5 6 128 0 0 10
AiM GGM_EXTEND 8 0x80000000 11 5 6 128 8 16 11
AiM GGM_EXTEND 8 0x80000000 12 6 7 128 16 32 12
AiM GGM_EXTEND 8 0x80000000 13 6 7 128 24 48 13
AiM GGM_EXTEND 8 0x80000000 14 6 7 128 0 0 14
AiM GGM_EXTEND 8 0x80000000 15 6 7 128 8 16 15
AiM GGM_EXTEND 8 0x80000000 0 8 9 128 16 32 0
AiM GGM_EXTEND 8 0x80000000 1 8 9 128 24 48 1
AiM GGM_EXTEND 8 0x80000000 2 7 9 128 32 0 2
AiM GGM_EXTEND 8 0x80000000 3 7 9 128 40 16 3
AiM GGM_EXTEND 8 0x80000000 4 6 8 128 48 32 4
AiM GGM_EXTEND 8 0x80000000 5 6 8 128 56 48 5
AiM GGM_EXTEND 8 0x80000000 6 6 7 128 0 0 6
AiM GGM_EXTEND 8 0x80000000 7 6 7 128 0 0 7
AiM GGM_EXTEND 8 0x80000000 8 6 7 128 0 0 8
AiM GGM_EXTEND 8 0x80000000 9 6 7 128 0 0 9
AiM GGM_EXTEND 8 0x80000000 10 7 8 128 0 0 10
AiM GGM_EXTEND 8 0x80000000 11 7 8 128 8 16 11
AiM GGM_EXTEND 8 0x80000000 12 8 9 128 0 0 12
AiM GGM_EXTEND 8 0x80000000 13 8 9 128 8 16 13
AiM GGM_EXTEND 8 0x80000000 14 9 10 128 16 32 14
AiM GGM_EXTEND 8 0x80000000 15 9 10 128 24 48 15
AiM GGM_EXTEND 8 0x80000000 0 11 12 128 0 0 0
AiM GGM_EXTEND 8 0x80000000 1 11 12 128 8 16 1
AiM GGM_EXTEND 8 0x80000000 2 10 11 128 16 32 2
AiM GGM_EXTEND 8 0x80000000 3 10 11 128 24 48 3
AiM GGM_EXTEND 8 0x80000000 4 9 11 128 32 0 4
AiM GGM_EXTEND 8 0x80000000 5 9 11 128 40 16 5
AiM GGM_EXTEND 8 0x80000000 6 8 10 128 48 32 6
AiM GGM_EXTEND 8 0x80000000 7 8 10 128 56 48 7
AiM GGM_EXTEND 8 0x80000000 8 8 9 128 0 0 8
AiM GGM_EXTEND 8 0x80000000 9 8 9 128 0 0 9
AiM GGM_EXTEND 8 0x80000000 10 9 10 128 0 0 10
AiM GGM_EXTEND 8 0x80000000 11 9 10 128 0 0 11
AiM GGM_EXTEND 8 0x80000000 12 10 11 128 0 0 12
AiM GGM_EXTEND 8 0x80000000 13 10 11 128 8 16 13
AiM GGM_EXTEND 8 0x80000000 14 11 12 128 0 0 14
AiM GGM_EXTEND 8 0x80000000 15 11 12 128 8 16 15
AiM GGM_EXTEND 8 0x80000000 0 14 15 128 16 32 0
AiM GGM_EXTEND 8 0x80000000 1 14 15 128 24 48 1
AiM GGM_EXTEND 8 0x80000000 2 13 14 128 0 0 2
AiM GGM_EXTEND 8 0x80000000 3 13 14 128 8 16 3
AiM GGM_EXTEND 8 0x80000000 4 12 13 128 16 32 4
AiM GGM_EXTEND 8 0x80000000 5 12 13 128 24 48 5
AiM GGM_EXTEND 8 0x80000000 6 11 13 128 32 0 6
AiM GGM_EXTEND 8 0x80000000 7 11 13 128 40 16 7
AiM GGM_EXTEND 8 0x80000000 8 10 12 128 48 32 8
AiM GGM_EXTEND 8 0x80000000 9 10 12 128 56 48 9
AiM GGM_EXTEND 8 0x80000000 10 11 12 128 0 0 10
AiM GGM_EXTEND 8 0x80000000 11 11 12 128 0 0 11
AiM GGM_EXTEND 8 0x80000000 12 12 13 128 0 0 12
AiM GGM_EXTEND 8 0x80000000 13 12 13 128 0 0 13
AiM GGM_EXTEND 8 0x80000000 14 13 14 128 0 0 14
AiM GGM_EXTEND 8 0x80000000 15 13 14 128 8 16 15
AiM GGM_EXTEND 8 0x80000000 0 16 17 128 0 0 0
AiM GGM_EXTEND 8 0x80000000 1 16 17 128 8 16 1
AiM GGM_EXTEND 8 0x80000000 2 16 17 128 16 32 2
AiM GGM_EXTEND 8 0x80000000 3 16 17 128 24 48 3
AiM GGM_EXTEND 8 0x80000000 4 15 16 128 0 0 4
AiM GGM_EXTEND 8 0x80000000 5 15 16 128 8 16 5
AiM GGM_EXTEND 8 0x80000000 6 14 15 128 16 32 6
AiM GGM_EXTEND 8 0x80000000 7 14 15 128 24 48 7
AiM GGM_EXTEND 8 0x80000000 8 13 15 128 32 0 8
AiM GGM_EXTEND 8 0x80000000 9 13 15 128 40 16 9
AiM GGM_EXTEND 8 0x80000000 10 13 15 128 48 32 10
AiM GGM_EXTEND 8 0x80000000 11 13 15 128 56 48 11
AiM GGM_EXTEND 8 0x80000000 12 14 15 128 0 0 12
AiM GGM_EXTEND 8 0x80000000 13 14 15 128 0 0 13
AiM GGM_EXTEND 8 0x80000000 14 15 16 128 0 0 14
AiM GGM_EXTEND 8 0x80000000 15 15 16 128 0 0 15
AiM GGM_EXTEND 8 0x80000000 0 18 19 128 0 0 0
AiM GGM_EXTEND 8 0x80000000 1 18 19 128 8 16 1
AiM GGM_EXTEND 8 0x80000000 2 18 19 128 0 0 2
AiM GGM_EXTEND 8 0x80000000 3 18 19 128 8 16 3
AiM GGM_EXTEND 8 0x80000000 4 18 19 128 16 32 4
AiM GGM_EXTEND 8 0x80000000 5 18 19 128 24 48 5
AiM GGM_EXTEND 8 0x80000000 6 17 18 128 0 0 6
AiM GGM_EXTEND 8 0x80000000 7 17 18 128 8 16 7
AiM GGM_EXTEND 8 0x80000000 8 16 17 128 16 32 8
AiM GGM_EXTEND 8 0x80000000 9 16 17 128 24 48 9
AiM GGM_EXTEND 8 0x80000000 10 16 18 128 32 0 10
AiM GGM_EXTEND 8 0x80000000 11 16 18 128 40 16 11
AiM GGM_EXTEND 8 0x80000000 12 16 18 128 48 32 12
AiM GGM_EXTEND 8 0x80000000 13 16 18 128 56 48 13
AiM GGM_EXTEND 8 0x80000000 14 17 18 128 0 0 14
AiM GGM_EXTEND 8 0x80000000 15 17 18 128 0 0 15
AiM GGM_EXTEND 8 0x80000000 0 20 21 128 0 0 0
AiM GGM_EXTEND 8 0x80000000 1 20 21 128 0 0 1
AiM GGM_EXTEND 8 0x80000000 2 20 21 128 0 0 2
AiM GGM_EXTEND 8 0x80000000 3 20 21 128 8 16 3
AiM GGM_EXTEND 8 0x80000000 4 20 21 128 0 0 4
AiM GGM_EXTEND 8 0x80000000 5 20 21 128 8 16 5
AiM GGM_EXTEND 8 0x80000000 6 20 21 128 16 32 6
AiM GGM_EXTEND 8 0x80000000 7 20 21 128 24 48 7
AiM GGM_EXTEND 8 0x80000000 8 19 20 128 0 0 8
AiM GGM_EXTEND 8 0x80000000 9 19 20 128 8 16 9
AiM GGM_EXTEND 8 0x80000000 10 19 20 128 16 32 10
AiM GGM_EXTEND 8 0x80000000 11 19 20 128 24 48 11
AiM GGM_EXTEND 8 0x80000000 12 19 21 128 32 0 12
AiM GGM_EXTEND 8 0x80000000 13 19 21 128 40 16 13
AiM GGM_EXTEND 8 0x80000000 14 19 21 128 48 32 14
AiM GGM_EXTEND 8 0x80000000 15 19 21 128 56 48 15
AiM GGM_EXTEND 8 0x80000000 0 22 23 128 0 0 0
AiM GGM_EXTEND 8 0x80000000 1 22 23 128 0 0 1
AiM GGM_EXTEND 8 0x80000000 2 22 23 128 0 0 2
AiM GGM_EXTEND 8 0x80000000 3 22 23 128 0 0 3
AiM GGM_EXTEND 8 0x80000000 4 22 23 128 0 0 4
AiM GGM_EXTEND 8 0x80000000 5 22 23 128 8 16 5
AiM GGM_EXTEND 8 0x80000000 6 22 23 128 0 0 6
AiM GGM_EXTEND 8 0x80000000 7 22 23 128 8 16 7
AiM GGM_EXTEND 8 0x80000000 8 22 23 128 16 32 8
AiM GGM_EXTEND 8 0x80000000 9 22 23 128 24 48 9
AiM GGM_EXTEND 8 0x80000000 10 22 23 128 0 0 10
AiM GGM_EXTEND 8 0x80000000 11 22 23 128 8 16 11
AiM GGM_EXTEND 8 0x80000000 12 22 23 128 16 32 12
AiM GGM_EXTEND 8 0x80000000 13 22 23 128 24 48 13
AiM GGM_EXTEND 8 0x80000000 14 22 24 128 32 0 14
AiM GGM_EXTEND 8 0x80000000 15 22 24 128 40 16 15
AiM GGM_EXTEND 8 0x80000000 0 24 26 128 48 32 0
AiM GGM_EXTEND 8 0x80000000 1 24 26 128 56 48 1
AiM GGM_EXTEND 8 0x80000000 2 24 25 128 0 0 2
AiM GGM_EXTEND 8 0x80000000 3 24 25 128 0 0 3
AiM GGM_EXTEND 8 0x80000000 4 24 25 128 0 0 4
AiM GGM_EXTEND 8 0x80000000 5 24 25 128 0 0 5
AiM GGM_EXTEND 8 0x80000000 6 24 25 128 0 0 6
AiM GGM_EXTEND 8 0x80000000 7 24 25 128 8 16 7
AiM GGM_EXTEND 8 0x80000000 8 24 25 128 0 0 8
AiM GGM_EXTEND 8 0x80000000 9 24 25 128 8 16 9
AiM GGM_EXTEND 8 0x80000000 10 25 26 128 16 32 10
AiM GGM_EXTEND 8 0x80000000 11 25 26 128 24 48 11
AiM GGM_EXTEND 8 0x80000000 12 25 26 128 0 0 12
AiM GGM_EXTEND 8 0x80000000 13 25 26 128 8 16 13
AiM GGM_EXTEND 8 0x80000000 14 25 26 128 16 32 14
AiM GGM_EXTEND 8 0x80000000 15 25 26 128 24 48 15
AiM GGM_EXTEND 8 0x80000000 0 27 29 128 32 0 0
AiM GGM_EXTEND 8 0x80000000 1 27 29 128 40 16 1
AiM GGM_EXTEND 8 0x80000000 2 26 28 128 48 32 2
AiM GGM_EXTEND 8 0x80000000 3 26 28 128 56 48 3
AiM GGM_EXTEND 8 0x80000000 4 26 27 128 0 0 4
AiM GGM_EXTEND 8 0x80000000 5 26 27 128 0 0 5
AiM GGM_EXTEND 8 0x80000000 6 26 27 128 0 0 6
AiM GGM_EXTEND 8 0x80000000 7 26 27 128 0 0 7
AiM GGM_EXTEND 8 0x80000000 8 26 27 128 0 0 8
AiM GGM_EXTEND 8 0x80000000 9 26 27 128 8 16 9
AiM GGM_EXTEND 8 0x80000000 10 27 28 128 0 0 10
AiM GGM_EXTEND 8 0x80000000 11 27 28 128 8 16 11
AiM GGM_EXTEND 8 0x80000000 12 28 29 128 16 32 12
AiM GGM_EXTEND 8 0x80000000 13 28 29 128 24 48 13
AiM GGM_EXTEND 8 0x80000000 14 28 29 128 0 0 14
AiM GGM_EXTEND 8 0x80000000 15 28 29 128 8 16 15
AiM GGM_EXTEND 8 0x80000000 0 30 31 128 16 32 0
AiM GGM_EXTEND 8 0x80000000 1 30 31 128 24 48 1
AiM GGM_EXTEND 8 0x80000000 2 29 31 128 32 0 2
AiM GGM_EXTEND 8 0x80000000 3 29 31 128 40 16 3
AiM GGM_EXTEND 8 0x80000000 4 28 30 128 48 32 4
AiM GGM_EXTEND 8 0x80000000 5 28 30 128 56 48 5
AiM GGM_EXTEND 8 0x80000000 6 28 29 128 0 0 6
AiM GGM_EXTEND 8 0x80000000 7 28 29 128 0 0 7
AiM GGM_EXTEND 8 0x80000000 8 28 29 128 0 0 8
AiM GGM_EXTEND 8 0x80000000 9 28 29 128 0 0 9
AiM GGM_EXTEND 8 0x80000000 10 29 30 128 0 0 10
AiM GGM_EXTEND 8 0x80000000 11 29 30 128 8 16 11
AiM GGM_EXTEND 8 0x80000000 12 30 31 128 0 0 12
AiM GGM_EXTEND 8 0x80000000 13 30 31 128 8 16 13
AiM GGM_EXTEND 8 0x80000000 14 31 32 128 16 32 14
AiM GGM_EXTEND 8 0x80000000 15 31 32 128 24 48 15
AiM GGM_EXTEND 8 0x80000000 0 33 34 128 0 0 0
AiM GGM_EXTEND 8 0x80000000 1 33 34 128 8 16 1
AiM GGM_EXTEND 8 0x80000000 2 32 33 128 16 32 2
AiM GGM_EXTEND 8 0x80000000 3 32 33 128 24 48 3
AiM GGM_EXTEND 8 0x80000000 4 31 33 128 32 0 4
AiM GGM_EXTEND 8 0x80000000 5 31 33 128 40 16 5
AiM GGM_EXTEND 8 0x80000000 6 30 32 128 48 32 6
AiM GGM_EXTEND 8 0x80000000 7 30 32 128 56 48 7
AiM GGM_EXTEND 8 0x80000000 8 30 31 128 0 0 8
AiM GGM_EXTEND 8 0x80000000 9 30 31 128 0 0 9
AiM GGM_EXTEND 8 0x80000000 10 31 32 128 0 0 10
AiM GGM_EXTEND 8 0x80000000 11 31 32 128 0 0 11
AiM GGM_EXTEND 8 0x80000000 12 32 33 128 0 0 12
AiM GGM_EXTEND 8 0x80000000 13 32 33 128 8 16 13
AiM GGM_EXTEND 8 0x80000000 14 33 34 128 0 0 14
AiM GGM_EXTEND 8 0x80000000 15 33 34 128 8 16 15
AiM GGM_EXTEND 8 0x80000000 0 36 37 128 16 32 0
AiM GGM_EXTEND 8 0x80000000 1 36 37 128 24 48 1
AiM GGM_EXTEND 8 0x80000000 2 35 36 128 0 0 2
AiM GGM_EXTEND 8 0x80000000 3 35 36 128 8 16 3
AiM GGM_EXTEND 8 0x80000000 4 34 35 128 16 32 4
AiM GGM_EXTEND 8 0x80000000 5 34 35 128 24 48 5
AiM GGM_EXTEND 8 0x80000000 6 33 35 128 32 0 6
AiM GGM_EXTEND 8 0x80000000 7 33 35 128 40 16 7
AiM GGM_EXTEND 8 0x80000000 8 32 34 128 48 32 8
AiM GGM_EXTEND 8 0x80000000 9 32 34 128 56 48 9
AiM GGM_EXTEND 8 0x80000000 10 33 34 128 0 0 10
AiM GGM_EXTEND 8 0x80000000 11 33 34 128 0 0 11
AiM GGM_EXTEND 8 0x80000000 12 34 35 128 0 0 12
AiM GGM_EXTEND 8 0x80000000 13 34 35 128 0 0 13
AiM GGM_EXTEND 8 0x80000000 14 35 36 128 0 0 14
AiM GGM_EXTEND 8 0x80000000 15 35 36 128 8 16 15
AiM GGM_EXTEND 8 0x80000000 0 38 39 128 0 0 0
AiM GGM_EXTEND 8 0x80000000 1 38 39 128 8 16 1
AiM GGM_EXTEND 8 0x80000000 2 38 39 128 16 32 2
AiM GGM_EXTEND 8 0x80000000 3 38 39 128 24 48 3
AiM GGM_EXTEND 8 0x80000000 4 37 38 128 0 0 4
AiM GGM_EXTEND 8 0x80000000 5 37 38 128 8 16 5
AiM GGM_EXTEND 8 0x80000000 6 36 37 128 16 32 6
AiM GGM_EXTEND 8 0x80000000 7 36 37 128 24 48 7
AiM GGM_EXTEND 8 0x80000000 8 35 37 128 32 0 8
AiM GGM_EXTEND 8 0x80000000 9 35 37 128 40 16 9
AiM GGM_EXTEND 8 0x80000000 10 35 37 128 48 32 10
AiM GGM_EXTEND 8 0x80000000 11 35 37 128 56 48 11
AiM GGM_EXTEND 8 0x80000000 12 36 37 128 0 0 12
AiM GGM_EXTEND 8 0x80000000 13 36 37 128 0 0 13
AiM GGM_EXTEND 8 0x80000000 14 37 38 128 0 0 14
AiM GGM_EXTEND 8 0x80000000 15 37 38 128 0 0 15
AiM GGM_EXTEND 8 0x80000000 0 40 41 128 0 0 0
AiM GGM_EXTEND 8 0x80000000 1 40 41 128 8 16 1
AiM GGM_EXTEND 8 0x80000000 2 40 41 128 0 0 2
AiM GGM_EXTEND 8 0x80000000 3 40 41 128 8 16 3
AiM GGM_EXTEND 8 0x80000000 4 40 41 128 16 32 4
AiM GGM_EXTEND 8 0x80000000 5 40 41 128 24 48 5
AiM GGM_EXTEND 8 0x80000000 6 39 40 128 0 0 6
AiM GGM_EXTEND 8 0x80000000 7 39 40 128 8 16 7
AiM GGM_EXTEND 8 0x80000000 8 38 39 128 16 32 8
AiM GGM_EXTEND 8 0x80000000 9 38 39 128 24 48 9
AiM GGM_EXTEND 8 0x80000000 10 38 40 128 32 0 10
AiM GGM_EXTEND 8 0x80000000 11 38 40 128 40 16 11
AiM GGM_EXTEND 8 0x80000000 12 38 40 128 48 32 12
AiM GGM_EXTEND 8 0x80000000 13 38 40 128 56 48 13
AiM GGM_EXTEND 8 0x80000000 14 39 40 128 0 0 14
AiM GGM_EXTEND 8 0x80000000 15 39 40 128 0 0 15
AiM GGM_EXTEND 8 0x80000000 0 42 43 128 0 0 0
AiM GGM_EXTEND 8 0x80000000 1 42 43 128 0 0 1
AiM GGM_EXTEND 8 0x80000000 2 42 43 128 0 0 2
AiM GGM_EXTEND 8 0x80000000 3 42 43 128 8 16 3
AiM GGM_EXTEND 8 0x80000000 4 42 43 128 0 0 4
AiM GGM_EXTEND 8 0x80000000 5 42 43 128 8 16 5
AiM GGM_EXTEND 8 0x80000000 6 42 43 128 16 32 6
AiM GGM_EXTEND 8 0x80000000 7 42 43 128 24 48 7
AiM GGM_EXTEND 8 0x80000000 8 41 42 128 0 0 8
AiM GGM_EXTEND 8 0x80000000 9 41 42 128 8 16 9
AiM GGM_EXTEND 8 0x80000000 10 41 42 128 16 32 10
AiM GGM_EXTEND 8 0x80000000 11 41 42 128 24 48 11
AiM GGM_EXTEND 8 0x80000000 12 41 43 128 32 0 12
AiM GGM_EXTEND 8 0x80000000 13 41 43 128 40 16 13
AiM GGM_EXTEND 8 0x80000000 14 41 43 128 48 32 14
AiM GGM_EXTEND 8 0x80000000 15 41 43 128 56 48 15
AiM GGM_EXTEND 8 0x80000000 0 44 45 128 0 0 0
AiM GGM_EXTEND 8 0x80000000 1 44 45 128 0 0 1
AiM GGM_EXTEND 8 0x80000000 2 44 45 128 0 0 2
AiM GGM_EXTEND 8 0x80000000 3 44 45 128 0 0 3
AiM GGM_EXTEND 8 0x80000000 4 44 45 128 0 0 4
AiM GGM_EXTEND 8 0x80000000 5 44 45 128 8 16 5
AiM GGM_EXTEND 8 0x80000000 6 44 45 128 0 0 6
AiM GGM_EXTEND 8 0x80000000 7 44 45 128 8 16 7
AiM GGM_EXTEND 8 0x80000000 8 44 45 128 16 32 8
AiM GGM_EXTEND 8 0x80000000 9 44 45 128 24 48 9
AiM GGM_EXTEND 8 0x80000000 10 44 45 128 0 0 10
AiM GGM_EXTEND 8 0x80000000 11 44 45 128 8 16 11
AiM GGM_EXTEND 8 0x80000000 12 44 45 128 16 32 12
AiM GGM_EXTEND 8 0x80000000 13 44 45 128 24 48 13
AiM GGM_EXTEND 8 0x80000000 14 44 46 128 32 0 14
AiM GGM_EXTEND 8 0x80000000 15 44 46 128 40 16 15
AiM GGM_EXTEND 8 0x80000000 0 46 48 128 48 32 0
AiM GGM_EXTEND 8 0x80000000 1 46 48 128 56 48 1
AiM GGM_EXTEND 8 0x80000000 2 46 47 128 0 0 2
AiM GGM_EXTEND 8 0x80000000 3 46 47 128 0 0 3
AiM GGM_EXTEND 8 0x80000000 4 46 47 128 0 0 4
AiM GGM_EXTEND 8 0x80000000 5 46 47 128 0 0 5
AiM GGM_EXTEND 8 0x80000000 6 46 47 128 0 0 6
AiM GGM_EXTEND 8 0x80000000 7 46 47 128 8 16 7
AiM GGM_EXTEND 8 0x80000000 8 46 47 128 0 0 8
AiM GGM_EXTEND 8 0x80000000 9 46 47 128 8 16 9
AiM GGM_EXTEND 8 0x80000000 10 47 48 128 16 32 10
AiM GGM_EXTEND 8 0x80000000 11 47 48 128 24 48 11
AiM GGM_EXTEND 8 0x80000000 12 47 48 128 0 0 12
AiM GGM_EXTEND 8 0x80000000 13 47 48 128 8 16 13
AiM GGM_EXTEND 8 0x80000000 14 47 48 128 16 32 14
AiM GGM_EXTEND 8 0x80000000 15 47 48 128 24 48 15
AiM GGM_EXTEND 8 0x80000000 0 49 51 128 32 0 0
AiM GGM_EXTEND 8 0x80000000 1 49 51 128 40 16 1
AiM GGM_EXTEND 8 0x80000000 2 48 50 128 48 32 2
AiM GGM_EXTEND 8 0x80000000 3 48 50 128 56 48 3
AiM GGM_EXTEND 8 0x80000000 4 48 49 128 0 0 4
AiM GGM_EXTEND 8 0x80000000 5 48 49 128 0 0 5
AiM GGM_EXTEND 8 0x80000000 6 48 49 128 0 0 6
AiM GGM_EXTEND 8 0x80000000 7 48 49 128 0 0 7
AiM GGM_EXTEND 8 0x80000000 8 48 49 128 0 0 8
AiM GGM_EXTEND 8 0x80000000 9 48 49 128 8 16 9
AiM GGM_EXTEND 8 0x80000000 10 49 50 128 0 0 10
AiM GGM_EXTEND 8 0x80000000 11 49 50 128 8 16 11
AiM GGM_EXTEND 8 0x80000000 12 50 51 128 16 32 12
AiM GGM_EXTEND 8 0x80000000 13 50 51 128 24 48 13
AiM GGM_EXTEND 8 0x80000000 14 50 51 128 0 0 14
AiM GGM_EXTEND 8 0x80000000 15 50 51 128 8 16 15
AiM GGM_EXTEND 8 0x80000000 0 52 53 128 16 32 0
AiM GGM_EXTEND 8 0x80000000 1 52 53 128 24 48 1
AiM GGM_EXTEND 8 0x80000000 2 51 53 128 32 0 2
AiM GGM_EXTEND 8 0x80000000 3 51 53 128 40 16 3
AiM GGM_EXTEND 8 0x80000000 4 50 52 128 48 32 4
AiM GGM_EXTEND 8 0x80000000 5 50 52 128 56 48 5
AiM GGM_EXTEND 8 0x80000000 6 50 51 128 0 0 6
AiM GGM_EXTEND 8 0x80000000 7 50 51 128 0 0 7
AiM GGM_EXTEND 8 0x80000000 8 50 51 128 0 0 8
AiM GGM_EXTEND 8 0x80000000 9 50 51 128 0 0 9
AiM GGM_EXTEND 8 0x80000000 10 51 52 128 0 0 10
AiM GGM_EXTEND 8 0x80000000 11 51 52 128 8 16 11
AiM GGM_EXTEND 8 0x80000000 12 52 53 128 0 0 12
AiM GGM_EXTEND 8 0x80000000 13 52 53 128 8 16 13
AiM GGM_EXTEND 8 0x80000000 14 53 54 128 16 32 14
AiM GGM_EXTEND 8 0x80000000 15 53 54 128 24 48 15
AiM GGM_EXTEND 8 0x80000000 0 55 56 128 0 0 0
AiM GGM_EXTEND 8 0x80000000 1 55 56 128 8 16 1
AiM GGM_EXTEND 8 0x80000000 2 54 55 128 16 32 2
AiM GGM_EXTEND 8 0x80000000 3 54 55 128 24 48 3
AiM GGM_EXTEND 8 0x80000000 4 53 55 128 32 0 4
AiM GGM_EXTEND 8 0x80000000 5 53 55 128 40 16 5
AiM GGM_EXTEND 8 0x80000000 6 52 54 128 48 32 6
AiM GGM_EXTEND 8 0x80000000 7 52 54 128 56 48 7
AiM GGM_EXTEND 8 0x80000000 8 52 53 128 0 0 8
AiM GGM_EXTEND 8 0x80000000 9 52 53 128 0 0 9
AiM GGM_EXTEND 8 0x80000000 10 53 54 128 0 0 10
AiM GGM_EXTEND 8 0x80000000 11 53 54 128 0 0 11
AiM GGM_EXTEND 8 0x80000000 12 54 55 128 0 0 12
AiM GGM_EXTEND 8 0x80000000 13 54 55 128 8 16 13
AiM GGM_EXTEND 8 0x80000000 14 55 56 128 0 0 14
AiM GGM_EXTEND 8 0x80000000 15 55 56 128 8 16 15
AiM GGM_EXTEND 8 0x80000000 0 58 59 128 16 32 0
AiM GGM_EXTEND 8 0x80000000 1 58 59 128 24 48 1
AiM GGM_EXTEND 8 0x80000000 2 57 58 128 0 0 2
AiM GGM_EXTEND 8 0x80000000 3 57 58 128 8 16 3
AiM GGM_EXTEND 8 0x80000000 4 56 57 128 16 32 4
AiM GGM_EXTEND 8 0x80000000 5 56 57 128 24 48 5
AiM GGM_EXTEND 8 0x80000000 6 55 57 128 32 0 6
AiM GGM_EXTEND 8 0x80000000 7 55 57 128 40 16 7
AiM GGM_EXTEND 8 0x80000000 8 54 56 128 48 32 8
AiM GGM_EXTEND 8 0x80000000 9 54 56 128 56 48 9
AiM GGM_EXTEND 8 0x80000000 10 55 56 128 0 0 10
AiM GGM_EXTEND 8 0x80000000 11 55 56 128 0 0 11
AiM GGM_EXTEND 8 0x80000000 12 56 57 128 0 0 12
AiM GGM_EXTEND 8 0x80000000 13 56 57 128 0 0 13
AiM GGM_EXTEND 8 0x80000000 14 57 58 128 0 0 14
AiM GGM_EXTEND 8 0x80000000 15 57 58 128 8 16 15
AiM GGM_EXTEND 8 0x80000000 0 60 61 128 0 0 0
AiM GGM_EXTEND 8 0x80000000 1 60 61 128 8 16 1
AiM GGM_EXTEND 8 0x80000000 2 60 61 128 16 32 2
AiM GGM_EXTEND 8 0x80000000 3 60 61 128 24 48 3
AiM GGM_EXTEND 8 0x80000000 4 59 60 128 0 0 4
AiM GGM_EXTEND 8 0x80000000 5 59 60 128 8 16 5
AiM GGM_EXTEND 8 0x80000000 6 58 59 128 16 32 6
AiM GGM_EXTEND 8 0x80000000 7 58 59 128 24 48 7
AiM GGM_EXTEND 8 0x80000000 8 57 59 128 32 0 8
AiM GGM_EXTEND 8 0x80000000 9 57 59 128 40 16 9
AiM GGM_EXTEND 8 0x80000000 10 57 59 128 48 32 10
AiM GGM_EXTEND 8 0x80000000 11 57 59 128 56 48 11
AiM GGM_EXTEND 8 0x80000000 12 58 59 128 0 0 12
AiM GGM_EXTEND 8 0x80000000 13 58 59 128 0 0 13
AiM GGM_EXTEND 8 0x80000000 14 59 60 128 0 0 14
AiM GGM_EXTEND 8 0x80000000 15 59 60 128 0 0 15
AiM GGM_EXTEND 8 0x80000000 0 62 63 128 0 0 0
AiM GGM_EXTEND 8 0x80000000 1 62 63 128 8 16 1
AiM GGM_EXTEND 8 0x80000000 2 62 63 128 0 0 2
AiM GGM_EXTEND 8 0x80000000 3 62 63 128 8 16 3
AiM GGM_EXTEND 8 0x80000000 4 62 63 128 16 32 4
AiM GGM_EXTEND 8 0x80000000 5 62 63 128 24 48 5
AiM GGM_EXTEND 8 0x80000000 6 61 62 128 0 0 6
AiM GGM_EXTEND 8 0x80000000 7 61 62 128 8 16 7
AiM GGM_EXTEND 8 0x80000000 8 60 61 128 16 32 8
AiM GGM_EXTEND 8 0x80000000 9 60 61 128 24 48 9
AiM GGM_EXTEND 8 0x80000000 10 60 62 128 32 0 10
AiM GGM_EXTEND 8 0x80000000 11 60 62 128 40 16 11
AiM GGM_EXTEND 8 0x80000000 12 60 62 128 48 32 12
AiM GGM_EXTEND 8 0x80000000 13 60 62 128 56 48 13
AiM GGM_EXTEND 8 0x80000000 14 61 62 128 0 0 14
AiM GGM_EXTEND 8 0x80000000 15 61 62 128 0 0 15
AiM GGM_EXTEND 8 0x80000000 0 64 65 128 0 0 0
AiM GGM_EXTEND 8 0x80000000 1 64 65 128 0 0 1
AiM GGM_EXTEND 8 0x80000000 2 64 65 128 0 0 2
AiM GGM_EXTEND 8 0x80000000 3 64 65 128 8 16 3
AiM GGM_EXTEND 8 0x80000000 4 64 65 128 0 0 4
AiM GGM_EXTEND 8 0x80000000 5 64 65 128 8 16 5
AiM GGM_EXTEND 8 0x80000000 6 64 65 128 16 32 6
AiM GGM_EXTEND 8 0x80000000 7 64 65 128 24 48 7
AiM GGM_EXTEND 8 0x80000000 8 63 64 128 0 0 8
AiM GGM_EXTEND 8 0x80000000 9 63 64 128 8 16 9
AiM GGM_EXTEND 8 0x80000000 10 63 64 128 16 32 10
AiM GGM_EXTEND 8 0x80000000 11 63 64 128 24 48 11
AiM GGM_EXTEND 8 0x80000000 12 63 65 128 32 0 12
AiM GGM_EXTEND 8 0x80000000 13 63 65 128 40 16 13
AiM GGM_EXTEND 8 0x80000000 14 63 65 128 48 32 14
AiM GGM_EXTEND 8 0x80000000 15 63 65 128 56 48 15
AiM GGM_EXTEND 8 0x80000000 0 66 67 128 0 0 0
AiM GGM_EXTEND 8 0x80000000 1 66 67 128 0 0 1
AiM GGM_EXTEND 8 0x80000000 2 66 67 128 0 0 2
AiM GGM_EXTEND 8 0x80000000 3 66 67 128 0 0 3
AiM GGM_EXTEND 8 0x80000000 4 66 67 128 0 0 4
AiM GGM_EXTEND 8 0x80000000 5 66 67 128 8 16 5
AiM GGM_EXTEND 8 0x80000000 6 66 67 128 0 0 6
AiM GGM_EXTEND 8 0x80000000 7 66 67 128 8 16 7
AiM GGM_EXTEND 8 0x80000000 8 66 67 128 16 32 8
AiM GGM_EXTEND 8 0x80000000 9 66 67 128 24 48 9
AiM GGM_EXTEND 8 0x80000000 10 66 67 128 0 0 10
AiM GGM_EXTEND 8 0x80000000 11 66 67 128 8 16 11
AiM GGM_EXTEND 8 0x80000000 12 66 67 128 16 32 12
AiM GGM_EXTEND 8 0x80000000 13 66 67 128 24 48 13
AiM GGM_EXTEND 8 0x80000000 14 66 68 128 32 0 14
AiM GGM_EXTEND 8 0x80000000 15 66 68 128 40 16 15
AiM GGM_EXTEND 8 0x80000000 0 68 70 128 48 32 0
AiM GGM_EXTEND 8 0x80000000 1 68 70 128 56 48 1
AiM GGM_EXTEND 8 0x80000000 2 68 69 128 0 0 2
AiM GGM_EXTEND 8 0x80000000 3 68 69 128 0 0 3
AiM GGM_EXTEND 8 0x80000000 4 68 69 128 0 0 4
AiM GGM_EXTEND 8 0x80000000 5 68 69 128 0 0 5
AiM GGM_EXTEND 8 0x80000000 6 68 69 128 0 0 6
AiM GGM_EXTEND 8 0x80000000 7 68 69 128 8 16 7
AiM GGM_EXTEND 8 0x80000000 8 68 69 128 0 0 8
AiM GGM_EXTEND 8 0x80000000 9 68 69 128 8 16 9
AiM GGM_EXTEND 8 0x80000000 10 69 70 128 16 32 10
AiM GGM_EXTEND 8 0x80000000 11 69 70 128 24 48 11
AiM GGM_EXTEND 8 0x80000000 12 69 70 128 0 0 12
AiM GGM_EXTEND 8 0x80000000 13 69 70 128 8 16 13
AiM GGM_EXTEND 8 0x80000000 14 69 70 128 16 32 14
AiM GGM_EXTEND 8 0x80000000 15 69 70 128 24 48 15
AiM GGM_EXTEND 8 0x80000000 0 71 73 128 32 0 0
AiM GGM_EXTEND 8 0x80000000 1 71 73 128 40 16 1
AiM GGM_EXTEND 8 0x80000000 2 70 72 128 48 32 2
AiM GGM_EXTEND 8 0x80000000 3 70 72 128 56 48 3
AiM GGM_EXTEND 8 0x80000000 4 70 71 128 0 0 4
AiM GGM_EXTEND 8 0x80000000 5 70 71 128 0 0 5
AiM GGM_EXTEND 8 0x80000000 6 70 71 128 0 0 6
AiM GGM_EXTEND 8 0x80000000 7 70 71 128 0 0 7
AiM GGM_EXTEND 8 0x80000000 8 70 71 128 0 0 8
AiM GGM_EXTEND 8 0x80000000 9 70 71 128 8 16 9
AiM GGM_EXTEND 8 0x80000000 10 71 72 128 0 0 10
AiM GGM_EXTEND 8 0x80000000 11 71 72 128 8 16 11
AiM GGM_EXTEND 8 0x80000000 12 72 73 128 16 32 12
AiM GGM_EXTEND 8 0x80000000 13 72 73 128 24 48 13
AiM GGM_EXTEND 8 0x80000000 14 72 73 128 0 0 14
AiM GGM_EXTEND 8 0x80000000 15 72 73 128 8 16 15
AiM GGM_EXTEND 8 0x80000000 0 74 75 128 16 32 0
AiM GGM_EXTEND 8 0x80000000 1 74 75 128 24 48 1
AiM GGM_EXTEND 8 0x80000000 2 73 75 128 32 0 2
AiM GGM_EXTEND 8 0x80000000 3 73 75 128 40 16 3
AiM GGM_EXTEND 8 0x80000000 4 72 74 128 48 32 4
AiM GGM_EXTEND 8 0x80000000 5 72 74 128 56 48 5
AiM GGM_EXTEND 8 0x80000000 6 72 73 128 0 0 6
AiM GGM_EXTEND 8 0x80000000 7 72 73 128 0 0 7
AiM GGM_EXTEND 8 0x80000000 8 72 73 128 0 0 8
AiM GGM_EXTEND 8 0x80000000 9 72 73 128 0 0 9
AiM GGM_EXTEND 8 0x80000000 10 73 74 128 0 0 10
AiM GGM_EXTEND 8 0x80000000 11 73 74 128 8 16 11
AiM GGM_EXTEND 8 0x80000000 12 74 75 128 0 0 12
AiM GGM_EXTEND 8 0x80000000 13 74 75 128 8 16 13
AiM GGM_EXTEND 8 0x80000000 14 75 76 128 16 32 14
AiM GGM_EXTEND 8 0x80000000 15 75 76 128 24 48 15
AiM GGM_EXTEND 8 0x80000000 0 77 78 128 0 0 0
AiM GGM_EXTEND 8 0x80000000 1 77 78 128 8 16 1
AiM GGM_EXTEND 8 0x80000000 2 76 77 128 16 32 2
AiM GGM_EXTEND 8 0x80000000 3 76 77 128 24 48 3
AiM GGM_EXTEND 8 0x80000000 4 75 77 128 32 0 4
AiM GGM_EXTEND 8 0x80000000 5 75 77 128 40 16 5
AiM GGM_EXTEND 8 0x80000000 6 74 76 128 48 32 6
AiM GGM_EXTEND 8 0x80000000 7 74 76 128 56 48 7
AiM GGM_EXTEND 8 0x80000000 8 74 75 128 0 0 8
AiM GGM_EXTEND 8 0x80000000 9 74 75 128 0 0 9
AiM GGM_EXTEND 8 0x80000000 10 75 76 128 0 0 10
AiM GGM_EXTEND 8 0x80000000 11 75 76 128 0 0 11
AiM GGM_EXTEND 8 0x80000000 12 76 77 128 0 0 12
AiM GGM_EXTEND 8 0x80000000 13 76 77 128 8 16 13
AiM GGM_EXTEND 8 0x80000000 14 77 78 128 0 0 14
AiM GGM_EXTEND 8 0x80000000 15 77 78 128 8 16 15
AiM GGM_EXTEND 8 0x80000000 0 80 81 128 16 32 0
AiM GGM_EXTEND 8 0x80000000 1 80 81 128 24 48 1
AiM GGM_EXTEND 8 0x80000000 2 79 80 128 0 0 2
AiM GGM_EXTEND 8 0x80000000 3 79 80 128 8 16 3
AiM GGM_EXTEND 8 0x80000000 4 78 79 128 16 32 4
AiM GGM_EXTEND 8 0x80000000 5 78 79 128 24 48 5
AiM GGM_EXTEND 8 0x80000000 6 77 79 128 32 0 6
AiM GGM_EXTEND 8 0x80000000 7 77 79 128 40 16 7
AiM GGM_EXTEND 8 0x80000000 8 76 78 128 48 32 8
AiM GGM_EXTEND 8 0x80000000 9 76 78 128 56 48 9
AiM GGM_EXTEND 8 0x80000000 10 77 78 128 0 0 10
AiM GGM_EXTEND 8 0x80000000 11 77 78 128 0 0 11
AiM GGM_EXTEND 8 0x80000000 12 78 79 128 0 0 12
AiM GGM_EXTEND 8 0x80000000 13 78 79 128 0 0 13
AiM GGM_EXTEND 8 0x80000000 14 79 80 128 0 0 14
AiM GGM_EXTEND 8 0x80000000 15 79 80 128 8 16 15
AiM GGM_EXTEND 8 0x80000000 0 82 83 128 0 0 0
AiM GGM_EXTEND 8 0x80000000 1 82 83 128 8 16 1
AiM GGM_EXTEND 8 0x80000000 2 82 83 128 16 32 2
AiM GGM_EXTEND 8 0x80000000 3 82 83 128 24 48 3
AiM GGM_EXTEND 8 0x80000000 4 81 82 128 0 0 4
AiM GGM_EXTEND 8 0x80000000 5 81 82 128 8 16 5
AiM GGM_EXTEND 8 0x80000000 6 80 81 128 16 32 6
AiM GGM_EXTEND 8 0x80000000 7 80 81 128 24 48 7
AiM GGM_EXTEND 8 0x80000000 8 79 81 128 32 0 8
AiM GGM_EXTEND 8 0x80000000 9 79 81 128 40 16 9
AiM GGM_EXTEND 8 0x80000000 10 79 81 128 48 32 10
AiM GGM_EXTEND 8 0x80000000 11 79 81 128 56 48 11
AiM GGM_EXTEND 8 0x80000000 12 80 81 128 0 0 12
AiM GGM_EXTEND 8 0x80000000 13 80 81 128 0 0 13
AiM GGM_EXTEND 8 0x80000000 14 81 82 128 0 0 14
AiM GGM_EXTEND 8 0x80000000 15 81 82 128 0 0 15
AiM GGM_EXTEND 8 0x80000000 0 84 85 128 0 0 0
AiM GGM_EXTEND 8 0x80000000 1 84 85 128 8 16 1
AiM GGM_EXTEND 8 0x80000000 2 84 85 128 0 0 2
AiM GGM_EXTEND 8 0x80000000 3 84 85 128 8 16 3
AiM GGM_EXTEND 8 0x80000000 4 84 85 128 16 32 4
AiM GGM_EXTEND 8 0x80000000 5 84 85 128 24 48 5
AiM GGM_EXTEND 8 0x80000000 6 83 84 128 0 0 6
AiM GGM_EXTEND 8 0x80000000 7 83 84 128 8 16 7
AiM GGM_EXTEND 8 0x80000000 8 82 83 128 16 32 8
AiM GGM_EXTEND 8 0x80000000 9 82 83 128 24 48 9
AiM GGM_EXTEND 8 0x80000000 10 82 84 128 32 0 10
AiM GGM_EXTEND 8 0x80000000 11 82 84 128 40 16 11
AiM GGM_EXTEND 8 0x80000000 12 82 84 128 48 32 12
AiM GGM_EXTEND 8 0x80000000 13 82 84 128 56 48 13
AiM GGM_EXTEND 8 0x80000000 14 83 84 128 0 0 14
AiM GGM_EXTEND 8 0x80000000 15 83 84 128 0 0 15
AiM GGM_EXTEND 8 0x80000000 0 86 87 128 0 0 0
AiM GGM_EXTEND 8 0x80000000 1 86 87 128 0 0 1
AiM GGM_EXTEND 8 0x80000000 2 86 87 128 0 0 2
AiM GGM_EXTEND 8 0x80000000 3 86 87 128 8 16 3
AiM GGM_EXTEND 8 0x80000000 4 86 87 128 0 0 4
AiM GGM_EXTEND 8 0x80000000 5 86 87 128 8 16 5
AiM GGM_EXTEND 8 0x80000000 6 86 87 128 16 32 6
AiM GGM_EXTEND 8 0x80000000 7 86 87 128 24 48 7
AiM GGM_EXTEND 8 0x80000000 8 85 86 128 0 0 8
AiM GGM_EXTEND 8 0x80000000 9 85 86 128 8 16 9
AiM GGM_EXTEND 8 0x80000000 10 85 86 128 16 32 10
AiM GGM_EXTEND 8 0x80000000 11 85 86 128 24 48 11
AiM GGM_EXTEND 8 0x80000000 12 85 87 128 32 0 12
AiM GGM_EXTEND 8 0x80000000 13 85 87 128 40 16 13
AiM GGM_EXTEND 8 0x80000000 14 85 87 128 48 32 14
AiM GGM_EXTEND 8 0x80000000 15 85 87 128 56 48 15
AiM GGM_EXTEND 8 0x80000000 0 88 89 128 0 0 0
AiM GGM_EXTEND 8 0x80000000 1 88 89 128 0 0 1
AiM GGM_EXTEND 8 0x80000000 2 88 89 128 0 0 2
AiM GGM_EXTEND 8 0x80000000 3 88 89 128 0 0 3
AiM GGM_EXTEND 8 0x80000000 4 88 89 128 0 0 4
AiM GGM_EXTEND 8 0x80000000 5 88 89 128 8 16 5
AiM GGM_EXTEND 8 0x80000000 6 88 89 128 0 0 6
AiM GGM_EXTEND 8 0x80000000 7 88 89 128 8 16 7
AiM GGM_EXTEND 8 0x80000000 8 88 89 128 16 32 8
AiM GGM_EXTEND 8 0x80000000 9 88 89 128 24 48 9
AiM GGM_EXTEND 8 0x80000000 10 88 89 128 0 0 10
AiM GGM_EXTEND 8 0x80000000 11 88 89 128 8 16 11
AiM GGM_EXTEND 8 0x80000000 12 88 89 128 16 32 12
AiM GGM_EXTEND 8 0x80000000 13 88 89 128 24 48 13
AiM GGM_EXTEND 8 0x80000000 14 88 90 128 32 0 14
AiM GGM_EXTEND 8 0x80000000 15 88 90 128 40 16 15
AiM GGM_EXTEND 8 0x80000000 0 90 92 128 48 32 0
AiM GGM_EXTEND 8 0x80000000 1 90 92 128 56 48 1
AiM GGM_EXTEND 8 0x80000000 2 90 91 128 0 0 2
AiM GGM_EXTEND 8 0x80000000 3 90 91 128 0 0 3
AiM GGM_EXTEND 8 0x80000000 4 90 91 128 0 0 4
AiM GGM_EXTEND 8 0x80000000 5 90 91 128 0 0 5
AiM GGM_EXTEND 8 0x80000000 6 90 91 128 0 0 6
AiM GGM_EXTEND 8 0x80000000 7 90 91 128 8 16 7
AiM GGM_EXTEND 8 0x80000000 8 90 91 128 0 0 8
AiM GGM_EXTEND 8 0x80000000 9 90 91 128 8 16 9
AiM GGM_EXTEND 8 0x80000000 10 91 92 128 16 32 10
AiM GGM_EXTEND 8 0x80000000 11 91 92 128 24 48 11
AiM GGM_EXTEND 8 0x80000000 12 91 92 128 0 0 12
AiM GGM_EXTEND 8 0x80000000 13 91 92 128 8 16 13
AiM GGM_EXTEND 8 0x80000000 14 91 92 128 16 32 14
AiM GGM_EXTEND 8 0x80000000 15 91 92 128 24 48 15
AiM GGM_EXTEND 8 0x80000000 0 93 95 128 32 0 0
AiM GGM_EXTEND 8 0x80000000 1 93 95 128 40 16 1
AiM GGM_EXTEND 8 0x80000000 2 92 94 128 48 32 2
AiM GGM_EXTEND 8 0x80000000 3 92 94 128 56 48 3
AiM GGM_EXTEND 8 0x80000000 4 92 93 128 0 0 4
AiM GGM_EXTEND 8 0x80000000 5 92 93 128 0 0 5
AiM GGM_EXTEND 8 0x80000000 6 92 93 128 0 0 6
AiM GGM_EXTEND 8 0x80000000 7 92 93 128 0 0 7
AiM GGM_EXTEND 8 0x80000000 8 92 93 128 0 0 8
AiM GGM_EXTEND 8 0x80000000 9 92 93 128 8 16 9
AiM GGM_EXTEND 8 0x80000000 10 93 94 128 0 0 10
AiM GGM_EXTEND 8 0x80000000 11 93 94 128 8 16 11
AiM GGM_EXTEND 8 0x80000000 12 94 95 128 16 32 12
AiM GGM_EXTEND 8 0x80000000 13 94 95 128 24 48 13
AiM GGM_EXTEND 8 0x80000000 14 94 95 128 0 0 14
AiM GGM_EXTEND 8 0x80000000 15 94 95 128 8 16 15
AiM GGM_EXTEND 8 0x80000000 0 96 97 128 16 32 0
AiM GGM_EXTEND 8 0x80000000 1 96 97 128 24 48 1
AiM GGM_EXTEND 8 0x80000000 2 95 97 128 32 0 2
AiM GGM_EXTEND 8 0x80000000 3 95 97 128 40 16 3
AiM GGM_EXTEND 8 0x80000000 4 94 96 128 48 32 4
AiM GGM_EXTEND 8 0x80000000 5 94 96 128 56 48 5
AiM GGM_EXTEND 8 0x80000000 6 94 95 128 0 0 6
AiM GGM_EXTEND 8 0x80000000 7 94 95 128 0 0 7
AiM GGM_EXTEND 8 0x80000000 8 94 95 128 0 0 8
AiM GGM_EXTEND 8 0x80000000 9 94 95 128 0 0 9
AiM GGM_EXTEND 8 0x80000000 10 95 96 128 0 0 10
AiM GGM_EXTEND 8 0x80000000 11 95 96 128 8 16 11
AiM GGM_EXTEND 8 0x80000000 12 96 97 128 0 0 12
AiM GGM_EXTEND 8 0x80000000 13 96 97 128 8 16 13
AiM GGM_EXTEND 8 0x80000000 14 97 98 128 16 32 14
AiM GGM_EXTEND 8 0x80000000 15 97 98 128 24 48 15
AiM GGM_EXTEND 8 0x80000000 0 99 100 128 0 0 0
AiM GGM_EXTEND 8 0x80000000 1 99 100 128 8 16 1
AiM GGM_EXTEND 8 0x80000000 2 98 99 128 16 32 2
AiM GGM_EXTEND 8 0x80000000 3 98 99 128 24 48 3
AiM GGM_EXTEND 8 0x80000000 4 97 99 128 32 0 4
AiM GGM_EXTEND 8 0x80000000 5 97 99 128 40 16 5
AiM GGM_EXTEND 8 0x80000000 6 96 98 128 48 32 6
AiM GGM_EXTEND 8 0x80000000 7 96 98 128 56 48 7
AiM GGM_EXTEND 8 0x80000000 8 96 97 128 0 0 8
AiM GGM_EXTEND 8 0x80000000 9 96 97 128 0 0 9
AiM GGM_EXTEND 8 0x80000000 10 97 98 128 0 0 10
AiM GGM_EXTEND 8 0x80000000 11 97 98 128 0 0 11
AiM GGM_EXTEND 8 0x80000000 12 98 99 128 0 0 12
AiM GGM_EXTEND 8 0x80000000 13 98 99 128 8 16 13
AiM GGM_EXTEND 8 0x80000000 14 99 100 128 0 0 14
AiM GGM_EXTEND 8 0x80000000 15 99 100 128 8 16 15
AiM GGM_EXTEND 8 0x80000000 0 102 103 128 16 32 0
AiM GGM_EXTEND 8 0x80000000 1 102 103 128 24 48 1
AiM GGM_EXTEND 8 0x80000000 2 101 102 128 0 0 2
AiM GGM_EXTEND 8 0x80000000 3 101 102 128 8 16 3
AiM GGM_EXTEND 8 0x80000000 4 100 101 128 16 32 4
AiM GGM_EXTEND 8 0x80000000 5 100 101 128 24 48 5
AiM GGM_EXTEND 8 0x80000000 6 99 101 128 32 0 6
AiM GGM_EXTEND 8 0x80000000 7 99 101 128 40 16 7
AiM GGM_EXTEND 8 0x80000000 8 98 100 128 48 32 8
AiM GGM_EXTEND 8 0x80000000 9 98 100 128 56 48 9
AiM GGM_EXTEND 8 0x80000000 10 99 100 128 0 0 10
AiM GGM_EXTEND 8 0x80000000 11 99 100 128 0 0 11
AiM GGM_EXTEND 8 0x80000000 12 100 101 128 0 0 12
AiM GGM_EXTEND 8 0x80000000 13 100 101 128 0 0 13
AiM GGM_EXTEND 8 0x80000000 14 101 102 128 0 0 14
AiM GGM_EXTEND 8 0x80000000 15 101 102 128 8 16 15
AiM GGM_EXTEND 8 0x80000000 0 104 105 128 0 0 0
AiM GGM_EXTEND 8 0x80000000 1 104 105 128 8 16 1
AiM GGM_EXTEND 8 0x80000000 2 104 105 128 16 32 2
AiM GGM_EXTEND 8 0x80000000 3 104 105 128 24 48 3
AiM GGM_EXTEND 8 0x80000000 4 103 104 128 0 0 4
AiM GGM_EXTEND 8 0x80000000 5 103 104 128 8 16 5
AiM GGM_EXTEND 8 0x80000000 6 102 103 128 16 32 6
AiM GGM_EXTEND 8 0x80000000 7 102 103 128 24 48 7
AiM GGM_EXTEND 8 0x80000000 8 101 103 128 32 0 8
AiM GGM_EXTEND 8 0x80000000 9 101 103 128 40 16 9
AiM GGM_EXTEND 8 0x80000000 10 101 103 128 48 32 10
AiM GGM_EXTEND 8 0x80000000 11 101 103 128 56 48 11
AiM GGM_EXTEND 8 0x80000000 12 102 103 128 0 0 12
AiM GGM_EXTEND 8 0x80000000 13 102 103 128 0 0 13
AiM GGM_EXTEND 8 0x80000000 14 103 104 128 0 0 14
AiM GGM_EXTEND 8 0x80000000 15 103 104 128 0 0 15
AiM GGM_EXTEND 8 0x80000000 0 106 107 128 0 0 0
AiM GGM_EXTEND 8 0x80000000 1 106 107 128 8 16 1
AiM GGM_EXTEND 8 0x80000000 2 106 107 128 0 0 2
AiM GGM_EXTEND 8 0x80000000 3 106 107 128 8 16 3
AiM GGM_EXTEND 8 0x80000000 4 106 107 128 16 32 4
AiM GGM_EXTEND 8 0x80000000 5 106 107 128 24 48 5
AiM GGM_EXTEND 8 0x80000000 6 105 106 128 0 0 6
AiM GGM_EXTEND 8 0x80000000 7 105 106 128 8 16 7
AiM GGM_EXTEND 8 0x80000000 8 104 105 128 16 32 8
AiM GGM_EXTEND 8 0x80000000 9 104 105 128 24 48 9
AiM GGM_EXTEND 8 0x80000000 10 104 106 128 32 0 10
AiM GGM_EXTEND 8 0x80000000 11 104 106 128 40 16 11
AiM GGM_EXTEND 8 0x80000000 12 104 106 128 48 32 12
AiM GGM_EXTEND 8 0x80000000 13 104 106 128 56 48 13
AiM GGM_EXTEND 8 0x80000000 14 105 106 128 0 0 14
AiM GGM_EXTEND 8 0x80000000 15 105 106 128 0 0 15
AiM GGM_EXTEND 8 0x80000000 0 108 109 128 0 0 0
AiM GGM_EXTEND 8 0x80000000 1 108 109 128 0 0 1
AiM GGM_EXTEND 8 0x80000000 2 108 109 128 0 0 2
AiM GGM_EXTEND 8 0x80000000 3 108 109 128 8 16 3
AiM GGM_EXTEND 8 0x80000000 4 108 109 128 0 0 4
AiM GGM_EXTEND 8 0x80000000 5 108 109 128 8 16 5
AiM GGM_EXTEND 8 0x80000000 6 108 109 128 16 32 6
AiM GGM_EXTEND 8 0x80000000 7 108 109 128 24 48 7
AiM GGM_EXTEND 8 0x80000000 8 107 108 128 0 0 8
AiM GGM_EXTEND 8 0x80000000 9 107 108 128 8 16 9
AiM GGM_EXTEND 8 0x80000000 10 107 108 128 16 32 10
AiM GGM_EXTEND 8 0x80000000 11 107 108 128 24 48 11
AiM GGM_EXTEND 8 0x80000000 12 107 109 128 32 0 12
AiM GGM_EXTEND 8 0x80000000 13 107 109 128 40 16 13
AiM GGM_EXTEND 8 0x80000000 14 107 109 128 48 32 14
AiM GGM_EXTEND 8 0x80000000 15 107 109 128 56 48 15
AiM GGM_EXTEND 8 0x80000000 0 110 111 128 0 0 0
AiM GGM_EXTEND 8 0x80000000 1 110 111 128 0 0 1
AiM GGM_EXTEND 8 0x80000000 2 110 111 128 0 0 2
AiM GGM_EXTEND 8 0x80000000 3 110 111 128 0 0 3
AiM GGM_EXTEND 8 0x80000000 4 110 111 128 0 0 4
AiM GGM_EXTEND 8 0x80000000 5 110 111 128 8 16 5
AiM GGM_EXTEND 8 0x80000000 6 110 111 128 0 0 6
AiM GGM_EXTEND 8 0x80000000 7 110 111 128 8 16 7
AiM GGM_EXTEND 8 0x80000000 8 110 111 128 16 32 8
AiM GGM_EXTEND 8 0x80000000 9 110 111 128 24 48 9
AiM GGM_EXTEND 8 0x80000000 10 110 111 128 0 0 10
AiM GGM_EXTEND 8 0x80000000 11 110 111 128 8 16 11
AiM GGM_EXTEND 8 0x80000000 12 110 111 128 16 32 12
AiM GGM_EXTEND 8 0x80000000 13 110 111 128 24 48 13
AiM GGM_EXTEND 8 0x80000000 14 110 112 128 32 0 14
AiM GGM_EXTEND 8 0x80000000 15 110 112 128 40 16 15
AiM GGM_EXTEND 8 0x80000000 0 112 114 128 48 32 0
AiM GGM_EXTEND 8 0x80000000 1 112 114 128 56 48 1
AiM GGM_EXTEND 8 0x80000000 2 112 113 128 0 0 2
AiM GGM_EXTEND 8 0x80000000 3 112 113 128 0 0 3
AiM GGM_EXTEND 8 0x80000000 4 112 113 128 0 0 4
AiM GGM_EXTEND 8 0x80000000 5 112 113 128 0 0 5
AiM GGM_EXTEND 8 0x80000000 6 112 113 128 0 0 6
AiM GGM_EXTEND 8 0x80000000 7 112 113 128 8 16 7
AiM GGM_EXTEND 8 0x80000000 8 112 113 128 0 0 8
AiM GGM_EXTEND 8 0x80000000 9 112 113 128 8 16 9
AiM GGM_EXTEND 8 0x80000000 10 113 114 128 16 32 10
AiM GGM_EXTEND 8 0x80000000 11 113 114 128 24 48 11
AiM GGM_EXTEND 8 0x80000000 12 113 114 128 0 0 12
AiM GGM_EXTEND 8 0x80000000 13 113 114 128 8 16 13
AiM GGM_EXTEND 8 0x80000000 14 113 114 128 16 32 14
AiM GGM_EXTEND 8 0x80000000 15 113 114 128 24 48 15
AiM GGM_EXTEND 8 0x80000000 0 115 117 128 32 0 0
AiM GGM_EXTEND 8 0x80000000 1 115 117 128 40 16 1
AiM GGM_EXTEND 8 0x80000000 2 114 116 128 48 32 2
AiM GGM_EXTEND 8 0x80000000 3 114 116 128 56 48 3
AiM GGM_EXTEND 8 0x80000000 4 114 115 128 0 0 4
AiM GGM_EXTEND 8 0x80000000 5 114 115 128 0 0 5
AiM GGM_EXTEND 8 0x80000000 6 114 115 128 0 0 6
AiM GGM_EXTEND 8 0x80000000 7 114 115 128 0 0 7
AiM GGM_EXTEND 8 0x80000000 8 114 115 128 0 0 8
AiM GGM_EXTEND 8 0x80000000 9 114 115 128 8 16 9
AiM GGM_EXTEND 8 0x80000000 10 115 116 128 0 0 10
AiM GGM_EXTEND 8 0x80000000 11 115 116 128 8 16 11
AiM GGM_EXTEND 8 0x80000000 12 116 117 128 16 32 12
AiM GGM_EXTEND 8 0x80000000 13 116 117 128 24 48 13
AiM GGM_EXTEND 8 0x80000000 14 116 117 128 0 0 14
AiM GGM_EXTEND 8 0x80000000 15 116 117 128 8 16 15
AiM GGM_EXTEND 8 0x80000000 0 118 119 128 16 32 0
AiM GGM_EXTEND 8 0x80000000 1 118 119 128 24 48 1
AiM GGM_EXTEND 8 0x80000000 2 117 119 128 32 0 2
AiM GGM_EXTEND 8 0x80000000 3 117 119 128 40 16 3
AiM GGM_EXTEND 8 0x80000000 4 116 118 128 48 32 4
AiM GGM_EXTEND 8 0x80000000 5 116 118 128 56 48 5
AiM GGM_EXTEND 8 0x80000000 6 116 117 128 0 0 6
AiM GGM_EXTEND 8 0x80000000 7 116 117 128 0 0 7
AiM GGM_EXTEND 8 0x80000000 8 116 117 128 0 0 8
AiM GGM_EXTEND 8 0x80000000 9 116 117 128 0 0 9
AiM GGM_EXTEND 8 0x80000000 10 117 118 128 0 0 10
AiM GGM_EXTEND 8 0x80000000 11 117 118 128 8 16 11
AiM GGM_EXTEND 8 0x80000000 12 118 119 128 0 0 12
AiM GGM_EXTEND 8 0x80000000 13 118 119 128 8 16 13
AiM GGM_EXTEND 8 0x80000000 14 119 120 128 16 32 14
AiM GGM_EXTEND 8 0x80000000 15 119 120 128 24 48 15
AiM GGM_EXTEND 8 0x80000000 0 121 122 128 0 0 0
AiM GGM_EXTEND 8 0x80000000 1 121 122 128 8 16 1
AiM GGM_EXTEND 8 0x80000000 2 120 121 128 16 32 2
AiM GGM_EXTEND 8 0x80000000 3 120 121 128 24 48 3
AiM GGM_EXTEND 8 0x80000000 4 119 121 128 32 0 4
AiM GGM_EXTEND 8 0x80000000 5 119 121 128 40 16 5
AiM GGM_EXTEND 8 0x80000000 6 118 120 128 48 32 6
AiM GGM_EXTEND 8 0x80000000 7 118 120 128 56 48 7
AiM GGM_EXTEND 8 0x80000000 8 118 119 128 0 0 8
AiM GGM_EXTEND 8 0x80000000 9 118 119 128 0 0 9
AiM GGM_EXTEND 8 0x80000000 10 119 120 128 0 0 10
AiM GGM_EXTEND 8 0x80000000 11 119 120 128 0 0 11
AiM GGM_EXTEND 8 0x80000000 12 120 121 128 0 0 12
AiM GGM_EXTEND 8 0x80000000 13 120 121 128 8 16 13
AiM GGM_EXTEND 8 0x80000000 14 121 122 128 0 0 14
AiM GGM_EXTEND 8 0x80000000 15 121 122 128 8 16 15
AiM GGM_EXTEND 8 0x80000000 0 124 125 128 16 32 0
AiM GGM_EXTEND 8 0x80000000 1 124 125 128 24 48 1
AiM GGM_EXTEND 8 0x80000000 2 123 124 128 0 0 2
AiM GGM_EXTEND 8 0x80000000 3 123 124 128 8 16 3
AiM GGM_EXTEND 8 0x80000000 4 122 123 128 16 32 4
AiM GGM_EXTEND 8 0x80000000 5 122 123 128 24 48 5
AiM GGM_EXTEND 8 0x80000000 6 121 123 128 32 0 6
AiM GGM_EXTEND 8 0x80000000 7 121 123 128 40 16 7
AiM GGM_EXTEND 8 0x80000000 8 120 122 128 48 32 8
AiM GGM_EXTEND 8 0x80000000 9 120 122 128 56 48 9
AiM GGM_EXTEND 8 0x80000000 10 121 122 128 0 0 10
AiM GGM_EXTEND 8 0x80000000 11 121 122 128 0 0 11
AiM GGM_EXTEND 8 0x80000000 12 122 123 128 0 0 12
AiM GGM_EXTEND 8 0x80000000 13 122 123 128 0 0 13
AiM GGM_EXTEND 8 0x80000000 14 123 124 128 0 0 14
AiM GGM_EXTEND 8 0x80000000 15 123 124 128 8 16 15
AiM GGM_EXTEND 8 0x80000000 0 126 127 128 0 0 0
AiM GGM_EXTEND 8 0x80000000 1 126 127 128 8 16 1
AiM GGM_EXTEND 8 0x80000000 2 126 127 128 16 32 2
AiM GGM_EXTEND 8 0x80000000 3 126 127 128 24 48 3
AiM GGM_EXTEND 8 0x80000000 4 125 126 128 0 0 4
AiM GGM_EXTEND 8 0x80000000 5 125 126 128 8 16 5
AiM GGM_EXTEND 8 0x80000000 6 124 125 128 16 32 6
AiM GGM_EXTEND 8 0x80000000 7 124 125 128 24 48 7
AiM GGM_EXTEND 8 0x80000000 8 123 125 128 32 0 8
AiM GGM_EXTEND 8 0x80000000 9 123 125 128 40 16 9
AiM GGM_EXTEND 8 0x80000000 10 123 125 128 48 32 10
AiM GGM_EXTEND 8 0x80000000 11 123 125 128 56 48 11
AiM GGM_EXTEND 8 0x80000000 12 124 125 128 0 0 12
AiM GGM_EXTEND 8 0x80000000 13 124 125 128 0 0 13
AiM GGM_EXTEND 8 0x80000000 14 125 126 128 0 0 14
AiM GGM_EXTEND 8 0x80000000 15 125 126 128 0 0 15
AiM GGM_EXTEND 8 0x80000000 0 128 129 128 0 0 0
AiM GGM_EXTEND 8 0x80000000 1 128 129 128 8 16 1
AiM GGM_EXTEND 8 0x80000000 2 128 129 128 0 0 2
AiM GGM_EXTEND 8 0x80000000 3 128 129 128 8 16 3
AiM GGM_EXTEND 8 0x80000000 4 128 129 128 16 32 4
AiM GGM_EXTEND 8 0x80000000 5 128 129 128 24 48 5
AiM GGM_EXTEND 8 0x80000000 6 127 128 128 0 0 6
AiM GGM_EXTEND 8 0x80000000 7 127 128 128 8 16 7
AiM GGM_EXTEND 8 0x80000000 8 126 127 128 16 32 8
AiM GGM_EXTEND 8 0x80000000 9 126 127 128 24 48 9
AiM GGM_EXTEND 8 0x80000000 10 126 128 128 32 0 10
AiM GGM_EXTEND 8 0x80000000 11 126 128 128 40 16 11
AiM GGM_EXTEND 8 0x80000000 12 126 128 128 48 32 12
AiM GGM_EXTEND 8 0x80000000 13 126 128 128 56 48 13
AiM GGM_EXTEND 8 0x80000000 14 127 128 128 0 0 14
AiM GGM_EXTEND 8 0x80000000 15 127 128 128 0 0 15
AiM GGM_EXTEND 8 0x80000000 0 130 131 128 0 0 0
AiM GGM_EXTEND 8 0x80000000 1 130 131 128 0 0 1
AiM GGM_EXTEND 8 0x80000000 2 130 131 128 0 0 2
AiM GGM_EXTEND 8 0x80000000 3 130 131 128 8 16 3
AiM GGM_EXTEND 8 0x80000000 4 130 131 128 0 0 4
AiM GGM_EXTEND 8 0x80000000 5 130 131 128 8 16 5
AiM GGM_EXTEND 8 0x80000000 6 130 131 128 16 32 6
AiM GGM_EXTEND 8 0x80000000 7 130 131 128 24 48 7
AiM GGM_EXTEND 8 0x80000000 8 129 130 128 0 0 8
AiM GGM_EXTEND 8 0x80000000 9 129 130 128 8 16 9
AiM GGM_EXTEND 8 0x80000000 10 129 130 128 16 32 10
AiM GGM_EXTEND 8 0x80000000 11 129 130 128 24 48 11
AiM GGM_EXTEND 8 0x80000000 12 129 131 128 32 0 12
AiM GGM_EXTEND 8 0x80000000 13 129 131 128 40 16 13
AiM GGM_EXTEND 8 0x80000000 14 129 131 128 48 32 14
AiM GGM_EXTEND 8 0x80000000 15 129 131 128 56 48 15
AiM GGM_EXTEND 8 0x80000000 0 132 133 128 0 0 0
AiM GGM_EXTEND 8 0x80000000 1 132 133 128 0 0 1
AiM GGM_EXTEND 8 0x80000000 2 132 133 128 0 0 2
AiM GGM_EXTEND 8 0x80000000 3 132 133 128 0 0 3
AiM GGM_EXTEND 8 0x80000000 4 132 133 128 0 0 4
AiM GGM_EXTEND 8 0x80000000 5 132 133 128 8 16 5
AiM GGM_EXTEND 8 0x80000000 6 132 133 128 0 0 6
AiM GGM_EXTEND 8 0x80000000 7 132 133 128 8 16 7
AiM GGM_EXTEND 8 0x80000000 8 132 133 128 16 32 8
AiM GGM_EXTEND 8 0x80000000 9 132 133 128 24 48 9
AiM GGM_EXTEND 8 0x80000000 10 132 133 128 0 0 10
AiM GGM_EXTEND 8 0x80000000 11 132 133 128 8 16 11
AiM GGM_EXTEND 8 0x80000000 12 132 133 128 16 32 12
AiM GGM_EXTEND 8 0x80000000 13 132 133 128 24 48 13
AiM GGM_EXTEND 8 0x80000000 14 132 134 128 32 0 14
AiM GGM_EXTEND 8 0x80000000 15 132 134 128 40 16 15
AiM GGM_EXTEND 8 0x80000000 0 134 136 128 48 32 0
AiM GGM_EXTEND 8 0x80000000 1 134 136 128 56 48 1
AiM GGM_EXTEND 8 0x80000000 2 134 135 128 0 0 2
AiM GGM_EXTEND 8 0x80000000 3 134 135 128 0 0 3
AiM GGM_EXTEND 8 0x80000000 4 134 135 128 0 0 4
AiM GGM_EXTEND 8 0x80000000 5 134 135 128 0 0 5
AiM GGM_EXTEND 8 0x80000000 6 134 135 128 0 0 6
AiM GGM_EXTEND 8 0x80000000 7 134 135 128 8 16 7
AiM GGM_EXTEND 8 0x80000000 8 134 135 128 0 0 8
AiM GGM_EXTEND 8 0x80000000 9 134 135 128 8 16 9
AiM GGM_EXTEND 8 0x80000000 10 135 136 128 16 32 10
AiM GGM_EXTEND 8 0x80000000 11 135 136 128 24 48 11
AiM GGM_EXTEND 8 0x80000000 12 135 136 128 0 0 12
AiM GGM_EXTEND 8 0x80000000 13 135 136 128 8 16 13
AiM GGM_EXTEND 8 0x80000000 14 135 136 128 16 32 14
AiM GGM_EXTEND 8 0x80000000 15 135 136 128 24 48 15
AiM GGM_EXTEND 8 0x80000000 0 137 139 128 32 0 0
AiM GGM_EXTEND 8 0x80000000 1 137 139 128 40 16 1
AiM GGM_EXTEND 8 0x80000000 2 136 138 128 48 32 2
AiM GGM_EXTEND 8 0x80000000 3 136 138 128 56 48 3
AiM GGM_EXTEND 8 0x80000000 4 136 137 128 0 0 4
AiM GGM_EXTEND 8 0x80000000 5 136 137 128 0 0 5
AiM GGM_EXTEND 8 0x80000000 6 136 137 128 0 0 6
AiM GGM_EXTEND 8 0x80000000 7 136 137 128 0 0 7
AiM GGM_EXTEND 8 0x80000000 8 136 137 128 0 0 8
AiM GGM_EXTEND 8 0x80000000 9 136 137 128 8 16 9
AiM GGM_EXTEND 8 0x80000000 10 137 138 128 0 0 10
AiM GGM_EXTEND 8 0x80000000 11 137 138 128 8 16 11
AiM GGM_EXTEND 8 0x80000000 12 138 139 128 16 32 12
AiM GGM_EXTEND 8 0x80000000 13 138 139 128 24 48 13
AiM GGM_EXTEND 8 0x80000000 14 138 139 128 0 0 14
AiM GGM_EXTEND 8 0x80000000 15 138 139 128 8 16 15
AiM GGM_EXTEND 8 0x80000000 0 140 141 128 16 32 0
AiM GGM_EXTEND 8 0x80000000 1 140 141 128 24 48 1
AiM GGM_EXTEND 8 0x80000000 2 139 141 128 32 0 2
AiM GGM_EXTEND 8 0x80000000 3 139 141 128 40 16 3
AiM GGM_EXTEND 8 0x80000000 4 138 140 128 48 32 4
AiM GGM_EXTEND 8 0x80000000 5 138 140 128 56 48 5
AiM GGM_EXTEND 8 0x80000000 6 138 139 128 0 0 6
AiM GGM_EXTEND 8 0x80000000 7 138 139 128 0 0 7
AiM GGM_EXTEND 8 0x80000000 8 138 139 128 0 0 8
AiM GGM_EXTEND 8 0x80000000 9 138 139 128 0 0 9
AiM GGM_EXTEND 8 0x80000000 10 139 140 128 0 0 10
AiM GGM_EXTEND 8 0x80000000 11 139 140 128 8 16 11
AiM GGM_EXTEND 8 0x80000000 12 140 141 128 0 0 12
AiM GGM_EXTEND 8 0x80000000 13 140 141 128 8 16 13
AiM GGM_EXTEND 8 0x80000000 14 141 142 128 16 32 14
AiM GGM_EXTEND 8 0x80000000 15 141 142 128 24 48 15
AiM GGM_EXTEND 8 0x80000000 0 143 144 128 0 0 0
AiM GGM_EXTEND 8 0x80000000 1 143 144 128 8 16 1
AiM GGM_EXTEND 8 0x80000000 2 142 143 128 16 32 2
AiM GGM_EXTEND 8 0x80000000 3 142 143 128 24 48 3
AiM GGM_EXTEND 8 0x80000000 4 141 143 128 32 0 4
AiM GGM_EXTEND 8 0x80000000 5 141 143 128 40 16 5
AiM GGM_EXTEND 8 0x80000000 6 140 142 128 48 32 6
AiM GGM_EXTEND 8 0x80000000 7 140 142 128 56 48 7
AiM GGM_EXTEND 8 0x80000000 8 140 141 128 0 0 8
AiM GGM_EXTEND 8 0x80000000 9 140 141 128 0 0 9
AiM GGM_EXTEND 8 0x80000000 10 141 142 128 0 0 10
AiM GGM_EXTEND 8 0x80000000 11 141 142 128 0 0 11
AiM GGM_EXTEND 8 0x80000000 12 142 143 128 0 0 12
AiM GGM_EXTEND 8 0x80000000 13 142 143 128 8 16 13
AiM GGM_EXTEND 8 0x80000000 14 143 144 128 0 0 14
AiM GGM_EXTEND 8 0x80000000 15 143 144 128 8 16 15
AiM GGM_EXTEND 8 0x80000000 0 146 147 128 16 32 0
AiM GGM_EXTEND 8 0x80000000 1 146 147 128 24 48 1
AiM GGM_EXTEND 8 0x80000000 2 145 146 128 0 0 2
AiM GGM_EXTEND 8 0x80000000 3 145 146 128 8 16 3
AiM GGM_EXTEND 8 0x80000000 4 144 145 128 16 32 4
AiM GGM_EXTEND 8 0x80000000 5 144 145 128 24 48 5
AiM GGM_EXTEND 8 0x80000000 6 143 145 128 32 0 6
AiM GGM_EXTEND 8 0x80000000 7 143 145 128 40 16 7
AiM GGM_EXTEND 8 0x80000000 8 142 144 128 48 32 8
AiM GGM_EXTEND 8 0x80000000 9 142 144 128 56 48 9
AiM GGM_EXTEND 8 0x80000000 10 143 144 128 0 0 10
AiM GGM_EXTEND 8 0x80000000 11 143 144 128 0 0 11
AiM GGM_EXTEND 8 0x80000000 12 144 145 128 0 0 12
AiM GGM_EXTEND 8 0x80000000 13 144 145 128 0 0 13
AiM GGM_EXTEND 8 0x80000000 14 145 146 128 0 0 14
AiM GGM_EXTEND 8 0x80000000 15 145 146 128 8 16 15
AiM GGM_EXTEND 8 0x80000000 0 148 149 128 0 0 0
AiM GGM_EXTEND 8 0x80000000 1 148 149 128 8 16 1
AiM GGM_EXTEND 8 0x80000000 2 148 149 128 16 32 2
AiM GGM_EXTEND 8 0x80000000 3 148 149 128 24 48 3
AiM GGM_EXTEND 8 0x80000000 4 147 148 128 0 0 4
AiM GGM_EXTEND 8 0x80000000 5 147 148 128 8 16 5
AiM GGM_EXTEND 8 0x80000000 6 146 147 128 16 32 6
AiM GGM_EXTEND 8 0x80000000 7 146 147 128 24 48 7
AiM GGM_EXTEND 8 0x80000000 8 145 147 128 32 0 8
AiM GGM_EXTEND 8 0x80000000 9 145 147 128 40 16 9
AiM GGM_EXTEND 8 0x80000000 10 145 147 128 48 32 10
AiM GGM_EXTEND 8 0x80000000 11 145 147 128 56 48 11
AiM GGM_EXTEND 8 0x80000000 12 146 147 128 0 0 12
AiM GGM_EXTEND 8 0x80000000 13 146 147 128 0 0 13
AiM GGM_EXTEND 8 0x80000000 14 147 148 128 0 0 14
AiM GGM_EXTEND 8 0x80000000 15 147 148 128 0 0 15
AiM GGM_EXTEND 8 0x80000000 0 150 151 128 0 0 0
AiM GGM_EXTEND 8 0x80000000 1 150 151 128 8 16 1
AiM GGM_EXTEND 8 0x80000000 2 150 151 128 0 0 2
AiM GGM_EXTEND 8 0x80000000 3 150 151 128 8 16 3
AiM GGM_EXTEND 8 0x80000000 4 150 151 128 16 32 4
AiM GGM_EXTEND 8 0x80000000 5 150 151 128 24 48 5
AiM GGM_EXTEND 8 0x80000000 6 149 150 128 0 0 6
AiM GGM_EXTEND 8 0x80000000 7 149 150 128 8 16 7
AiM GGM_EXTEND 8 0x80000000 8 148 149 128 16 32 8
AiM GGM_EXTEND 8 0x80000000 9 148 149 128 24 48 9
AiM GGM_EXTEND 8 0x80000000 10 148 150 128 32 0 10
AiM GGM_EXTEND 8 0x80000000 11 148 150 128 40 16 11
AiM GGM_EXTEND 8 0x80000000 12 148 150 128 48 32 12
AiM GGM_EXTEND 8 0x80000000 13 148 150 128 56 48 13
AiM GGM_EXTEND 8 0x80000000 14 149 150 128 0 0 14
AiM GGM_EXTEND 8 0x80000000 15 149 150 128 0 0 15
AiM GGM_EXTEND 8 0x80000000 0 152 153 128 0 0 0
AiM GGM_EXTEND 8 0x80000000 1 152 153 128 0 0 1
AiM GGM_EXTEND 8 0x80000000 2 152 153 128 0 0 2
AiM GGM_EXTEND 8 0x80000000 3 152 153 128 8 16 3
AiM GGM_EXTEND 8 0x80000000 4 152 153 128 0 0 4
AiM GGM_EXTEND 8 0x80000000 5 152 153 128 8 16 5
AiM GGM_EXTEND 8 0x80000000 6 152 153 128 16 32 6
AiM GGM_EXTEND 8 0x80000000 7 152 153 128 24 48 7
AiM GGM_EXTEND 8 0x80000000 8 151 152 128 0 0 8
AiM GGM_EXTEND 8 0x80000000 9 151 152 128 8 16 9
AiM GGM_EXTEND 8 0x80000000 10 151 152 128 16 32 10
AiM GGM_EXTEND 8 0x80000000 11 151 152 128 24 48 11
AiM GGM_EXTEND 8 0x80000000 12 151 153 128 32 0 12
AiM GGM_EXTEND 8 0x80000000 13 151 153 128 40 16 13
AiM GGM_EXTEND 8 0x80000000 14 151 153 128 48 32 14
AiM GGM_EXTEND 8 0x80000000 15 151 153 128 56 48 15
AiM GGM_EXTEND 8 0x80000000 0 154 155 128 0 0 0
AiM GGM_EXTEND 8 0x80000000 1 154 155 128 0 0 1
AiM GGM_EXTEND 8 0x80000000 2 154 155 128 0 0 2
AiM GGM_EXTEND 8 0x80000000 3 154 155 128 0 0 3
AiM GGM_EXTEND 8 0x80000000 4 154 155 128 0 0 4
AiM GGM_EXTEND 8 0x80000000 5 154 155 128 8 16 5
AiM GGM_EXTEND 8 0x80000000 6 154 155 128 0 0 6
AiM GGM_EXTEND 8 0x80000000 7 154 155 128 8 16 7
AiM GGM_EXTEND 8 0x80000000 8 154 155 128 16 32 8
AiM GGM_EXTEND 8 0x80000000 9 154 155 128 24 48 9
AiM GGM_EXTEND 8 0x80000000 10 154 155 128 0 0 10
AiM GGM_EXTEND 8 0x80000000 11 154 155 128 8 16 11
AiM GGM_EXTEND 8 0x80000000 12 154 155 128 16 32 12
AiM GGM_EXTEND 8 0x80000000 13 154 155 128 24 48 13
AiM GGM_EXTEND 8 0x80000000 14 154 156 128 32 0 14
AiM GGM_EXTEND 8 0x80000000 15 154 156 128 40 16 15
AiM GGM_EXTEND 8 0x80000000 0 156 158 128 48 32 0
AiM GGM_EXTEND 8 0x80000000 1 156 158 128 56 48 1
AiM GGM_EXTEND 8 0x80000000 2 156 157 128 0 0 2
AiM GGM_EXTEND 8 0x80000000 3 156 157 128 0 0 3
AiM GGM_EXTEND 8 0x80000000 4 156 157 128 0 0 4
AiM GGM_EXTEND 8 0x80000000 5 156 157 128 0 0 5
AiM GGM_EXTEND 8 0x80000000 6 156 157 128 0 0 6
AiM GGM_EXTEND 8 0x80000000 7 156 157 128 8 16 7
AiM GGM_EXTEND 8 0x80000000 8 156 157 128 0 0 8
AiM GGM_EXTEND 8 0x80000000 9 156 157 128 8 16 9
AiM GGM_EXTEND 8 0x80000000 10 157 158 128 16 32 10
AiM GGM_EXTEND 8 0x80000000 11 157 158 128 24 48 11
AiM GGM_EXTEND 8 0x80000000 12 157 158 128 0 0 12
AiM GGM_EXTEND 8 0x80000000 13 157 158 128 8 16 13
AiM GGM_EXTEND 8 0x80000000 14 157 158 128 16 32 14
AiM GGM_EXTEND 8 0x80000000 15 157 158 128 24 48 15
AiM GGM_EXTEND 8 0x80000000 0 159 161 128 32 0 0
AiM GGM_EXTEND 8 0x80000000 1 159 161 128 40 16 1
AiM GGM_EXTEND 8 0x80000000 2 158 160 128 48 32 2
AiM GGM_EXTEND 8 0x80000000 3 158 160 128 56 48 3
AiM GGM_EXTEND 8 0x80000000 4 158 159 128 0 0 4
AiM GGM_EXTEND 8 0x80000000 5 158 159 128 0 0 5
AiM GGM_EXTEND 8 0x80000000 6 158 159 128 0 0 6
AiM GGM_EXTEND 8 0x80000000 7 158 159 128 0 0 7
AiM GGM_EXTEND 8 0x80000000 8 158 159 128 0 0 8
AiM GGM_EXTEND 8 0x80000000 9 158 159 128 8 16 9
AiM GGM_EXTEND 8 0x80000000 10 159 160 128 0 0 10
AiM GGM_EXTEND 8 0x80000000 11 159 160 128 8 16 11
AiM GGM_EXTEND 8 0x80000000 12 160 161 128 16 32 12
AiM GGM_EXTEND 8 0x80000000 13 160 161 128 24 48 13
AiM GGM_EXTEND 8 0x80000000 14 160 161 128 0 0 14
AiM GGM_EXTEND 8 0x80000000 15 160 161 128 8 16 15
AiM GGM_EXTEND 8 0x80000000 0 162 163 128 16 32 0
AiM GGM_EXTEND 8 0x80000000 1 162 163 128 24 48 1
AiM GGM_EXTEND 8 0x80000000 2 161 163 128 32 0 2
AiM GGM_EXTEND 8 0x80000000 3 161 163 128 40 16 3
AiM GGM_EXTEND 8 0x80000000 4 160 162 128 48 32 4
AiM GGM_EXTEND 8 0x80000000 5 160 162 128 56 48 5
AiM GGM_EXTEND 8 0x80000000 6 160 161 128 0 0 6
AiM GGM_EXTEND 8 0x80000000 7 160 161 128 0 0 7
AiM GGM_EXTEND 8 0x80000000 8 160 161 128 0 0 8
AiM GGM_EXTEND 8 0x80000000 9 160 161 128 0 0 9
AiM GGM_EXTEND 8 0x80000000 10 161 162 128 0 0 10
AiM GGM_EXTEND 8 0x80000000 11 161 162 128 8 16 11
AiM GGM_EXTEND 8 0x80000000 12 162 163 128 0 0 12
AiM GGM_EXTEND 8 0x80000000 13 162 163 128 8 16 13
AiM GGM_EXTEND 8 0x80000000 14 163 164 128 16 32 14
AiM GGM_EXTEND 8 0x80000000 15 163 164 128 24 48 15
AiM GGM_EXTEND 8 0x80000000 0 165 166 128 0 0 0
AiM GGM_EXTEND 8 0x80000000 1 165 166 128 8 16 1
AiM GGM_EXTEND 8 0x80000000 2 164 165 128 16 32 2
AiM GGM_EXTEND 8 0x80000000 3 164 165 128 24 48 3
AiM GGM_EXTEND 8 0x80000000 4 163 165 128 32 0 4
AiM GGM_EXTEND 8 0x80000000 5 163 165 128 40 16 5
AiM GGM_EXTEND 8 0x80000000 6 162 164 128 48 32 6
AiM GGM_EXTEND 8 0x80000000 7 162 164 128 56 48 7
AiM GGM_EXTEND 8 0x80000000 8 162 163 128 0 0 8
AiM GGM_EXTEND 8 0x80000000 9 162 163 128 0 0 9
AiM GGM_EXTEND 8 0x80000000 10 163 164 128 0 0 10
AiM GGM_EXTEND 8 0x80000000 11 163 164 128 0 0 11
AiM GGM_EXTEND 8 0x80000000 12 164 165 128 0 0 12
AiM GGM_EXTEND 8 0x80000000 13 164 165 128 8 16 13
AiM GGM_EXTEND 8 0x80000000 14 165 166 128 0 0 14
AiM GGM_EXTEND 8 0x80000000 15 165 166 128 8 16 15
AiM GGM_EXTEND 8 0x80000000 0 168 169 128 16 32 0
AiM GGM_EXTEND 8 0x80000000 1 168 169 128 24 48 1
AiM GGM_EXTEND 8 0x80000000 2 167 168 128 0 0 2
AiM GGM_EXTEND 8 0x80000000 3 167 168 128 8 16 3
AiM GGM_EXTEND 8 0x80000000 4 166 167 128 16 32 4
AiM GGM_EXTEND 8 0x80000000 5 166 167 128 24 48 5
AiM GGM_EXTEND 8 0x80000000 6 165 167 128 32 0 6
AiM GGM_EXTEND 8 0x80000000 7 165 167 128 40 16 7
AiM GGM_EXTEND 8 0x80000000 8 164 166 128 48 32 8
AiM GGM_EXTEND 8 0x80000000 9 164 166 128 56 48 9
AiM GGM_EXTEND 8 0x80000000 10 165 166 128 0 0 10
AiM GGM_EXTEND 8 0x80000000 11 165 166 128 0 0 11
AiM GGM_EXTEND 8 0x80000000 12 166 167 128 0 0 12
AiM GGM_EXTEND 8 0x80000000 13 166 167 128 0 0 13
AiM GGM_EXTEND 8 0x80000000 14 167 168 128 0 0 14
AiM GGM_EXTEND 8 0x80000000 15 167 168 128 8 16 15
AiM GGM_EXTEND 8 0x80000000 0 170 171 128 0 0 0
AiM GGM_EXTEND 8 0x80000000 1 170 171 128 8 16 1
AiM GGM_EXTEND 8 0x80000000 2 170 171 128 16 32 2
AiM GGM_EXTEND 8 0x80000000 3 170 171 128 24 48 3
AiM GGM_EXTEND 8 0x80000000 4 169 170 128 0 0 4
AiM GGM_EXTEND 8 0x80000000 5 169 170 128 8 16 5
AiM GGM_EXTEND 8 0x80000000 6 168 169 128 16 32 6
AiM GGM_EXTEND 8 0x80000000 7 168 169 128 24 48 7
AiM GGM_EXTEND 8 0x80000000 8 167 169 128 32 0 8
AiM GGM_EXTEND 8 0x80000000 9 167 169 128 40 16 9
AiM GGM_EXTEND 8 0x80000000 10 167 169 128 48 32 10
AiM GGM_EXTEND 8 0x80000000 11 167 169 128 56 48 11
AiM GGM_EXTEND 8 0x80000000 12 168 169 128 0 0 12
AiM GGM_EXTEND 8 0x80000000 13 168 169 128 0 0 13
AiM GGM_EXTEND 8 0x80000000 14 169 170 128 0 0 14
AiM GGM_EXTEND 8 0x80000000 15 169 170 128 0 0 15
AiM GGM_EXTEND 8 0x80000000 0 172 173 128 0 0 0
AiM GGM_EXTEND 8 0x80000000 1 172 173 128 8 16 1
AiM GGM_EXTEND 8 0x80000000 2 172 173 128 0 0 2
AiM GGM_EXTEND 8 0x80000000 3 172 173 128 8 16 3
AiM GGM_EXTEND 8 0x80000000 4 172 173 128 16 32 4
AiM GGM_EXTEND 8 0x80000000 5 172 173 128 24 48 5
AiM GGM_EXTEND 8 0x80000000 6 171 172 128 0 0 6
AiM GGM_EXTEND 8 0x80000000 7 171 172 128 8 16 7
AiM GGM_EXTEND 8 0x80000000 8 170 171 128 16 32 8
AiM GGM_EXTEND 8 0x80000000 9 170 171 128 24 48 9
AiM GGM_EXTEND 8 0x80000000 10 170 172 128 32 0 10
AiM GGM_EXTEND 8 0x80000000 11 170 172 128 40 16 11
AiM GGM_EXTEND 8 0x80000000 12 170 172 128 48 32 12
AiM GGM_EXTEND 8 0x80000000 13 170 172 128 56 48 13
AiM GGM_EXTEND 8 0x80000000 14 171 172 128 0 0 14
AiM GGM_EXTEND 8 0x80000000 15 171 172 128 0 0 15
AiM GGM_EXTEND 8 0x80000000 0 174 175 128 0 0 0
AiM GGM_EXTEND 8 0x80000000 1 174 175 128 0 0 1
AiM GGM_EXTEND 8 0x80000000 2 174 175 128 0 0 2
AiM GGM_EXTEND 8 0x80000000 3 174 175 128 8 16 3
AiM GGM_EXTEND 8 0x80000000 4 174 175 128 0 0 4
AiM GGM_EXTEND 8 0x80000000 5 174 175 128 8 16 5
AiM GGM_EXTEND 8 0x80000000 6 174 175 128 16 32 6
AiM GGM_EXTEND 8 0x80000000 7 174 175 128 24 48 7
AiM GGM_EXTEND 8 0x80000000 8 173 174 128 0 0 8
AiM GGM_EXTEND 8 0x80000000 9 173 174 128 8 16 9
AiM GGM_EXTEND 8 0x80000000 10 173 174 128 16 32 10
AiM GGM_EXTEND 8 0x80000000 11 173 174 128 24 48 11
AiM GGM_EXTEND 8 0x80000000 12 173 175 128 32 0 12
AiM GGM_EXTEND 8 0x80000000 13 173 175 128 40 16 13
AiM GGM_EXTEND 8 0x80000000 14 173 175 128 48 32 14
AiM GGM_EXTEND 8 0x80000000 15 173 175 128 56 48 15
AiM EOC
