AiM GGM_EXTEND 8 0x80000000 0 0 8192 128 0 0
AiM GGM_EXTEND 8 0x80000000 1 0 8192 128 0 0
AiM GGM_EXTEND 8 0x80000000 2 0 8192 128 0 0
AiM GGM_EXTEND 8 0x80000000 3 0 8192 128 0 0
AiM GGM_EXTEND 8 0x80000000 4 0 8192 128 0 0
AiM GGM_EXTEND 8 0x80000000 5 0 8192 128 8 16
AiM GGM_EXTEND 8 0x80000000 6 0 8192 128 0 0
AiM GGM_EXTEND 8 0x80000000 7 0 8192 128 8 16
AiM GGM_EXTEND 8 0x80000000 8 0 8192 128 16 32
AiM GGM_EXTEND 8 0x80000000 9 0 8192 128 24 48
AiM GGM_EXTEND 8 0x80000000 10 0 8192 128 0 0
AiM GGM_EXTEND 8 0x80000000 11 0 8192 128 8 16
AiM GGM_EXTEND 8 0x80000000 12 0 8192 128 16 32
AiM GGM_EXTEND 8 0x80000000 13 0 8192 128 24 48
AiM GGM_EXTEND 8 0x80000000 14 0 8192 128 32 0
AiM GGM_EXTEND 8 0x80000000 15 0 8192 128 40 16
AiM GGM_EXTEND 8 0x80000000 0 0 8192 128 48 32
AiM GGM_EXTEND 8 0x80000000 1 0 8192 128 56 48
AiM GGM_EXTEND 8 0x40000000 2 0 8192 128 0 0
AiM GGM_EXTEND 8 0x40000000 3 0 8192 128 0 0
AiM GGM_EXTEND 8 0x40000000 4 0 8192 128 0 0
AiM GGM_EXTEND 8 0x40000000 5 0 8192 128 0 0
AiM GGM_EXTEND 8 0x40000000 6 0 8192 128 0 0
AiM GGM_EXTEND 8 0x40000000 7 0 8192 128 8 16
AiM GGM_EXTEND 8 0x40000000 8 0 8192 128 0 0
AiM GGM_EXTEND 8 0x40000000 9 0 8192 128 8 16
AiM GGM_EXTEND 8 0x40000000 10 0 8192 128 16 32
AiM GGM_EXTEND 8 0x40000000 11 0 8192 128 24 48
AiM GGM_EXTEND 8 0x40000000 12 0 8192 128 0 0
AiM GGM_EXTEND 8 0x40000000 13 0 8192 128 8 16
AiM GGM_EXTEND 8 0x40000000 14 0 8192 128 16 32
AiM GGM_EXTEND 8 0x40000000 15 0 8192 128 24 48
AiM GGM_EXTEND 8 0x40000000 0 0 8192 128 32 0
AiM GGM_EXTEND 8 0x40000000 1 0 8192 128 40 16
AiM GGM_EXTEND 8 0x40000000 2 0 8192 128 48 32
AiM GGM_EXTEND 8 0x40000000 3 0 8192 128 56 48
AiM GGM_EXTEND 8 0x80000000 4 0 8192 128 0 0
AiM GGM_EXTEND 8 0x80000000 5 0 8192 128 0 0
AiM GGM_EXTEND 8 0x80000000 6 0 8192 128 0 0
AiM GGM_EXTEND 8 0x80000000 7 0 8192 128 0 0
AiM GGM_EXTEND 8 0x80000000 8 0 8192 128 0 0
AiM GGM_EXTEND 8 0x80000000 9 0 8192 128 8 16
AiM GGM_EXTEND 8 0x80000000 10 0 8192 128 0 0
AiM GGM_EXTEND 8 0x80000000 11 0 8192 128 8 16
AiM GGM_EXTEND 8 0x80000000 12 0 8192 128 16 32
AiM GGM_EXTEND 8 0x80000000 13 0 8192 128 24 48
AiM GGM_EXTEND 8 0x80000000 14 1 8192 128 0 0
AiM GGM_EXTEND 8 0x80000000 15 1 8192 128 8 16
AiM GGM_EXTEND 8 0x80000000 0 1 8192 128 16 32
AiM GGM_EXTEND 8 0x80000000 1 1 8192 128 24 48
AiM GGM_EXTEND 8 0x80000000 2 0 8192 128 32 0
AiM GGM_EXTEND 8 0x80000000 3 0 8192 128 40 16
AiM GGM_EXTEND 8 0x80000000 4 0 8192 128 48 32
AiM GGM_EXTEND 8 0x80000000 5 0 8192 128 56 48
AiM GGM_EXTEND 8 0x40000000 6 0 8192 128 0 0
AiM GGM_EXTEND 8 0x40000000 7 0 8192 128 0 0
AiM GGM_EXTEND 8 0x40000000 8 0 8192 128 0 0
AiM GGM_EXTEND 8 0x40000000 9 0 8192 128 0 0
AiM GGM_EXTEND 8 0x40000000 10 0 8192 128 0 0
AiM GGM_EXTEND 8 0x40000000 11 0 8192 128 8 16
AiM GGM_EXTEND 8 0x40000000 12 0 8192 128 0 0
AiM GGM_EXTEND 8 0x40000000 13 0 8192 128 8 16
AiM GGM_EXTEND 8 0x40000000 14 0 8192 128 16 32
AiM GGM_EXTEND 8 0x40000000 15 0 8192 128 24 48
AiM GGM_EXTEND 8 0x40000000 0 1 8192 128 0 0
AiM GGM_EXTEND 8 0x40000000 1 1 8192 128 8 16
AiM GGM_EXTEND 8 0x40000000 2 1 8192 128 16 32
AiM GGM_EXTEND 8 0x40000000 3 1 8192 128 24 48
AiM GGM_EXTEND 8 0x40000000 4 0 8192 128 32 0
AiM GGM_EXTEND 8 0x40000000 5 0 8192 128 40 16
AiM GGM_EXTEND 8 0x40000000 6 0 8192 128 48 32
AiM GGM_EXTEND 8 0x40000000 7 0 8192 128 56 48
AiM GGM_EXTEND 8 0x80000000 8 0 8192 128 0 0
AiM GGM_EXTEND 8 0x80000000 9 0 8192 128 0 0
AiM GGM_EXTEND 8 0x80000000 10 0 8192 128 0 0
AiM GGM_EXTEND 8 0x80000000 11 0 8192 128 0 0
AiM GGM_EXTEND 8 0x80000000 12 0 8192 128 0 0
AiM GGM_EXTEND 8 0x80000000 13 0 8192 128 8 16
AiM GGM_EXTEND 8 0x80000000 14 0 8192 128 0 0
AiM GGM_EXTEND 8 0x80000000 15 0 8192 128 8 16
AiM GGM_EXTEND 8 0x80000000 0 0 8192 128 16 32
AiM GGM_EXTEND 8 0x80000000 1 0 8192 128 24 48
AiM GGM_EXTEND 8 0x80000000 2 1 8192 128 0 0
AiM GGM_EXTEND 8 0x80000000 3 1 8192 128 8 16
AiM GGM_EXTEND 8 0x80000000 4 1 8192 128 16 32
AiM GGM_EXTEND 8 0x80000000 5 1 8192 128 24 48
AiM GGM_EXTEND 8 0x80000000 6 0 8192 128 32 0
AiM GGM_EXTEND 8 0x80000000 7 0 8192 128 40 16
AiM GGM_EXTEND 8 0x80000000 8 0 8192 128 48 32
AiM GGM_EXTEND 8 0x80000000 9 0 8192 128 56 48
AiM GGM_EXTEND 8 0x40000000 10 0 8192 128 0 0
AiM GGM_EXTEND 8 0x40000000 11 0 8192 128 0 0
AiM GGM_EXTEND 8 0x40000000 12 0 8192 128 0 0
AiM GGM_EXTEND 8 0x40000000 13 0 8192 128 0 0
AiM GGM_EXTEND 8 0x40000000 14 0 8192 128 0 0
AiM GGM_EXTEND 8 0x40000000 15 0 8192 128 8 16
AiM GGM_EXTEND 8 0x40000000 0 0 8192 128 0 0
AiM GGM_EXTEND 8 0x40000000 1 0 8192 128 8 16
AiM GGM_EXTEND 8 0x40000000 2 0 8192 128 16 32
AiM GGM_EXTEND 8 0x40000000 3 0 8192 128 24 48
AiM GGM_EXTEND 8 0x40000000 4 1 8192 128 0 0
AiM GGM_EXTEND 8 0x40000000 5 1 8192 128 8 16
AiM GGM_EXTEND 8 0x40000000 6 1 8192 128 16 32
AiM GGM_EXTEND 8 0x40000000 7 1 8192 128 24 48
AiM GGM_EXTEND 8 0x40000000 8 0 8192 128 32 0
AiM GGM_EXTEND 8 0x40000000 9 0 8192 128 40 16
AiM GGM_EXTEND 8 0x40000000 10 0 8192 128 48 32
AiM GGM_EXTEND 8 0x40000000 11 0 8192 128 56 48
AiM GGM_EXTEND 8 0x80000000 12 0 8192 128 0 0
AiM GGM_EXTEND 8 0x80000000 13 0 8192 128 0 0
AiM GGM_EXTEND 8 0x80000000 14 0 8192 128 0 0
AiM GGM_EXTEND 8 0x80000000 15 0 8192 128 0 0
AiM GGM_EXTEND 8 0x80000000 0 0 8192 128 0 0
AiM GGM_EXTEND 8 0x80000000 1 0 8192 128 8 16
AiM GGM_EXTEND 8 0x80000000 2 0 8192 128 0 0
AiM GGM_EXTEND 8 0x80000000 3 0 8192 128 8 16
AiM GGM_EXTEND 8 0x80000000 4 0 8192 128 16 32
AiM GGM_EXTEND 8 0x80000000 5 0 8192 128 24 48
AiM GGM_EXTEND 8 0x80000000 6 1 8192 128 0 0
AiM GGM_EXTEND 8 0x80000000 7 1 8192 128 8 16
AiM GGM_EXTEND 8 0x80000000 8 1 8192 128 16 32
AiM GGM_EXTEND 8 0x80000000 9 1 8192 128 24 48
AiM GGM_EXTEND 8 0x80000000 10 1 8192 128 32 0
AiM GGM_EXTEND 8 0x80000000 11 1 8192 128 40 16
AiM GGM_EXTEND 8 0x80000000 12 1 8192 128 48 32
AiM GGM_EXTEND 8 0x80000000 13 1 8192 128 56 48
AiM GGM_EXTEND 8 0x40000000 14 0 8192 128 0 0
AiM GGM_EXTEND 8 0x40000000 15 0 8192 128 0 0
AiM GGM_EXTEND 8 0x40000000 0 0 8192 128 0 0
AiM GGM_EXTEND 8 0x40000000 1 0 8192 128 0 0
AiM GGM_EXTEND 8 0x40000000 2 0 8192 128 0 0
AiM GGM_EXTEND 8 0x40000000 3 0 8192 128 8 16
AiM GGM_EXTEND 8 0x40000000 4 0 8192 128 0 0
AiM GGM_EXTEND 8 0x40000000 5 0 8192 128 8 16
AiM GGM_EXTEND 8 0x40000000 6 0 8192 128 16 32
AiM GGM_EXTEND 8 0x40000000 7 0 8192 128 24 48
AiM GGM_EXTEND 8 0x40000000 8 1 8192 128 0 0
AiM GGM_EXTEND 8 0x40000000 9 1 8192 128 8 16
AiM GGM_EXTEND 8 0x40000000 10 1 8192 128 16 32
AiM GGM_EXTEND 8 0x40000000 11 1 8192 128 24 48
AiM GGM_EXTEND 8 0x40000000 12 1 8192 128 32 0
AiM GGM_EXTEND 8 0x40000000 13 1 8192 128 40 16
AiM GGM_EXTEND 8 0x40000000 14 1 8192 128 48 32
AiM GGM_EXTEND 8 0x40000000 15 1 8192 128 56 48
AiM GGM_EXTEND 8 0x80000000 0 1 8193 128 0 0
AiM GGM_EXTEND 8 0x80000000 1 1 8193 128 0 0
AiM GGM_EXTEND 8 0x80000000 2 1 8193 128 0 0
AiM GGM_EXTEND 8 0x80000000 3 1 8193 128 0 0
AiM GGM_EXTEND 8 0x80000000 4 1 8193 128 0 0
AiM GGM_EXTEND 8 0x80000000 5 1 8193 128 8 16
AiM GGM_EXTEND 8 0x80000000 6 1 8193 128 0 0
AiM GGM_EXTEND 8 0x80000000 7 1 8193 128 8 16
AiM GGM_EXTEND 8 0x80000000 8 1 8193 128 16 32
AiM GGM_EXTEND 8 0x80000000 9 1 8193 128 24 48
AiM GGM_EXTEND 8 0x80000000 10 2 8193 128 0 0
AiM GGM_EXTEND 8 0x80000000 11 2 8193 128 8 16
AiM GGM_EXTEND 8 0x80000000 12 2 8193 128 16 32
AiM GGM_EXTEND 8 0x80000000 13 2 8193 128 24 48
AiM GGM_EXTEND 8 0x80000000 14 2 8193 128 32 0
AiM GGM_EXTEND 8 0x80000000 15 2 8193 128 40 16
AiM GGM_EXTEND 8 0x80000000 0 2 8193 128 48 32
AiM GGM_EXTEND 8 0x80000000 1 2 8193 128 56 48
AiM GGM_EXTEND 8 0x40000000 2 1 8193 128 0 0
AiM GGM_EXTEND 8 0x40000000 3 1 8193 128 0 0
AiM GGM_EXTEND 8 0x40000000 4 1 8193 128 0 0
AiM GGM_EXTEND 8 0x40000000 5 1 8193 128 0 0
AiM GGM_EXTEND 8 0x40000000 6 1 8193 128 0 0
AiM GGM_EXTEND 8 0x40000000 7 1 8193 128 8 16
AiM GGM_EXTEND 8 0x40000000 8 1 8193 128 0 0
AiM GGM_EXTEND 8 0x40000000 9 1 8193 128 8 16
AiM GGM_EXTEND 8 0x40000000 10 1 8193 128 16 32
AiM GGM_EXTEND 8 0x40000000 11 1 8193 128 24 48
AiM GGM_EXTEND 8 0x40000000 12 2 8193 128 0 0
AiM GGM_EXTEND 8 0x40000000 13 2 8193 128 8 16
AiM GGM_EXTEND 8 0x40000000 14 2 8193 128 16 32
AiM GGM_EXTEND 8 0x40000000 15 2 8193 128 24 48
AiM GGM_EXTEND 8 0x40000000 0 2 8193 128 32 0
AiM GGM_EXTEND 8 0x40000000 1 2 8193 128 40 16
AiM GGM_EXTEND 8 0x40000000 2 2 8193 128 48 32
AiM GGM_EXTEND 8 0x40000000 3 2 8193 128 56 48
AiM GGM_EXTEND 8 0x80000000 4 1 8193 128 0 0
AiM GGM_EXTEND 8 0x80000000 5 1 8193 128 0 0
AiM GGM_EXTEND 8 0x80000000 6 1 8193 128 0 0
AiM GGM_EXTEND 8 0x80000000 7 1 8193 128 0 0
AiM GGM_EXTEND 8 0x80000000 8 1 8193 128 0 0
AiM GGM_EXTEND 8 0x80000000 9 1 8193 128 8 16
AiM GGM_EXTEND 8 0x80000000 10 1 8193 128 0 0
AiM GGM_EXTEND 8 0x80000000 11 1 8193 128 8 16
AiM GGM_EXTEND 8 0x80000000 12 1 8193 128 16 32
AiM GGM_EXTEND 8 0x80000000 13 1 8193 128 24 48
AiM GGM_EXTEND 8 0x80000000 14 3 8193 128 0 0
AiM GGM_EXTEND 8 0x80000000 15 3 8193 128 8 16
AiM GGM_EXTEND 8 0x80000000 0 3 8193 128 16 32
AiM GGM_EXTEND 8 0x80000000 1 3 8193 128 24 48
AiM GGM_EXTEND 8 0x80000000 2 2 8193 128 32 0
AiM GGM_EXTEND 8 0x80000000 3 2 8193 128 40 16
AiM GGM_EXTEND 8 0x80000000 4 2 8193 128 48 32
AiM GGM_EXTEND 8 0x80000000 5 2 8193 128 56 48
AiM GGM_EXTEND 8 0x40000000 6 1 8193 128 0 0
AiM GGM_EXTEND 8 0x40000000 7 1 8193 128 0 0
AiM GGM_EXTEND 8 0x40000000 8 1 8193 128 0 0
AiM GGM_EXTEND 8 0x40000000 9 1 8193 128 0 0
AiM GGM_EXTEND 8 0x40000000 10 1 8193 128 0 0
AiM GGM_EXTEND 8 0x40000000 11 1 8193 128 8 16
AiM GGM_EXTEND 8 0x40000000 12 1 8193 128 0 0
AiM GGM_EXTEND 8 0x40000000 13 1 8193 128 8 16
AiM GGM_EXTEND 8 0x40000000 14 1 8193 128 16 32
AiM GGM_EXTEND 8 0x40000000 15 1 8193 128 24 48
AiM GGM_EXTEND 8 0x40000000 0 3 8193 128 0 0
AiM GGM_EXTEND 8 0x40000000 1 3 8193 128 8 16
AiM GGM_EXTEND 8 0x40000000 2 3 8193 128 16 32
AiM GGM_EXTEND 8 0x40000000 3 3 8193 128 24 48
AiM GGM_EXTEND 8 0x40000000 4 2 8193 128 32 0
AiM GGM_EXTEND 8 0x40000000 5 2 8193 128 40 16
AiM GGM_EXTEND 8 0x40000000 6 2 8193 128 48 32
AiM GGM_EXTEND 8 0x40000000 7 2 8193 128 56 48
AiM GGM_EXTEND 8 0x80000000 8 1 8193 128 0 0
AiM GGM_EXTEND 8 0x80000000 9 1 8193 128 0 0
AiM GGM_EXTEND 8 0x80000000 10 1 8193 128 0 0
AiM GGM_EXTEND 8 0x80000000 11 1 8193 128 0 0
AiM GGM_EXTEND 8 0x80000000 12 1 8193 128 0 0
AiM GGM_EXTEND 8 0x80000000 13 1 8193 128 8 16
AiM GGM_EXTEND 8 0x80000000 14 1 8193 128 0 0
AiM GGM_EXTEND 8 0x80000000 15 1 8193 128 8 16
AiM GGM_EXTEND 8 0x80000000 0 1 8193 128 16 32
AiM GGM_EXTEND 8 0x80000000 1 1 8193 128 24 48
AiM GGM_EXTEND 8 0x80000000 2 3 8193 128 0 0
AiM GGM_EXTEND 8 0x80000000 3 3 8193 128 8 16
AiM GGM_EXTEND 8 0x80000000 4 3 8193 128 16 32
AiM GGM_EXTEND 8 0x80000000 5 3 8193 128 24 48
AiM GGM_EXTEND 8 0x80000000 6 2 8193 128 32 0
AiM GGM_EXTEND 8 0x80000000 7 2 8193 128 40 16
AiM GGM_EXTEND 8 0x80000000 8 2 8193 128 48 32
AiM GGM_EXTEND 8 0x80000000 9 2 8193 128 56 48
AiM GGM_EXTEND 8 0x40000000 10 1 8193 128 0 0
AiM GGM_EXTEND 8 0x40000000 11 1 8193 128 0 0
AiM GGM_EXTEND 8 0x40000000 12 1 8193 128 0 0
AiM GGM_EXTEND 8 0x40000000 13 1 8193 128 0 0
AiM GGM_EXTEND 8 0x40000000 14 1 8193 128 0 0
AiM GGM_EXTEND 8 0x40000000 15 1 8193 128 8 16
AiM GGM_EXTEND 8 0x40000000 0 1 8193 128 0 0
AiM GGM_EXTEND 8 0x40000000 1 1 8193 128 8 16
AiM GGM_EXTEND 8 0x40000000 2 1 8193 128 16 32
AiM GGM_EXTEND 8 0x40000000 3 1 8193 128 24 48
AiM GGM_EXTEND 8 0x40000000 4 3 8193 128 0 0
AiM GGM_EXTEND 8 0x40000000 5 3 8193 128 8 16
AiM GGM_EXTEND 8 0x40000000 6 3 8193 128 16 32
AiM GGM_EXTEND 8 0x40000000 7 3 8193 128 24 48
AiM GGM_EXTEND 8 0x40000000 8 2 8193 128 32 0
AiM GGM_EXTEND 8 0x40000000 9 2 8193 128 40 16
AiM GGM_EXTEND 8 0x40000000 10 2 8193 128 48 32
AiM GGM_EXTEND 8 0x40000000 11 2 8193 128 56 48
AiM GGM_EXTEND 8 0x80000000 12 1 8193 128 0 0
AiM GGM_EXTEND 8 0x80000000 13 1 8193 128 0 0
AiM GGM_EXTEND 8 0x80000000 14 1 8193 128 0 0
AiM GGM_EXTEND 8 0x80000000 15 1 8193 128 0 0
AiM GGM_EXTEND 8 0x80000000 0 1 8193 128 0 0
AiM GGM_EXTEND 8 0x80000000 1 1 8193 128 8 16
AiM GGM_EXTEND 8 0x80000000 2 1 8193 128 0 0
AiM GGM_EXTEND 8 0x80000000 3 1 8193 128 8 16
AiM GGM_EXTEND 8 0x80000000 4 1 8193 128 16 32
AiM GGM_EXTEND 8 0x80000000 5 1 8193 128 24 48
AiM GGM_EXTEND 8 0x80000000 6 3 8193 128 0 0
AiM GGM_EXTEND 8 0x80000000 7 3 8193 128 8 16
AiM GGM_EXTEND 8 0x80000000 8 3 8193 128 16 32
AiM GGM_EXTEND 8 0x80000000 9 3 8193 128 24 48
AiM GGM_EXTEND 8 0x80000000 10 3 8193 128 32 0
AiM GGM_EXTEND 8 0x80000000 11 3 8193 128 40 16
AiM GGM_EXTEND 8 0x80000000 12 3 8193 128 48 32
AiM GGM_EXTEND 8 0x80000000 13 3 8193 128 56 48
AiM GGM_EXTEND 8 0x40000000 14 1 8193 128 0 0
AiM GGM_EXTEND 8 0x40000000 15 1 8193 128 0 0
AiM GGM_EXTEND 8 0x40000000 0 1 8193 128 0 0
AiM GGM_EXTEND 8 0x40000000 1 1 8193 128 0 0
AiM GGM_EXTEND 8 0x40000000 2 1 8193 128 0 0
AiM GGM_EXTEND 8 0x40000000 3 1 8193 128 8 16
AiM GGM_EXTEND 8 0x40000000 4 1 8193 128 0 0
AiM GGM_EXTEND 8 0x40000000 5 1 8193 128 8 16
AiM GGM_EXTEND 8 0x40000000 6 1 8193 128 16 32
AiM GGM_EXTEND 8 0x40000000 7 1 8193 128 24 48
AiM GGM_EXTEND 8 0x40000000 8 3 8193 128 0 0
AiM GGM_EXTEND 8 0x40000000 9 3 8193 128 8 16
AiM GGM_EXTEND 8 0x40000000 10 3 8193 128 16 32
AiM GGM_EXTEND 8 0x40000000 11 3 8193 128 24 48
AiM GGM_EXTEND 8 0x40000000 12 3 8193 128 32 0
AiM GGM_EXTEND 8 0x40000000 13 3 8193 128 40 16
AiM GGM_EXTEND 8 0x40000000 14 3 8193 128 48 32
AiM GGM_EXTEND 8 0x40000000 15 3 8193 128 56 48
AiM GGM_EXTEND 8 0x40000000 0 0 8192 128 0 0
AiM GGM_EXTEND 8 0x40000000 1 0 8192 128 0 0
AiM GGM_EXTEND 8 0x40000000 2 0 8192 128 0 0
AiM GGM_EXTEND 8 0x40000000 3 0 8192 128 0 0
AiM GGM_EXTEND 8 0x40000000 4 0 8192 128 0 0
AiM GGM_EXTEND 8 0x40000000 5 0 8192 128 8 16
AiM GGM_EXTEND 8 0x40000000 6 2 8194 128 0 0
AiM GGM_EXTEND 8 0x40000000 7 2 8194 128 8 16
AiM GGM_EXTEND 8 0x40000000 8 2 8194 128 16 32
AiM GGM_EXTEND 8 0x40000000 9 2 8194 128 24 48
AiM GGM_EXTEND 8 0x40000000 10 4 8194 128 0 0
AiM GGM_EXTEND 8 0x40000000 11 4 8194 128 8 16
AiM GGM_EXTEND 8 0x40000000 12 4 8194 128 16 32
AiM GGM_EXTEND 8 0x40000000 13 4 8194 128 24 48
AiM GGM_EXTEND 8 0x40000000 14 4 8194 128 32 0
AiM GGM_EXTEND 8 0x40000000 15 4 8194 128 40 16
AiM GGM_EXTEND 8 0x40000000 0 4 8194 128 48 32
AiM GGM_EXTEND 8 0x40000000 1 4 8194 128 56 48
AiM GGM_EXTEND 8 0x80000000 2 0 8192 128 0 0
AiM GGM_EXTEND 8 0x80000000 3 0 8192 128 0 0
AiM GGM_EXTEND 8 0x80000000 4 0 8192 128 0 0
AiM GGM_EXTEND 8 0x80000000 5 0 8192 128 0 0
AiM GGM_EXTEND 8 0x80000000 6 0 8192 128 0 0
AiM GGM_EXTEND 8 0x80000000 7 0 8192 128 8 16
AiM GGM_EXTEND 8 0x80000000 8 2 8194 128 0 0
AiM GGM_EXTEND 8 0x80000000 9 2 8194 128 8 16
AiM GGM_EXTEND 8 0x80000000 10 2 8194 128 16 32
AiM GGM_EXTEND 8 0x80000000 11 2 8194 128 24 48
AiM GGM_EXTEND 8 0x80000000 12 4 8194 128 0 0
AiM GGM_EXTEND 8 0x80000000 13 4 8194 128 8 16
AiM GGM_EXTEND 8 0x80000000 14 4 8194 128 16 32
AiM GGM_EXTEND 8 0x80000000 15 4 8194 128 24 48
AiM GGM_EXTEND 8 0x80000000 0 4 8194 128 32 0
AiM GGM_EXTEND 8 0x80000000 1 4 8194 128 40 16
AiM GGM_EXTEND 8 0x80000000 2 4 8194 128 48 32
AiM GGM_EXTEND 8 0x80000000 3 4 8194 128 56 48
AiM GGM_EXTEND 8 0x40000000 4 0 8192 128 0 0
AiM GGM_EXTEND 8 0x40000000 5 0 8192 128 0 0
AiM GGM_EXTEND 8 0x40000000 6 0 8192 128 0 0
AiM GGM_EXTEND 8 0x40000000 7 0 8192 128 0 0
AiM GGM_EXTEND 8 0x40000000 8 0 8192 128 0 0
AiM GGM_EXTEND 8 0x40000000 9 0 8192 128 8 16
AiM GGM_EXTEND 8 0x40000000 10 2 8194 128 0 0
AiM GGM_EXTEND 8 0x40000000 11 2 8194 128 8 16
AiM GGM_EXTEND 8 0x40000000 12 2 8194 128 16 32
AiM GGM_EXTEND 8 0x40000000 13 2 8194 128 24 48
AiM GGM_EXTEND 8 0x40000000 14 5 8194 128 0 0
AiM GGM_EXTEND 8 0x40000000 15 5 8194 128 8 16
AiM GGM_EXTEND 8 0x40000000 0 5 8194 128 16 32
AiM GGM_EXTEND 8 0x40000000 1 5 8194 128 24 48
AiM GGM_EXTEND 8 0x40000000 2 4 8194 128 32 0
AiM GGM_EXTEND 8 0x40000000 3 4 8194 128 40 16
AiM GGM_EXTEND 8 0x40000000 4 4 8194 128 48 32
AiM GGM_EXTEND 8 0x40000000 5 4 8194 128 56 48
AiM GGM_EXTEND 8 0x80000000 6 0 8192 128 0 0
AiM GGM_EXTEND 8 0x80000000 7 0 8192 128 0 0
AiM GGM_EXTEND 8 0x80000000 8 0 8192 128 0 0
AiM GGM_EXTEND 8 0x80000000 9 0 8192 128 0 0
AiM GGM_EXTEND 8 0x80000000 10 0 8192 128 0 0
AiM GGM_EXTEND 8 0x80000000 11 0 8192 128 8 16
AiM GGM_EXTEND 8 0x80000000 12 2 8194 128 0 0
AiM GGM_EXTEND 8 0x80000000 13 2 8194 128 8 16
AiM GGM_EXTEND 8 0x80000000 14 2 8194 128 16 32
AiM GGM_EXTEND 8 0x80000000 15 2 8194 128 24 48
AiM GGM_EXTEND 8 0x80000000 0 5 8194 128 0 0
AiM GGM_EXTEND 8 0x80000000 1 5 8194 128 8 16
AiM GGM_EXTEND 8 0x80000000 2 5 8194 128 16 32
AiM GGM_EXTEND 8 0x80000000 3 5 8194 128 24 48
AiM GGM_EXTEND 8 0x80000000 4 4 8194 128 32 0
AiM GGM_EXTEND 8 0x80000000 5 4 8194 128 40 16
AiM GGM_EXTEND 8 0x80000000 6 4 8194 128 48 32
AiM GGM_EXTEND 8 0x80000000 7 4 8194 128 56 48
AiM GGM_EXTEND 8 0x40000000 8 0 8192 128 0 0
AiM GGM_EXTEND 8 0x40000000 9 0 8192 128 0 0
AiM GGM_EXTEND 8 0x40000000 10 0 8192 128 0 0
AiM GGM_EXTEND 8 0x40000000 11 0 8192 128 0 0
AiM GGM_EXTEND 8 0x40000000 12 0 8192 128 0 0
AiM GGM_EXTEND 8 0x40000000 13 0 8192 128 8 16
AiM GGM_EXTEND 8 0x40000000 14 2 8194 128 0 0
AiM GGM_EXTEND 8 0x40000000 15 2 8194 128 8 16
AiM GGM_EXTEND 8 0x40000000 0 2 8194 128 16 32
AiM GGM_EXTEND 8 0x40000000 1 2 8194 128 24 48
AiM GGM_EXTEND 8 0x40000000 2 5 8194 128 0 0
AiM GGM_EXTEND 8 0x40000000 3 5 8194 128 8 16
AiM GGM_EXTEND 8 0x40000000 4 5 8194 128 16 32
AiM GGM_EXTEND 8 0x40000000 5 5 8194 128 24 48
AiM GGM_EXTEND 8 0x40000000 6 4 8194 128 32 0
AiM GGM_EXTEND 8 0x40000000 7 4 8194 128 40 16
AiM GGM_EXTEND 8 0x40000000 8 4 8194 128 48 32
AiM GGM_EXTEND 8 0x40000000 9 4 8194 128 56 48
AiM GGM_EXTEND 8 0x80000000 10 0 8192 128 0 0
AiM GGM_EXTEND 8 0x80000000 11 0 8192 128 0 0
AiM GGM_EXTEND 8 0x80000000 12 0 8192 128 0 0
AiM GGM_EXTEND 8 0x80000000 13 0 8192 128 0 0
AiM GGM_EXTEND 8 0x80000000 14 0 8192 128 0 0
AiM GGM_EXTEND 8 0x80000000 15 0 8192 128 8 16
AiM GGM_EXTEND 8 0x80000000 0 2 8194 128 0 0
AiM GGM_EXTEND 8 0x80000000 1 2 8194 128 8 16
AiM GGM_EXTEND 8 0x80000000 2 2 8194 128 16 32
AiM GGM_EXTEND 8 0x80000000 3 2 8194 128 24 48
AiM GGM_EXTEND 8 0x80000000 4 5 8194 128 0 0
AiM GGM_EXTEND 8 0x80000000 5 5 8194 128 8 16
AiM GGM_EXTEND 8 0x80000000 6 5 8194 128 16 32
AiM GGM_EXTEND 8 0x80000000 7 5 8194 128 24 48
AiM GGM_EXTEND 8 0x80000000 8 4 8194 128 32 0
AiM GGM_EXTEND 8 0x80000000 9 4 8194 128 40 16
AiM GGM_EXTEND 8 0x80000000 10 4 8194 128 48 32
AiM GGM_EXTEND 8 0x80000000 11 4 8194 128 56 48
AiM GGM_EXTEND 8 0x40000000 12 0 8192 128 0 0
AiM GGM_EXTEND 8 0x40000000 13 0 8192 128 0 0
AiM GGM_EXTEND 8 0x40000000 14 0 8192 128 0 0
AiM GGM_EXTEND 8 0x40000000 15 0 8192 128 0 0
AiM GGM_EXTEND 8 0x40000000 0 0 8192 128 0 0
AiM GGM_EXTEND 8 0x40000000 1 0 8192 128 8 16
AiM GGM_EXTEND 8 0x40000000 2 2 8194 128 0 0
AiM GGM_EXTEND 8 0x40000000 3 2 8194 128 8 16
AiM GGM_EXTEND 8 0x40000000 4 2 8194 128 16 32
AiM GGM_EXTEND 8 0x40000000 5 2 8194 128 24 48
AiM GGM_EXTEND 8 0x40000000 6 5 8194 128 0 0
AiM GGM_EXTEND 8 0x40000000 7 5 8194 128 8 16
AiM GGM_EXTEND 8 0x40000000 8 5 8194 128 16 32
AiM GGM_EXTEND 8 0x40000000 9 5 8194 128 24 48
AiM GGM_EXTEND 8 0x40000000 10 5 8194 128 32 0
AiM GGM_EXTEND 8 0x40000000 11 5 8194 128 40 16
AiM GGM_EXTEND 8 0x40000000 12 5 8194 128 48 32
AiM GGM_EXTEND 8 0x40000000 13 5 8194 128 56 48
AiM GGM_EXTEND 8 0x80000000 14 0 8192 128 0 0
AiM GGM_EXTEND 8 0x80000000 15 0 8192 128 0 0
AiM GGM_EXTEND 8 0x80000000 0 0 8192 128 0 0
AiM GGM_EXTEND 8 0x80000000 1 0 8192 128 0 0
AiM GGM_EXTEND 8 0x80000000 2 0 8192 128 0 0
AiM GGM_EXTEND 8 0x80000000 3 0 8192 128 8 16
AiM GGM_EXTEND 8 0x80000000 4 2 8194 128 0 0
AiM GGM_EXTEND 8 0x80000000 5 2 8194 128 8 16
AiM GGM_EXTEND 8 0x80000000 6 2 8194 128 16 32
AiM GGM_EXTEND 8 0x80000000 7 2 8194 128 24 48
AiM GGM_EXTEND 8 0x80000000 8 5 8194 128 0 0
AiM GGM_EXTEND 8 0x80000000 9 5 8194 128 8 16
AiM GGM_EXTEND 8 0x80000000 10 5 8194 128 16 32
AiM GGM_EXTEND 8 0x80000000 11 5 8194 128 24 48
AiM GGM_EXTEND 8 0x80000000 12 5 8194 128 32 0
AiM GGM_EXTEND 8 0x80000000 13 5 8194 128 40 16
AiM GGM_EXTEND 8 0x80000000 14 5 8194 128 48 32
AiM GGM_EXTEND 8 0x80000000 15 5 8194 128 56 48
AiM GGM_EXTEND 8 0x40000000 0 1 8193 128 0 0
AiM GGM_EXTEND 8 0x40000000 1 1 8193 128 0 0
AiM GGM_EXTEND 8 0x40000000 2 1 8193 128 0 0
AiM GGM_EXTEND 8 0x40000000 3 1 8193 128 0 0
AiM GGM_EXTEND 8 0x40000000 4 1 8193 128 0 0
AiM GGM_EXTEND 8 0x40000000 5 1 8193 128 8 16
AiM GGM_EXTEND 8 0x40000000 6 3 8195 128 0 0
AiM GGM_EXTEND 8 0x40000000 7 3 8195 128 8 16
AiM GGM_EXTEND 8 0x40000000 8 3 8195 128 16 32
AiM GGM_EXTEND 8 0x40000000 9 3 8195 128 24 48
AiM GGM_EXTEND 8 0x40000000 10 6 8195 128 0 0
AiM GGM_EXTEND 8 0x40000000 11 6 8195 128 8 16
AiM GGM_EXTEND 8 0x40000000 12 6 8195 128 16 32
AiM GGM_EXTEND 8 0x40000000 13 6 8195 128 24 48
AiM GGM_EXTEND 8 0x40000000 14 6 8195 128 32 0
AiM GGM_EXTEND 8 0x40000000 15 6 8195 128 40 16
AiM GGM_EXTEND 8 0x40000000 0 6 8195 128 48 32
AiM GGM_EXTEND 8 0x40000000 1 6 8195 128 56 48
AiM GGM_EXTEND 8 0x80000000 2 1 8193 128 0 0
AiM GGM_EXTEND 8 0x80000000 3 1 8193 128 0 0
AiM GGM_EXTEND 8 0x80000000 4 1 8193 128 0 0
AiM GGM_EXTEND 8 0x80000000 5 1 8193 128 0 0
AiM GGM_EXTEND 8 0x80000000 6 1 8193 128 0 0
AiM GGM_EXTEND 8 0x80000000 7 1 8193 128 8 16
AiM GGM_EXTEND 8 0x80000000 8 3 8195 128 0 0
AiM GGM_EXTEND 8 0x80000000 9 3 8195 128 8 16
AiM GGM_EXTEND 8 0x80000000 10 3 8195 128 16 32
AiM GGM_EXTEND 8 0x80000000 11 3 8195 128 24 48
AiM GGM_EXTEND 8 0x80000000 12 6 8195 128 0 0
AiM GGM_EXTEND 8 0x80000000 13 6 8195 128 8 16
AiM GGM_EXTEND 8 0x80000000 14 6 8195 128 16 32
AiM GGM_EXTEND 8 0x80000000 15 6 8195 128 24 48
AiM GGM_EXTEND 8 0x80000000 0 6 8195 128 32 0
AiM GGM_EXTEND 8 0x80000000 1 6 8195 128 40 16
AiM GGM_EXTEND 8 0x80000000 2 6 8195 128 48 32
AiM GGM_EXTEND 8 0x80000000 3 6 8195 128 56 48
AiM GGM_EXTEND 8 0x40000000 4 1 8193 128 0 0
AiM GGM_EXTEND 8 0x40000000 5 1 8193 128 0 0
AiM GGM_EXTEND 8 0x40000000 6 1 8193 128 0 0
AiM GGM_EXTEND 8 0x40000000 7 1 8193 128 0 0
AiM GGM_EXTEND 8 0x40000000 8 1 8193 128 0 0
AiM GGM_EXTEND 8 0x40000000 9 1 8193 128 8 16
AiM GGM_EXTEND 8 0x40000000 10 3 8195 128 0 0
AiM GGM_EXTEND 8 0x40000000 11 3 8195 128 8 16
AiM GGM_EXTEND 8 0x40000000 12 3 8195 128 16 32
AiM GGM_EXTEND 8 0x40000000 13 3 8195 128 24 48
AiM GGM_EXTEND 8 0x40000000 14 7 8195 128 0 0
AiM GGM_EXTEND 8 0x40000000 15 7 8195 128 8 16
AiM GGM_EXTEND 8 0x40000000 0 7 8195 128 16 32
AiM GGM_EXTEND 8 0x40000000 1 7 8195 128 24 48
AiM GGM_EXTEND 8 0x40000000 2 6 8195 128 32 0
AiM GGM_EXTEND 8 0x40000000 3 6 8195 128 40 16
AiM GGM_EXTEND 8 0x40000000 4 6 8195 128 48 32
AiM GGM_EXTEND 8 0x40000000 5 6 8195 128 56 48
AiM GGM_EXTEND 8 0x80000000 6 1 8193 128 0 0
AiM GGM_EXTEND 8 0x80000000 7 1 8193 128 0 0
AiM GGM_EXTEND 8 0x80000000 8 1 8193 128 0 0
AiM GGM_EXTEND 8 0x80000000 9 1 8193 128 0 0
AiM GGM_EXTEND 8 0x80000000 10 1 8193 128 0 0
AiM GGM_EXTEND 8 0x80000000 11 1 8193 128 8 16
AiM GGM_EXTEND 8 0x80000000 12 3 8195 128 0 0
AiM GGM_EXTEND 8 0x80000000 13 3 8195 128 8 16
AiM GGM_EXTEND 8 0x80000000 14 3 8195 128 16 32
AiM GGM_EXTEND 8 0x80000000 15 3 8195 128 24 48
AiM GGM_EXTEND 8 0x80000000 0 7 8195 128 0 0
AiM GGM_EXTEND 8 0x80000000 1 7 8195 128 8 16
AiM GGM_EXTEND 8 0x80000000 2 7 8195 128 16 32
AiM GGM_EXTEND 8 0x80000000 3 7 8195 128 24 48
AiM GGM_EXTEND 8 0x80000000 4 6 8195 128 32 0
AiM GGM_EXTEND 8 0x80000000 5 6 8195 128 40 16
AiM GGM_EXTEND 8 0x80000000 6 6 8195 128 48 32
AiM GGM_EXTEND 8 0x80000000 7 6 8195 128 56 48
AiM GGM_EXTEND 8 0x40000000 8 1 8193 128 0 0
AiM GGM_EXTEND 8 0x40000000 9 1 8193 128 0 0
AiM GGM_EXTEND 8 0x40000000 10 1 8193 128 0 0
AiM GGM_EXTEND 8 0x40000000 11 1 8193 128 0 0
AiM GGM_EXTEND 8 0x40000000 12 1 8193 128 0 0
AiM GGM_EXTEND 8 0x40000000 13 1 8193 128 8 16
AiM GGM_EXTEND 8 0x40000000 14 3 8195 128 0 0
AiM GGM_EXTEND 8 0x40000000 15 3 8195 128 8 16
AiM GGM_EXTEND 8 0x40000000 0 3 8195 128 16 32
AiM GGM_EXTEND 8 0x40000000 1 3 8195 128 24 48
AiM GGM_EXTEND 8 0x40000000 2 7 8195 128 0 0
AiM GGM_EXTEND 8 0x40000000 3 7 8195 128 8 16
AiM GGM_EXTEND 8 0x40000000 4 7 8195 128 16 32
AiM GGM_EXTEND 8 0x40000000 5 7 8195 128 24 48
AiM GGM_EXTEND 8 0x40000000 6 6 8195 128 32 0
AiM GGM_EXTEND 8 0x40000000 7 6 8195 128 40 16
AiM GGM_EXTEND 8 0x40000000 8 6 8195 128 48 32
AiM GGM_EXTEND 8 0x40000000 9 6 8195 128 56 48
AiM GGM_EXTEND 8 0x80000000 10 1 8193 128 0 0
AiM GGM_EXTEND 8 0x80000000 11 1 8193 128 0 0
AiM GGM_EXTEND 8 0x80000000 12 1 8193 128 0 0
AiM GGM_EXTEND 8 0x80000000 13 1 8193 128 0 0
AiM GGM_EXTEND 8 0x80000000 14 1 8193 128 0 0
AiM GGM_EXTEND 8 0x80000000 15 1 8193 128 8 16
AiM GGM_EXTEND 8 0x80000000 0 3 8195 128 0 0
AiM GGM_EXTEND 8 0x80000000 1 3 8195 128 8 16
AiM GGM_EXTEND 8 0x80000000 2 3 8195 128 16 32
AiM GGM_EXTEND 8 0x80000000 3 3 8195 128 24 48
AiM GGM_EXTEND 8 0x80000000 4 7 8195 128 0 0
AiM GGM_EXTEND 8 0x80000000 5 7 8195 128 8 16
AiM GGM_EXTEND 8 0x80000000 6 7 8195 128 16 32
AiM GGM_EXTEND 8 0x80000000 7 7 8195 128 24 48
AiM GGM_EXTEND 8 0x80000000 8 6 8195 128 32 0
AiM GGM_EXTEND 8 0x80000000 9 6 8195 128 40 16
AiM GGM_EXTEND 8 0x80000000 10 6 8195 128 48 32
AiM GGM_EXTEND 8 0x80000000 11 6 8195 128 56 48
AiM GGM_EXTEND 8 0x40000000 12 1 8193 128 0 0
AiM GGM_EXTEND 8 0x40000000 13 1 8193 128 0 0
AiM GGM_EXTEND 8 0x40000000 14 1 8193 128 0 0
AiM GGM_EXTEND 8 0x40000000 15 1 8193 128 0 0
AiM GGM_EXTEND 8 0x40000000 0 1 8193 128 0 0
AiM GGM_EXTEND 8 0x40000000 1 1 8193 128 8 16
AiM GGM_EXTEND 8 0x40000000 2 3 8195 128 0 0
AiM GGM_EXTEND 8 0x40000000 3 3 8195 128 8 16
AiM GGM_EXTEND 8 0x40000000 4 3 8195 128 16 32
AiM GGM_EXTEND 8 0x40000000 5 3 8195 128 24 48
AiM GGM_EXTEND 8 0x40000000 6 7 8195 128 0 0
AiM GGM_EXTEND 8 0x40000000 7 7 8195 128 8 16
AiM GGM_EXTEND 8 0x40000000 8 7 8195 128 16 32
AiM GGM_EXTEND 8 0x40000000 9 7 8195 128 24 48
AiM GGM_EXTEND 8 0x40000000 10 7 8195 128 32 0
AiM GGM_EXTEND 8 0x40000000 11 7 8195 128 40 16
AiM GGM_EXTEND 8 0x40000000 12 7 8195 128 48 32
AiM GGM_EXTEND 8 0x40000000 13 7 8195 128 56 48
AiM GGM_EXTEND 8 0x80000000 14 1 8193 128 0 0
AiM GGM_EXTEND 8 0x80000000 15 1 8193 128 0 0
AiM GGM_EXTEND 8 0x80000000 0 1 8193 128 0 0
AiM GGM_EXTEND 8 0x80000000 1 1 8193 128 0 0
AiM GGM_EXTEND 8 0x80000000 2 1 8193 128 0 0
AiM GGM_EXTEND 8 0x80000000 3 1 8193 128 8 16
AiM GGM_EXTEND 8 0x80000000 4 3 8195 128 0 0
AiM GGM_EXTEND 8 0x80000000 5 3 8195 128 8 16
AiM GGM_EXTEND 8 0x80000000 6 3 8195 128 16 32
AiM GGM_EXTEND 8 0x80000000 7 3 8195 128 24 48
AiM GGM_EXTEND 8 0x80000000 8 7 8195 128 0 0
AiM GGM_EXTEND 8 0x80000000 9 7 8195 128 8 16
AiM GGM_EXTEND 8 0x80000000 10 7 8195 128 16 32
AiM GGM_EXTEND 8 0x80000000 11 7 8195 128 24 48
AiM GGM_EXTEND 8 0x80000000 12 7 8195 128 32 0
AiM GGM_EXTEND 8 0x80000000 13 7 8195 128 40 16
AiM GGM_EXTEND 8 0x80000000 14 7 8195 128 48 32
AiM GGM_EXTEND 8 0x80000000 15 7 8195 128 56 48
AiM GGM_EXTEND 8 0x80000000 0 2 8194 128 0 0
AiM GGM_EXTEND 8 0x80000000 1 2 8194 128 0 0
AiM GGM_EXTEND 8 0x80000000 2 2 8194 128 0 0
AiM GGM_EXTEND 8 0x80000000 3 2 8194 128 0 0
AiM GGM_EXTEND 8 0x80000000 4 2 8194 128 0 0
AiM GGM_EXTEND 8 0x80000000 5 2 8194 128 8 16
AiM GGM_EXTEND 8 0x80000000 6 4 8196 128 0 0
AiM GGM_EXTEND 8 0x80000000 7 4 8196 128 8 16
AiM GGM_EXTEND 8 0x80000000 8 4 8196 128 16 32
AiM GGM_EXTEND 8 0x80000000 9 4 8196 128 24 48
AiM GGM_EXTEND 8 0x80000000 10 8 8196 128 0 0
AiM GGM_EXTEND 8 0x80000000 11 8 8196 128 8 16
AiM GGM_EXTEND 8 0x80000000 12 8 8196 128 16 32
AiM GGM_EXTEND 8 0x80000000 13 8 8196 128 24 48
AiM GGM_EXTEND 8 0x80000000 14 8 8196 128 32 0
AiM GGM_EXTEND 8 0x80000000 15 8 8196 128 40 16
AiM GGM_EXTEND 8 0x80000000 0 8 8196 128 48 32
AiM GGM_EXTEND 8 0x80000000 1 8 8196 128 56 48
AiM GGM_EXTEND 8 0x40000000 2 2 8194 128 0 0
AiM GGM_EXTEND 8 0x40000000 3 2 8194 128 0 0
AiM GGM_EXTEND 8 0x40000000 4 2 8194 128 0 0
AiM GGM_EXTEND 8 0x40000000 5 2 8194 128 0 0
AiM GGM_EXTEND 8 0x40000000 6 2 8194 128 0 0
AiM GGM_EXTEND 8 0x40000000 7 2 8194 128 8 16
AiM GGM_EXTEND 8 0x40000000 8 4 8196 128 0 0
AiM GGM_EXTEND 8 0x40000000 9 4 8196 128 8 16
AiM GGM_EXTEND 8 0x40000000 10 4 8196 128 16 32
AiM GGM_EXTEND 8 0x40000000 11 4 8196 128 24 48
AiM GGM_EXTEND 8 0x40000000 12 8 8196 128 0 0
AiM GGM_EXTEND 8 0x40000000 13 8 8196 128 8 16
AiM GGM_EXTEND 8 0x40000000 14 8 8196 128 16 32
AiM GGM_EXTEND 8 0x40000000 15 8 8196 128 24 48
AiM GGM_EXTEND 8 0x40000000 0 8 8196 128 32 0
AiM GGM_EXTEND 8 0x40000000 1 8 8196 128 40 16
AiM GGM_EXTEND 8 0x40000000 2 8 8196 128 48 32
AiM GGM_EXTEND 8 0x40000000 3 8 8196 128 56 48
AiM GGM_EXTEND 8 0x80000000 4 2 8194 128 0 0
AiM GGM_EXTEND 8 0x80000000 5 2 8194 128 0 0
AiM GGM_EXTEND 8 0x80000000 6 2 8194 128 0 0
AiM GGM_EXTEND 8 0x80000000 7 2 8194 128 0 0
AiM GGM_EXTEND 8 0x80000000 8 2 8194 128 0 0
AiM GGM_EXTEND 8 0x80000000 9 2 8194 128 8 16
AiM GGM_EXTEND 8 0x80000000 10 4 8196 128 0 0
AiM GGM_EXTEND 8 0x80000000 11 4 8196 128 8 16
AiM GGM_EXTEND 8 0x80000000 12 4 8196 128 16 32
AiM GGM_EXTEND 8 0x80000000 13 4 8196 128 24 48
AiM GGM_EXTEND 8 0x80000000 14 9 8196 128 0 0
AiM GGM_EXTEND 8 0x80000000 15 9 8196 128 8 16
AiM GGM_EXTEND 8 0x80000000 0 9 8196 128 16 32
AiM GGM_EXTEND 8 0x80000000 1 9 8196 128 24 48
AiM GGM_EXTEND 8 0x80000000 2 8 8196 128 32 0
AiM GGM_EXTEND 8 0x80000000 3 8 8196 128 40 16
AiM GGM_EXTEND 8 0x80000000 4 8 8196 128 48 32
AiM GGM_EXTEND 8 0x80000000 5 8 8196 128 56 48
AiM GGM_EXTEND 8 0x40000000 6 2 8194 128 0 0
AiM GGM_EXTEND 8 0x40000000 7 2 8194 128 0 0
AiM GGM_EXTEND 8 0x40000000 8 2 8194 128 0 0
AiM GGM_EXTEND 8 0x40000000 9 2 8194 128 0 0
AiM GGM_EXTEND 8 0x40000000 10 2 8194 128 0 0
AiM GGM_EXTEND 8 0x40000000 11 2 8194 128 8 16
AiM GGM_EXTEND 8 0x40000000 12 4 8196 128 0 0
AiM GGM_EXTEND 8 0x40000000 13 4 8196 128 8 16
AiM GGM_EXTEND 8 0x40000000 14 4 8196 128 16 32
AiM GGM_EXTEND 8 0x40000000 15 4 8196 128 24 48
AiM GGM_EXTEND 8 0x40000000 0 9 8196 128 0 0
AiM GGM_EXTEND 8 0x40000000 1 9 8196 128 8 16
AiM GGM_EXTEND 8 0x40000000 2 9 8196 128 16 32
AiM GGM_EXTEND 8 0x40000000 3 9 8196 128 24 48
AiM GGM_EXTEND 8 0x40000000 4 8 8196 128 32 0
AiM GGM_EXTEND 8 0x40000000 5 8 8196 128 40 16
AiM GGM_EXTEND 8 0x40000000 6 8 8196 128 48 32
AiM GGM_EXTEND 8 0x40000000 7 8 8196 128 56 48
AiM GGM_EXTEND 8 0x80000000 8 2 8194 128 0 0
AiM GGM_EXTEND 8 0x80000000 9 2 8194 128 0 0
AiM GGM_EXTEND 8 0x80000000 10 2 8194 128 0 0
AiM GGM_EXTEND 8 0x80000000 11 2 8194 128 0 0
AiM GGM_EXTEND 8 0x80000000 12 2 8194 128 0 0
AiM GGM_EXTEND 8 0x80000000 13 2 8194 128 8 16
AiM GGM_EXTEND 8 0x80000000 14 4 8196 128 0 0
AiM GGM_EXTEND 8 0x80000000 15 4 8196 128 8 16
AiM GGM_EXTEND 8 0x80000000 0 4 8196 128 16 32
AiM GGM_EXTEND 8 0x80000000 1 4 8196 128 24 48
AiM GGM_EXTEND 8 0x80000000 2 9 8196 128 0 0
AiM GGM_EXTEND 8 0x80000000 3 9 8196 128 8 16
AiM GGM_EXTEND 8 0x80000000 4 9 8196 128 16 32
AiM GGM_EXTEND 8 0x80000000 5 9 8196 128 24 48
AiM GGM_EXTEND 8 0x80000000 6 8 8196 128 32 0
AiM GGM_EXTEND 8 0x80000000 7 8 8196 128 40 16
AiM GGM_EXTEND 8 0x80000000 8 8 8196 128 48 32
AiM GGM_EXTEND 8 0x80000000 9 8 8196 128 56 48
AiM GGM_EXTEND 8 0x40000000 10 2 8194 128 0 0
AiM GGM_EXTEND 8 0x40000000 11 2 8194 128 0 0
AiM GGM_EXTEND 8 0x40000000 12 2 8194 128 0 0
AiM GGM_EXTEND 8 0x40000000 13 2 8194 128 0 0
AiM GGM_EXTEND 8 0x40000000 14 2 8194 128 0 0
AiM GGM_EXTEND 8 0x40000000 15 2 8194 128 8 16
AiM GGM_EXTEND 8 0x40000000 0 4 8196 128 0 0
AiM GGM_EXTEND 8 0x40000000 1 4 8196 128 8 16
AiM GGM_EXTEND 8 0x40000000 2 4 8196 128 16 32
AiM GGM_EXTEND 8 0x40000000 3 4 8196 128 24 48
AiM GGM_EXTEND 8 0x40000000 4 9 8196 128 0 0
AiM GGM_EXTEND 8 0x40000000 5 9 8196 128 8 16
AiM GGM_EXTEND 8 0x40000000 6 9 8196 128 16 32
AiM GGM_EXTEND 8 0x40000000 7 9 8196 128 24 48
AiM GGM_EXTEND 8 0x40000000 8 8 8196 128 32 0
AiM GGM_EXTEND 8 0x40000000 9 8 8196 128 40 16
AiM GGM_EXTEND 8 0x40000000 10 8 8196 128 48 32
AiM GGM_EXTEND 8 0x40000000 11 8 8196 128 56 48
AiM GGM_EXTEND 8 0x80000000 12 2 8194 128 0 0
AiM GGM_EXTEND 8 0x80000000 13 2 8194 128 0 0
AiM GGM_EXTEND 8 0x80000000 14 2 8194 128 0 0
AiM GGM_EXTEND 8 0x80000000 15 2 8194 128 0 0
AiM GGM_EXTEND 8 0x80000000 0 2 8194 128 0 0
AiM GGM_EXTEND 8 0x80000000 1 2 8194 128 8 16
AiM GGM_EXTEND 8 0x80000000 2 4 8196 128 0 0
AiM GGM_EXTEND 8 0x80000000 3 4 8196 128 8 16
AiM GGM_EXTEND 8 0x80000000 4 4 8196 128 16 32
AiM GGM_EXTEND 8 0x80000000 5 4 8196 128 24 48
AiM GGM_EXTEND 8 0x80000000 6 9 8196 128 0 0
AiM GGM_EXTEND 8 0x80000000 7 9 8196 128 8 16
AiM GGM_EXTEND 8 0x80000000 8 9 8196 128 16 32
AiM GGM_EXTEND 8 0x80000000 9 9 8196 128 24 48
AiM GGM_EXTEND 8 0x80000000 10 9 8196 128 32 0
AiM GGM_EXTEND 8 0x80000000 11 9 8196 128 40 16
AiM GGM_EXTEND 8 0x80000000 12 9 8196 128 48 32
AiM GGM_EXTEND 8 0x80000000 13 9 8196 128 56 48
AiM GGM_EXTEND 8 0x40000000 14 2 8194 128 0 0
AiM GGM_EXTEND 8 0x40000000 15 2 8194 128 0 0
AiM GGM_EXTEND 8 0x40000000 0 2 8194 128 0 0
AiM GGM_EXTEND 8 0x40000000 1 2 8194 128 0 0
AiM GGM_EXTEND 8 0x40000000 2 2 8194 128 0 0
AiM GGM_EXTEND 8 0x40000000 3 2 8194 128 8 16
AiM GGM_EXTEND 8 0x40000000 4 4 8196 128 0 0
AiM GGM_EXTEND 8 0x40000000 5 4 8196 128 8 16
AiM GGM_EXTEND 8 0x40000000 6 4 8196 128 16 32
AiM GGM_EXTEND 8 0x40000000 7 4 8196 128 24 48
AiM GGM_EXTEND 8 0x40000000 8 9 8196 128 0 0
AiM GGM_EXTEND 8 0x40000000 9 9 8196 128 8 16
AiM GGM_EXTEND 8 0x40000000 10 9 8196 128 16 32
AiM GGM_EXTEND 8 0x40000000 11 9 8196 128 24 48
AiM GGM_EXTEND 8 0x40000000 12 9 8196 128 32 0
AiM GGM_EXTEND 8 0x40000000 13 9 8196 128 40 16
AiM GGM_EXTEND 8 0x40000000 14 9 8196 128 48 32
AiM GGM_EXTEND 8 0x40000000 15 9 8196 128 56 48
AiM GGM_EXTEND 8 0x80000000 0 3 8195 128 0 0
AiM GGM_EXTEND 8 0x80000000 1 3 8195 128 0 0
AiM GGM_EXTEND 8 0x80000000 2 3 8195 128 0 0
AiM GGM_EXTEND 8 0x80000000 3 3 8195 128 0 0
AiM GGM_EXTEND 8 0x80000000 4 3 8195 128 0 0
AiM GGM_EXTEND 8 0x80000000 5 3 8195 128 8 16
AiM GGM_EXTEND 8 0x80000000 6 5 8197 128 0 0
AiM GGM_EXTEND 8 0x80000000 7 5 8197 128 8 16
AiM GGM_EXTEND 8 0x80000000 8 5 8197 128 16 32
AiM GGM_EXTEND 8 0x80000000 9 5 8197 128 24 48
AiM GGM_EXTEND 8 0x80000000 10 10 8197 128 0 0
AiM GGM_EXTEND 8 0x80000000 11 10 8197 128 8 16
AiM GGM_EXTEND 8 0x80000000 12 10 8197 128 16 32
AiM GGM_EXTEND 8 0x80000000 13 10 8197 128 24 48
AiM GGM_EXTEND 8 0x80000000 14 10 8197 128 32 0
AiM GGM_EXTEND 8 0x80000000 15 10 8197 128 40 16
AiM GGM_EXTEND 8 0x80000000 0 10 8197 128 48 32
AiM GGM_EXTEND 8 0x80000000 1 10 8197 128 56 48
AiM GGM_EXTEND 8 0x40000000 2 3 8195 128 0 0
AiM GGM_EXTEND 8 0x40000000 3 3 8195 128 0 0
AiM GGM_EXTEND 8 0x40000000 4 3 8195 128 0 0
AiM GGM_EXTEND 8 0x40000000 5 3 8195 128 0 0
AiM GGM_EXTEND 8 0x40000000 6 3 8195 128 0 0
AiM GGM_EXTEND 8 0x40000000 7 3 8195 128 8 16
AiM GGM_EXTEND 8 0x40000000 8 5 8197 128 0 0
AiM GGM_EXTEND 8 0x40000000 9 5 8197 128 8 16
AiM GGM_EXTEND 8 0x40000000 10 5 8197 128 16 32
AiM GGM_EXTEND 8 0x40000000 11 5 8197 128 24 48
AiM GGM_EXTEND 8 0x40000000 12 10 8197 128 0 0
AiM GGM_EXTEND 8 0x40000000 13 10 8197 128 8 16
AiM GGM_EXTEND 8 0x40000000 14 10 8197 128 16 32
AiM GGM_EXTEND 8 0x40000000 15 10 8197 128 24 48
AiM GGM_EXTEND 8 0x40000000 0 10 8197 128 32 0
AiM GGM_EXTEND 8 0x40000000 1 10 8197 128 40 16
AiM GGM_EXTEND 8 0x40000000 2 10 8197 128 48 32
AiM GGM_EXTEND 8 0x40000000 3 10 8197 128 56 48
AiM GGM_EXTEND 8 0x80000000 4 3 8195 128 0 0
AiM GGM_EXTEND 8 0x80000000 5 3 8195 128 0 0
AiM GGM_EXTEND 8 0x80000000 6 3 8195 128 0 0
AiM GGM_EXTEND 8 0x80000000 7 3 8195 128 0 0
AiM GGM_EXTEND 8 0x80000000 8 3 8195 128 0 0
AiM GGM_EXTEND 8 0x80000000 9 3 8195 128 8 16
AiM GGM_EXTEND 8 0x80000000 10 5 8197 128 0 0
AiM GGM_EXTEND 8 0x80000000 11 5 8197 128 8 16
AiM GGM_EXTEND 8 0x80000000 12 5 8197 128 16 32
AiM GGM_EXTEND 8 0x80000000 13 5 8197 128 24 48
AiM GGM_EXTEND 8 0x80000000 14 11 8197 128 0 0
AiM GGM_EXTEND 8 0x80000000 15 11 8197 128 8 16
AiM GGM_EXTEND 8 0x80000000 0 11 8197 128 16 32
AiM GGM_EXTEND 8 0x80000000 1 11 8197 128 24 48
AiM GGM_EXTEND 8 0x80000000 2 10 8197 128 32 0
AiM GGM_EXTEND 8 0x80000000 3 10 8197 128 40 16
AiM GGM_EXTEND 8 0x80000000 4 10 8197 128 48 32
AiM GGM_EXTEND 8 0x80000000 5 10 8197 128 56 48
AiM GGM_EXTEND 8 0x40000000 6 3 8195 128 0 0
AiM GGM_EXTEND 8 0x40000000 7 3 8195 128 0 0
AiM GGM_EXTEND 8 0x40000000 8 3 8195 128 0 0
AiM GGM_EXTEND 8 0x40000000 9 3 8195 128 0 0
AiM GGM_EXTEND 8 0x40000000 10 3 8195 128 0 0
AiM GGM_EXTEND 8 0x40000000 11 3 8195 128 8 16
AiM GGM_EXTEND 8 0x40000000 12 5 8197 128 0 0
AiM GGM_EXTEND 8 0x40000000 13 5 8197 128 8 16
AiM GGM_EXTEND 8 0x40000000 14 5 8197 128 16 32
AiM GGM_EXTEND 8 0x40000000 15 5 8197 128 24 48
AiM GGM_EXTEND 8 0x40000000 0 11 8197 128 0 0
AiM GGM_EXTEND 8 0x40000000 1 11 8197 128 8 16
AiM GGM_EXTEND 8 0x40000000 2 11 8197 128 16 32
AiM GGM_EXTEND 8 0x40000000 3 11 8197 128 24 48
AiM GGM_EXTEND 8 0x40000000 4 10 8197 128 32 0
AiM GGM_EXTEND 8 0x40000000 5 10 8197 128 40 16
AiM GGM_EXTEND 8 0x40000000 6 10 8197 128 48 32
AiM GGM_EXTEND 8 0x40000000 7 10 8197 128 56 48
AiM GGM_EXTEND 8 0x80000000 8 3 8195 128 0 0
AiM GGM_EXTEND 8 0x80000000 9 3 8195 128 0 0
AiM GGM_EXTEND 8 0x80000000 10 3 8195 128 0 0
AiM GGM_EXTEND 8 0x80000000 11 3 8195 128 0 0
AiM GGM_EXTEND 8 0x80000000 12 3 8195 128 0 0
AiM GGM_EXTEND 8 0x80000000 13 3 8195 128 8 16
AiM GGM_EXTEND 8 0x80000000 14 5 8197 128 0 0
AiM GGM_EXTEND 8 0x80000000 15 5 8197 128 8 16
AiM GGM_EXTEND 8 0x80000000 0 5 8197 128 16 32
AiM GGM_EXTEND 8 0x80000000 1 5 8197 128 24 48
AiM GGM_EXTEND 8 0x80000000 2 11 8197 128 0 0
AiM GGM_EXTEND 8 0x80000000 3 11 8197 128 8 16
AiM GGM_EXTEND 8 0x80000000 4 11 8197 128 16 32
AiM GGM_EXTEND 8 0x80000000 5 11 8197 128 24 48
AiM GGM_EXTEND 8 0x80000000 6 10 8197 128 32 0
AiM GGM_EXTEND 8 0x80000000 7 10 8197 128 40 16
AiM GGM_EXTEND 8 0x80000000 8 10 8197 128 48 32
AiM GGM_EXTEND 8 0x80000000 9 10 8197 128 56 48
AiM GGM_EXTEND 8 0x40000000 10 3 8195 128 0 0
AiM GGM_EXTEND 8 0x40000000 11 3 8195 128 0 0
AiM GGM_EXTEND 8 0x40000000 12 3 8195 128 0 0
AiM GGM_EXTEND 8 0x40000000 13 3 8195 128 0 0
AiM GGM_EXTEND 8 0x40000000 14 3 8195 128 0 0
AiM GGM_EXTEND 8 0x40000000 15 3 8195 128 8 16
AiM GGM_EXTEND 8 0x40000000 0 5 8197 128 0 0
AiM GGM_EXTEND 8 0x40000000 1 5 8197 128 8 16
AiM GGM_EXTEND 8 0x40000000 2 5 8197 128 16 32
AiM GGM_EXTEND 8 0x40000000 3 5 8197 128 24 48
AiM GGM_EXTEND 8 0x40000000 4 11 8197 128 0 0
AiM GGM_EXTEND 8 0x40000000 5 11 8197 128 8 16
AiM GGM_EXTEND 8 0x40000000 6 11 8197 128 16 32
AiM GGM_EXTEND 8 0x40000000 7 11 8197 128 24 48
AiM GGM_EXTEND 8 0x40000000 8 10 8197 128 32 0
AiM GGM_EXTEND 8 0x40000000 9 10 8197 128 40 16
AiM GGM_EXTEND 8 0x40000000 10 10 8197 128 48 32
AiM GGM_EXTEND 8 0x40000000 11 10 8197 128 56 48
AiM GGM_EXTEND 8 0x80000000 12 3 8195 128 0 0
AiM GGM_EXTEND 8 0x80000000 13 3 8195 128 0 0
AiM GGM_EXTEND 8 0x80000000 14 3 8195 128 0 0
AiM GGM_EXTEND 8 0x80000000 15 3 8195 128 0 0
AiM GGM_EXTEND 8 0x80000000 0 3 8195 128 0 0
AiM GGM_EXTEND 8 0x80000000 1 3 8195 128 8 16
AiM GGM_EXTEND 8 0x80000000 2 5 8197 128 0 0
AiM GGM_EXTEND 8 0x80000000 3 5 8197 128 8 16
AiM GGM_EXTEND 8 0x80000000 4 5 8197 128 16 32
AiM GGM_EXTEND 8 0x80000000 5 5 8197 128 24 48
AiM GGM_EXTEND 8 0x80000000 6 11 8197 128 0 0
AiM GGM_EXTEND 8 0x80000000 7 11 8197 128 8 16
AiM GGM_EXTEND 8 0x80000000 8 11 8197 128 16 32
AiM GGM_EXTEND 8 0x80000000 9 11 8197 128 24 48
AiM GGM_EXTEND 8 0x80000000 10 11 8197 128 32 0
AiM GGM_EXTEND 8 0x80000000 11 11 8197 128 40 16
AiM GGM_EXTEND 8 0x80000000 12 11 8197 128 48 32
AiM GGM_EXTEND 8 0x80000000 13 11 8197 128 56 48
AiM GGM_EXTEND 8 0x40000000 14 3 8195 128 0 0
AiM GGM_EXTEND 8 0x40000000 15 3 8195 128 0 0
AiM GGM_EXTEND 8 0x40000000 0 3 8195 128 0 0
AiM GGM_EXTEND 8 0x40000000 1 3 8195 128 0 0
AiM GGM_EXTEND 8 0x40000000 2 3 8195 128 0 0
AiM GGM_EXTEND 8 0x40000000 3 3 8195 128 8 16
AiM GGM_EXTEND 8 0x40000000 4 5 8197 128 0 0
AiM GGM_EXTEND 8 0x40000000 5 5 8197 128 8 16
AiM GGM_EXTEND 8 0x40000000 6 5 8197 128 16 32
AiM GGM_EXTEND 8 0x40000000 7 5 8197 128 24 48
AiM GGM_EXTEND 8 0x40000000 8 11 8197 128 0 0
AiM GGM_EXTEND 8 0x40000000 9 11 8197 128 8 16
AiM GGM_EXTEND 8 0x40000000 10 11 8197 128 16 32
AiM GGM_EXTEND 8 0x40000000 11 11 8197 128 24 48
AiM GGM_EXTEND 8 0x40000000 12 11 8197 128 32 0
AiM GGM_EXTEND 8 0x40000000 13 11 8197 128 40 16
AiM GGM_EXTEND 8 0x40000000 14 11 8197 128 48 32
AiM GGM_EXTEND 8 0x40000000 15 11 8197 128 56 48
AiM GGM_EXTEND 8 0x40000000 0 2 8194 128 0 0
AiM GGM_EXTEND 8 0x40000000 1 2 8194 128 0 0
AiM GGM_EXTEND 8 0x40000000 2 2 8194 128 0 0
AiM GGM_EXTEND 8 0x40000000 3 2 8194 128 0 0
AiM GGM_EXTEND 8 0x40000000 4 2 8194 128 0 0
AiM GGM_EXTEND 8 0x40000000 5 2 8194 128 8 16
AiM GGM_EXTEND 8 0x40000000 6 6 8198 128 0 0
AiM GGM_EXTEND 8 0x40000000 7 6 8198 128 8 16
AiM GGM_EXTEND 8 0x40000000 8 6 8198 128 16 32
AiM GGM_EXTEND 8 0x40000000 9 6 8198 128 24 48
AiM GGM_EXTEND 8 0x40000000 10 12 8198 128 0 0
AiM GGM_EXTEND 8 0x40000000 11 12 8198 128 8 16
AiM GGM_EXTEND 8 0x40000000 12 12 8198 128 16 32
AiM GGM_EXTEND 8 0x40000000 13 12 8198 128 24 48
AiM GGM_EXTEND 8 0x40000000 14 12 8198 128 32 0
AiM GGM_EXTEND 8 0x40000000 15 12 8198 128 40 16
AiM GGM_EXTEND 8 0x40000000 0 12 8198 128 48 32
AiM GGM_EXTEND 8 0x40000000 1 12 8198 128 56 48
AiM GGM_EXTEND 8 0x80000000 2 2 8194 128 0 0
AiM GGM_EXTEND 8 0x80000000 3 2 8194 128 0 0
AiM GGM_EXTEND 8 0x80000000 4 2 8194 128 0 0
AiM GGM_EXTEND 8 0x80000000 5 2 8194 128 0 0
AiM GGM_EXTEND 8 0x80000000 6 2 8194 128 0 0
AiM GGM_EXTEND 8 0x80000000 7 2 8194 128 8 16
AiM GGM_EXTEND 8 0x80000000 8 6 8198 128 0 0
AiM GGM_EXTEND 8 0x80000000 9 6 8198 128 8 16
AiM GGM_EXTEND 8 0x80000000 10 6 8198 128 16 32
AiM GGM_EXTEND 8 0x80000000 11 6 8198 128 24 48
AiM GGM_EXTEND 8 0x80000000 12 12 8198 128 0 0
AiM GGM_EXTEND 8 0x80000000 13 12 8198 128 8 16
AiM GGM_EXTEND 8 0x80000000 14 12 8198 128 16 32
AiM GGM_EXTEND 8 0x80000000 15 12 8198 128 24 48
AiM GGM_EXTEND 8 0x80000000 0 12 8198 128 32 0
AiM GGM_EXTEND 8 0x80000000 1 12 8198 128 40 16
AiM GGM_EXTEND 8 0x80000000 2 12 8198 128 48 32
AiM GGM_EXTEND 8 0x80000000 3 12 8198 128 56 48
AiM GGM_EXTEND 8 0x40000000 4 2 8194 128 0 0
AiM GGM_EXTEND 8 0x40000000 5 2 8194 128 0 0
AiM GGM_EXTEND 8 0x40000000 6 2 8194 128 0 0
AiM GGM_EXTEND 8 0x40000000 7 2 8194 128 0 0
AiM GGM_EXTEND 8 0x40000000 8 2 8194 128 0 0
AiM GGM_EXTEND 8 0x40000000 9 2 8194 128 8 16
AiM GGM_EXTEND 8 0x40000000 10 6 8198 128 0 0
AiM GGM_EXTEND 8 0x40000000 11 6 8198 128 8 16
AiM GGM_EXTEND 8 0x40000000 12 6 8198 128 16 32
AiM GGM_EXTEND 8 0x40000000 13 6 8198 128 24 48
AiM GGM_EXTEND 8 0x40000000 14 13 8198 128 0 0
AiM GGM_EXTEND 8 0x40000000 15 13 8198 128 8 16
AiM GGM_EXTEND 8 0x40000000 0 13 8198 128 16 32
AiM GGM_EXTEND 8 0x40000000 1 13 8198 128 24 48
AiM GGM_EXTEND 8 0x40000000 2 12 8198 128 32 0
AiM GGM_EXTEND 8 0x40000000 3 12 8198 128 40 16
AiM GGM_EXTEND 8 0x40000000 4 12 8198 128 48 32
AiM GGM_EXTEND 8 0x40000000 5 12 8198 128 56 48
AiM GGM_EXTEND 8 0x80000000 6 2 8194 128 0 0
AiM GGM_EXTEND 8 0x80000000 7 2 8194 128 0 0
AiM GGM_EXTEND 8 0x80000000 8 2 8194 128 0 0
AiM GGM_EXTEND 8 0x80000000 9 2 8194 128 0 0
AiM GGM_EXTEND 8 0x80000000 10 2 8194 128 0 0
AiM GGM_EXTEND 8 0x80000000 11 2 8194 128 8 16
AiM GGM_EXTEND 8 0x80000000 12 6 8198 128 0 0
AiM GGM_EXTEND 8 0x80000000 13 6 8198 128 8 16
AiM GGM_EXTEND 8 0x80000000 14 6 8198 128 16 32
AiM GGM_EXTEND 8 0x80000000 15 6 8198 128 24 48
AiM GGM_EXTEND 8 0x80000000 0 13 8198 128 0 0
AiM GGM_EXTEND 8 0x80000000 1 13 8198 128 8 16
AiM GGM_EXTEND 8 0x80000000 2 13 8198 128 16 32
AiM GGM_EXTEND 8 0x80000000 3 13 8198 128 24 48
AiM GGM_EXTEND 8 0x80000000 4 12 8198 128 32 0
AiM GGM_EXTEND 8 0x80000000 5 12 8198 128 40 16
AiM GGM_EXTEND 8 0x80000000 6 12 8198 128 48 32
AiM GGM_EXTEND 8 0x80000000 7 12 8198 128 56 48
AiM GGM_EXTEND 8 0x40000000 8 2 8194 128 0 0
AiM GGM_EXTEND 8 0x40000000 9 2 8194 128 0 0
AiM GGM_EXTEND 8 0x40000000 10 2 8194 128 0 0
AiM GGM_EXTEND 8 0x40000000 11 2 8194 128 0 0
AiM GGM_EXTEND 8 0x40000000 12 2 8194 128 0 0
AiM GGM_EXTEND 8 0x40000000 13 2 8194 128 8 16
AiM GGM_EXTEND 8 0x40000000 14 6 8198 128 0 0
AiM GGM_EXTEND 8 0x40000000 15 6 8198 128 8 16
AiM GGM_EXTEND 8 0x40000000 0 6 8198 128 16 32
AiM GGM_EXTEND 8 0x40000000 1 6 8198 128 24 48
AiM GGM_EXTEND 8 0x40000000 2 13 8198 128 0 0
AiM GGM_EXTEND 8 0x40000000 3 13 8198 128 8 16
AiM GGM_EXTEND 8 0x40000000 4 13 8198 128 16 32
AiM GGM_EXTEND 8 0x40000000 5 13 8198 128 24 48
AiM GGM_EXTEND 8 0x40000000 6 12 8198 128 32 0
AiM GGM_EXTEND 8 0x40000000 7 12 8198 128 40 16
AiM GGM_EXTEND 8 0x40000000 8 12 8198 128 48 32
AiM GGM_EXTEND 8 0x40000000 9 12 8198 128 56 48
AiM GGM_EXTEND 8 0x80000000 10 2 8194 128 0 0
AiM GGM_EXTEND 8 0x80000000 11 2 8194 128 0 0
AiM GGM_EXTEND 8 0x80000000 12 2 8194 128 0 0
AiM GGM_EXTEND 8 0x80000000 13 2 8194 128 0 0
AiM GGM_EXTEND 8 0x80000000 14 2 8194 128 0 0
AiM GGM_EXTEND 8 0x80000000 15 2 8194 128 8 16
AiM GGM_EXTEND 8 0x80000000 0 6 8198 128 0 0
AiM GGM_EXTEND 8 0x80000000 1 6 8198 128 8 16
AiM GGM_EXTEND 8 0x80000000 2 6 8198 128 16 32
AiM GGM_EXTEND 8 0x80000000 3 6 8198 128 24 48
AiM GGM_EXTEND 8 0x80000000 4 13 8198 128 0 0
AiM GGM_EXTEND 8 0x80000000 5 13 8198 128 8 16
AiM GGM_EXTEND 8 0x80000000 6 13 8198 128 16 32
AiM GGM_EXTEND 8 0x80000000 7 13 8198 128 24 48
AiM GGM_EXTEND 8 0x80000000 8 12 8198 128 32 0
AiM GGM_EXTEND 8 0x80000000 9 12 8198 128 40 16
AiM GGM_EXTEND 8 0x80000000 10 12 8198 128 48 32
AiM GGM_EXTEND 8 0x80000000 11 12 8198 128 56 48
AiM GGM_EXTEND 8 0x40000000 12 2 8194 128 0 0
AiM GGM_EXTEND 8 0x40000000 13 2 8194 128 0 0
AiM GGM_EXTEND 8 0x40000000 14 2 8194 128 0 0
AiM GGM_EXTEND 8 0x40000000 15 2 8194 128 0 0
AiM GGM_EXTEND 8 0x40000000 0 2 8194 128 0 0
AiM GGM_EXTEND 8 0x40000000 1 2 8194 128 8 16
AiM GGM_EXTEND 8 0x40000000 2 6 8198 128 0 0
AiM GGM_EXTEND 8 0x40000000 3 6 8198 128 8 16
AiM GGM_EXTEND 8 0x40000000 4 6 8198 128 16 32
AiM GGM_EXTEND 8 0x40000000 5 6 8198 128 24 48
AiM GGM_EXTEND 8 0x40000000 6 13 8198 128 0 0
AiM GGM_EXTEND 8 0x40000000 7 13 8198 128 8 16
AiM GGM_EXTEND 8 0x40000000 8 13 8198 128 16 32
AiM GGM_EXTEND 8 0x40000000 9 13 8198 128 24 48
AiM GGM_EXTEND 8 0x40000000 10 13 8198 128 32 0
AiM GGM_EXTEND 8 0x40000000 11 13 8198 128 40 16
AiM GGM_EXTEND 8 0x40000000 12 13 8198 128 48 32
AiM GGM_EXTEND 8 0x40000000 13 13 8198 128 56 48
AiM GGM_EXTEND 8 0x80000000 14 2 8194 128 0 0
AiM GGM_EXTEND 8 0x80000000 15 2 8194 128 0 0
AiM GGM_EXTEND 8 0x80000000 0 2 8194 128 0 0
AiM GGM_EXTEND 8 0x80000000 1 2 8194 128 0 0
AiM GGM_EXTEND 8 0x80000000 2 2 8194 128 0 0
AiM GGM_EXTEND 8 0x80000000 3 2 8194 128 8 16
AiM GGM_EXTEND 8 0x80000000 4 6 8198 128 0 0
AiM GGM_EXTEND 8 0x80000000 5 6 8198 128 8 16
AiM GGM_EXTEND 8 0x80000000 6 6 8198 128 16 32
AiM GGM_EXTEND 8 0x80000000 7 6 8198 128 24 48
AiM GGM_EXTEND 8 0x80000000 8 13 8198 128 0 0
AiM GGM_EXTEND 8 0x80000000 9 13 8198 128 8 16
AiM GGM_EXTEND 8 0x80000000 10 13 8198 128 16 32
AiM GGM_EXTEND 8 0x80000000 11 13 8198 128 24 48
AiM GGM_EXTEND 8 0x80000000 12 13 8198 128 32 0
AiM GGM_EXTEND 8 0x80000000 13 13 8198 128 40 16
AiM GGM_EXTEND 8 0x80000000 14 13 8198 128 48 32
AiM GGM_EXTEND 8 0x80000000 15 13 8198 128 56 48
AiM GGM_EXTEND 8 0x40000000 0 3 8195 128 0 0
AiM GGM_EXTEND 8 0x40000000 1 3 8195 128 0 0
AiM GGM_EXTEND 8 0x40000000 2 3 8195 128 0 0
AiM GGM_EXTEND 8 0x40000000 3 3 8195 128 0 0
AiM GGM_EXTEND 8 0x40000000 4 3 8195 128 0 0
AiM GGM_EXTEND 8 0x40000000 5 3 8195 128 8 16
AiM GGM_EXTEND 8 0x40000000 6 7 8199 128 0 0
AiM GGM_EXTEND 8 0x40000000 7 7 8199 128 8 16
AiM GGM_EXTEND 8 0x40000000 8 7 8199 128 16 32
AiM GGM_EXTEND 8 0x40000000 9 7 8199 128 24 48
AiM GGM_EXTEND 8 0x40000000 10 14 8199 128 0 0
AiM GGM_EXTEND 8 0x40000000 11 14 8199 128 8 16
AiM GGM_EXTEND 8 0x40000000 12 14 8199 128 16 32
AiM GGM_EXTEND 8 0x40000000 13 14 8199 128 24 48
AiM GGM_EXTEND 8 0x40000000 14 14 8199 128 32 0
AiM GGM_EXTEND 8 0x40000000 15 14 8199 128 40 16
AiM GGM_EXTEND 8 0x40000000 0 14 8199 128 48 32
AiM GGM_EXTEND 8 0x40000000 1 14 8199 128 56 48
AiM GGM_EXTEND 8 0x80000000 2 3 8195 128 0 0
AiM GGM_EXTEND 8 0x80000000 3 3 8195 128 0 0
AiM GGM_EXTEND 8 0x80000000 4 3 8195 128 0 0
AiM GGM_EXTEND 8 0x80000000 5 3 8195 128 0 0
AiM GGM_EXTEND 8 0x80000000 6 3 8195 128 0 0
AiM GGM_EXTEND 8 0x80000000 7 3 8195 128 8 16
AiM GGM_EXTEND 8 0x80000000 8 7 8199 128 0 0
AiM GGM_EXTEND 8 0x80000000 9 7 8199 128 8 16
AiM GGM_EXTEND 8 0x80000000 10 7 8199 128 16 32
AiM GGM_EXTEND 8 0x80000000 11 7 8199 128 24 48
AiM GGM_EXTEND 8 0x80000000 12 14 8199 128 0 0
AiM GGM_EXTEND 8 0x80000000 13 14 8199 128 8 16
AiM GGM_EXTEND 8 0x80000000 14 14 8199 128 16 32
AiM GGM_EXTEND 8 0x80000000 15 14 8199 128 24 48
AiM GGM_EXTEND 8 0x80000000 0 14 8199 128 32 0
AiM GGM_EXTEND 8 0x80000000 1 14 8199 128 40 16
AiM GGM_EXTEND 8 0x80000000 2 14 8199 128 48 32
AiM GGM_EXTEND 8 0x80000000 3 14 8199 128 56 48
AiM GGM_EXTEND 8 0x40000000 4 3 8195 128 0 0
AiM GGM_EXTEND 8 0x40000000 5 3 8195 128 0 0
AiM GGM_EXTEND 8 0x40000000 6 3 8195 128 0 0
AiM GGM_EXTEND 8 0x40000000 7 3 8195 128 0 0
AiM GGM_EXTEND 8 0x40000000 8 3 8195 128 0 0
AiM GGM_EXTEND 8 0x40000000 9 3 8195 128 8 16
AiM GGM_EXTEND 8 0x40000000 10 7 8199 128 0 0
AiM GGM_EXTEND 8 0x40000000 11 7 8199 128 8 16
AiM GGM_EXTEND 8 0x40000000 12 7 8199 128 16 32
AiM GGM_EXTEND 8 0x40000000 13 7 8199 128 24 48
AiM GGM_EXTEND 8 0x40000000 14 15 8199 128 0 0
AiM GGM_EXTEND 8 0x40000000 15 15 8199 128 8 16
AiM GGM_EXTEND 8 0x40000000 0 15 8199 128 16 32
AiM GGM_EXTEND 8 0x40000000 1 15 8199 128 24 48
AiM GGM_EXTEND 8 0x40000000 2 14 8199 128 32 0
AiM GGM_EXTEND 8 0x40000000 3 14 8199 128 40 16
AiM GGM_EXTEND 8 0x40000000 4 14 8199 128 48 32
AiM GGM_EXTEND 8 0x40000000 5 14 8199 128 56 48
AiM GGM_EXTEND 8 0x80000000 6 3 8195 128 0 0
AiM GGM_EXTEND 8 0x80000000 7 3 8195 128 0 0
AiM GGM_EXTEND 8 0x80000000 8 3 8195 128 0 0
AiM GGM_EXTEND 8 0x80000000 9 3 8195 128 0 0
AiM GGM_EXTEND 8 0x80000000 10 3 8195 128 0 0
AiM GGM_EXTEND 8 0x80000000 11 3 8195 128 8 16
AiM GGM_EXTEND 8 0x80000000 12 7 8199 128 0 0
AiM GGM_EXTEND 8 0x80000000 13 7 8199 128 8 16
AiM GGM_EXTEND 8 0x80000000 14 7 8199 128 16 32
AiM GGM_EXTEND 8 0x80000000 15 7 8199 128 24 48
AiM GGM_EXTEND 8 0x80000000 0 15 8199 128 0 0
AiM GGM_EXTEND 8 0x80000000 1 15 8199 128 8 16
AiM GGM_EXTEND 8 0x80000000 2 15 8199 128 16 32
AiM GGM_EXTEND 8 0x80000000 3 15 8199 128 24 48
AiM GGM_EXTEND 8 0x80000000 4 14 8199 128 32 0
AiM GGM_EXTEND 8 0x80000000 5 14 8199 128 40 16
AiM GGM_EXTEND 8 0x80000000 6 14 8199 128 48 32
AiM GGM_EXTEND 8 0x80000000 7 14 8199 128 56 48
AiM GGM_EXTEND 8 0x40000000 8 3 8195 128 0 0
AiM GGM_EXTEND 8 0x40000000 9 3 8195 128 0 0
AiM GGM_EXTEND 8 0x40000000 10 3 8195 128 0 0
AiM GGM_EXTEND 8 0x40000000 11 3 8195 128 0 0
AiM GGM_EXTEND 8 0x40000000 12 3 8195 128 0 0
AiM GGM_EXTEND 8 0x40000000 13 3 8195 128 8 16
AiM GGM_EXTEND 8 0x40000000 14 7 8199 128 0 0
AiM GGM_EXTEND 8 0x40000000 15 7 8199 128 8 16
AiM GGM_EXTEND 8 0x40000000 0 7 8199 128 16 32
AiM GGM_EXTEND 8 0x40000000 1 7 8199 128 24 48
AiM GGM_EXTEND 8 0x40000000 2 15 8199 128 0 0
AiM GGM_EXTEND 8 0x40000000 3 15 8199 128 8 16
AiM GGM_EXTEND 8 0x40000000 4 15 8199 128 16 32
AiM GGM_EXTEND 8 0x40000000 5 15 8199 128 24 48
AiM GGM_EXTEND 8 0x40000000 6 14 8199 128 32 0
AiM GGM_EXTEND 8 0x40000000 7 14 8199 128 40 16
AiM GGM_EXTEND 8 0x40000000 8 14 8199 128 48 32
AiM GGM_EXTEND 8 0x40000000 9 14 8199 128 56 48
AiM GGM_EXTEND 8 0x80000000 10 3 8195 128 0 0
AiM GGM_EXTEND 8 0x80000000 11 3 8195 128 0 0
AiM GGM_EXTEND 8 0x80000000 12 3 8195 128 0 0
AiM GGM_EXTEND 8 0x80000000 13 3 8195 128 0 0
AiM GGM_EXTEND 8 0x80000000 14 3 8195 128 0 0
AiM GGM_EXTEND 8 0x80000000 15 3 8195 128 8 16
AiM GGM_EXTEND 8 0x80000000 0 7 8199 128 0 0
AiM GGM_EXTEND 8 0x80000000 1 7 8199 128 8 16
AiM GGM_EXTEND 8 0x80000000 2 7 8199 128 16 32
AiM GGM_EXTEND 8 0x80000000 3 7 8199 128 24 48
AiM GGM_EXTEND 8 0x80000000 4 15 8199 128 0 0
AiM GGM_EXTEND 8 0x80000000 5 15 8199 128 8 16
AiM GGM_EXTEND 8 0x80000000 6 15 8199 128 16 32
AiM GGM_EXTEND 8 0x80000000 7 15 8199 128 24 48
AiM GGM_EXTEND 8 0x80000000 8 14 8199 128 32 0
AiM GGM_EXTEND 8 0x80000000 9 14 8199 128 40 16
AiM GGM_EXTEND 8 0x80000000 10 14 8199 128 48 32
AiM GGM_EXTEND 8 0x80000000 11 14 8199 128 56 48
AiM GGM_EXTEND 8 0x40000000 12 3 8195 128 0 0
AiM GGM_EXTEND 8 0x40000000 13 3 8195 128 0 0
AiM GGM_EXTEND 8 0x40000000 14 3 8195 128 0 0
AiM GGM_EXTEND 8 0x40000000 15 3 8195 128 0 0
AiM GGM_EXTEND 8 0x40000000 0 3 8195 128 0 0
AiM GGM_EXTEND 8 0x40000000 1 3 8195 128 8 16
AiM GGM_EXTEND 8 0x40000000 2 7 8199 128 0 0
AiM GGM_EXTEND 8 0x40000000 3 7 8199 128 8 16
AiM GGM_EXTEND 8 0x40000000 4 7 8199 128 16 32
AiM GGM_EXTEND 8 0x40000000 5 7 8199 128 24 48
AiM GGM_EXTEND 8 0x40000000 6 15 8199 128 0 0
AiM GGM_EXTEND 8 0x40000000 7 15 8199 128 8 16
AiM GGM_EXTEND 8 0x40000000 8 15 8199 128 16 32
AiM GGM_EXTEND 8 0x40000000 9 15 8199 128 24 48
AiM GGM_EXTEND 8 0x40000000 10 15 8199 128 32 0
AiM GGM_EXTEND 8 0x40000000 11 15 8199 128 40 16
AiM GGM_EXTEND 8 0x40000000 12 15 8199 128 48 32
AiM GGM_EXTEND 8 0x40000000 13 15 8199 128 56 48
AiM GGM_EXTEND 8 0x80000000 14 3 8195 128 0 0
AiM GGM_EXTEND 8 0x80000000 15 3 8195 128 0 0
AiM GGM_EXTEND 8 0x80000000 0 3 8195 128 0 0
AiM GGM_EXTEND 8 0x80000000 1 3 8195 128 0 0
AiM GGM_EXTEND 8 0x80000000 2 3 8195 128 0 0
AiM GGM_EXTEND 8 0x80000000 3 3 8195 128 8 16
AiM GGM_EXTEND 8 0x80000000 4 7 8199 128 0 0
AiM GGM_EXTEND 8 0x80000000 5 7 8199 128 8 16
AiM GGM_EXTEND 8 0x80000000 6 7 8199 128 16 32
AiM GGM_EXTEND 8 0x80000000 7 7 8199 128 24 48
AiM GGM_EXTEND 8 0x80000000 8 15 8199 128 0 0
AiM GGM_EXTEND 8 0x80000000 9 15 8199 128 8 16
AiM GGM_EXTEND 8 0x80000000 10 15 8199 128 16 32
AiM GGM_EXTEND 8 0x80000000 11 15 8199 128 24 48
AiM GGM_EXTEND 8 0x80000000 12 15 8199 128 32 0
AiM GGM_EXTEND 8 0x80000000 13 15 8199 128 40 16
AiM GGM_EXTEND 8 0x80000000 14 15 8199 128 48 32
AiM GGM_EXTEND 8 0x80000000 15 15 8199 128 56 48
AiM EOC
