AiM GGM_EXTEND 8 0x80000000 0 0 8192 128 0 0
AiM GGM_EXTEND 8 0x80000000 1 0 8192 128 0 0
AiM GGM_EXTEND 8 0x80000000 2 0 8192 128 0 0
AiM GGM_EXTEND 8 0x80000000 3 0 8192 128 0 0
AiM GGM_EXTEND 8 0x80000000 4 0 8192 128 0 0
AiM GGM_EXTEND 8 0x80000000 5 0 8192 128 8 16
AiM GGM_EXTEND 8 0x80000000 6 0 8192 128 0 0
AiM GGM_EXTEND 8 0x80000000 7 0 8192 128 8 16
AiM GGM_EXTEND 8 0x80000000 8 0 8192 128 16 32
AiM GGM_EXTEND 8 0x80000000 9 0 8192 128 24 48
AiM GGM_EXTEND 8 0x80000000 10 0 8192 128 0 0
AiM GGM_EXTEND 8 0x80000000 11 0 8192 128 8 16
AiM GGM_EXTEND 8 0x80000000 12 0 8192 128 16 32
AiM GGM_EXTEND 8 0x80000000 13 0 8192 128 24 48
AiM GGM_EXTEND 8 0x80000000 14 0 8192 128 32 0
AiM GGM_EXTEND 8 0x80000000 15 0 8192 128 40 16
AiM GGM_EXTEND 8 0x80000000 0 0 8192 128 48 32
AiM GGM_EXTEND 8 0x80000000 1 0 8192 128 56 48
AiM GGM_EXTEND 8 0x40000000 2 0 8192 128 0 0
AiM GGM_EXTEND 8 0x40000000 3 0 8192 128 0 0
AiM GGM_EXTEND 8 0x40000000 4 0 8192 128 0 0
AiM GGM_EXTEND 8 0x40000000 5 0 8192 128 0 0
AiM GGM_EXTEND 8 0x40000000 6 0 8192 128 0 0
AiM GGM_EXTEND 8 0x40000000 7 0 8192 128 8 16
AiM GGM_EXTEND 8 0x40000000 8 0 8192 128 0 0
AiM GGM_EXTEND 8 0x40000000 9 0 8192 128 8 16
AiM GGM_EXTEND 8 0x40000000 10 0 8192 128 16 32
AiM GGM_EXTEND 8 0x40000000 11 0 8192 128 24 48
AiM GGM_EXTEND 8 0x40000000 12 0 8192 128 0 0
AiM GGM_EXTEND 8 0x40000000 13 0 8192 128 8 16
AiM GGM_EXTEND 8 0x40000000 14 0 8192 128 16 32
AiM GGM_EXTEND 8 0x40000000 15 0 8192 128 24 48
AiM GGM_EXTEND 8 0x40000000 0 0 8192 128 32 0
AiM GGM_EXTEND 8 0x40000000 1 0 8192 128 40 16
AiM GGM_EXTEND 8 0x40000000 2 0 8192 128 48 32
AiM GGM_EXTEND 8 0x40000000 3 0 8192 128 56 48
AiM GGM_EXTEND 8 0x20000000 4 0 8192 128 0 0
AiM GGM_EXTEND 8 0x20000000 5 0 8192 128 0 0
AiM GGM_EXTEND 8 0x20000000 6 0 8192 128 0 0
AiM GGM_EXTEND 8 0x20000000 7 0 8192 128 0 0
AiM GGM_EXTEND 8 0x20000000 8 0 8192 128 0 0
AiM GGM_EXTEND 8 0x20000000 9 0 8192 128 8 16
AiM GGM_EXTEND 8 0x20000000 10 0 8192 128 0 0
AiM GGM_EXTEND 8 0x20000000 11 0 8192 128 8 16
AiM GGM_EXTEND 8 0x20000000 12 0 8192 128 16 32
AiM GGM_EXTEND 8 0x20000000 13 0 8192 128 24 48
AiM GGM_EXTEND 8 0x20000000 14 0 8192 128 0 0
AiM GGM_EXTEND 8 0x20000000 15 0 8192 128 8 16
AiM GGM_EXTEND 8 0x20000000 0 0 8192 128 16 32
AiM GGM_EXTEND 8 0x20000000 1 0 8192 128 24 48
AiM GGM_EXTEND 8 0x20000000 2 0 8192 128 32 0
AiM GGM_EXTEND 8 0x20000000 3 0 8192 128 40 16
AiM GGM_EXTEND 8 0x20000000 4 0 8192 128 48 32
AiM GGM_EXTEND 8 0x20000000 5 0 8192 128 56 48
AiM GGM_EXTEND 8 0x10000000 6 0 8192 128 0 0
AiM GGM_EXTEND 8 0x10000000 7 0 8192 128 0 0
AiM GGM_EXTEND 8 0x10000000 8 0 8192 128 0 0
AiM GGM_EXTEND 8 0x10000000 9 0 8192 128 0 0
AiM GGM_EXTEND 8 0x10000000 10 0 8192 128 0 0
AiM GGM_EXTEND 8 0x10000000 11 0 8192 128 8 16
AiM GGM_EXTEND 8 0x10000000 12 0 8192 128 0 0
AiM GGM_EXTEND 8 0x10000000 13 0 8192 128 8 16
AiM GGM_EXTEND 8 0x10000000 14 0 8192 128 16 32
AiM GGM_EXTEND 8 0x10000000 15 0 8192 128 24 48
AiM GGM_EXTEND 8 0x10000000 0 0 8192 128 0 0
AiM GGM_EXTEND 8 0x10000000 1 0 8192 128 8 16
AiM GGM_EXTEND 8 0x10000000 2 0 8192 128 16 32
AiM GGM_EXTEND 8 0x10000000 3 0 8192 128 24 48
AiM GGM_EXTEND 8 0x10000000 4 0 8192 128 32 0
AiM GGM_EXTEND 8 0x10000000 5 0 8192 128 40 16
AiM GGM_EXTEND 8 0x10000000 6 0 8192 128 48 32
AiM GGM_EXTEND 8 0x10000000 7 0 8192 128 56 48
AiM GGM_EXTEND 8 0x08000000 8 0 8192 128 0 0
AiM GGM_EXTEND 8 0x08000000 9 0 8192 128 0 0
AiM GGM_EXTEND 8 0x08000000 10 0 8192 128 0 0
AiM GGM_EXTEND 8 0x08000000 11 0 8192 128 0 0
AiM GGM_EXTEND 8 0x08000000 12 0 8192 128 0 0
AiM GGM_EXTEND 8 0x08000000 13 0 8192 128 8 16
AiM GGM_EXTEND 8 0x08000000 14 0 8192 128 0 0
AiM GGM_EXTEND 8 0x08000000 15 0 8192 128 8 16
AiM GGM_EXTEND 8 0x08000000 0 0 8192 128 16 32
AiM GGM_EXTEND 8 0x08000000 1 0 8192 128 24 48
AiM GGM_EXTEND 8 0x08000000 2 0 8192 128 0 0
AiM GGM_EXTEND 8 0x08000000 3 0 8192 128 8 16
AiM GGM_EXTEND 8 0x08000000 4 0 8192 128 16 32
AiM GGM_EXTEND 8 0x08000000 5 0 8192 128 24 48
AiM GGM_EXTEND 8 0x08000000 6 0 8192 128 32 0
AiM GGM_EXTEND 8 0x08000000 7 0 8192 128 40 16
AiM GGM_EXTEND 8 0x08000000 8 0 8192 128 48 32
AiM GGM_EXTEND 8 0x08000000 9 0 8192 128 56 48
AiM GGM_EXTEND 8 0x04000000 10 0 8192 128 0 0
AiM GGM_EXTEND 8 0x04000000 11 0 8192 128 0 0
AiM GGM_EXTEND 8 0x04000000 12 0 8192 128 0 0
AiM GGM_EXTEND 8 0x04000000 13 0 8192 128 0 0
AiM GGM_EXTEND 8 0x04000000 14 0 8192 128 0 0
AiM GGM_EXTEND 8 0x04000000 15 0 8192 128 8 16
AiM GGM_EXTEND 8 0x04000000 0 0 8192 128 0 0
AiM GGM_EXTEND 8 0x04000000 1 0 8192 128 8 16
AiM GGM_EXTEND 8 0x04000000 2 0 8192 128 16 32
AiM GGM_EXTEND 8 0x04000000 3 0 8192 128 24 48
AiM GGM_EXTEND 8 0x04000000 4 0 8192 128 0 0
AiM GGM_EXTEND 8 0x04000000 5 0 8192 128 8 16
AiM GGM_EXTEND 8 0x04000000 6 0 8192 128 16 32
AiM GGM_EXTEND 8 0x04000000 7 0 8192 128 24 48
AiM GGM_EXTEND 8 0x04000000 8 0 8192 128 32 0
AiM GGM_EXTEND 8 0x04000000 9 0 8192 128 40 16
AiM GGM_EXTEND 8 0x04000000 10 0 8192 128 48 32
AiM GGM_EXTEND 8 0x04000000 11 0 8192 128 56 48
AiM GGM_EXTEND 8 0x02000000 12 0 8192 128 0 0
AiM GGM_EXTEND 8 0x02000000 13 0 8192 128 0 0
AiM GGM_EXTEND 8 0x02000000 14 0 8192 128 0 0
AiM GGM_EXTEND 8 0x02000000 15 0 8192 128 0 0
AiM GGM_EXTEND 8 0x02000000 0 0 8192 128 0 0
AiM GGM_EXTEND 8 0x02000000 1 0 8192 128 8 16
AiM GGM_EXTEND 8 0x02000000 2 0 8192 128 0 0
AiM GGM_EXTEND 8 0x02000000 3 0 8192 128 8 16
AiM GGM_EXTEND 8 0x02000000 4 0 8192 128 16 32
AiM GGM_EXTEND 8 0x02000000 5 0 8192 128 24 48
AiM GGM_EXTEND 8 0x02000000 6 0 8192 128 0 0
AiM GGM_EXTEND 8 0x02000000 7 0 8192 128 8 16
AiM GGM_EXTEND 8 0x02000000 8 0 8192 128 16 32
AiM GGM_EXTEND 8 0x02000000 9 0 8192 128 24 48
AiM GGM_EXTEND 8 0x02000000 10 0 8192 128 32 0
AiM GGM_EXTEND 8 0x02000000 11 0 8192 128 40 16
AiM GGM_EXTEND 8 0x02000000 12 0 8192 128 48 32
AiM GGM_EXTEND 8 0x02000000 13 0 8192 128 56 48
AiM GGM_EXTEND 8 0x01000000 14 0 8192 128 0 0
AiM GGM_EXTEND 8 0x01000000 15 0 8192 128 0 0
AiM GGM_EXTEND 8 0x01000000 0 0 8192 128 0 0
AiM GGM_EXTEND 8 0x01000000 1 0 8192 128 0 0
AiM GGM_EXTEND 8 0x01000000 2 0 8192 128 0 0
AiM GGM_EXTEND 8 0x01000000 3 0 8192 128 8 16
AiM GGM_EXTEND 8 0x01000000 4 0 8192 128 0 0
AiM GGM_EXTEND 8 0x01000000 5 0 8192 128 8 16
AiM GGM_EXTEND 8 0x01000000 6 0 8192 128 16 32
AiM GGM_EXTEND 8 0x01000000 7 0 8192 128 24 48
AiM GGM_EXTEND 8 0x01000000 8 0 8192 128 0 0
AiM GGM_EXTEND 8 0x01000000 9 0 8192 128 8 16
AiM GGM_EXTEND 8 0x01000000 10 0 8192 128 16 32
AiM GGM_EXTEND 8 0x01000000 11 0 8192 128 24 48
AiM GGM_EXTEND 8 0x01000000 12 0 8192 128 32 0
AiM GGM_EXTEND 8 0x01000000 13 0 8192 128 40 16
AiM GGM_EXTEND 8 0x01000000 14 0 8192 128 48 32
AiM GGM_EXTEND 8 0x01000000 15 0 8192 128 56 48
AiM GGM_EXTEND 8 0x00800000 0 0 8192 128 0 0
AiM GGM_EXTEND 8 0x00800000 1 0 8192 128 0 0
AiM GGM_EXTEND 8 0x00800000 2 0 8192 128 0 0
AiM GGM_EXTEND 8 0x00800000 3 0 8192 128 0 0
AiM GGM_EXTEND 8 0x00800000 4 0 8192 128 0 0
AiM GGM_EXTEND 8 0x00800000 5 0 8192 128 8 16
AiM GGM_EXTEND 8 0x00800000 6 0 8192 128 0 0
AiM GGM_EXTEND 8 0x00800000 7 0 8192 128 8 16
AiM GGM_EXTEND 8 0x00800000 8 0 8192 128 16 32
AiM GGM_EXTEND 8 0x00800000 9 0 8192 128 24 48
AiM GGM_EXTEND 8 0x00800000 10 0 8192 128 0 0
AiM GGM_EXTEND 8 0x00800000 11 0 8192 128 8 16
AiM GGM_EXTEND 8 0x00800000 12 0 8192 128 16 32
AiM GGM_EXTEND 8 0x00800000 13 0 8192 128 24 48
AiM GGM_EXTEND 8 0x00800000 14 0 8192 128 32 0
AiM GGM_EXTEND 8 0x00800000 15 0 8192 128 40 16
AiM GGM_EXTEND 8 0x00800000 0 0 8192 128 48 32
AiM GGM_EXTEND 8 0x00800000 1 0 8192 128 56 48
AiM GGM_EXTEND 8 0x00400000 2 0 8192 128 0 0
AiM GGM_EXTEND 8 0x00400000 3 0 8192 128 0 0
AiM GGM_EXTEND 8 0x00400000 4 0 8192 128 0 0
AiM GGM_EXTEND 8 0x00400000 5 0 8192 128 0 0
AiM GGM_EXTEND 8 0x00400000 6 0 8192 128 0 0
AiM GGM_EXTEND 8 0x00400000 7 0 8192 128 8 16
AiM GGM_EXTEND 8 0x00400000 8 0 8192 128 0 0
AiM GGM_EXTEND 8 0x00400000 9 0 8192 128 8 16
AiM GGM_EXTEND 8 0x00400000 10 0 8192 128 16 32
AiM GGM_EXTEND 8 0x00400000 11 0 8192 128 24 48
AiM GGM_EXTEND 8 0x00400000 12 0 8192 128 0 0
AiM GGM_EXTEND 8 0x00400000 13 0 8192 128 8 16
AiM GGM_EXTEND 8 0x00400000 14 0 8192 128 16 32
AiM GGM_EXTEND 8 0x00400000 15 0 8192 128 24 48
AiM GGM_EXTEND 8 0x00400000 0 0 8192 128 32 0
AiM GGM_EXTEND 8 0x00400000 1 0 8192 128 40 16
AiM GGM_EXTEND 8 0x00400000 2 0 8192 128 48 32
AiM GGM_EXTEND 8 0x00400000 3 0 8192 128 56 48
AiM GGM_EXTEND 8 0x00200000 4 0 8192 128 0 0
AiM GGM_EXTEND 8 0x00200000 5 0 8192 128 0 0
AiM GGM_EXTEND 8 0x00200000 6 0 8192 128 0 0
AiM GGM_EXTEND 8 0x00200000 7 0 8192 128 0 0
AiM GGM_EXTEND 8 0x00200000 8 0 8192 128 0 0
AiM GGM_EXTEND 8 0x00200000 9 0 8192 128 8 16
AiM GGM_EXTEND 8 0x00200000 10 0 8192 128 0 0
AiM GGM_EXTEND 8 0x00200000 11 0 8192 128 8 16
AiM GGM_EXTEND 8 0x00200000 12 0 8192 128 16 32
AiM GGM_EXTEND 8 0x00200000 13 0 8192 128 24 48
AiM GGM_EXTEND 8 0x00200000 14 0 8192 128 0 0
AiM GGM_EXTEND 8 0x00200000 15 0 8192 128 8 16
AiM GGM_EXTEND 8 0x00200000 0 0 8192 128 16 32
AiM GGM_EXTEND 8 0x00200000 1 0 8192 128 24 48
AiM GGM_EXTEND 8 0x00200000 2 0 8192 128 32 0
AiM GGM_EXTEND 8 0x00200000 3 0 8192 128 40 16
AiM GGM_EXTEND 8 0x00200000 4 0 8192 128 48 32
AiM GGM_EXTEND 8 0x00200000 5 0 8192 128 56 48
AiM GGM_EXTEND 8 0x00100000 6 0 8192 128 0 0
AiM GGM_EXTEND 8 0x00100000 7 0 8192 128 0 0
AiM GGM_EXTEND 8 0x00100000 8 0 8192 128 0 0
AiM GGM_EXTEND 8 0x00100000 9 0 8192 128 0 0
AiM GGM_EXTEND 8 0x00100000 10 0 8192 128 0 0
AiM GGM_EXTEND 8 0x00100000 11 0 8192 128 8 16
AiM GGM_EXTEND 8 0x00100000 12 0 8192 128 0 0
AiM GGM_EXTEND 8 0x00100000 13 0 8192 128 8 16
AiM GGM_EXTEND 8 0x00100000 14 0 8192 128 16 32
AiM GGM_EXTEND 8 0x00100000 15 0 8192 128 24 48
AiM GGM_EXTEND 8 0x00100000 0 0 8192 128 0 0
AiM GGM_EXTEND 8 0x00100000 1 0 8192 128 8 16
AiM GGM_EXTEND 8 0x00100000 2 0 8192 128 16 32
AiM GGM_EXTEND 8 0x00100000 3 0 8192 128 24 48
AiM GGM_EXTEND 8 0x00100000 4 0 8192 128 32 0
AiM GGM_EXTEND 8 0x00100000 5 0 8192 128 40 16
AiM GGM_EXTEND 8 0x00100000 6 0 8192 128 48 32
AiM GGM_EXTEND 8 0x00100000 7 0 8192 128 56 48
AiM GGM_EXTEND 8 0x00080000 8 0 8192 128 0 0
AiM GGM_EXTEND 8 0x00080000 9 0 8192 128 0 0
AiM GGM_EXTEND 8 0x00080000 10 0 8192 128 0 0
AiM GGM_EXTEND 8 0x00080000 11 0 8192 128 0 0
AiM GGM_EXTEND 8 0x00080000 12 0 8192 128 0 0
AiM GGM_EXTEND 8 0x00080000 13 0 8192 128 8 16
AiM GGM_EXTEND 8 0x00080000 14 0 8192 128 0 0
AiM GGM_EXTEND 8 0x00080000 15 0 8192 128 8 16
AiM GGM_EXTEND 8 0x00080000 0 0 8192 128 16 32
AiM GGM_EXTEND 8 0x00080000 1 0 8192 128 24 48
AiM GGM_EXTEND 8 0x00080000 2 0 8192 128 0 0
AiM GGM_EXTEND 8 0x00080000 3 0 8192 128 8 16
AiM GGM_EXTEND 8 0x00080000 4 0 8192 128 16 32
AiM GGM_EXTEND 8 0x00080000 5 0 8192 128 24 48
AiM GGM_EXTEND 8 0x00080000 6 0 8192 128 32 0
AiM GGM_EXTEND 8 0x00080000 7 0 8192 128 40 16
AiM GGM_EXTEND 8 0x00080000 8 0 8192 128 48 32
AiM GGM_EXTEND 8 0x00080000 9 0 8192 128 56 48
AiM GGM_EXTEND 8 0x00040000 10 0 8192 128 0 0
AiM GGM_EXTEND 8 0x00040000 11 0 8192 128 0 0
AiM GGM_EXTEND 8 0x00040000 12 0 8192 128 0 0
AiM GGM_EXTEND 8 0x00040000 13 0 8192 128 0 0
AiM GGM_EXTEND 8 0x00040000 14 0 8192 128 0 0
AiM GGM_EXTEND 8 0x00040000 15 0 8192 128 8 16
AiM GGM_EXTEND 8 0x00040000 0 0 8192 128 0 0
AiM GGM_EXTEND 8 0x00040000 1 0 8192 128 8 16
AiM GGM_EXTEND 8 0x00040000 2 0 8192 128 16 32
AiM GGM_EXTEND 8 0x00040000 3 0 8192 128 24 48
AiM GGM_EXTEND 8 0x00040000 4 0 8192 128 0 0
AiM GGM_EXTEND 8 0x00040000 5 0 8192 128 8 16
AiM GGM_EXTEND 8 0x00040000 6 0 8192 128 16 32
AiM GGM_EXTEND 8 0x00040000 7 0 8192 128 24 48
AiM GGM_EXTEND 8 0x00040000 8 0 8192 128 32 0
AiM GGM_EXTEND 8 0x00040000 9 0 8192 128 40 16
AiM GGM_EXTEND 8 0x00040000 10 0 8192 128 48 32
AiM GGM_EXTEND 8 0x00040000 11 0 8192 128 56 48
AiM GGM_EXTEND 8 0x00020000 12 0 8192 128 0 0
AiM GGM_EXTEND 8 0x00020000 13 0 8192 128 0 0
AiM GGM_EXTEND 8 0x00020000 14 0 8192 128 0 0
AiM GGM_EXTEND 8 0x00020000 15 0 8192 128 0 0
AiM GGM_EXTEND 8 0x00020000 0 0 8192 128 0 0
AiM GGM_EXTEND 8 0x00020000 1 0 8192 128 8 16
AiM GGM_EXTEND 8 0x00020000 2 0 8192 128 0 0
AiM GGM_EXTEND 8 0x00020000 3 0 8192 128 8 16
AiM GGM_EXTEND 8 0x00020000 4 0 8192 128 16 32
AiM GGM_EXTEND 8 0x00020000 5 0 8192 128 24 48
AiM GGM_EXTEND 8 0x00020000 6 0 8192 128 0 0
AiM GGM_EXTEND 8 0x00020000 7 0 8192 128 8 16
AiM GGM_EXTEND 8 0x00020000 8 0 8192 128 16 32
AiM GGM_EXTEND 8 0x00020000 9 0 8192 128 24 48
AiM GGM_EXTEND 8 0x00020000 10 0 8192 128 32 0
AiM GGM_EXTEND 8 0x00020000 11 0 8192 128 40 16
AiM GGM_EXTEND 8 0x00020000 12 0 8192 128 48 32
AiM GGM_EXTEND 8 0x00020000 13 0 8192 128 56 48
AiM GGM_EXTEND 8 0x00010000 14 0 8192 128 0 0
AiM GGM_EXTEND 8 0x00010000 15 0 8192 128 0 0
AiM GGM_EXTEND 8 0x00010000 0 0 8192 128 0 0
AiM GGM_EXTEND 8 0x00010000 1 0 8192 128 0 0
AiM GGM_EXTEND 8 0x00010000 2 0 8192 128 0 0
AiM GGM_EXTEND 8 0x00010000 3 0 8192 128 8 16
AiM GGM_EXTEND 8 0x00010000 4 0 8192 128 0 0
AiM GGM_EXTEND 8 0x00010000 5 0 8192 128 8 16
AiM GGM_EXTEND 8 0x00010000 6 0 8192 128 16 32
AiM GGM_EXTEND 8 0x00010000 7 0 8192 128 24 48
AiM GGM_EXTEND 8 0x00010000 8 0 8192 128 0 0
AiM GGM_EXTEND 8 0x00010000 9 0 8192 128 8 16
AiM GGM_EXTEND 8 0x00010000 10 0 8192 128 16 32
AiM GGM_EXTEND 8 0x00010000 11 0 8192 128 24 48
AiM GGM_EXTEND 8 0x00010000 12 0 8192 128 32 0
AiM GGM_EXTEND 8 0x00010000 13 0 8192 128 40 16
AiM GGM_EXTEND 8 0x00010000 14 0 8192 128 48 32
AiM GGM_EXTEND 8 0x00010000 15 0 8192 128 56 48
AiM GGM_EXTEND 8 0x10000000 0 0 8192 128 0 0
AiM GGM_EXTEND 8 0x10000000 1 0 8192 128 0 0
AiM GGM_EXTEND 8 0x10000000 2 0 8192 128 0 0
AiM GGM_EXTEND 8 0x10000000 3 0 8192 128 0 0
AiM GGM_EXTEND 8 0x10000000 4 0 8192 128 0 0
AiM GGM_EXTEND 8 0x10000000 5 0 8192 128 8 16
AiM GGM_EXTEND 8 0x10000000 6 0 8192 128 0 0
AiM GGM_EXTEND 8 0x10000000 7 0 8192 128 8 16
AiM GGM_EXTEND 8 0x10000000 8 0 8192 128 16 32
AiM GGM_EXTEND 8 0x10000000 9 0 8192 128 24 48
AiM GGM_EXTEND 8 0x10000000 10 0 8192 128 0 0
AiM GGM_EXTEND 8 0x10000000 11 0 8192 128 8 16
AiM GGM_EXTEND 8 0x10000000 12 0 8192 128 16 32
AiM GGM_EXTEND 8 0x10000000 13 0 8192 128 24 48
AiM GGM_EXTEND 8 0x10000000 14 0 8192 128 32 0
AiM GGM_EXTEND 8 0x10000000 15 0 8192 128 40 16
AiM GGM_EXTEND 8 0x10000000 0 1 8192 128 48 32
AiM GGM_EXTEND 8 0x10000000 1 1 8192 128 56 48
AiM GGM_EXTEND 8 0x08000000 2 0 8192 128 0 0
AiM GGM_EXTEND 8 0x08000000 3 0 8192 128 0 0
AiM GGM_EXTEND 8 0x08000000 4 0 8192 128 0 0
AiM GGM_EXTEND 8 0x08000000 5 0 8192 128 0 0
AiM GGM_EXTEND 8 0x08000000 6 0 8192 128 0 0
AiM GGM_EXTEND 8 0x08000000 7 0 8192 128 8 16
AiM GGM_EXTEND 8 0x08000000 8 0 8192 128 0 0
AiM GGM_EXTEND 8 0x08000000 9 0 8192 128 8 16
AiM GGM_EXTEND 8 0x08000000 10 0 8192 128 16 32
AiM GGM_EXTEND 8 0x08000000 11 0 8192 128 24 48
AiM GGM_EXTEND 8 0x08000000 12 0 8192 128 0 0
AiM GGM_EXTEND 8 0x08000000 13 0 8192 128 8 16
AiM GGM_EXTEND 8 0x08000000 14 0 8192 128 16 32
AiM GGM_EXTEND 8 0x08000000 15 0 8192 128 24 48
AiM GGM_EXTEND 8 0x08000000 0 0 8192 128 32 0
AiM GGM_EXTEND 8 0x08000000 1 0 8192 128 40 16
AiM GGM_EXTEND 8 0x08000000 2 1 8192 128 48 32
AiM GGM_EXTEND 8 0x08000000 3 1 8192 128 56 48
AiM GGM_EXTEND 8 0x04000000 4 0 8192 128 0 0
AiM GGM_EXTEND 8 0x04000000 5 0 8192 128 0 0
AiM GGM_EXTEND 8 0x04000000 6 0 8192 128 0 0
AiM GGM_EXTEND 8 0x04000000 7 0 8192 128 0 0
AiM GGM_EXTEND 8 0x04000000 8 0 8192 128 0 0
AiM GGM_EXTEND 8 0x04000000 9 0 8192 128 8 16
AiM GGM_EXTEND 8 0x04000000 10 0 8192 128 0 0
AiM GGM_EXTEND 8 0x04000000 11 0 8192 128 8 16
AiM GGM_EXTEND 8 0x04000000 12 0 8192 128 16 32
AiM GGM_EXTEND 8 0x04000000 13 0 8192 128 24 48
AiM GGM_EXTEND 8 0x04000000 14 0 8192 128 0 0
AiM GGM_EXTEND 8 0x04000000 15 0 8192 128 8 16
AiM GGM_EXTEND 8 0x04000000 0 0 8192 128 16 32
AiM GGM_EXTEND 8 0x04000000 1 0 8192 128 24 48
AiM GGM_EXTEND 8 0x04000000 2 0 8192 128 32 0
AiM GGM_EXTEND 8 0x04000000 3 0 8192 128 40 16
AiM GGM_EXTEND 8 0x04000000 4 1 8192 128 48 32
AiM GGM_EXTEND 8 0x04000000 5 1 8192 128 56 48
AiM GGM_EXTEND 8 0x02000000 6 0 8192 128 0 0
AiM GGM_EXTEND 8 0x02000000 7 0 8192 128 0 0
AiM GGM_EXTEND 8 0x02000000 8 0 8192 128 0 0
AiM GGM_EXTEND 8 0x02000000 9 0 8192 128 0 0
AiM GGM_EXTEND 8 0x02000000 10 0 8192 128 0 0
AiM GGM_EXTEND 8 0x02000000 11 0 8192 128 8 16
AiM GGM_EXTEND 8 0x02000000 12 0 8192 128 0 0
AiM GGM_EXTEND 8 0x02000000 13 0 8192 128 8 16
AiM GGM_EXTEND 8 0x02000000 14 0 8192 128 16 32
AiM GGM_EXTEND 8 0x02000000 15 0 8192 128 24 48
AiM GGM_EXTEND 8 0x02000000 0 0 8192 128 0 0
AiM GGM_EXTEND 8 0x02000000 1 0 8192 128 8 16
AiM GGM_EXTEND 8 0x02000000 2 0 8192 128 16 32
AiM GGM_EXTEND 8 0x02000000 3 0 8192 128 24 48
AiM GGM_EXTEND 8 0x02000000 4 0 8192 128 32 0
AiM GGM_EXTEND 8 0x02000000 5 0 8192 128 40 16
AiM GGM_EXTEND 8 0x02000000 6 1 8192 128 48 32
AiM GGM_EXTEND 8 0x02000000 7 1 8192 128 56 48
AiM GGM_EXTEND 8 0x01000000 8 0 8192 128 0 0
AiM GGM_EXTEND 8 0x01000000 9 0 8192 128 0 0
AiM GGM_EXTEND 8 0x01000000 10 0 8192 128 0 0
AiM GGM_EXTEND 8 0x01000000 11 0 8192 128 0 0
AiM GGM_EXTEND 8 0x01000000 12 0 8192 128 0 0
AiM GGM_EXTEND 8 0x01000000 13 0 8192 128 8 16
AiM GGM_EXTEND 8 0x01000000 14 0 8192 128 0 0
AiM GGM_EXTEND 8 0x01000000 15 0 8192 128 8 16
AiM GGM_EXTEND 8 0x01000000 0 0 8192 128 16 32
AiM GGM_EXTEND 8 0x01000000 1 0 8192 128 24 48
AiM GGM_EXTEND 8 0x01000000 2 0 8192 128 0 0
AiM GGM_EXTEND 8 0x01000000 3 0 8192 128 8 16
AiM GGM_EXTEND 8 0x01000000 4 0 8192 128 16 32
AiM GGM_EXTEND 8 0x01000000 5 0 8192 128 24 48
AiM GGM_EXTEND 8 0x01000000 6 0 8192 128 32 0
AiM GGM_EXTEND 8 0x01000000 7 0 8192 128 40 16
AiM GGM_EXTEND 8 0x01000000 8 1 8192 128 48 32
AiM GGM_EXTEND 8 0x01000000 9 1 8192 128 56 48
AiM GGM_EXTEND 8 0x00800000 10 0 8192 128 0 0
AiM GGM_EXTEND 8 0x00800000 11 0 8192 128 0 0
AiM GGM_EXTEND 8 0x00800000 12 0 8192 128 0 0
AiM GGM_EXTEND 8 0x00800000 13 0 8192 128 0 0
AiM GGM_EXTEND 8 0x00800000 14 0 8192 128 0 0
AiM GGM_EXTEND 8 0x00800000 15 0 8192 128 8 16
AiM GGM_EXTEND 8 0x00800000 0 0 8192 128 0 0
AiM GGM_EXTEND 8 0x00800000 1 0 8192 128 8 16
AiM GGM_EXTEND 8 0x00800000 2 0 8192 128 16 32
AiM GGM_EXTEND 8 0x00800000 3 0 8192 128 24 48
AiM GGM_EXTEND 8 0x00800000 4 0 8192 128 0 0
AiM GGM_EXTEND 8 0x00800000 5 0 8192 128 8 16
AiM GGM_EXTEND 8 0x00800000 6 0 8192 128 16 32
AiM GGM_EXTEND 8 0x00800000 7 0 8192 128 24 48
AiM GGM_EXTEND 8 0x00800000 8 0 8192 128 32 0
AiM GGM_EXTEND 8 0x00800000 9 0 8192 128 40 16
AiM GGM_EXTEND 8 0x00800000 10 1 8192 128 48 32
AiM GGM_EXTEND 8 0x00800000 11 1 8192 128 56 48
AiM GGM_EXTEND 8 0x00400000 12 0 8192 128 0 0
AiM GGM_EXTEND 8 0x00400000 13 0 8192 128 0 0
AiM GGM_EXTEND 8 0x00400000 14 0 8192 128 0 0
AiM GGM_EXTEND 8 0x00400000 15 0 8192 128 0 0
AiM GGM_EXTEND 8 0x00400000 0 0 8192 128 0 0
AiM GGM_EXTEND 8 0x00400000 1 0 8192 128 8 16
AiM GGM_EXTEND 8 0x00400000 2 0 8192 128 0 0
AiM GGM_EXTEND 8 0x00400000 3 0 8192 128 8 16
AiM GGM_EXTEND 8 0x00400000 4 0 8192 128 16 32
AiM GGM_EXTEND 8 0x00400000 5 0 8192 128 24 48
AiM GGM_EXTEND 8 0x00400000 6 0 8192 128 0 0
AiM GGM_EXTEND 8 0x00400000 7 0 8192 128 8 16
AiM GGM_EXTEND 8 0x00400000 8 0 8192 128 16 32
AiM GGM_EXTEND 8 0x00400000 9 0 8192 128 24 48
AiM GGM_EXTEND 8 0x00400000 10 0 8192 128 32 0
AiM GGM_EXTEND 8 0x00400000 11 0 8192 128 40 16
AiM GGM_EXTEND 8 0x00400000 12 1 8192 128 48 32
AiM GGM_EXTEND 8 0x00400000 13 1 8192 128 56 48
AiM GGM_EXTEND 8 0x00200000 14 0 8192 128 0 0
AiM GGM_EXTEND 8 0x00200000 15 0 8192 128 0 0
AiM GGM_EXTEND 8 0x00200000 0 0 8192 128 0 0
AiM GGM_EXTEND 8 0x00200000 1 0 8192 128 0 0
AiM GGM_EXTEND 8 0x00200000 2 0 8192 128 0 0
AiM GGM_EXTEND 8 0x00200000 3 0 8192 128 8 16
AiM GGM_EXTEND 8 0x00200000 4 0 8192 128 0 0
AiM GGM_EXTEND 8 0x00200000 5 0 8192 128 8 16
AiM GGM_EXTEND 8 0x00200000 6 0 8192 128 16 32
AiM GGM_EXTEND 8 0x00200000 7 0 8192 128 24 48
AiM GGM_EXTEND 8 0x00200000 8 0 8192 128 0 0
AiM GGM_EXTEND 8 0x00200000 9 0 8192 128 8 16
AiM GGM_EXTEND 8 0x00200000 10 0 8192 128 16 32
AiM GGM_EXTEND 8 0x00200000 11 0 8192 128 24 48
AiM GGM_EXTEND 8 0x00200000 12 0 8192 128 32 0
AiM GGM_EXTEND 8 0x00200000 13 0 8192 128 40 16
AiM GGM_EXTEND 8 0x00200000 14 1 8192 128 48 32
AiM GGM_EXTEND 8 0x00200000 15 1 8192 128 56 48
AiM GGM_EXTEND 8 0x00100000 0 0 8192 128 0 0
AiM GGM_EXTEND 8 0x00100000 1 0 8192 128 0 0
AiM GGM_EXTEND 8 0x00100000 2 0 8192 128 0 0
AiM GGM_EXTEND 8 0x00100000 3 0 8192 128 0 0
AiM GGM_EXTEND 8 0x00100000 4 0 8192 128 0 0
AiM GGM_EXTEND 8 0x00100000 5 0 8192 128 8 16
AiM GGM_EXTEND 8 0x00100000 6 0 8192 128 0 0
AiM GGM_EXTEND 8 0x00100000 7 0 8192 128 8 16
AiM GGM_EXTEND 8 0x00100000 8 0 8192 128 16 32
AiM GGM_EXTEND 8 0x00100000 9 0 8192 128 24 48
AiM GGM_EXTEND 8 0x00100000 10 0 8192 128 0 0
AiM GGM_EXTEND 8 0x00100000 11 0 8192 128 8 16
AiM GGM_EXTEND 8 0x00100000 12 0 8192 128 16 32
AiM GGM_EXTEND 8 0x00100000 13 0 8192 128 24 48
AiM GGM_EXTEND 8 0x00100000 14 0 8192 128 32 0
AiM GGM_EXTEND 8 0x00100000 15 0 8192 128 40 16
AiM GGM_EXTEND 8 0x00100000 0 1 8192 128 48 32
AiM GGM_EXTEND 8 0x00100000 1 1 8192 128 56 48
AiM GGM_EXTEND 8 0x00080000 2 0 8192 128 0 0
AiM GGM_EXTEND 8 0x00080000 3 0 8192 128 0 0
AiM GGM_EXTEND 8 0x00080000 4 0 8192 128 0 0
AiM GGM_EXTEND 8 0x00080000 5 0 8192 128 0 0
AiM GGM_EXTEND 8 0x00080000 6 0 8192 128 0 0
AiM GGM_EXTEND 8 0x00080000 7 0 8192 128 8 16
AiM GGM_EXTEND 8 0x00080000 8 0 8192 128 0 0
AiM GGM_EXTEND 8 0x00080000 9 0 8192 128 8 16
AiM GGM_EXTEND 8 0x00080000 10 0 8192 128 16 32
AiM GGM_EXTEND 8 0x00080000 11 0 8192 128 24 48
AiM GGM_EXTEND 8 0x00080000 12 0 8192 128 0 0
AiM GGM_EXTEND 8 0x00080000 13 0 8192 128 8 16
AiM GGM_EXTEND 8 0x00080000 14 0 8192 128 16 32
AiM GGM_EXTEND 8 0x00080000 15 0 8192 128 24 48
AiM GGM_EXTEND 8 0x00080000 0 0 8192 128 32 0
AiM GGM_EXTEND 8 0x00080000 1 0 8192 128 40 16
AiM GGM_EXTEND 8 0x00080000 2 1 8192 128 48 32
AiM GGM_EXTEND 8 0x00080000 3 1 8192 128 56 48
AiM GGM_EXTEND 8 0x00040000 4 0 8192 128 0 0
AiM GGM_EXTEND 8 0x00040000 5 0 8192 128 0 0
AiM GGM_EXTEND 8 0x00040000 6 0 8192 128 0 0
AiM GGM_EXTEND 8 0x00040000 7 0 8192 128 0 0
AiM GGM_EXTEND 8 0x00040000 8 0 8192 128 0 0
AiM GGM_EXTEND 8 0x00040000 9 0 8192 128 8 16
AiM GGM_EXTEND 8 0x00040000 10 0 8192 128 0 0
AiM GGM_EXTEND 8 0x00040000 11 0 8192 128 8 16
AiM GGM_EXTEND 8 0x00040000 12 0 8192 128 16 32
AiM GGM_EXTEND 8 0x00040000 13 0 8192 128 24 48
AiM GGM_EXTEND 8 0x00040000 14 0 8192 128 0 0
AiM GGM_EXTEND 8 0x00040000 15 0 8192 128 8 16
AiM GGM_EXTEND 8 0x00040000 0 0 8192 128 16 32
AiM GGM_EXTEND 8 0x00040000 1 0 8192 128 24 48
AiM GGM_EXTEND 8 0x00040000 2 0 8192 128 32 0
AiM GGM_EXTEND 8 0x00040000 3 0 8192 128 40 16
AiM GGM_EXTEND 8 0x00040000 4 1 8192 128 48 32
AiM GGM_EXTEND 8 0x00040000 5 1 8192 128 56 48
AiM GGM_EXTEND 8 0x00020000 6 0 8192 128 0 0
AiM GGM_EXTEND 8 0x00020000 7 0 8192 128 0 0
AiM GGM_EXTEND 8 0x00020000 8 0 8192 128 0 0
AiM GGM_EXTEND 8 0x00020000 9 0 8192 128 0 0
AiM GGM_EXTEND 8 0x00020000 10 0 8192 128 0 0
AiM GGM_EXTEND 8 0x00020000 11 0 8192 128 8 16
AiM GGM_EXTEND 8 0x00020000 12 0 8192 128 0 0
AiM GGM_EXTEND 8 0x00020000 13 0 8192 128 8 16
AiM GGM_EXTEND 8 0x00020000 14 0 8192 128 16 32
AiM GGM_EXTEND 8 0x00020000 15 0 8192 128 24 48
AiM GGM_EXTEND 8 0x00020000 0 0 8192 128 0 0
AiM GGM_EXTEND 8 0x00020000 1 0 8192 128 8 16
AiM GGM_EXTEND 8 0x00020000 2 0 8192 128 16 32
AiM GGM_EXTEND 8 0x00020000 3 0 8192 128 24 48
AiM GGM_EXTEND 8 0x00020000 4 0 8192 128 32 0
AiM GGM_EXTEND 8 0x00020000 5 0 8192 128 40 16
AiM GGM_EXTEND 8 0x00020000 6 1 8192 128 48 32
AiM GGM_EXTEND 8 0x00020000 7 1 8192 128 56 48
AiM GGM_EXTEND 8 0x00010000 8 0 8192 128 0 0
AiM GGM_EXTEND 8 0x00010000 9 0 8192 128 0 0
AiM GGM_EXTEND 8 0x00010000 10 0 8192 128 0 0
AiM GGM_EXTEND 8 0x00010000 11 0 8192 128 0 0
AiM GGM_EXTEND 8 0x00010000 12 0 8192 128 0 0
AiM GGM_EXTEND 8 0x00010000 13 0 8192 128 8 16
AiM GGM_EXTEND 8 0x00010000 14 0 8192 128 0 0
AiM GGM_EXTEND 8 0x00010000 15 0 8192 128 8 16
AiM GGM_EXTEND 8 0x00010000 0 0 8192 128 16 32
AiM GGM_EXTEND 8 0x00010000 1 0 8192 128 24 48
AiM GGM_EXTEND 8 0x00010000 2 0 8192 128 0 0
AiM GGM_EXTEND 8 0x00010000 3 0 8192 128 8 16
AiM GGM_EXTEND 8 0x00010000 4 0 8192 128 16 32
AiM GGM_EXTEND 8 0x00010000 5 0 8192 128 24 48
AiM GGM_EXTEND 8 0x00010000 6 0 8192 128 32 0
AiM GGM_EXTEND 8 0x00010000 7 0 8192 128 40 16
AiM GGM_EXTEND 8 0x00010000 8 1 8192 128 48 32
AiM GGM_EXTEND 8 0x00010000 9 1 8192 128 56 48
AiM GGM_EXTEND 8 0x80000000 10 0 8192 128 0 0
AiM GGM_EXTEND 8 0x80000000 11 0 8192 128 0 0
AiM GGM_EXTEND 8 0x80000000 12 0 8192 128 0 0
AiM GGM_EXTEND 8 0x80000000 13 0 8192 128 0 0
AiM GGM_EXTEND 8 0x80000000 14 0 8192 128 0 0
AiM GGM_EXTEND 8 0x80000000 15 0 8192 128 8 16
AiM GGM_EXTEND 8 0x80000000 0 0 8192 128 0 0
AiM GGM_EXTEND 8 0x80000000 1 0 8192 128 8 16
AiM GGM_EXTEND 8 0x80000000 2 0 8192 128 16 32
AiM GGM_EXTEND 8 0x80000000 3 0 8192 128 24 48
AiM GGM_EXTEND 8 0x80000000 4 0 8192 128 0 0
AiM GGM_EXTEND 8 0x80000000 5 0 8192 128 8 16
AiM GGM_EXTEND 8 0x80000000 6 0 8192 128 16 32
AiM GGM_EXTEND 8 0x80000000 7 0 8192 128 24 48
AiM GGM_EXTEND 8 0x80000000 8 0 8192 128 32 0
AiM GGM_EXTEND 8 0x80000000 9 0 8192 128 40 16
AiM GGM_EXTEND 8 0x80000000 10 1 8192 128 48 32
AiM GGM_EXTEND 8 0x80000000 11 1 8192 128 56 48
AiM GGM_EXTEND 8 0x40000000 12 0 8192 128 0 0
AiM GGM_EXTEND 8 0x40000000 13 0 8192 128 0 0
AiM GGM_EXTEND 8 0x40000000 14 0 8192 128 0 0
AiM GGM_EXTEND 8 0x40000000 15 0 8192 128 0 0
AiM GGM_EXTEND 8 0x40000000 0 0 8192 128 0 0
AiM GGM_EXTEND 8 0x40000000 1 0 8192 128 8 16
AiM GGM_EXTEND 8 0x40000000 2 0 8192 128 0 0
AiM GGM_EXTEND 8 0x40000000 3 0 8192 128 8 16
AiM GGM_EXTEND 8 0x40000000 4 0 8192 128 16 32
AiM GGM_EXTEND 8 0x40000000 5 0 8192 128 24 48
AiM GGM_EXTEND 8 0x40000000 6 0 8192 128 0 0
AiM GGM_EXTEND 8 0x40000000 7 0 8192 128 8 16
AiM GGM_EXTEND 8 0x40000000 8 0 8192 128 16 32
AiM GGM_EXTEND 8 0x40000000 9 0 8192 128 24 48
AiM GGM_EXTEND 8 0x40000000 10 0 8192 128 32 0
AiM GGM_EXTEND 8 0x40000000 11 0 8192 128 40 16
AiM GGM_EXTEND 8 0x40000000 12 1 8192 128 48 32
AiM GGM_EXTEND 8 0x40000000 13 1 8192 128 56 48
AiM GGM_EXTEND 8 0x20000000 14 0 8192 128 0 0
AiM GGM_EXTEND 8 0x20000000 15 0 8192 128 0 0
AiM GGM_EXTEND 8 0x20000000 0 0 8192 128 0 0
AiM GGM_EXTEND 8 0x20000000 1 0 8192 128 0 0
AiM GGM_EXTEND 8 0x20000000 2 0 8192 128 0 0
AiM GGM_EXTEND 8 0x20000000 3 0 8192 128 8 16
AiM GGM_EXTEND 8 0x20000000 4 0 8192 128 0 0
AiM GGM_EXTEND 8 0x20000000 5 0 8192 128 8 16
AiM GGM_EXTEND 8 0x20000000 6 0 8192 128 16 32
AiM GGM_EXTEND 8 0x20000000 7 0 8192 128 24 48
AiM GGM_EXTEND 8 0x20000000 8 0 8192 128 0 0
AiM GGM_EXTEND 8 0x20000000 9 0 8192 128 8 16
AiM GGM_EXTEND 8 0x20000000 10 0 8192 128 16 32
AiM GGM_EXTEND 8 0x20000000 11 0 8192 128 24 48
AiM GGM_EXTEND 8 0x20000000 12 0 8192 128 32 0
AiM GGM_EXTEND 8 0x20000000 13 0 8192 128 40 16
AiM GGM_EXTEND 8 0x20000000 14 1 8192 128 48 32
AiM GGM_EXTEND 8 0x20000000 15 1 8192 128 56 48
AiM GGM_EXTEND 8 0x02000000 0 0 8192 128 0 0
AiM GGM_EXTEND 8 0x02000000 1 0 8192 128 0 0
AiM GGM_EXTEND 8 0x02000000 2 0 8192 128 0 0
AiM GGM_EXTEND 8 0x02000000 3 0 8192 128 0 0
AiM GGM_EXTEND 8 0x02000000 4 0 8192 128 0 0
AiM GGM_EXTEND 8 0x02000000 5 0 8192 128 8 16
AiM GGM_EXTEND 8 0x02000000 6 0 8192 128 0 0
AiM GGM_EXTEND 8 0x02000000 7 0 8192 128 8 16
AiM GGM_EXTEND 8 0x02000000 8 0 8192 128 16 32
AiM GGM_EXTEND 8 0x02000000 9 0 8192 128 24 48
AiM GGM_EXTEND 8 0x02000000 10 1 8192 128 0 0
AiM GGM_EXTEND 8 0x02000000 11 1 8192 128 8 16
AiM GGM_EXTEND 8 0x02000000 12 1 8192 128 16 32
AiM GGM_EXTEND 8 0x02000000 13 1 8192 128 24 48
AiM GGM_EXTEND 8 0x02000000 14 0 8192 128 32 0
AiM GGM_EXTEND 8 0x02000000 15 0 8192 128 40 16
AiM GGM_EXTEND 8 0x02000000 0 1 8192 128 48 32
AiM GGM_EXTEND 8 0x02000000 1 1 8192 128 56 48
AiM GGM_EXTEND 8 0x01000000 2 0 8192 128 0 0
AiM GGM_EXTEND 8 0x01000000 3 0 8192 128 0 0
AiM GGM_EXTEND 8 0x01000000 4 0 8192 128 0 0
AiM GGM_EXTEND 8 0x01000000 5 0 8192 128 0 0
AiM GGM_EXTEND 8 0x01000000 6 0 8192 128 0 0
AiM GGM_EXTEND 8 0x01000000 7 0 8192 128 8 16
AiM GGM_EXTEND 8 0x01000000 8 0 8192 128 0 0
AiM GGM_EXTEND 8 0x01000000 9 0 8192 128 8 16
AiM GGM_EXTEND 8 0x01000000 10 0 8192 128 16 32
AiM GGM_EXTEND 8 0x01000000 11 0 8192 128 24 48
AiM GGM_EXTEND 8 0x01000000 12 1 8192 128 0 0
AiM GGM_EXTEND 8 0x01000000 13 1 8192 128 8 16
AiM GGM_EXTEND 8 0x01000000 14 1 8192 128 16 32
AiM GGM_EXTEND 8 0x01000000 15 1 8192 128 24 48
AiM GGM_EXTEND 8 0x01000000 0 0 8192 128 32 0
AiM GGM_EXTEND 8 0x01000000 1 0 8192 128 40 16
AiM GGM_EXTEND 8 0x01000000 2 1 8192 128 48 32
AiM GGM_EXTEND 8 0x01000000 3 1 8192 128 56 48
AiM GGM_EXTEND 8 0x00800000 4 0 8192 128 0 0
AiM GGM_EXTEND 8 0x00800000 5 0 8192 128 0 0
AiM GGM_EXTEND 8 0x00800000 6 0 8192 128 0 0
AiM GGM_EXTEND 8 0x00800000 7 0 8192 128 0 0
AiM GGM_EXTEND 8 0x00800000 8 0 8192 128 0 0
AiM GGM_EXTEND 8 0x00800000 9 0 8192 128 8 16
AiM GGM_EXTEND 8 0x00800000 10 0 8192 128 0 0
AiM GGM_EXTEND 8 0x00800000 11 0 8192 128 8 16
AiM GGM_EXTEND 8 0x00800000 12 0 8192 128 16 32
AiM GGM_EXTEND 8 0x00800000 13 0 8192 128 24 48
AiM GGM_EXTEND 8 0x00800000 14 1 8192 128 0 0
AiM GGM_EXTEND 8 0x00800000 15 1 8192 128 8 16
AiM GGM_EXTEND 8 0x00800000 0 1 8192 128 16 32
AiM GGM_EXTEND 8 0x00800000 1 1 8192 128 24 48
AiM GGM_EXTEND 8 0x00800000 2 0 8192 128 32 0
AiM GGM_EXTEND 8 0x00800000 3 0 8192 128 40 16
AiM GGM_EXTEND 8 0x00800000 4 1 8192 128 48 32
AiM GGM_EXTEND 8 0x00800000 5 1 8192 128 56 48
AiM GGM_EXTEND 8 0x00400000 6 0 8192 128 0 0
AiM GGM_EXTEND 8 0x00400000 7 0 8192 128 0 0
AiM GGM_EXTEND 8 0x00400000 8 0 8192 128 0 0
AiM GGM_EXTEND 8 0x00400000 9 0 8192 128 0 0
AiM GGM_EXTEND 8 0x00400000 10 0 8192 128 0 0
AiM GGM_EXTEND 8 0x00400000 11 0 8192 128 8 16
AiM GGM_EXTEND 8 0x00400000 12 0 8192 128 0 0
AiM GGM_EXTEND 8 0x00400000 13 0 8192 128 8 16
AiM GGM_EXTEND 8 0x00400000 14 0 8192 128 16 32
AiM GGM_EXTEND 8 0x00400000 15 0 8192 128 24 48
AiM GGM_EXTEND 8 0x00400000 0 1 8192 128 0 0
AiM GGM_EXTEND 8 0x00400000 1 1 8192 128 8 16
AiM GGM_EXTEND 8 0x00400000 2 1 8192 128 16 32
AiM GGM_EXTEND 8 0x00400000 3 1 8192 128 24 48
AiM GGM_EXTEND 8 0x00400000 4 0 8192 128 32 0
AiM GGM_EXTEND 8 0x00400000 5 0 8192 128 40 16
AiM GGM_EXTEND 8 0x00400000 6 1 8192 128 48 32
AiM GGM_EXTEND 8 0x00400000 7 1 8192 128 56 48
AiM GGM_EXTEND 8 0x00200000 8 0 8192 128 0 0
AiM GGM_EXTEND 8 0x00200000 9 0 8192 128 0 0
AiM GGM_EXTEND 8 0x00200000 10 0 8192 128 0 0
AiM GGM_EXTEND 8 0x00200000 11 0 8192 128 0 0
AiM GGM_EXTEND 8 0x00200000 12 0 8192 128 0 0
AiM GGM_EXTEND 8 0x00200000 13 0 8192 128 8 16
AiM GGM_EXTEND 8 0x00200000 14 0 8192 128 0 0
AiM GGM_EXTEND 8 0x00200000 15 0 8192 128 8 16
AiM GGM_EXTEND 8 0x00200000 0 0 8192 128 16 32
AiM GGM_EXTEND 8 0x00200000 1 0 8192 128 24 48
AiM GGM_EXTEND 8 0x00200000 2 1 8192 128 0 0
AiM GGM_EXTEND 8 0x00200000 3 1 8192 128 8 16
AiM GGM_EXTEND 8 0x00200000 4 1 8192 128 16 32
AiM GGM_EXTEND 8 0x00200000 5 1 8192 128 24 48
AiM GGM_EXTEND 8 0x00200000 6 0 8192 128 32 0
AiM GGM_EXTEND 8 0x00200000 7 0 8192 128 40 16
AiM GGM_EXTEND 8 0x00200000 8 1 8192 128 48 32
AiM GGM_EXTEND 8 0x00200000 9 1 8192 128 56 48
AiM GGM_EXTEND 8 0x00100000 10 0 8192 128 0 0
AiM GGM_EXTEND 8 0x00100000 11 0 8192 128 0 0
AiM GGM_EXTEND 8 0x00100000 12 0 8192 128 0 0
AiM GGM_EXTEND 8 0x00100000 13 0 8192 128 0 0
AiM GGM_EXTEND 8 0x00100000 14 0 8192 128 0 0
AiM GGM_EXTEND 8 0x00100000 15 0 8192 128 8 16
AiM GGM_EXTEND 8 0x00100000 0 0 8192 128 0 0
AiM GGM_EXTEND 8 0x00100000 1 0 8192 128 8 16
AiM GGM_EXTEND 8 0x00100000 2 0 8192 128 16 32
AiM GGM_EXTEND 8 0x00100000 3 0 8192 128 24 48
AiM GGM_EXTEND 8 0x00100000 4 1 8192 128 0 0
AiM GGM_EXTEND 8 0x00100000 5 1 8192 128 8 16
AiM GGM_EXTEND 8 0x00100000 6 1 8192 128 16 32
AiM GGM_EXTEND 8 0x00100000 7 1 8192 128 24 48
AiM GGM_EXTEND 8 0x00100000 8 0 8192 128 32 0
AiM GGM_EXTEND 8 0x00100000 9 0 8192 128 40 16
AiM GGM_EXTEND 8 0x00100000 10 1 8192 128 48 32
AiM GGM_EXTEND 8 0x00100000 11 1 8192 128 56 48
AiM GGM_EXTEND 8 0x00080000 12 0 8192 128 0 0
AiM GGM_EXTEND 8 0x00080000 13 0 8192 128 0 0
AiM GGM_EXTEND 8 0x00080000 14 0 8192 128 0 0
AiM GGM_EXTEND 8 0x00080000 15 0 8192 128 0 0
AiM GGM_EXTEND 8 0x00080000 0 0 8192 128 0 0
AiM GGM_EXTEND 8 0x00080000 1 0 8192 128 8 16
AiM GGM_EXTEND 8 0x00080000 2 0 8192 128 0 0
AiM GGM_EXTEND 8 0x00080000 3 0 8192 128 8 16
AiM GGM_EXTEND 8 0x00080000 4 0 8192 128 16 32
AiM GGM_EXTEND 8 0x00080000 5 0 8192 128 24 48
AiM GGM_EXTEND 8 0x00080000 6 1 8192 128 0 0
AiM GGM_EXTEND 8 0x00080000 7 1 8192 128 8 16
AiM GGM_EXTEND 8 0x00080000 8 1 8192 128 16 32
AiM GGM_EXTEND 8 0x00080000 9 1 8192 128 24 48
AiM GGM_EXTEND 8 0x00080000 10 0 8192 128 32 0
AiM GGM_EXTEND 8 0x00080000 11 0 8192 128 40 16
AiM GGM_EXTEND 8 0x00080000 12 1 8192 128 48 32
AiM GGM_EXTEND 8 0x00080000 13 1 8192 128 56 48
AiM GGM_EXTEND 8 0x00040000 14 0 8192 128 0 0
AiM GGM_EXTEND 8 0x00040000 15 0 8192 128 0 0
AiM GGM_EXTEND 8 0x00040000 0 0 8192 128 0 0
AiM GGM_EXTEND 8 0x00040000 1 0 8192 128 0 0
AiM GGM_EXTEND 8 0x00040000 2 0 8192 128 0 0
AiM GGM_EXTEND 8 0x00040000 3 0 8192 128 8 16
AiM GGM_EXTEND 8 0x00040000 4 0 8192 128 0 0
AiM GGM_EXTEND 8 0x00040000 5 0 8192 128 8 16
AiM GGM_EXTEND 8 0x00040000 6 0 8192 128 16 32
AiM GGM_EXTEND 8 0x00040000 7 0 8192 128 24 48
AiM GGM_EXTEND 8 0x00040000 8 1 8192 128 0 0
AiM GGM_EXTEND 8 0x00040000 9 1 8192 128 8 16
AiM GGM_EXTEND 8 0x00040000 10 1 8192 128 16 32
AiM GGM_EXTEND 8 0x00040000 11 1 8192 128 24 48
AiM GGM_EXTEND 8 0x00040000 12 0 8192 128 32 0
AiM GGM_EXTEND 8 0x00040000 13 0 8192 128 40 16
AiM GGM_EXTEND 8 0x00040000 14 1 8192 128 48 32
AiM GGM_EXTEND 8 0x00040000 15 1 8192 128 56 48
AiM GGM_EXTEND 8 0x00020000 0 0 8192 128 0 0
AiM GGM_EXTEND 8 0x00020000 1 0 8192 128 0 0
AiM GGM_EXTEND 8 0x00020000 2 0 8192 128 0 0
AiM GGM_EXTEND 8 0x00020000 3 0 8192 128 0 0
AiM GGM_EXTEND 8 0x00020000 4 0 8192 128 0 0
AiM GGM_EXTEND 8 0x00020000 5 0 8192 128 8 16
AiM GGM_EXTEND 8 0x00020000 6 0 8192 128 0 0
AiM GGM_EXTEND 8 0x00020000 7 0 8192 128 8 16
AiM GGM_EXTEND 8 0x00020000 8 0 8192 128 16 32
AiM GGM_EXTEND 8 0x00020000 9 0 8192 128 24 48
AiM GGM_EXTEND 8 0x00020000 10 1 8192 128 0 0
AiM GGM_EXTEND 8 0x00020000 11 1 8192 128 8 16
AiM GGM_EXTEND 8 0x00020000 12 1 8192 128 16 32
AiM GGM_EXTEND 8 0x00020000 13 1 8192 128 24 48
AiM GGM_EXTEND 8 0x00020000 14 0 8192 128 32 0
AiM GGM_EXTEND 8 0x00020000 15 0 8192 128 40 16
AiM GGM_EXTEND 8 0x00020000 0 1 8192 128 48 32
AiM GGM_EXTEND 8 0x00020000 1 1 8192 128 56 48
AiM GGM_EXTEND 8 0x00010000 2 0 8192 128 0 0
AiM GGM_EXTEND 8 0x00010000 3 0 8192 128 0 0
AiM GGM_EXTEND 8 0x00010000 4 0 8192 128 0 0
AiM GGM_EXTEND 8 0x00010000 5 0 8192 128 0 0
AiM GGM_EXTEND 8 0x00010000 6 0 8192 128 0 0
AiM GGM_EXTEND 8 0x00010000 7 0 8192 128 8 16
AiM GGM_EXTEND 8 0x00010000 8 0 8192 128 0 0
AiM GGM_EXTEND 8 0x00010000 9 0 8192 128 8 16
AiM GGM_EXTEND 8 0x00010000 10 0 8192 128 16 32
AiM GGM_EXTEND 8 0x00010000 11 0 8192 128 24 48
AiM GGM_EXTEND 8 0x00010000 12 1 8192 128 0 0
AiM GGM_EXTEND 8 0x00010000 13 1 8192 128 8 16
AiM GGM_EXTEND 8 0x00010000 14 1 8192 128 16 32
AiM GGM_EXTEND 8 0x00010000 15 1 8192 128 24 48
AiM GGM_EXTEND 8 0x00010000 0 0 8192 128 32 0
AiM GGM_EXTEND 8 0x00010000 1 0 8192 128 40 16
AiM GGM_EXTEND 8 0x00010000 2 1 8192 128 48 32
AiM GGM_EXTEND 8 0x00010000 3 1 8192 128 56 48
AiM GGM_EXTEND 8 0x80000000 4 0 8192 128 0 0
AiM GGM_EXTEND 8 0x80000000 5 0 8192 128 0 0
AiM GGM_EXTEND 8 0x80000000 6 0 8192 128 0 0
AiM GGM_EXTEND 8 0x80000000 7 0 8192 128 0 0
AiM GGM_EXTEND 8 0x80000000 8 0 8192 128 0 0
AiM GGM_EXTEND 8 0x80000000 9 0 8192 128 8 16
AiM GGM_EXTEND 8 0x80000000 10 0 8192 128 0 0
AiM GGM_EXTEND 8 0x80000000 11 0 8192 128 8 16
AiM GGM_EXTEND 8 0x80000000 12 0 8192 128 16 32
AiM GGM_EXTEND 8 0x80000000 13 0 8192 128 24 48
AiM GGM_EXTEND 8 0x80000000 14 1 8192 128 0 0
AiM GGM_EXTEND 8 0x80000000 15 1 8192 128 8 16
AiM GGM_EXTEND 8 0x80000000 0 1 8192 128 16 32
AiM GGM_EXTEND 8 0x80000000 1 1 8192 128 24 48
AiM GGM_EXTEND 8 0x80000000 2 0 8192 128 32 0
AiM GGM_EXTEND 8 0x80000000 3 0 8192 128 40 16
AiM GGM_EXTEND 8 0x80000000 4 1 8192 128 48 32
AiM GGM_EXTEND 8 0x80000000 5 1 8192 128 56 48
AiM GGM_EXTEND 8 0x40000000 6 0 8192 128 0 0
AiM GGM_EXTEND 8 0x40000000 7 0 8192 128 0 0
AiM GGM_EXTEND 8 0x40000000 8 0 8192 128 0 0
AiM GGM_EXTEND 8 0x40000000 9 0 8192 128 0 0
AiM GGM_EXTEND 8 0x40000000 10 0 8192 128 0 0
AiM GGM_EXTEND 8 0x40000000 11 0 8192 128 8 16
AiM GGM_EXTEND 8 0x40000000 12 0 8192 128 0 0
AiM GGM_EXTEND 8 0x40000000 13 0 8192 128 8 16
AiM GGM_EXTEND 8 0x40000000 14 0 8192 128 16 32
AiM GGM_EXTEND 8 0x40000000 15 0 8192 128 24 48
AiM GGM_EXTEND 8 0x40000000 0 1 8192 128 0 0
AiM GGM_EXTEND 8 0x40000000 1 1 8192 128 8 16
AiM GGM_EXTEND 8 0x40000000 2 1 8192 128 16 32
AiM GGM_EXTEND 8 0x40000000 3 1 8192 128 24 48
AiM GGM_EXTEND 8 0x40000000 4 0 8192 128 32 0
AiM GGM_EXTEND 8 0x40000000 5 0 8192 128 40 16
AiM GGM_EXTEND 8 0x40000000 6 1 8192 128 48 32
AiM GGM_EXTEND 8 0x40000000 7 1 8192 128 56 48
AiM GGM_EXTEND 8 0x20000000 8 0 8192 128 0 0
AiM GGM_EXTEND 8 0x20000000 9 0 8192 128 0 0
AiM GGM_EXTEND 8 0x20000000 10 0 8192 128 0 0
AiM GGM_EXTEND 8 0x20000000 11 0 8192 128 0 0
AiM GGM_EXTEND 8 0x20000000 12 0 8192 128 0 0
AiM GGM_EXTEND 8 0x20000000 13 0 8192 128 8 16
AiM GGM_EXTEND 8 0x20000000 14 0 8192 128 0 0
AiM GGM_EXTEND 8 0x20000000 15 0 8192 128 8 16
AiM GGM_EXTEND 8 0x20000000 0 0 8192 128 16 32
AiM GGM_EXTEND 8 0x20000000 1 0 8192 128 24 48
AiM GGM_EXTEND 8 0x20000000 2 1 8192 128 0 0
AiM GGM_EXTEND 8 0x20000000 3 1 8192 128 8 16
AiM GGM_EXTEND 8 0x20000000 4 1 8192 128 16 32
AiM GGM_EXTEND 8 0x20000000 5 1 8192 128 24 48
AiM GGM_EXTEND 8 0x20000000 6 0 8192 128 32 0
AiM GGM_EXTEND 8 0x20000000 7 0 8192 128 40 16
AiM GGM_EXTEND 8 0x20000000 8 1 8192 128 48 32
AiM GGM_EXTEND 8 0x20000000 9 1 8192 128 56 48
AiM GGM_EXTEND 8 0x10000000 10 0 8192 128 0 0
AiM GGM_EXTEND 8 0x10000000 11 0 8192 128 0 0
AiM GGM_EXTEND 8 0x10000000 12 0 8192 128 0 0
AiM GGM_EXTEND 8 0x10000000 13 0 8192 128 0 0
AiM GGM_EXTEND 8 0x10000000 14 0 8192 128 0 0
AiM GGM_EXTEND 8 0x10000000 15 0 8192 128 8 16
AiM GGM_EXTEND 8 0x10000000 0 0 8192 128 0 0
AiM GGM_EXTEND 8 0x10000000 1 0 8192 128 8 16
AiM GGM_EXTEND 8 0x10000000 2 0 8192 128 16 32
AiM GGM_EXTEND 8 0x10000000 3 0 8192 128 24 48
AiM GGM_EXTEND 8 0x10000000 4 1 8192 128 0 0
AiM GGM_EXTEND 8 0x10000000 5 1 8192 128 8 16
AiM GGM_EXTEND 8 0x10000000 6 1 8192 128 16 32
AiM GGM_EXTEND 8 0x10000000 7 1 8192 128 24 48
AiM GGM_EXTEND 8 0x10000000 8 0 8192 128 32 0
AiM GGM_EXTEND 8 0x10000000 9 0 8192 128 40 16
AiM GGM_EXTEND 8 0x10000000 10 1 8192 128 48 32
AiM GGM_EXTEND 8 0x10000000 11 1 8192 128 56 48
AiM GGM_EXTEND 8 0x08000000 12 0 8192 128 0 0
AiM GGM_EXTEND 8 0x08000000 13 0 8192 128 0 0
AiM GGM_EXTEND 8 0x08000000 14 0 8192 128 0 0
AiM GGM_EXTEND 8 0x08000000 15 0 8192 128 0 0
AiM GGM_EXTEND 8 0x08000000 0 0 8192 128 0 0
AiM GGM_EXTEND 8 0x08000000 1 0 8192 128 8 16
AiM GGM_EXTEND 8 0x08000000 2 0 8192 128 0 0
AiM GGM_EXTEND 8 0x08000000 3 0 8192 128 8 16
AiM GGM_EXTEND 8 0x08000000 4 0 8192 128 16 32
AiM GGM_EXTEND 8 0x08000000 5 0 8192 128 24 48
AiM GGM_EXTEND 8 0x08000000 6 1 8192 128 0 0
AiM GGM_EXTEND 8 0x08000000 7 1 8192 128 8 16
AiM GGM_EXTEND 8 0x08000000 8 1 8192 128 16 32
AiM GGM_EXTEND 8 0x08000000 9 1 8192 128 24 48
AiM GGM_EXTEND 8 0x08000000 10 0 8192 128 32 0
AiM GGM_EXTEND 8 0x08000000 11 0 8192 128 40 16
AiM GGM_EXTEND 8 0x08000000 12 1 8192 128 48 32
AiM GGM_EXTEND 8 0x08000000 13 1 8192 128 56 48
AiM GGM_EXTEND 8 0x04000000 14 0 8192 128 0 0
AiM GGM_EXTEND 8 0x04000000 15 0 8192 128 0 0
AiM GGM_EXTEND 8 0x04000000 0 0 8192 128 0 0
AiM GGM_EXTEND 8 0x04000000 1 0 8192 128 0 0
AiM GGM_EXTEND 8 0x04000000 2 0 8192 128 0 0
AiM GGM_EXTEND 8 0x04000000 3 0 8192 128 8 16
AiM GGM_EXTEND 8 0x04000000 4 0 8192 128 0 0
AiM GGM_EXTEND 8 0x04000000 5 0 8192 128 8 16
AiM GGM_EXTEND 8 0x04000000 6 0 8192 128 16 32
AiM GGM_EXTEND 8 0x04000000 7 0 8192 128 24 48
AiM GGM_EXTEND 8 0x04000000 8 1 8192 128 0 0
AiM GGM_EXTEND 8 0x04000000 9 1 8192 128 8 16
AiM GGM_EXTEND 8 0x04000000 10 1 8192 128 16 32
AiM GGM_EXTEND 8 0x04000000 11 1 8192 128 24 48
AiM GGM_EXTEND 8 0x04000000 12 0 8192 128 32 0
AiM GGM_EXTEND 8 0x04000000 13 0 8192 128 40 16
AiM GGM_EXTEND 8 0x04000000 14 1 8192 128 48 32
AiM GGM_EXTEND 8 0x04000000 15 1 8192 128 56 48
AiM GGM_EXTEND 8 0x00400000 0 0 8192 128 0 0
AiM GGM_EXTEND 8 0x00400000 1 0 8192 128 0 0
AiM GGM_EXTEND 8 0x00400000 2 0 8192 128 0 0
AiM GGM_EXTEND 8 0x00400000 3 0 8192 128 0 0
AiM GGM_EXTEND 8 0x00400000 4 0 8192 128 0 0
AiM GGM_EXTEND 8 0x00400000 5 0 8192 128 8 16
AiM GGM_EXTEND 8 0x00400000 6 0 8192 128 0 0
AiM GGM_EXTEND 8 0x00400000 7 0 8192 128 8 16
AiM GGM_EXTEND 8 0x00400000 8 1 8193 128 16 32
AiM GGM_EXTEND 8 0x00400000 9 1 8193 128 24 48
AiM GGM_EXTEND 8 0x00400000 10 1 8192 128 0 0
AiM GGM_EXTEND 8 0x00400000 11 1 8192 128 8 16
AiM GGM_EXTEND 8 0x00400000 12 2 8193 128 16 32
AiM GGM_EXTEND 8 0x00400000 13 2 8193 128 24 48
AiM GGM_EXTEND 8 0x00400000 14 1 8192 128 32 0
AiM GGM_EXTEND 8 0x00400000 15 1 8192 128 40 16
AiM GGM_EXTEND 8 0x00400000 0 2 8193 128 48 32
AiM GGM_EXTEND 8 0x00400000 1 2 8193 128 56 48
AiM GGM_EXTEND 8 0x00200000 2 0 8192 128 0 0
AiM GGM_EXTEND 8 0x00200000 3 0 8192 128 0 0
AiM GGM_EXTEND 8 0x00200000 4 0 8192 128 0 0
AiM GGM_EXTEND 8 0x00200000 5 0 8192 128 0 0
AiM GGM_EXTEND 8 0x00200000 6 0 8192 128 0 0
AiM GGM_EXTEND 8 0x00200000 7 0 8192 128 8 16
AiM GGM_EXTEND 8 0x00200000 8 0 8192 128 0 0
AiM GGM_EXTEND 8 0x00200000 9 0 8192 128 8 16
AiM GGM_EXTEND 8 0x00200000 10 1 8193 128 16 32
AiM GGM_EXTEND 8 0x00200000 11 1 8193 128 24 48
AiM GGM_EXTEND 8 0x00200000 12 1 8192 128 0 0
AiM GGM_EXTEND 8 0x00200000 13 1 8192 128 8 16
AiM GGM_EXTEND 8 0x00200000 14 2 8193 128 16 32
AiM GGM_EXTEND 8 0x00200000 15 2 8193 128 24 48
AiM GGM_EXTEND 8 0x00200000 0 1 8192 128 32 0
AiM GGM_EXTEND 8 0x00200000 1 1 8192 128 40 16
AiM GGM_EXTEND 8 0x00200000 2 2 8193 128 48 32
AiM GGM_EXTEND 8 0x00200000 3 2 8193 128 56 48
AiM GGM_EXTEND 8 0x00100000 4 0 8192 128 0 0
AiM GGM_EXTEND 8 0x00100000 5 0 8192 128 0 0
AiM GGM_EXTEND 8 0x00100000 6 0 8192 128 0 0
AiM GGM_EXTEND 8 0x00100000 7 0 8192 128 0 0
AiM GGM_EXTEND 8 0x00100000 8 0 8192 128 0 0
AiM GGM_EXTEND 8 0x00100000 9 0 8192 128 8 16
AiM GGM_EXTEND 8 0x00100000 10 0 8192 128 0 0
AiM GGM_EXTEND 8 0x00100000 11 0 8192 128 8 16
AiM GGM_EXTEND 8 0x00100000 12 1 8193 128 16 32
AiM GGM_EXTEND 8 0x00100000 13 1 8193 128 24 48
AiM GGM_EXTEND 8 0x00100000 14 1 8192 128 0 0
AiM GGM_EXTEND 8 0x00100000 15 1 8192 128 8 16
AiM GGM_EXTEND 8 0x00100000 0 2 8193 128 16 32
AiM GGM_EXTEND 8 0x00100000 1 2 8193 128 24 48
AiM GGM_EXTEND 8 0x00100000 2 1 8192 128 32 0
AiM GGM_EXTEND 8 0x00100000 3 1 8192 128 40 16
AiM GGM_EXTEND 8 0x00100000 4 2 8193 128 48 32
AiM GGM_EXTEND 8 0x00100000 5 2 8193 128 56 48
AiM GGM_EXTEND 8 0x00080000 6 0 8192 128 0 0
AiM GGM_EXTEND 8 0x00080000 7 0 8192 128 0 0
AiM GGM_EXTEND 8 0x00080000 8 0 8192 128 0 0
AiM GGM_EXTEND 8 0x00080000 9 0 8192 128 0 0
AiM GGM_EXTEND 8 0x00080000 10 0 8192 128 0 0
AiM GGM_EXTEND 8 0x00080000 11 0 8192 128 8 16
AiM GGM_EXTEND 8 0x00080000 12 0 8192 128 0 0
AiM GGM_EXTEND 8 0x00080000 13 0 8192 128 8 16
AiM GGM_EXTEND 8 0x00080000 14 1 8193 128 16 32
AiM GGM_EXTEND 8 0x00080000 15 1 8193 128 24 48
AiM GGM_EXTEND 8 0x00080000 0 1 8192 128 0 0
AiM GGM_EXTEND 8 0x00080000 1 1 8192 128 8 16
AiM GGM_EXTEND 8 0x00080000 2 2 8193 128 16 32
AiM GGM_EXTEND 8 0x00080000 3 2 8193 128 24 48
AiM GGM_EXTEND 8 0x00080000 4 1 8192 128 32 0
AiM GGM_EXTEND 8 0x00080000 5 1 8192 128 40 16
AiM GGM_EXTEND 8 0x00080000 6 2 8193 128 48 32
AiM GGM_EXTEND 8 0x00080000 7 2 8193 128 56 48
AiM GGM_EXTEND 8 0x00040000 8 0 8192 128 0 0
AiM GGM_EXTEND 8 0x00040000 9 0 8192 128 0 0
AiM GGM_EXTEND 8 0x00040000 10 0 8192 128 0 0
AiM GGM_EXTEND 8 0x00040000 11 0 8192 128 0 0
AiM GGM_EXTEND 8 0x00040000 12 0 8192 128 0 0
AiM GGM_EXTEND 8 0x00040000 13 0 8192 128 8 16
AiM GGM_EXTEND 8 0x00040000 14 0 8192 128 0 0
AiM GGM_EXTEND 8 0x00040000 15 0 8192 128 8 16
AiM GGM_EXTEND 8 0x00040000 0 1 8193 128 16 32
AiM GGM_EXTEND 8 0x00040000 1 1 8193 128 24 48
AiM GGM_EXTEND 8 0x00040000 2 1 8192 128 0 0
AiM GGM_EXTEND 8 0x00040000 3 1 8192 128 8 16
AiM GGM_EXTEND 8 0x00040000 4 2 8193 128 16 32
AiM GGM_EXTEND 8 0x00040000 5 2 8193 128 24 48
AiM GGM_EXTEND 8 0x00040000 6 1 8192 128 32 0
AiM GGM_EXTEND 8 0x00040000 7 1 8192 128 40 16
AiM GGM_EXTEND 8 0x00040000 8 2 8193 128 48 32
AiM GGM_EXTEND 8 0x00040000 9 2 8193 128 56 48
AiM GGM_EXTEND 8 0x00020000 10 0 8192 128 0 0
AiM GGM_EXTEND 8 0x00020000 11 0 8192 128 0 0
AiM GGM_EXTEND 8 0x00020000 12 0 8192 128 0 0
AiM GGM_EXTEND 8 0x00020000 13 0 8192 128 0 0
AiM GGM_EXTEND 8 0x00020000 14 0 8192 128 0 0
AiM GGM_EXTEND 8 0x00020000 15 0 8192 128 8 16
AiM GGM_EXTEND 8 0x00020000 0 0 8192 128 0 0
AiM GGM_EXTEND 8 0x00020000 1 0 8192 128 8 16
AiM GGM_EXTEND 8 0x00020000 2 1 8193 128 16 32
AiM GGM_EXTEND 8 0x00020000 3 1 8193 128 24 48
AiM GGM_EXTEND 8 0x00020000 4 1 8192 128 0 0
AiM GGM_EXTEND 8 0x00020000 5 1 8192 128 8 16
AiM GGM_EXTEND 8 0x00020000 6 2 8193 128 16 32
AiM GGM_EXTEND 8 0x00020000 7 2 8193 128 24 48
AiM GGM_EXTEND 8 0x00020000 8 1 8192 128 32 0
AiM GGM_EXTEND 8 0x00020000 9 1 8192 128 40 16
AiM GGM_EXTEND 8 0x00020000 10 2 8193 128 48 32
AiM GGM_EXTEND 8 0x00020000 11 2 8193 128 56 48
AiM GGM_EXTEND 8 0x00010000 12 0 8192 128 0 0
AiM GGM_EXTEND 8 0x00010000 13 0 8192 128 0 0
AiM GGM_EXTEND 8 0x00010000 14 0 8192 128 0 0
AiM GGM_EXTEND 8 0x00010000 15 0 8192 128 0 0
AiM GGM_EXTEND 8 0x00010000 0 0 8192 128 0 0
AiM GGM_EXTEND 8 0x00010000 1 0 8192 128 8 16
AiM GGM_EXTEND 8 0x00010000 2 0 8192 128 0 0
AiM GGM_EXTEND 8 0x00010000 3 0 8192 128 8 16
AiM GGM_EXTEND 8 0x00010000 4 1 8193 128 16 32
AiM GGM_EXTEND 8 0x00010000 5 1 8193 128 24 48
AiM GGM_EXTEND 8 0x00010000 6 1 8192 128 0 0
AiM GGM_EXTEND 8 0x00010000 7 1 8192 128 8 16
AiM GGM_EXTEND 8 0x00010000 8 2 8193 128 16 32
AiM GGM_EXTEND 8 0x00010000 9 2 8193 128 24 48
AiM GGM_EXTEND 8 0x00010000 10 1 8192 128 32 0
AiM GGM_EXTEND 8 0x00010000 11 1 8192 128 40 16
AiM GGM_EXTEND 8 0x00010000 12 2 8193 128 48 32
AiM GGM_EXTEND 8 0x00010000 13 2 8193 128 56 48
AiM GGM_EXTEND 8 0x80000000 14 0 8192 128 0 0
AiM GGM_EXTEND 8 0x80000000 15 0 8192 128 0 0
AiM GGM_EXTEND 8 0x80000000 0 0 8192 128 0 0
AiM GGM_EXTEND 8 0x80000000 1 0 8192 128 0 0
AiM GGM_EXTEND 8 0x80000000 2 0 8192 128 0 0
AiM GGM_EXTEND 8 0x80000000 3 0 8192 128 8 16
AiM GGM_EXTEND 8 0x80000000 4 0 8192 128 0 0
AiM GGM_EXTEND 8 0x80000000 5 0 8192 128 8 16
AiM GGM_EXTEND 8 0x80000000 6 1 8193 128 16 32
AiM GGM_EXTEND 8 0x80000000 7 1 8193 128 24 48
AiM GGM_EXTEND 8 0x80000000 8 1 8192 128 0 0
AiM GGM_EXTEND 8 0x80000000 9 1 8192 128 8 16
AiM GGM_EXTEND 8 0x80000000 10 2 8193 128 16 32
AiM GGM_EXTEND 8 0x80000000 11 2 8193 128 24 48
AiM GGM_EXTEND 8 0x80000000 12 1 8192 128 32 0
AiM GGM_EXTEND 8 0x80000000 13 1 8192 128 40 16
AiM GGM_EXTEND 8 0x80000000 14 2 8193 128 48 32
AiM GGM_EXTEND 8 0x80000000 15 2 8193 128 56 48
AiM GGM_EXTEND 8 0x40000000 0 0 8192 128 0 0
AiM GGM_EXTEND 8 0x40000000 1 0 8192 128 0 0
AiM GGM_EXTEND 8 0x40000000 2 0 8192 128 0 0
AiM GGM_EXTEND 8 0x40000000 3 0 8192 128 0 0
AiM GGM_EXTEND 8 0x40000000 4 0 8192 128 0 0
AiM GGM_EXTEND 8 0x40000000 5 0 8192 128 8 16
AiM GGM_EXTEND 8 0x40000000 6 0 8192 128 0 0
AiM GGM_EXTEND 8 0x40000000 7 0 8192 128 8 16
AiM GGM_EXTEND 8 0x40000000 8 1 8193 128 16 32
AiM GGM_EXTEND 8 0x40000000 9 1 8193 128 24 48
AiM GGM_EXTEND 8 0x40000000 10 1 8192 128 0 0
AiM GGM_EXTEND 8 0x40000000 11 1 8192 128 8 16
AiM GGM_EXTEND 8 0x40000000 12 2 8193 128 16 32
AiM GGM_EXTEND 8 0x40000000 13 2 8193 128 24 48
AiM GGM_EXTEND 8 0x40000000 14 1 8192 128 32 0
AiM GGM_EXTEND 8 0x40000000 15 1 8192 128 40 16
AiM GGM_EXTEND 8 0x40000000 0 2 8193 128 48 32
AiM GGM_EXTEND 8 0x40000000 1 2 8193 128 56 48
AiM GGM_EXTEND 8 0x20000000 2 0 8192 128 0 0
AiM GGM_EXTEND 8 0x20000000 3 0 8192 128 0 0
AiM GGM_EXTEND 8 0x20000000 4 0 8192 128 0 0
AiM GGM_EXTEND 8 0x20000000 5 0 8192 128 0 0
AiM GGM_EXTEND 8 0x20000000 6 0 8192 128 0 0
AiM GGM_EXTEND 8 0x20000000 7 0 8192 128 8 16
AiM GGM_EXTEND 8 0x20000000 8 0 8192 128 0 0
AiM GGM_EXTEND 8 0x20000000 9 0 8192 128 8 16
AiM GGM_EXTEND 8 0x20000000 10 1 8193 128 16 32
AiM GGM_EXTEND 8 0x20000000 11 1 8193 128 24 48
AiM GGM_EXTEND 8 0x20000000 12 1 8192 128 0 0
AiM GGM_EXTEND 8 0x20000000 13 1 8192 128 8 16
AiM GGM_EXTEND 8 0x20000000 14 2 8193 128 16 32
AiM GGM_EXTEND 8 0x20000000 15 2 8193 128 24 48
AiM GGM_EXTEND 8 0x20000000 0 1 8192 128 32 0
AiM GGM_EXTEND 8 0x20000000 1 1 8192 128 40 16
AiM GGM_EXTEND 8 0x20000000 2 2 8193 128 48 32
AiM GGM_EXTEND 8 0x20000000 3 2 8193 128 56 48
AiM GGM_EXTEND 8 0x10000000 4 0 8192 128 0 0
AiM GGM_EXTEND 8 0x10000000 5 0 8192 128 0 0
AiM GGM_EXTEND 8 0x10000000 6 0 8192 128 0 0
AiM GGM_EXTEND 8 0x10000000 7 0 8192 128 0 0
AiM GGM_EXTEND 8 0x10000000 8 0 8192 128 0 0
AiM GGM_EXTEND 8 0x10000000 9 0 8192 128 8 16
AiM GGM_EXTEND 8 0x10000000 10 0 8192 128 0 0
AiM GGM_EXTEND 8 0x10000000 11 0 8192 128 8 16
AiM GGM_EXTEND 8 0x10000000 12 1 8193 128 16 32
AiM GGM_EXTEND 8 0x10000000 13 1 8193 128 24 48
AiM GGM_EXTEND 8 0x10000000 14 1 8192 128 0 0
AiM GGM_EXTEND 8 0x10000000 15 1 8192 128 8 16
AiM GGM_EXTEND 8 0x10000000 0 2 8193 128 16 32
AiM GGM_EXTEND 8 0x10000000 1 2 8193 128 24 48
AiM GGM_EXTEND 8 0x10000000 2 1 8192 128 32 0
AiM GGM_EXTEND 8 0x10000000 3 1 8192 128 40 16
AiM GGM_EXTEND 8 0x10000000 4 2 8193 128 48 32
AiM GGM_EXTEND 8 0x10000000 5 2 8193 128 56 48
AiM GGM_EXTEND 8 0x08000000 6 0 8192 128 0 0
AiM GGM_EXTEND 8 0x08000000 7 0 8192 128 0 0
AiM GGM_EXTEND 8 0x08000000 8 0 8192 128 0 0
AiM GGM_EXTEND 8 0x08000000 9 0 8192 128 0 0
AiM GGM_EXTEND 8 0x08000000 10 0 8192 128 0 0
AiM GGM_EXTEND 8 0x08000000 11 0 8192 128 8 16
AiM GGM_EXTEND 8 0x08000000 12 0 8192 128 0 0
AiM GGM_EXTEND 8 0x08000000 13 0 8192 128 8 16
AiM GGM_EXTEND 8 0x08000000 14 1 8193 128 16 32
AiM GGM_EXTEND 8 0x08000000 15 1 8193 128 24 48
AiM GGM_EXTEND 8 0x08000000 0 1 8192 128 0 0
AiM GGM_EXTEND 8 0x08000000 1 1 8192 128 8 16
AiM GGM_EXTEND 8 0x08000000 2 2 8193 128 16 32
AiM GGM_EXTEND 8 0x08000000 3 2 8193 128 24 48
AiM GGM_EXTEND 8 0x08000000 4 1 8192 128 32 0
AiM GGM_EXTEND 8 0x08000000 5 1 8192 128 40 16
AiM GGM_EXTEND 8 0x08000000 6 2 8193 128 48 32
AiM GGM_EXTEND 8 0x08000000 7 2 8193 128 56 48
AiM GGM_EXTEND 8 0x04000000 8 0 8192 128 0 0
AiM GGM_EXTEND 8 0x04000000 9 0 8192 128 0 0
AiM GGM_EXTEND 8 0x04000000 10 0 8192 128 0 0
AiM GGM_EXTEND 8 0x04000000 11 0 8192 128 0 0
AiM GGM_EXTEND 8 0x04000000 12 0 8192 128 0 0
AiM GGM_EXTEND 8 0x04000000 13 0 8192 128 8 16
AiM GGM_EXTEND 8 0x04000000 14 0 8192 128 0 0
AiM GGM_EXTEND 8 0x04000000 15 0 8192 128 8 16
AiM GGM_EXTEND 8 0x04000000 0 1 8193 128 16 32
AiM GGM_EXTEND 8 0x04000000 1 1 8193 128 24 48
AiM GGM_EXTEND 8 0x04000000 2 1 8192 128 0 0
AiM GGM_EXTEND 8 0x04000000 3 1 8192 128 8 16
AiM GGM_EXTEND 8 0x04000000 4 2 8193 128 16 32
AiM GGM_EXTEND 8 0x04000000 5 2 8193 128 24 48
AiM GGM_EXTEND 8 0x04000000 6 1 8192 128 32 0
AiM GGM_EXTEND 8 0x04000000 7 1 8192 128 40 16
AiM GGM_EXTEND 8 0x04000000 8 2 8193 128 48 32
AiM GGM_EXTEND 8 0x04000000 9 2 8193 128 56 48
AiM GGM_EXTEND 8 0x02000000 10 0 8192 128 0 0
AiM GGM_EXTEND 8 0x02000000 11 0 8192 128 0 0
AiM GGM_EXTEND 8 0x02000000 12 0 8192 128 0 0
AiM GGM_EXTEND 8 0x02000000 13 0 8192 128 0 0
AiM GGM_EXTEND 8 0x02000000 14 0 8192 128 0 0
AiM GGM_EXTEND 8 0x02000000 15 0 8192 128 8 16
AiM GGM_EXTEND 8 0x02000000 0 0 8192 128 0 0
AiM GGM_EXTEND 8 0x02000000 1 0 8192 128 8 16
AiM GGM_EXTEND 8 0x02000000 2 1 8193 128 16 32
AiM GGM_EXTEND 8 0x02000000 3 1 8193 128 24 48
AiM GGM_EXTEND 8 0x02000000 4 1 8192 128 0 0
AiM GGM_EXTEND 8 0x02000000 5 1 8192 128 8 16
AiM GGM_EXTEND 8 0x02000000 6 2 8193 128 16 32
AiM GGM_EXTEND 8 0x02000000 7 2 8193 128 24 48
AiM GGM_EXTEND 8 0x02000000 8 1 8192 128 32 0
AiM GGM_EXTEND 8 0x02000000 9 1 8192 128 40 16
AiM GGM_EXTEND 8 0x02000000 10 2 8193 128 48 32
AiM GGM_EXTEND 8 0x02000000 11 2 8193 128 56 48
AiM GGM_EXTEND 8 0x01000000 12 0 8192 128 0 0
AiM GGM_EXTEND 8 0x01000000 13 0 8192 128 0 0
AiM GGM_EXTEND 8 0x01000000 14 0 8192 128 0 0
AiM GGM_EXTEND 8 0x01000000 15 0 8192 128 0 0
AiM GGM_EXTEND 8 0x01000000 0 0 8192 128 0 0
AiM GGM_EXTEND 8 0x01000000 1 0 8192 128 8 16
AiM GGM_EXTEND 8 0x01000000 2 0 8192 128 0 0
AiM GGM_EXTEND 8 0x01000000 3 0 8192 128 8 16
AiM GGM_EXTEND 8 0x01000000 4 1 8193 128 16 32
AiM GGM_EXTEND 8 0x01000000 5 1 8193 128 24 48
AiM GGM_EXTEND 8 0x01000000 6 1 8192 128 0 0
AiM GGM_EXTEND 8 0x01000000 7 1 8192 128 8 16
AiM GGM_EXTEND 8 0x01000000 8 2 8193 128 16 32
AiM GGM_EXTEND 8 0x01000000 9 2 8193 128 24 48
AiM GGM_EXTEND 8 0x01000000 10 1 8192 128 32 0
AiM GGM_EXTEND 8 0x01000000 11 1 8192 128 40 16
AiM GGM_EXTEND 8 0x01000000 12 2 8193 128 48 32
AiM GGM_EXTEND 8 0x01000000 13 2 8193 128 56 48
AiM GGM_EXTEND 8 0x00800000 14 0 8192 128 0 0
AiM GGM_EXTEND 8 0x00800000 15 0 8192 128 0 0
AiM GGM_EXTEND 8 0x00800000 0 0 8192 128 0 0
AiM GGM_EXTEND 8 0x00800000 1 0 8192 128 0 0
AiM GGM_EXTEND 8 0x00800000 2 0 8192 128 0 0
AiM GGM_EXTEND 8 0x00800000 3 0 8192 128 8 16
AiM GGM_EXTEND 8 0x00800000 4 0 8192 128 0 0
AiM GGM_EXTEND 8 0x00800000 5 0 8192 128 8 16
AiM GGM_EXTEND 8 0x00800000 6 1 8193 128 16 32
AiM GGM_EXTEND 8 0x00800000 7 1 8193 128 24 48
AiM GGM_EXTEND 8 0x00800000 8 1 8192 128 0 0
AiM GGM_EXTEND 8 0x00800000 9 1 8192 128 8 16
AiM GGM_EXTEND 8 0x00800000 10 2 8193 128 16 32
AiM GGM_EXTEND 8 0x00800000 11 2 8193 128 24 48
AiM GGM_EXTEND 8 0x00800000 12 1 8192 128 32 0
AiM GGM_EXTEND 8 0x00800000 13 1 8192 128 40 16
AiM GGM_EXTEND 8 0x00800000 14 2 8193 128 48 32
AiM GGM_EXTEND 8 0x00800000 15 2 8193 128 56 48
AiM EOC
