AiM GGM_EXTEND 8 0x80000000 0 0 8192 0 0 0
AiM GGM_EXTEND 8 0x80000000 1 0 8192 0 0 0
AiM GGM_EXTEND 8 0x80000000 2 0 8192 0 0 0
AiM GGM_EXTEND 8 0x80000000 3 0 8192 0 0 0
AiM GGM_EXTEND 8 0x80000000 4 0 8192 0 0 0
AiM GGM_EXTEND 8 0x80000000 5 0 8192 0 8 16
AiM GGM_EXTEND 8 0x80000000 6 0 8192 0 0 0
AiM GGM_EXTEND 8 0x80000000 7 0 8192 0 8 16
AiM GGM_EXTEND 8 0x80000000 8 0 8192 0 16 32
AiM GGM_EXTEND 8 0x80000000 9 0 8192 0 24 48
AiM GGM_EXTEND 8 0x80000000 10 0 8192 0 0 0
AiM GGM_EXTEND 8 0x80000000 11 0 8192 0 8 16
AiM GGM_EXTEND 8 0x80000000 12 0 8192 0 16 32
AiM GGM_EXTEND 8 0x80000000 13 0 8192 0 24 48
AiM GGM_EXTEND 8 0x80000000 14 0 8192 0 32 0
AiM GGM_EXTEND 8 0x80000000 15 0 8192 0 40 16
AiM GGM_EXTEND 8 0x80000000 0 0 8192 0 48 32
AiM GGM_EXTEND 8 0x80000000 1 0 8192 0 56 48
AiM GGM_EXTEND 8 0x40000000 2 0 8192 0 0 0
AiM GGM_EXTEND 8 0x40000000 3 0 8192 0 0 0
AiM GGM_EXTEND 8 0x40000000 4 0 8192 0 0 0
AiM GGM_EXTEND 8 0x40000000 5 0 8192 0 0 0
AiM GGM_EXTEND 8 0x40000000 6 0 8192 0 0 0
AiM GGM_EXTEND 8 0x40000000 7 0 8192 0 8 16
AiM GGM_EXTEND 8 0x40000000 8 0 8192 0 0 0
AiM GGM_EXTEND 8 0x40000000 9 0 8192 0 8 16
AiM GGM_EXTEND 8 0x40000000 10 0 8192 0 16 32
AiM GGM_EXTEND 8 0x40000000 11 0 8192 0 24 48
AiM GGM_EXTEND 8 0x40000000 12 0 8192 0 0 0
AiM GGM_EXTEND 8 0x40000000 13 0 8192 0 8 16
AiM GGM_EXTEND 8 0x40000000 14 0 8192 0 16 32
AiM GGM_EXTEND 8 0x40000000 15 0 8192 0 24 48
AiM GGM_EXTEND 8 0x40000000 0 0 8192 0 32 0
AiM GGM_EXTEND 8 0x40000000 1 0 8192 0 40 16
AiM GGM_EXTEND 8 0x40000000 2 0 8192 0 48 32
AiM GGM_EXTEND 8 0x40000000 3 0 8192 0 56 48
AiM GGM_EXTEND 8 0x20000000 4 0 8192 0 0 0
AiM GGM_EXTEND 8 0x20000000 5 0 8192 0 0 0
AiM GGM_EXTEND 8 0x20000000 6 0 8192 0 0 0
AiM GGM_EXTEND 8 0x20000000 7 0 8192 0 0 0
AiM GGM_EXTEND 8 0x20000000 8 0 8192 0 0 0
AiM GGM_EXTEND 8 0x20000000 9 0 8192 0 8 16
AiM GGM_EXTEND 8 0x20000000 10 0 8192 0 0 0
AiM GGM_EXTEND 8 0x20000000 11 0 8192 0 8 16
AiM GGM_EXTEND 8 0x20000000 12 0 8192 0 16 32
AiM GGM_EXTEND 8 0x20000000 13 0 8192 0 24 48
AiM GGM_EXTEND 8 0x20000000 14 0 8192 0 0 0
AiM GGM_EXTEND 8 0x20000000 15 0 8192 0 8 16
AiM GGM_EXTEND 8 0x20000000 0 0 8192 0 16 32
AiM GGM_EXTEND 8 0x20000000 1 0 8192 0 24 48
AiM GGM_EXTEND 8 0x20000000 2 0 8192 0 32 0
AiM GGM_EXTEND 8 0x20000000 3 0 8192 0 40 16
AiM GGM_EXTEND 8 0x20000000 4 0 8192 0 48 32
AiM GGM_EXTEND 8 0x20000000 5 0 8192 0 56 48
AiM GGM_EXTEND 8 0x10000000 6 0 8192 0 0 0
AiM GGM_EXTEND 8 0x10000000 7 0 8192 0 0 0
AiM GGM_EXTEND 8 0x10000000 8 0 8192 0 0 0
AiM GGM_EXTEND 8 0x10000000 9 0 8192 0 0 0
AiM GGM_EXTEND 8 0x10000000 10 0 8192 0 0 0
AiM GGM_EXTEND 8 0x10000000 11 0 8192 0 8 16
AiM GGM_EXTEND 8 0x10000000 12 0 8192 0 0 0
AiM GGM_EXTEND 8 0x10000000 13 0 8192 0 8 16
AiM GGM_EXTEND 8 0x10000000 14 0 8192 0 16 32
AiM GGM_EXTEND 8 0x10000000 15 0 8192 0 24 48
AiM GGM_EXTEND 8 0x10000000 0 0 8192 0 0 0
AiM GGM_EXTEND 8 0x10000000 1 0 8192 0 8 16
AiM GGM_EXTEND 8 0x10000000 2 0 8192 0 16 32
AiM GGM_EXTEND 8 0x10000000 3 0 8192 0 24 48
AiM GGM_EXTEND 8 0x10000000 4 0 8192 0 32 0
AiM GGM_EXTEND 8 0x10000000 5 0 8192 0 40 16
AiM GGM_EXTEND 8 0x10000000 6 0 8192 0 48 32
AiM GGM_EXTEND 8 0x10000000 7 0 8192 0 56 48
AiM GGM_EXTEND 8 0x08000000 8 0 8192 0 0 0
AiM GGM_EXTEND 8 0x08000000 9 0 8192 0 0 0
AiM GGM_EXTEND 8 0x08000000 10 0 8192 0 0 0
AiM GGM_EXTEND 8 0x08000000 11 0 8192 0 0 0
AiM GGM_EXTEND 8 0x08000000 12 0 8192 0 0 0
AiM GGM_EXTEND 8 0x08000000 13 0 8192 0 8 16
AiM GGM_EXTEND 8 0x08000000 14 0 8192 0 0 0
AiM GGM_EXTEND 8 0x08000000 15 0 8192 0 8 16
AiM GGM_EXTEND 8 0x08000000 0 0 8192 0 16 32
AiM GGM_EXTEND 8 0x08000000 1 0 8192 0 24 48
AiM GGM_EXTEND 8 0x08000000 2 0 8192 0 0 0
AiM GGM_EXTEND 8 0x08000000 3 0 8192 0 8 16
AiM GGM_EXTEND 8 0x08000000 4 0 8192 0 16 32
AiM GGM_EXTEND 8 0x08000000 5 0 8192 0 24 48
AiM GGM_EXTEND 8 0x08000000 6 0 8192 0 32 0
AiM GGM_EXTEND 8 0x08000000 7 0 8192 0 40 16
AiM GGM_EXTEND 8 0x08000000 8 0 8192 0 48 32
AiM GGM_EXTEND 8 0x08000000 9 0 8192 0 56 48
AiM GGM_EXTEND 8 0x04000000 10 0 8192 0 0 0
AiM GGM_EXTEND 8 0x04000000 11 0 8192 0 0 0
AiM GGM_EXTEND 8 0x04000000 12 0 8192 0 0 0
AiM GGM_EXTEND 8 0x04000000 13 0 8192 0 0 0
AiM GGM_EXTEND 8 0x04000000 14 0 8192 0 0 0
AiM GGM_EXTEND 8 0x04000000 15 0 8192 0 8 16
AiM GGM_EXTEND 8 0x04000000 0 0 8192 0 0 0
AiM GGM_EXTEND 8 0x04000000 1 0 8192 0 8 16
AiM GGM_EXTEND 8 0x04000000 2 0 8192 0 16 32
AiM GGM_EXTEND 8 0x04000000 3 0 8192 0 24 48
AiM GGM_EXTEND 8 0x04000000 4 0 8192 0 0 0
AiM GGM_EXTEND 8 0x04000000 5 0 8192 0 8 16
AiM GGM_EXTEND 8 0x04000000 6 0 8192 0 16 32
AiM GGM_EXTEND 8 0x04000000 7 0 8192 0 24 48
AiM GGM_EXTEND 8 0x04000000 8 0 8192 0 32 0
AiM GGM_EXTEND 8 0x04000000 9 0 8192 0 40 16
AiM GGM_EXTEND 8 0x04000000 10 0 8192 0 48 32
AiM GGM_EXTEND 8 0x04000000 11 0 8192 0 56 48
AiM GGM_EXTEND 8 0x02000000 12 0 8192 0 0 0
AiM GGM_EXTEND 8 0x02000000 13 0 8192 0 0 0
AiM GGM_EXTEND 8 0x02000000 14 0 8192 0 0 0
AiM GGM_EXTEND 8 0x02000000 15 0 8192 0 0 0
AiM GGM_EXTEND 8 0x02000000 0 0 8192 0 0 0
AiM GGM_EXTEND 8 0x02000000 1 0 8192 0 8 16
AiM GGM_EXTEND 8 0x02000000 2 0 8192 0 0 0
AiM GGM_EXTEND 8 0x02000000 3 0 8192 0 8 16
AiM GGM_EXTEND 8 0x02000000 4 0 8192 0 16 32
AiM GGM_EXTEND 8 0x02000000 5 0 8192 0 24 48
AiM GGM_EXTEND 8 0x02000000 6 0 8192 0 0 0
AiM GGM_EXTEND 8 0x02000000 7 0 8192 0 8 16
AiM GGM_EXTEND 8 0x02000000 8 0 8192 0 16 32
AiM GGM_EXTEND 8 0x02000000 9 0 8192 0 24 48
AiM GGM_EXTEND 8 0x02000000 10 0 8192 0 32 0
AiM GGM_EXTEND 8 0x02000000 11 0 8192 0 40 16
AiM GGM_EXTEND 8 0x02000000 12 0 8192 0 48 32
AiM GGM_EXTEND 8 0x02000000 13 0 8192 0 56 48
AiM GGM_EXTEND 8 0x01000000 14 0 8192 0 0 0
AiM GGM_EXTEND 8 0x01000000 15 0 8192 0 0 0
AiM GGM_EXTEND 8 0x01000000 0 0 8192 0 0 0
AiM GGM_EXTEND 8 0x01000000 1 0 8192 0 0 0
AiM GGM_EXTEND 8 0x01000000 2 0 8192 0 0 0
AiM GGM_EXTEND 8 0x01000000 3 0 8192 0 8 16
AiM GGM_EXTEND 8 0x01000000 4 0 8192 0 0 0
AiM GGM_EXTEND 8 0x01000000 5 0 8192 0 8 16
AiM GGM_EXTEND 8 0x01000000 6 0 8192 0 16 32
AiM GGM_EXTEND 8 0x01000000 7 0 8192 0 24 48
AiM GGM_EXTEND 8 0x01000000 8 0 8192 0 0 0
AiM GGM_EXTEND 8 0x01000000 9 0 8192 0 8 16
AiM GGM_EXTEND 8 0x01000000 10 0 8192 0 16 32
AiM GGM_EXTEND 8 0x01000000 11 0 8192 0 24 48
AiM GGM_EXTEND 8 0x01000000 12 0 8192 0 32 0
AiM GGM_EXTEND 8 0x01000000 13 0 8192 0 40 16
AiM GGM_EXTEND 8 0x01000000 14 0 8192 0 48 32
AiM GGM_EXTEND 8 0x01000000 15 0 8192 0 56 48
AiM GGM_EXTEND 8 0x80000000 0 1 8193 0 0 0
AiM GGM_EXTEND 8 0x80000000 1 1 8193 0 0 0
AiM GGM_EXTEND 8 0x80000000 2 1 8193 0 0 0
AiM GGM_EXTEND 8 0x80000000 3 1 8193 0 0 0
AiM GGM_EXTEND 8 0x80000000 4 1 8193 0 0 0
AiM GGM_EXTEND 8 0x80000000 5 1 8193 0 8 16
AiM GGM_EXTEND 8 0x80000000 6 1 8193 0 0 0
AiM GGM_EXTEND 8 0x80000000 7 1 8193 0 8 16
AiM GGM_EXTEND 8 0x80000000 8 1 8193 0 16 32
AiM GGM_EXTEND 8 0x80000000 9 1 8193 0 24 48
AiM GGM_EXTEND 8 0x80000000 10 1 8193 0 0 0
AiM GGM_EXTEND 8 0x80000000 11 1 8193 0 8 16
AiM GGM_EXTEND 8 0x80000000 12 1 8193 0 16 32
AiM GGM_EXTEND 8 0x80000000 13 1 8193 0 24 48
AiM GGM_EXTEND 8 0x80000000 14 1 8193 0 32 0
AiM GGM_EXTEND 8 0x80000000 15 1 8193 0 40 16
AiM GGM_EXTEND 8 0x80000000 0 1 8193 0 48 32
AiM GGM_EXTEND 8 0x80000000 1 1 8193 0 56 48
AiM GGM_EXTEND 8 0x40000000 2 1 8193 0 0 0
AiM GGM_EXTEND 8 0x40000000 3 1 8193 0 0 0
AiM GGM_EXTEND 8 0x40000000 4 1 8193 0 0 0
AiM GGM_EXTEND 8 0x40000000 5 1 8193 0 0 0
AiM GGM_EXTEND 8 0x40000000 6 1 8193 0 0 0
AiM GGM_EXTEND 8 0x40000000 7 1 8193 0 8 16
AiM GGM_EXTEND 8 0x40000000 8 1 8193 0 0 0
AiM GGM_EXTEND 8 0x40000000 9 1 8193 0 8 16
AiM GGM_EXTEND 8 0x40000000 10 1 8193 0 16 32
AiM GGM_EXTEND 8 0x40000000 11 1 8193 0 24 48
AiM GGM_EXTEND 8 0x40000000 12 1 8193 0 0 0
AiM GGM_EXTEND 8 0x40000000 13 1 8193 0 8 16
AiM GGM_EXTEND 8 0x40000000 14 1 8193 0 16 32
AiM GGM_EXTEND 8 0x40000000 15 1 8193 0 24 48
AiM GGM_EXTEND 8 0x40000000 0 1 8193 0 32 0
AiM GGM_EXTEND 8 0x40000000 1 1 8193 0 40 16
AiM GGM_EXTEND 8 0x40000000 2 1 8193 0 48 32
AiM GGM_EXTEND 8 0x40000000 3 1 8193 0 56 48
AiM GGM_EXTEND 8 0x20000000 4 1 8193 0 0 0
AiM GGM_EXTEND 8 0x20000000 5 1 8193 0 0 0
AiM GGM_EXTEND 8 0x20000000 6 1 8193 0 0 0
AiM GGM_EXTEND 8 0x20000000 7 1 8193 0 0 0
AiM GGM_EXTEND 8 0x20000000 8 1 8193 0 0 0
AiM GGM_EXTEND 8 0x20000000 9 1 8193 0 8 16
AiM GGM_EXTEND 8 0x20000000 10 1 8193 0 0 0
AiM GGM_EXTEND 8 0x20000000 11 1 8193 0 8 16
AiM GGM_EXTEND 8 0x20000000 12 1 8193 0 16 32
AiM GGM_EXTEND 8 0x20000000 13 1 8193 0 24 48
AiM GGM_EXTEND 8 0x20000000 14 1 8193 0 0 0
AiM GGM_EXTEND 8 0x20000000 15 1 8193 0 8 16
AiM GGM_EXTEND 8 0x20000000 0 1 8193 0 16 32
AiM GGM_EXTEND 8 0x20000000 1 1 8193 0 24 48
AiM GGM_EXTEND 8 0x20000000 2 1 8193 0 32 0
AiM GGM_EXTEND 8 0x20000000 3 1 8193 0 40 16
AiM GGM_EXTEND 8 0x20000000 4 1 8193 0 48 32
AiM GGM_EXTEND 8 0x20000000 5 1 8193 0 56 48
AiM GGM_EXTEND 8 0x10000000 6 1 8193 0 0 0
AiM GGM_EXTEND 8 0x10000000 7 1 8193 0 0 0
AiM GGM_EXTEND 8 0x10000000 8 1 8193 0 0 0
AiM GGM_EXTEND 8 0x10000000 9 1 8193 0 0 0
AiM GGM_EXTEND 8 0x10000000 10 1 8193 0 0 0
AiM GGM_EXTEND 8 0x10000000 11 1 8193 0 8 16
AiM GGM_EXTEND 8 0x10000000 12 1 8193 0 0 0
AiM GGM_EXTEND 8 0x10000000 13 1 8193 0 8 16
AiM GGM_EXTEND 8 0x10000000 14 1 8193 0 16 32
AiM GGM_EXTEND 8 0x10000000 15 1 8193 0 24 48
AiM GGM_EXTEND 8 0x10000000 0 1 8193 0 0 0
AiM GGM_EXTEND 8 0x10000000 1 1 8193 0 8 16
AiM GGM_EXTEND 8 0x10000000 2 1 8193 0 16 32
AiM GGM_EXTEND 8 0x10000000 3 1 8193 0 24 48
AiM GGM_EXTEND 8 0x10000000 4 1 8193 0 32 0
AiM GGM_EXTEND 8 0x10000000 5 1 8193 0 40 16
AiM GGM_EXTEND 8 0x10000000 6 1 8193 0 48 32
AiM GGM_EXTEND 8 0x10000000 7 1 8193 0 56 48
AiM GGM_EXTEND 8 0x08000000 8 1 8193 0 0 0
AiM GGM_EXTEND 8 0x08000000 9 1 8193 0 0 0
AiM GGM_EXTEND 8 0x08000000 10 1 8193 0 0 0
AiM GGM_EXTEND 8 0x08000000 11 1 8193 0 0 0
AiM GGM_EXTEND 8 0x08000000 12 1 8193 0 0 0
AiM GGM_EXTEND 8 0x08000000 13 1 8193 0 8 16
AiM GGM_EXTEND 8 0x08000000 14 1 8193 0 0 0
AiM GGM_EXTEND 8 0x08000000 15 1 8193 0 8 16
AiM GGM_EXTEND 8 0x08000000 0 1 8193 0 16 32
AiM GGM_EXTEND 8 0x08000000 1 1 8193 0 24 48
AiM GGM_EXTEND 8 0x08000000 2 1 8193 0 0 0
AiM GGM_EXTEND 8 0x08000000 3 1 8193 0 8 16
AiM GGM_EXTEND 8 0x08000000 4 1 8193 0 16 32
AiM GGM_EXTEND 8 0x08000000 5 1 8193 0 24 48
AiM GGM_EXTEND 8 0x08000000 6 1 8193 0 32 0
AiM GGM_EXTEND 8 0x08000000 7 1 8193 0 40 16
AiM GGM_EXTEND 8 0x08000000 8 1 8193 0 48 32
AiM GGM_EXTEND 8 0x08000000 9 1 8193 0 56 48
AiM GGM_EXTEND 8 0x04000000 10 1 8193 0 0 0
AiM GGM_EXTEND 8 0x04000000 11 1 8193 0 0 0
AiM GGM_EXTEND 8 0x04000000 12 1 8193 0 0 0
AiM GGM_EXTEND 8 0x04000000 13 1 8193 0 0 0
AiM GGM_EXTEND 8 0x04000000 14 1 8193 0 0 0
AiM GGM_EXTEND 8 0x04000000 15 1 8193 0 8 16
AiM GGM_EXTEND 8 0x04000000 0 1 8193 0 0 0
AiM GGM_EXTEND 8 0x04000000 1 1 8193 0 8 16
AiM GGM_EXTEND 8 0x04000000 2 1 8193 0 16 32
AiM GGM_EXTEND 8 0x04000000 3 1 8193 0 24 48
AiM GGM_EXTEND 8 0x04000000 4 1 8193 0 0 0
AiM GGM_EXTEND 8 0x04000000 5 1 8193 0 8 16
AiM GGM_EXTEND 8 0x04000000 6 1 8193 0 16 32
AiM GGM_EXTEND 8 0x04000000 7 1 8193 0 24 48
AiM GGM_EXTEND 8 0x04000000 8 1 8193 0 32 0
AiM GGM_EXTEND 8 0x04000000 9 1 8193 0 40 16
AiM GGM_EXTEND 8 0x04000000 10 1 8193 0 48 32
AiM GGM_EXTEND 8 0x04000000 11 1 8193 0 56 48
AiM GGM_EXTEND 8 0x02000000 12 1 8193 0 0 0
AiM GGM_EXTEND 8 0x02000000 13 1 8193 0 0 0
AiM GGM_EXTEND 8 0x02000000 14 1 8193 0 0 0
AiM GGM_EXTEND 8 0x02000000 15 1 8193 0 0 0
AiM GGM_EXTEND 8 0x02000000 0 1 8193 0 0 0
AiM GGM_EXTEND 8 0x02000000 1 1 8193 0 8 16
AiM GGM_EXTEND 8 0x02000000 2 1 8193 0 0 0
AiM GGM_EXTEND 8 0x02000000 3 1 8193 0 8 16
AiM GGM_EXTEND 8 0x02000000 4 1 8193 0 16 32
AiM GGM_EXTEND 8 0x02000000 5 1 8193 0 24 48
AiM GGM_EXTEND 8 0x02000000 6 1 8193 0 0 0
AiM GGM_EXTEND 8 0x02000000 7 1 8193 0 8 16
AiM GGM_EXTEND 8 0x02000000 8 1 8193 0 16 32
AiM GGM_EXTEND 8 0x02000000 9 1 8193 0 24 48
AiM GGM_EXTEND 8 0x02000000 10 1 8193 0 32 0
AiM GGM_EXTEND 8 0x02000000 11 1 8193 0 40 16
AiM GGM_EXTEND 8 0x02000000 12 1 8193 0 48 32
AiM GGM_EXTEND 8 0x02000000 13 1 8193 0 56 48
AiM GGM_EXTEND 8 0x01000000 14 1 8193 0 0 0
AiM GGM_EXTEND 8 0x01000000 15 1 8193 0 0 0
AiM GGM_EXTEND 8 0x01000000 0 1 8193 0 0 0
AiM GGM_EXTEND 8 0x01000000 1 1 8193 0 0 0
AiM GGM_EXTEND 8 0x01000000 2 1 8193 0 0 0
AiM GGM_EXTEND 8 0x01000000 3 1 8193 0 8 16
AiM GGM_EXTEND 8 0x01000000 4 1 8193 0 0 0
AiM GGM_EXTEND 8 0x01000000 5 1 8193 0 8 16
AiM GGM_EXTEND 8 0x01000000 6 1 8193 0 16 32
AiM GGM_EXTEND 8 0x01000000 7 1 8193 0 24 48
AiM GGM_EXTEND 8 0x01000000 8 1 8193 0 0 0
AiM GGM_EXTEND 8 0x01000000 9 1 8193 0 8 16
AiM GGM_EXTEND 8 0x01000000 10 1 8193 0 16 32
AiM GGM_EXTEND 8 0x01000000 11 1 8193 0 24 48
AiM GGM_EXTEND 8 0x01000000 12 1 8193 0 32 0
AiM GGM_EXTEND 8 0x01000000 13 1 8193 0 40 16
AiM GGM_EXTEND 8 0x01000000 14 1 8193 0 48 32
AiM GGM_EXTEND 8 0x01000000 15 1 8193 0 56 48
AiM GGM_EXTEND 8 0x10000000 0 0 8192 0 0 0
AiM GGM_EXTEND 8 0x10000000 1 0 8192 0 0 0
AiM GGM_EXTEND 8 0x10000000 2 0 8192 0 0 0
AiM GGM_EXTEND 8 0x10000000 3 0 8192 0 0 0
AiM GGM_EXTEND 8 0x10000000 4 0 8192 0 0 0
AiM GGM_EXTEND 8 0x10000000 5 0 8192 0 8 16
AiM GGM_EXTEND 8 0x10000000 6 0 8192 0 0 0
AiM GGM_EXTEND 8 0x10000000 7 0 8192 0 8 16
AiM GGM_EXTEND 8 0x10000000 8 0 8192 0 16 32
AiM GGM_EXTEND 8 0x10000000 9 0 8192 0 24 48
AiM GGM_EXTEND 8 0x10000000 10 0 8192 0 0 0
AiM GGM_EXTEND 8 0x10000000 11 0 8192 0 8 16
AiM GGM_EXTEND 8 0x10000000 12 0 8192 0 16 32
AiM GGM_EXTEND 8 0x10000000 13 0 8192 0 24 48
AiM GGM_EXTEND 8 0x10000000 14 0 8192 0 32 0
AiM GGM_EXTEND 8 0x10000000 15 0 8192 0 40 16
AiM GGM_EXTEND 8 0x10000000 0 2 8192 0 48 32
AiM GGM_EXTEND 8 0x10000000 1 2 8192 0 56 48
AiM GGM_EXTEND 8 0x08000000 2 0 8192 0 0 0
AiM GGM_EXTEND 8 0x08000000 3 0 8192 0 0 0
AiM GGM_EXTEND 8 0x08000000 4 0 8192 0 0 0
AiM GGM_EXTEND 8 0x08000000 5 0 8192 0 0 0
AiM GGM_EXTEND 8 0x08000000 6 0 8192 0 0 0
AiM GGM_EXTEND 8 0x08000000 7 0 8192 0 8 16
AiM GGM_EXTEND 8 0x08000000 8 0 8192 0 0 0
AiM GGM_EXTEND 8 0x08000000 9 0 8192 0 8 16
AiM GGM_EXTEND 8 0x08000000 10 0 8192 0 16 32
AiM GGM_EXTEND 8 0x08000000 11 0 8192 0 24 48
AiM GGM_EXTEND 8 0x08000000 12 0 8192 0 0 0
AiM GGM_EXTEND 8 0x08000000 13 0 8192 0 8 16
AiM GGM_EXTEND 8 0x08000000 14 0 8192 0 16 32
AiM GGM_EXTEND 8 0x08000000 15 0 8192 0 24 48
AiM GGM_EXTEND 8 0x08000000 0 0 8192 0 32 0
AiM GGM_EXTEND 8 0x08000000 1 0 8192 0 40 16
AiM GGM_EXTEND 8 0x08000000 2 2 8192 0 48 32
AiM GGM_EXTEND 8 0x08000000 3 2 8192 0 56 48
AiM GGM_EXTEND 8 0x04000000 4 0 8192 0 0 0
AiM GGM_EXTEND 8 0x04000000 5 0 8192 0 0 0
AiM GGM_EXTEND 8 0x04000000 6 0 8192 0 0 0
AiM GGM_EXTEND 8 0x04000000 7 0 8192 0 0 0
AiM GGM_EXTEND 8 0x04000000 8 0 8192 0 0 0
AiM GGM_EXTEND 8 0x04000000 9 0 8192 0 8 16
AiM GGM_EXTEND 8 0x04000000 10 0 8192 0 0 0
AiM GGM_EXTEND 8 0x04000000 11 0 8192 0 8 16
AiM GGM_EXTEND 8 0x04000000 12 0 8192 0 16 32
AiM GGM_EXTEND 8 0x04000000 13 0 8192 0 24 48
AiM GGM_EXTEND 8 0x04000000 14 0 8192 0 0 0
AiM GGM_EXTEND 8 0x04000000 15 0 8192 0 8 16
AiM GGM_EXTEND 8 0x04000000 0 0 8192 0 16 32
AiM GGM_EXTEND 8 0x04000000 1 0 8192 0 24 48
AiM GGM_EXTEND 8 0x04000000 2 0 8192 0 32 0
AiM GGM_EXTEND 8 0x04000000 3 0 8192 0 40 16
AiM GGM_EXTEND 8 0x04000000 4 2 8192 0 48 32
AiM GGM_EXTEND 8 0x04000000 5 2 8192 0 56 48
AiM GGM_EXTEND 8 0x02000000 6 0 8192 0 0 0
AiM GGM_EXTEND 8 0x02000000 7 0 8192 0 0 0
AiM GGM_EXTEND 8 0x02000000 8 0 8192 0 0 0
AiM GGM_EXTEND 8 0x02000000 9 0 8192 0 0 0
AiM GGM_EXTEND 8 0x02000000 10 0 8192 0 0 0
AiM GGM_EXTEND 8 0x02000000 11 0 8192 0 8 16
AiM GGM_EXTEND 8 0x02000000 12 0 8192 0 0 0
AiM GGM_EXTEND 8 0x02000000 13 0 8192 0 8 16
AiM GGM_EXTEND 8 0x02000000 14 0 8192 0 16 32
AiM GGM_EXTEND 8 0x02000000 15 0 8192 0 24 48
AiM GGM_EXTEND 8 0x02000000 0 0 8192 0 0 0
AiM GGM_EXTEND 8 0x02000000 1 0 8192 0 8 16
AiM GGM_EXTEND 8 0x02000000 2 0 8192 0 16 32
AiM GGM_EXTEND 8 0x02000000 3 0 8192 0 24 48
AiM GGM_EXTEND 8 0x02000000 4 0 8192 0 32 0
AiM GGM_EXTEND 8 0x02000000 5 0 8192 0 40 16
AiM GGM_EXTEND 8 0x02000000 6 2 8192 0 48 32
AiM GGM_EXTEND 8 0x02000000 7 2 8192 0 56 48
AiM GGM_EXTEND 8 0x01000000 8 0 8192 0 0 0
AiM GGM_EXTEND 8 0x01000000 9 0 8192 0 0 0
AiM GGM_EXTEND 8 0x01000000 10 0 8192 0 0 0
AiM GGM_EXTEND 8 0x01000000 11 0 8192 0 0 0
AiM GGM_EXTEND 8 0x01000000 12 0 8192 0 0 0
AiM GGM_EXTEND 8 0x01000000 13 0 8192 0 8 16
AiM GGM_EXTEND 8 0x01000000 14 0 8192 0 0 0
AiM GGM_EXTEND 8 0x01000000 15 0 8192 0 8 16
AiM GGM_EXTEND 8 0x01000000 0 0 8192 0 16 32
AiM GGM_EXTEND 8 0x01000000 1 0 8192 0 24 48
AiM GGM_EXTEND 8 0x01000000 2 0 8192 0 0 0
AiM GGM_EXTEND 8 0x01000000 3 0 8192 0 8 16
AiM GGM_EXTEND 8 0x01000000 4 0 8192 0 16 32
AiM GGM_EXTEND 8 0x01000000 5 0 8192 0 24 48
AiM GGM_EXTEND 8 0x01000000 6 0 8192 0 32 0
AiM GGM_EXTEND 8 0x01000000 7 0 8192 0 40 16
AiM GGM_EXTEND 8 0x01000000 8 2 8192 0 48 32
AiM GGM_EXTEND 8 0x01000000 9 2 8192 0 56 48
AiM GGM_EXTEND 8 0x80000000 10 0 8192 0 0 0
AiM GGM_EXTEND 8 0x80000000 11 0 8192 0 0 0
AiM GGM_EXTEND 8 0x80000000 12 0 8192 0 0 0
AiM GGM_EXTEND 8 0x80000000 13 0 8192 0 0 0
AiM GGM_EXTEND 8 0x80000000 14 0 8192 0 0 0
AiM GGM_EXTEND 8 0x80000000 15 0 8192 0 8 16
AiM GGM_EXTEND 8 0x80000000 0 0 8192 0 0 0
AiM GGM_EXTEND 8 0x80000000 1 0 8192 0 8 16
AiM GGM_EXTEND 8 0x80000000 2 0 8192 0 16 32
AiM GGM_EXTEND 8 0x80000000 3 0 8192 0 24 48
AiM GGM_EXTEND 8 0x80000000 4 0 8192 0 0 0
AiM GGM_EXTEND 8 0x80000000 5 0 8192 0 8 16
AiM GGM_EXTEND 8 0x80000000 6 0 8192 0 16 32
AiM GGM_EXTEND 8 0x80000000 7 0 8192 0 24 48
AiM GGM_EXTEND 8 0x80000000 8 0 8192 0 32 0
AiM GGM_EXTEND 8 0x80000000 9 0 8192 0 40 16
AiM GGM_EXTEND 8 0x80000000 10 2 8192 0 48 32
AiM GGM_EXTEND 8 0x80000000 11 2 8192 0 56 48
AiM GGM_EXTEND 8 0x40000000 12 0 8192 0 0 0
AiM GGM_EXTEND 8 0x40000000 13 0 8192 0 0 0
AiM GGM_EXTEND 8 0x40000000 14 0 8192 0 0 0
AiM GGM_EXTEND 8 0x40000000 15 0 8192 0 0 0
AiM GGM_EXTEND 8 0x40000000 0 0 8192 0 0 0
AiM GGM_EXTEND 8 0x40000000 1 0 8192 0 8 16
AiM GGM_EXTEND 8 0x40000000 2 0 8192 0 0 0
AiM GGM_EXTEND 8 0x40000000 3 0 8192 0 8 16
AiM GGM_EXTEND 8 0x40000000 4 0 8192 0 16 32
AiM GGM_EXTEND 8 0x40000000 5 0 8192 0 24 48
AiM GGM_EXTEND 8 0x40000000 6 0 8192 0 0 0
AiM GGM_EXTEND 8 0x40000000 7 0 8192 0 8 16
AiM GGM_EXTEND 8 0x40000000 8 0 8192 0 16 32
AiM GGM_EXTEND 8 0x40000000 9 0 8192 0 24 48
AiM GGM_EXTEND 8 0x40000000 10 0 8192 0 32 0
AiM GGM_EXTEND 8 0x40000000 11 0 8192 0 40 16
AiM GGM_EXTEND 8 0x40000000 12 2 8192 0 48 32
AiM GGM_EXTEND 8 0x40000000 13 2 8192 0 56 48
AiM GGM_EXTEND 8 0x20000000 14 0 8192 0 0 0
AiM GGM_EXTEND 8 0x20000000 15 0 8192 0 0 0
AiM GGM_EXTEND 8 0x20000000 0 0 8192 0 0 0
AiM GGM_EXTEND 8 0x20000000 1 0 8192 0 0 0
AiM GGM_EXTEND 8 0x20000000 2 0 8192 0 0 0
AiM GGM_EXTEND 8 0x20000000 3 0 8192 0 8 16
AiM GGM_EXTEND 8 0x20000000 4 0 8192 0 0 0
AiM GGM_EXTEND 8 0x20000000 5 0 8192 0 8 16
AiM GGM_EXTEND 8 0x20000000 6 0 8192 0 16 32
AiM GGM_EXTEND 8 0x20000000 7 0 8192 0 24 48
AiM GGM_EXTEND 8 0x20000000 8 0 8192 0 0 0
AiM GGM_EXTEND 8 0x20000000 9 0 8192 0 8 16
AiM GGM_EXTEND 8 0x20000000 10 0 8192 0 16 32
AiM GGM_EXTEND 8 0x20000000 11 0 8192 0 24 48
AiM GGM_EXTEND 8 0x20000000 12 0 8192 0 32 0
AiM GGM_EXTEND 8 0x20000000 13 0 8192 0 40 16
AiM GGM_EXTEND 8 0x20000000 14 2 8192 0 48 32
AiM GGM_EXTEND 8 0x20000000 15 2 8192 0 56 48
AiM GGM_EXTEND 8 0x10000000 0 1 8193 0 0 0
AiM GGM_EXTEND 8 0x10000000 1 1 8193 0 0 0
AiM GGM_EXTEND 8 0x10000000 2 1 8193 0 0 0
AiM GGM_EXTEND 8 0x10000000 3 1 8193 0 0 0
AiM GGM_EXTEND 8 0x10000000 4 1 8193 0 0 0
AiM GGM_EXTEND 8 0x10000000 5 1 8193 0 8 16
AiM GGM_EXTEND 8 0x10000000 6 1 8193 0 0 0
AiM GGM_EXTEND 8 0x10000000 7 1 8193 0 8 16
AiM GGM_EXTEND 8 0x10000000 8 1 8193 0 16 32
AiM GGM_EXTEND 8 0x10000000 9 1 8193 0 24 48
AiM GGM_EXTEND 8 0x10000000 10 1 8193 0 0 0
AiM GGM_EXTEND 8 0x10000000 11 1 8193 0 8 16
AiM GGM_EXTEND 8 0x10000000 12 1 8193 0 16 32
AiM GGM_EXTEND 8 0x10000000 13 1 8193 0 24 48
AiM GGM_EXTEND 8 0x10000000 14 1 8193 0 32 0
AiM GGM_EXTEND 8 0x10000000 15 1 8193 0 40 16
AiM GGM_EXTEND 8 0x10000000 0 3 8193 0 48 32
AiM GGM_EXTEND 8 0x10000000 1 3 8193 0 56 48
AiM GGM_EXTEND 8 0x08000000 2 1 8193 0 0 0
AiM GGM_EXTEND 8 0x08000000 3 1 8193 0 0 0
AiM GGM_EXTEND 8 0x08000000 4 1 8193 0 0 0
AiM GGM_EXTEND 8 0x08000000 5 1 8193 0 0 0
AiM GGM_EXTEND 8 0x08000000 6 1 8193 0 0 0
AiM GGM_EXTEND 8 0x08000000 7 1 8193 0 8 16
AiM GGM_EXTEND 8 0x08000000 8 1 8193 0 0 0
AiM GGM_EXTEND 8 0x08000000 9 1 8193 0 8 16
AiM GGM_EXTEND 8 0x08000000 10 1 8193 0 16 32
AiM GGM_EXTEND 8 0x08000000 11 1 8193 0 24 48
AiM GGM_EXTEND 8 0x08000000 12 1 8193 0 0 0
AiM GGM_EXTEND 8 0x08000000 13 1 8193 0 8 16
AiM GGM_EXTEND 8 0x08000000 14 1 8193 0 16 32
AiM GGM_EXTEND 8 0x08000000 15 1 8193 0 24 48
AiM GGM_EXTEND 8 0x08000000 0 1 8193 0 32 0
AiM GGM_EXTEND 8 0x08000000 1 1 8193 0 40 16
AiM GGM_EXTEND 8 0x08000000 2 3 8193 0 48 32
AiM GGM_EXTEND 8 0x08000000 3 3 8193 0 56 48
AiM GGM_EXTEND 8 0x04000000 4 1 8193 0 0 0
AiM GGM_EXTEND 8 0x04000000 5 1 8193 0 0 0
AiM GGM_EXTEND 8 0x04000000 6 1 8193 0 0 0
AiM GGM_EXTEND 8 0x04000000 7 1 8193 0 0 0
AiM GGM_EXTEND 8 0x04000000 8 1 8193 0 0 0
AiM GGM_EXTEND 8 0x04000000 9 1 8193 0 8 16
AiM GGM_EXTEND 8 0x04000000 10 1 8193 0 0 0
AiM GGM_EXTEND 8 0x04000000 11 1 8193 0 8 16
AiM GGM_EXTEND 8 0x04000000 12 1 8193 0 16 32
AiM GGM_EXTEND 8 0x04000000 13 1 8193 0 24 48
AiM GGM_EXTEND 8 0x04000000 14 1 8193 0 0 0
AiM GGM_EXTEND 8 0x04000000 15 1 8193 0 8 16
AiM GGM_EXTEND 8 0x04000000 0 1 8193 0 16 32
AiM GGM_EXTEND 8 0x04000000 1 1 8193 0 24 48
AiM GGM_EXTEND 8 0x04000000 2 1 8193 0 32 0
AiM GGM_EXTEND 8 0x04000000 3 1 8193 0 40 16
AiM GGM_EXTEND 8 0x04000000 4 3 8193 0 48 32
AiM GGM_EXTEND 8 0x04000000 5 3 8193 0 56 48
AiM GGM_EXTEND 8 0x02000000 6 1 8193 0 0 0
AiM GGM_EXTEND 8 0x02000000 7 1 8193 0 0 0
AiM GGM_EXTEND 8 0x02000000 8 1 8193 0 0 0
AiM GGM_EXTEND 8 0x02000000 9 1 8193 0 0 0
AiM GGM_EXTEND 8 0x02000000 10 1 8193 0 0 0
AiM GGM_EXTEND 8 0x02000000 11 1 8193 0 8 16
AiM GGM_EXTEND 8 0x02000000 12 1 8193 0 0 0
AiM GGM_EXTEND 8 0x02000000 13 1 8193 0 8 16
AiM GGM_EXTEND 8 0x02000000 14 1 8193 0 16 32
AiM GGM_EXTEND 8 0x02000000 15 1 8193 0 24 48
AiM GGM_EXTEND 8 0x02000000 0 1 8193 0 0 0
AiM GGM_EXTEND 8 0x02000000 1 1 8193 0 8 16
AiM GGM_EXTEND 8 0x02000000 2 1 8193 0 16 32
AiM GGM_EXTEND 8 0x02000000 3 1 8193 0 24 48
AiM GGM_EXTEND 8 0x02000000 4 1 8193 0 32 0
AiM GGM_EXTEND 8 0x02000000 5 1 8193 0 40 16
AiM GGM_EXTEND 8 0x02000000 6 3 8193 0 48 32
AiM GGM_EXTEND 8 0x02000000 7 3 8193 0 56 48
AiM GGM_EXTEND 8 0x01000000 8 1 8193 0 0 0
AiM GGM_EXTEND 8 0x01000000 9 1 8193 0 0 0
AiM GGM_EXTEND 8 0x01000000 10 1 8193 0 0 0
AiM GGM_EXTEND 8 0x01000000 11 1 8193 0 0 0
AiM GGM_EXTEND 8 0x01000000 12 1 8193 0 0 0
AiM GGM_EXTEND 8 0x01000000 13 1 8193 0 8 16
AiM GGM_EXTEND 8 0x01000000 14 1 8193 0 0 0
AiM GGM_EXTEND 8 0x01000000 15 1 8193 0 8 16
AiM GGM_EXTEND 8 0x01000000 0 1 8193 0 16 32
AiM GGM_EXTEND 8 0x01000000 1 1 8193 0 24 48
AiM GGM_EXTEND 8 0x01000000 2 1 8193 0 0 0
AiM GGM_EXTEND 8 0x01000000 3 1 8193 0 8 16
AiM GGM_EXTEND 8 0x01000000 4 1 8193 0 16 32
AiM GGM_EXTEND 8 0x01000000 5 1 8193 0 24 48
AiM GGM_EXTEND 8 0x01000000 6 1 8193 0 32 0
AiM GGM_EXTEND 8 0x01000000 7 1 8193 0 40 16
AiM GGM_EXTEND 8 0x01000000 8 3 8193 0 48 32
AiM GGM_EXTEND 8 0x01000000 9 3 8193 0 56 48
AiM GGM_EXTEND 8 0x80000000 10 1 8193 0 0 0
AiM GGM_EXTEND 8 0x80000000 11 1 8193 0 0 0
AiM GGM_EXTEND 8 0x80000000 12 1 8193 0 0 0
AiM GGM_EXTEND 8 0x80000000 13 1 8193 0 0 0
AiM GGM_EXTEND 8 0x80000000 14 1 8193 0 0 0
AiM GGM_EXTEND 8 0x80000000 15 1 8193 0 8 16
AiM GGM_EXTEND 8 0x80000000 0 1 8193 0 0 0
AiM GGM_EXTEND 8 0x80000000 1 1 8193 0 8 16
AiM GGM_EXTEND 8 0x80000000 2 1 8193 0 16 32
AiM GGM_EXTEND 8 0x80000000 3 1 8193 0 24 48
AiM GGM_EXTEND 8 0x80000000 4 1 8193 0 0 0
AiM GGM_EXTEND 8 0x80000000 5 1 8193 0 8 16
AiM GGM_EXTEND 8 0x80000000 6 1 8193 0 16 32
AiM GGM_EXTEND 8 0x80000000 7 1 8193 0 24 48
AiM GGM_EXTEND 8 0x80000000 8 1 8193 0 32 0
AiM GGM_EXTEND 8 0x80000000 9 1 8193 0 40 16
AiM GGM_EXTEND 8 0x80000000 10 3 8193 0 48 32
AiM GGM_EXTEND 8 0x80000000 11 3 8193 0 56 48
AiM GGM_EXTEND 8 0x40000000 12 1 8193 0 0 0
AiM GGM_EXTEND 8 0x40000000 13 1 8193 0 0 0
AiM GGM_EXTEND 8 0x40000000 14 1 8193 0 0 0
AiM GGM_EXTEND 8 0x40000000 15 1 8193 0 0 0
AiM GGM_EXTEND 8 0x40000000 0 1 8193 0 0 0
AiM GGM_EXTEND 8 0x40000000 1 1 8193 0 8 16
AiM GGM_EXTEND 8 0x40000000 2 1 8193 0 0 0
AiM GGM_EXTEND 8 0x40000000 3 1 8193 0 8 16
AiM GGM_EXTEND 8 0x40000000 4 1 8193 0 16 32
AiM GGM_EXTEND 8 0x40000000 5 1 8193 0 24 48
AiM GGM_EXTEND 8 0x40000000 6 1 8193 0 0 0
AiM GGM_EXTEND 8 0x40000000 7 1 8193 0 8 16
AiM GGM_EXTEND 8 0x40000000 8 1 8193 0 16 32
AiM GGM_EXTEND 8 0x40000000 9 1 8193 0 24 48
AiM GGM_EXTEND 8 0x40000000 10 1 8193 0 32 0
AiM GGM_EXTEND 8 0x40000000 11 1 8193 0 40 16
AiM GGM_EXTEND 8 0x40000000 12 3 8193 0 48 32
AiM GGM_EXTEND 8 0x40000000 13 3 8193 0 56 48
AiM GGM_EXTEND 8 0x20000000 14 1 8193 0 0 0
AiM GGM_EXTEND 8 0x20000000 15 1 8193 0 0 0
AiM GGM_EXTEND 8 0x20000000 0 1 8193 0 0 0
AiM GGM_EXTEND 8 0x20000000 1 1 8193 0 0 0
AiM GGM_EXTEND 8 0x20000000 2 1 8193 0 0 0
AiM GGM_EXTEND 8 0x20000000 3 1 8193 0 8 16
AiM GGM_EXTEND 8 0x20000000 4 1 8193 0 0 0
AiM GGM_EXTEND 8 0x20000000 5 1 8193 0 8 16
AiM GGM_EXTEND 8 0x20000000 6 1 8193 0 16 32
AiM GGM_EXTEND 8 0x20000000 7 1 8193 0 24 48
AiM GGM_EXTEND 8 0x20000000 8 1 8193 0 0 0
AiM GGM_EXTEND 8 0x20000000 9 1 8193 0 8 16
AiM GGM_EXTEND 8 0x20000000 10 1 8193 0 16 32
AiM GGM_EXTEND 8 0x20000000 11 1 8193 0 24 48
AiM GGM_EXTEND 8 0x20000000 12 1 8193 0 32 0
AiM GGM_EXTEND 8 0x20000000 13 1 8193 0 40 16
AiM GGM_EXTEND 8 0x20000000 14 3 8193 0 48 32
AiM GGM_EXTEND 8 0x20000000 15 3 8193 0 56 48
AiM GGM_EXTEND 8 0x02000000 0 0 8192 0 0 0
AiM GGM_EXTEND 8 0x02000000 1 0 8192 0 0 0
AiM GGM_EXTEND 8 0x02000000 2 0 8192 0 0 0
AiM GGM_EXTEND 8 0x02000000 3 0 8192 0 0 0
AiM GGM_EXTEND 8 0x02000000 4 0 8192 0 0 0
AiM GGM_EXTEND 8 0x02000000 5 0 8192 0 8 16
AiM GGM_EXTEND 8 0x02000000 6 0 8192 0 0 0
AiM GGM_EXTEND 8 0x02000000 7 0 8192 0 8 16
AiM GGM_EXTEND 8 0x02000000 8 0 8192 0 16 32
AiM GGM_EXTEND 8 0x02000000 9 0 8192 0 24 48
AiM GGM_EXTEND 8 0x02000000 10 2 8192 0 0 0
AiM GGM_EXTEND 8 0x02000000 11 2 8192 0 8 16
AiM GGM_EXTEND 8 0x02000000 12 2 8192 0 16 32
AiM GGM_EXTEND 8 0x02000000 13 2 8192 0 24 48
AiM GGM_EXTEND 8 0x02000000 14 0 8192 0 32 0
AiM GGM_EXTEND 8 0x02000000 15 0 8192 0 40 16
AiM GGM_EXTEND 8 0x02000000 0 2 8192 0 48 32
AiM GGM_EXTEND 8 0x02000000 1 2 8192 0 56 48
AiM GGM_EXTEND 8 0x01000000 2 0 8192 0 0 0
AiM GGM_EXTEND 8 0x01000000 3 0 8192 0 0 0
AiM GGM_EXTEND 8 0x01000000 4 0 8192 0 0 0
AiM GGM_EXTEND 8 0x01000000 5 0 8192 0 0 0
AiM GGM_EXTEND 8 0x01000000 6 0 8192 0 0 0
AiM GGM_EXTEND 8 0x01000000 7 0 8192 0 8 16
AiM GGM_EXTEND 8 0x01000000 8 0 8192 0 0 0
AiM GGM_EXTEND 8 0x01000000 9 0 8192 0 8 16
AiM GGM_EXTEND 8 0x01000000 10 0 8192 0 16 32
AiM GGM_EXTEND 8 0x01000000 11 0 8192 0 24 48
AiM GGM_EXTEND 8 0x01000000 12 2 8192 0 0 0
AiM GGM_EXTEND 8 0x01000000 13 2 8192 0 8 16
AiM GGM_EXTEND 8 0x01000000 14 2 8192 0 16 32
AiM GGM_EXTEND 8 0x01000000 15 2 8192 0 24 48
AiM GGM_EXTEND 8 0x01000000 0 0 8192 0 32 0
AiM GGM_EXTEND 8 0x01000000 1 0 8192 0 40 16
AiM GGM_EXTEND 8 0x01000000 2 2 8192 0 48 32
AiM GGM_EXTEND 8 0x01000000 3 2 8192 0 56 48
AiM GGM_EXTEND 8 0x80000000 4 0 8192 0 0 0
AiM GGM_EXTEND 8 0x80000000 5 0 8192 0 0 0
AiM GGM_EXTEND 8 0x80000000 6 0 8192 0 0 0
AiM GGM_EXTEND 8 0x80000000 7 0 8192 0 0 0
AiM GGM_EXTEND 8 0x80000000 8 0 8192 0 0 0
AiM GGM_EXTEND 8 0x80000000 9 0 8192 0 8 16
AiM GGM_EXTEND 8 0x80000000 10 0 8192 0 0 0
AiM GGM_EXTEND 8 0x80000000 11 0 8192 0 8 16
AiM GGM_EXTEND 8 0x80000000 12 0 8192 0 16 32
AiM GGM_EXTEND 8 0x80000000 13 0 8192 0 24 48
AiM GGM_EXTEND 8 0x80000000 14 2 8192 0 0 0
AiM GGM_EXTEND 8 0x80000000 15 2 8192 0 8 16
AiM GGM_EXTEND 8 0x80000000 0 2 8192 0 16 32
AiM GGM_EXTEND 8 0x80000000 1 2 8192 0 24 48
AiM GGM_EXTEND 8 0x80000000 2 0 8192 0 32 0
AiM GGM_EXTEND 8 0x80000000 3 0 8192 0 40 16
AiM GGM_EXTEND 8 0x80000000 4 2 8192 0 48 32
AiM GGM_EXTEND 8 0x80000000 5 2 8192 0 56 48
AiM GGM_EXTEND 8 0x40000000 6 0 8192 0 0 0
AiM GGM_EXTEND 8 0x40000000 7 0 8192 0 0 0
AiM GGM_EXTEND 8 0x40000000 8 0 8192 0 0 0
AiM GGM_EXTEND 8 0x40000000 9 0 8192 0 0 0
AiM GGM_EXTEND 8 0x40000000 10 0 8192 0 0 0
AiM GGM_EXTEND 8 0x40000000 11 0 8192 0 8 16
AiM GGM_EXTEND 8 0x40000000 12 0 8192 0 0 0
AiM GGM_EXTEND 8 0x40000000 13 0 8192 0 8 16
AiM GGM_EXTEND 8 0x40000000 14 0 8192 0 16 32
AiM GGM_EXTEND 8 0x40000000 15 0 8192 0 24 48
AiM GGM_EXTEND 8 0x40000000 0 2 8192 0 0 0
AiM GGM_EXTEND 8 0x40000000 1 2 8192 0 8 16
AiM GGM_EXTEND 8 0x40000000 2 2 8192 0 16 32
AiM GGM_EXTEND 8 0x40000000 3 2 8192 0 24 48
AiM GGM_EXTEND 8 0x40000000 4 0 8192 0 32 0
AiM GGM_EXTEND 8 0x40000000 5 0 8192 0 40 16
AiM GGM_EXTEND 8 0x40000000 6 2 8192 0 48 32
AiM GGM_EXTEND 8 0x40000000 7 2 8192 0 56 48
AiM GGM_EXTEND 8 0x20000000 8 0 8192 0 0 0
AiM GGM_EXTEND 8 0x20000000 9 0 8192 0 0 0
AiM GGM_EXTEND 8 0x20000000 10 0 8192 0 0 0
AiM GGM_EXTEND 8 0x20000000 11 0 8192 0 0 0
AiM GGM_EXTEND 8 0x20000000 12 0 8192 0 0 0
AiM GGM_EXTEND 8 0x20000000 13 0 8192 0 8 16
AiM GGM_EXTEND 8 0x20000000 14 0 8192 0 0 0
AiM GGM_EXTEND 8 0x20000000 15 0 8192 0 8 16
AiM GGM_EXTEND 8 0x20000000 0 0 8192 0 16 32
AiM GGM_EXTEND 8 0x20000000 1 0 8192 0 24 48
AiM GGM_EXTEND 8 0x20000000 2 2 8192 0 0 0
AiM GGM_EXTEND 8 0x20000000 3 2 8192 0 8 16
AiM GGM_EXTEND 8 0x20000000 4 2 8192 0 16 32
AiM GGM_EXTEND 8 0x20000000 5 2 8192 0 24 48
AiM GGM_EXTEND 8 0x20000000 6 0 8192 0 32 0
AiM GGM_EXTEND 8 0x20000000 7 0 8192 0 40 16
AiM GGM_EXTEND 8 0x20000000 8 2 8192 0 48 32
AiM GGM_EXTEND 8 0x20000000 9 2 8192 0 56 48
AiM GGM_EXTEND 8 0x10000000 10 0 8192 0 0 0
AiM GGM_EXTEND 8 0x10000000 11 0 8192 0 0 0
AiM GGM_EXTEND 8 0x10000000 12 0 8192 0 0 0
AiM GGM_EXTEND 8 0x10000000 13 0 8192 0 0 0
AiM GGM_EXTEND 8 0x10000000 14 0 8192 0 0 0
AiM GGM_EXTEND 8 0x10000000 15 0 8192 0 8 16
AiM GGM_EXTEND 8 0x10000000 0 0 8192 0 0 0
AiM GGM_EXTEND 8 0x10000000 1 0 8192 0 8 16
AiM GGM_EXTEND 8 0x10000000 2 0 8192 0 16 32
AiM GGM_EXTEND 8 0x10000000 3 0 8192 0 24 48
AiM GGM_EXTEND 8 0x10000000 4 2 8192 0 0 0
AiM GGM_EXTEND 8 0x10000000 5 2 8192 0 8 16
AiM GGM_EXTEND 8 0x10000000 6 2 8192 0 16 32
AiM GGM_EXTEND 8 0x10000000 7 2 8192 0 24 48
AiM GGM_EXTEND 8 0x10000000 8 0 8192 0 32 0
AiM GGM_EXTEND 8 0x10000000 9 0 8192 0 40 16
AiM GGM_EXTEND 8 0x10000000 10 2 8192 0 48 32
AiM GGM_EXTEND 8 0x10000000 11 2 8192 0 56 48
AiM GGM_EXTEND 8 0x08000000 12 0 8192 0 0 0
AiM GGM_EXTEND 8 0x08000000 13 0 8192 0 0 0
AiM GGM_EXTEND 8 0x08000000 14 0 8192 0 0 0
AiM GGM_EXTEND 8 0x08000000 15 0 8192 0 0 0
AiM GGM_EXTEND 8 0x08000000 0 0 8192 0 0 0
AiM GGM_EXTEND 8 0x08000000 1 0 8192 0 8 16
AiM GGM_EXTEND 8 0x08000000 2 0 8192 0 0 0
AiM GGM_EXTEND 8 0x08000000 3 0 8192 0 8 16
AiM GGM_EXTEND 8 0x08000000 4 0 8192 0 16 32
AiM GGM_EXTEND 8 0x08000000 5 0 8192 0 24 48
AiM GGM_EXTEND 8 0x08000000 6 2 8192 0 0 0
AiM GGM_EXTEND 8 0x08000000 7 2 8192 0 8 16
AiM GGM_EXTEND 8 0x08000000 8 2 8192 0 16 32
AiM GGM_EXTEND 8 0x08000000 9 2 8192 0 24 48
AiM GGM_EXTEND 8 0x08000000 10 0 8192 0 32 0
AiM GGM_EXTEND 8 0x08000000 11 0 8192 0 40 16
AiM GGM_EXTEND 8 0x08000000 12 2 8192 0 48 32
AiM GGM_EXTEND 8 0x08000000 13 2 8192 0 56 48
AiM GGM_EXTEND 8 0x04000000 14 0 8192 0 0 0
AiM GGM_EXTEND 8 0x04000000 15 0 8192 0 0 0
AiM GGM_EXTEND 8 0x04000000 0 0 8192 0 0 0
AiM GGM_EXTEND 8 0x04000000 1 0 8192 0 0 0
AiM GGM_EXTEND 8 0x04000000 2 0 8192 0 0 0
AiM GGM_EXTEND 8 0x04000000 3 0 8192 0 8 16
AiM GGM_EXTEND 8 0x04000000 4 0 8192 0 0 0
AiM GGM_EXTEND 8 0x04000000 5 0 8192 0 8 16
AiM GGM_EXTEND 8 0x04000000 6 0 8192 0 16 32
AiM GGM_EXTEND 8 0x04000000 7 0 8192 0 24 48
AiM GGM_EXTEND 8 0x04000000 8 2 8192 0 0 0
AiM GGM_EXTEND 8 0x04000000 9 2 8192 0 8 16
AiM GGM_EXTEND 8 0x04000000 10 2 8192 0 16 32
AiM GGM_EXTEND 8 0x04000000 11 2 8192 0 24 48
AiM GGM_EXTEND 8 0x04000000 12 0 8192 0 32 0
AiM GGM_EXTEND 8 0x04000000 13 0 8192 0 40 16
AiM GGM_EXTEND 8 0x04000000 14 2 8192 0 48 32
AiM GGM_EXTEND 8 0x04000000 15 2 8192 0 56 48
AiM GGM_EXTEND 8 0x02000000 0 1 8193 0 0 0
AiM GGM_EXTEND 8 0x02000000 1 1 8193 0 0 0
AiM GGM_EXTEND 8 0x02000000 2 1 8193 0 0 0
AiM GGM_EXTEND 8 0x02000000 3 1 8193 0 0 0
AiM GGM_EXTEND 8 0x02000000 4 1 8193 0 0 0
AiM GGM_EXTEND 8 0x02000000 5 1 8193 0 8 16
AiM GGM_EXTEND 8 0x02000000 6 1 8193 0 0 0
AiM GGM_EXTEND 8 0x02000000 7 1 8193 0 8 16
AiM GGM_EXTEND 8 0x02000000 8 1 8193 0 16 32
AiM GGM_EXTEND 8 0x02000000 9 1 8193 0 24 48
AiM GGM_EXTEND 8 0x02000000 10 3 8193 0 0 0
AiM GGM_EXTEND 8 0x02000000 11 3 8193 0 8 16
AiM GGM_EXTEND 8 0x02000000 12 3 8193 0 16 32
AiM GGM_EXTEND 8 0x02000000 13 3 8193 0 24 48
AiM GGM_EXTEND 8 0x02000000 14 1 8193 0 32 0
AiM GGM_EXTEND 8 0x02000000 15 1 8193 0 40 16
AiM GGM_EXTEND 8 0x02000000 0 3 8193 0 48 32
AiM GGM_EXTEND 8 0x02000000 1 3 8193 0 56 48
AiM GGM_EXTEND 8 0x01000000 2 1 8193 0 0 0
AiM GGM_EXTEND 8 0x01000000 3 1 8193 0 0 0
AiM GGM_EXTEND 8 0x01000000 4 1 8193 0 0 0
AiM GGM_EXTEND 8 0x01000000 5 1 8193 0 0 0
AiM GGM_EXTEND 8 0x01000000 6 1 8193 0 0 0
AiM GGM_EXTEND 8 0x01000000 7 1 8193 0 8 16
AiM GGM_EXTEND 8 0x01000000 8 1 8193 0 0 0
AiM GGM_EXTEND 8 0x01000000 9 1 8193 0 8 16
AiM GGM_EXTEND 8 0x01000000 10 1 8193 0 16 32
AiM GGM_EXTEND 8 0x01000000 11 1 8193 0 24 48
AiM GGM_EXTEND 8 0x01000000 12 3 8193 0 0 0
AiM GGM_EXTEND 8 0x01000000 13 3 8193 0 8 16
AiM GGM_EXTEND 8 0x01000000 14 3 8193 0 16 32
AiM GGM_EXTEND 8 0x01000000 15 3 8193 0 24 48
AiM GGM_EXTEND 8 0x01000000 0 1 8193 0 32 0
AiM GGM_EXTEND 8 0x01000000 1 1 8193 0 40 16
AiM GGM_EXTEND 8 0x01000000 2 3 8193 0 48 32
AiM GGM_EXTEND 8 0x01000000 3 3 8193 0 56 48
AiM GGM_EXTEND 8 0x80000000 4 1 8193 0 0 0
AiM GGM_EXTEND 8 0x80000000 5 1 8193 0 0 0
AiM GGM_EXTEND 8 0x80000000 6 1 8193 0 0 0
AiM GGM_EXTEND 8 0x80000000 7 1 8193 0 0 0
AiM GGM_EXTEND 8 0x80000000 8 1 8193 0 0 0
AiM GGM_EXTEND 8 0x80000000 9 1 8193 0 8 16
AiM GGM_EXTEND 8 0x80000000 10 1 8193 0 0 0
AiM GGM_EXTEND 8 0x80000000 11 1 8193 0 8 16
AiM GGM_EXTEND 8 0x80000000 12 1 8193 0 16 32
AiM GGM_EXTEND 8 0x80000000 13 1 8193 0 24 48
AiM GGM_EXTEND 8 0x80000000 14 3 8193 0 0 0
AiM GGM_EXTEND 8 0x80000000 15 3 8193 0 8 16
AiM GGM_EXTEND 8 0x80000000 0 3 8193 0 16 32
AiM GGM_EXTEND 8 0x80000000 1 3 8193 0 24 48
AiM GGM_EXTEND 8 0x80000000 2 1 8193 0 32 0
AiM GGM_EXTEND 8 0x80000000 3 1 8193 0 40 16
AiM GGM_EXTEND 8 0x80000000 4 3 8193 0 48 32
AiM GGM_EXTEND 8 0x80000000 5 3 8193 0 56 48
AiM GGM_EXTEND 8 0x40000000 6 1 8193 0 0 0
AiM GGM_EXTEND 8 0x40000000 7 1 8193 0 0 0
AiM GGM_EXTEND 8 0x40000000 8 1 8193 0 0 0
AiM GGM_EXTEND 8 0x40000000 9 1 8193 0 0 0
AiM GGM_EXTEND 8 0x40000000 10 1 8193 0 0 0
AiM GGM_EXTEND 8 0x40000000 11 1 8193 0 8 16
AiM GGM_EXTEND 8 0x40000000 12 1 8193 0 0 0
AiM GGM_EXTEND 8 0x40000000 13 1 8193 0 8 16
AiM GGM_EXTEND 8 0x40000000 14 1 8193 0 16 32
AiM GGM_EXTEND 8 0x40000000 15 1 8193 0 24 48
AiM GGM_EXTEND 8 0x40000000 0 3 8193 0 0 0
AiM GGM_EXTEND 8 0x40000000 1 3 8193 0 8 16
AiM GGM_EXTEND 8 0x40000000 2 3 8193 0 16 32
AiM GGM_EXTEND 8 0x40000000 3 3 8193 0 24 48
AiM GGM_EXTEND 8 0x40000000 4 1 8193 0 32 0
AiM GGM_EXTEND 8 0x40000000 5 1 8193 0 40 16
AiM GGM_EXTEND 8 0x40000000 6 3 8193 0 48 32
AiM GGM_EXTEND 8 0x40000000 7 3 8193 0 56 48
AiM GGM_EXTEND 8 0x20000000 8 1 8193 0 0 0
AiM GGM_EXTEND 8 0x20000000 9 1 8193 0 0 0
AiM GGM_EXTEND 8 0x20000000 10 1 8193 0 0 0
AiM GGM_EXTEND 8 0x20000000 11 1 8193 0 0 0
AiM GGM_EXTEND 8 0x20000000 12 1 8193 0 0 0
AiM GGM_EXTEND 8 0x20000000 13 1 8193 0 8 16
AiM GGM_EXTEND 8 0x20000000 14 1 8193 0 0 0
AiM GGM_EXTEND 8 0x20000000 15 1 8193 0 8 16
AiM GGM_EXTEND 8 0x20000000 0 1 8193 0 16 32
AiM GGM_EXTEND 8 0x20000000 1 1 8193 0 24 48
AiM GGM_EXTEND 8 0x20000000 2 3 8193 0 0 0
AiM GGM_EXTEND 8 0x20000000 3 3 8193 0 8 16
AiM GGM_EXTEND 8 0x20000000 4 3 8193 0 16 32
AiM GGM_EXTEND 8 0x20000000 5 3 8193 0 24 48
AiM GGM_EXTEND 8 0x20000000 6 1 8193 0 32 0
AiM GGM_EXTEND 8 0x20000000 7 1 8193 0 40 16
AiM GGM_EXTEND 8 0x20000000 8 3 8193 0 48 32
AiM GGM_EXTEND 8 0x20000000 9 3 8193 0 56 48
AiM GGM_EXTEND 8 0x10000000 10 1 8193 0 0 0
AiM GGM_EXTEND 8 0x10000000 11 1 8193 0 0 0
AiM GGM_EXTEND 8 0x10000000 12 1 8193 0 0 0
AiM GGM_EXTEND 8 0x10000000 13 1 8193 0 0 0
AiM GGM_EXTEND 8 0x10000000 14 1 8193 0 0 0
AiM GGM_EXTEND 8 0x10000000 15 1 8193 0 8 16
AiM GGM_EXTEND 8 0x10000000 0 1 8193 0 0 0
AiM GGM_EXTEND 8 0x10000000 1 1 8193 0 8 16
AiM GGM_EXTEND 8 0x10000000 2 1 8193 0 16 32
AiM GGM_EXTEND 8 0x10000000 3 1 8193 0 24 48
AiM GGM_EXTEND 8 0x10000000 4 3 8193 0 0 0
AiM GGM_EXTEND 8 0x10000000 5 3 8193 0 8 16
AiM GGM_EXTEND 8 0x10000000 6 3 8193 0 16 32
AiM GGM_EXTEND 8 0x10000000 7 3 8193 0 24 48
AiM GGM_EXTEND 8 0x10000000 8 1 8193 0 32 0
AiM GGM_EXTEND 8 0x10000000 9 1 8193 0 40 16
AiM GGM_EXTEND 8 0x10000000 10 3 8193 0 48 32
AiM GGM_EXTEND 8 0x10000000 11 3 8193 0 56 48
AiM GGM_EXTEND 8 0x08000000 12 1 8193 0 0 0
AiM GGM_EXTEND 8 0x08000000 13 1 8193 0 0 0
AiM GGM_EXTEND 8 0x08000000 14 1 8193 0 0 0
AiM GGM_EXTEND 8 0x08000000 15 1 8193 0 0 0
AiM GGM_EXTEND 8 0x08000000 0 1 8193 0 0 0
AiM GGM_EXTEND 8 0x08000000 1 1 8193 0 8 16
AiM GGM_EXTEND 8 0x08000000 2 1 8193 0 0 0
AiM GGM_EXTEND 8 0x08000000 3 1 8193 0 8 16
AiM GGM_EXTEND 8 0x08000000 4 1 8193 0 16 32
AiM GGM_EXTEND 8 0x08000000 5 1 8193 0 24 48
AiM GGM_EXTEND 8 0x08000000 6 3 8193 0 0 0
AiM GGM_EXTEND 8 0x08000000 7 3 8193 0 8 16
AiM GGM_EXTEND 8 0x08000000 8 3 8193 0 16 32
AiM GGM_EXTEND 8 0x08000000 9 3 8193 0 24 48
AiM GGM_EXTEND 8 0x08000000 10 1 8193 0 32 0
AiM GGM_EXTEND 8 0x08000000 11 1 8193 0 40 16
AiM GGM_EXTEND 8 0x08000000 12 3 8193 0 48 32
AiM GGM_EXTEND 8 0x08000000 13 3 8193 0 56 48
AiM GGM_EXTEND 8 0x04000000 14 1 8193 0 0 0
AiM GGM_EXTEND 8 0x04000000 15 1 8193 0 0 0
AiM GGM_EXTEND 8 0x04000000 0 1 8193 0 0 0
AiM GGM_EXTEND 8 0x04000000 1 1 8193 0 0 0
AiM GGM_EXTEND 8 0x04000000 2 1 8193 0 0 0
AiM GGM_EXTEND 8 0x04000000 3 1 8193 0 8 16
AiM GGM_EXTEND 8 0x04000000 4 1 8193 0 0 0
AiM GGM_EXTEND 8 0x04000000 5 1 8193 0 8 16
AiM GGM_EXTEND 8 0x04000000 6 1 8193 0 16 32
AiM GGM_EXTEND 8 0x04000000 7 1 8193 0 24 48
AiM GGM_EXTEND 8 0x04000000 8 3 8193 0 0 0
AiM GGM_EXTEND 8 0x04000000 9 3 8193 0 8 16
AiM GGM_EXTEND 8 0x04000000 10 3 8193 0 16 32
AiM GGM_EXTEND 8 0x04000000 11 3 8193 0 24 48
AiM GGM_EXTEND 8 0x04000000 12 1 8193 0 32 0
AiM GGM_EXTEND 8 0x04000000 13 1 8193 0 40 16
AiM GGM_EXTEND 8 0x04000000 14 3 8193 0 48 32
AiM GGM_EXTEND 8 0x04000000 15 3 8193 0 56 48
AiM GGM_EXTEND 8 0x40000000 0 0 8192 0 0 0
AiM GGM_EXTEND 8 0x40000000 1 0 8192 0 0 0
AiM GGM_EXTEND 8 0x40000000 2 0 8192 0 0 0
AiM GGM_EXTEND 8 0x40000000 3 0 8192 0 0 0
AiM GGM_EXTEND 8 0x40000000 4 0 8192 0 0 0
AiM GGM_EXTEND 8 0x40000000 5 0 8192 0 8 16
AiM GGM_EXTEND 8 0x40000000 6 0 8192 0 0 0
AiM GGM_EXTEND 8 0x40000000 7 0 8192 0 8 16
AiM GGM_EXTEND 8 0x40000000 8 2 8194 0 16 32
AiM GGM_EXTEND 8 0x40000000 9 2 8194 0 24 48
AiM GGM_EXTEND 8 0x40000000 10 2 8192 0 0 0
AiM GGM_EXTEND 8 0x40000000 11 2 8192 0 8 16
AiM GGM_EXTEND 8 0x40000000 12 4 8194 0 16 32
AiM GGM_EXTEND 8 0x40000000 13 4 8194 0 24 48
AiM GGM_EXTEND 8 0x40000000 14 2 8192 0 32 0
AiM GGM_EXTEND 8 0x40000000 15 2 8192 0 40 16
AiM GGM_EXTEND 8 0x40000000 0 4 8194 0 48 32
AiM GGM_EXTEND 8 0x40000000 1 4 8194 0 56 48
AiM GGM_EXTEND 8 0x20000000 2 0 8192 0 0 0
AiM GGM_EXTEND 8 0x20000000 3 0 8192 0 0 0
AiM GGM_EXTEND 8 0x20000000 4 0 8192 0 0 0
AiM GGM_EXTEND 8 0x20000000 5 0 8192 0 0 0
AiM GGM_EXTEND 8 0x20000000 6 0 8192 0 0 0
AiM GGM_EXTEND 8 0x20000000 7 0 8192 0 8 16
AiM GGM_EXTEND 8 0x20000000 8 0 8192 0 0 0
AiM GGM_EXTEND 8 0x20000000 9 0 8192 0 8 16
AiM GGM_EXTEND 8 0x20000000 10 2 8194 0 16 32
AiM GGM_EXTEND 8 0x20000000 11 2 8194 0 24 48
AiM GGM_EXTEND 8 0x20000000 12 2 8192 0 0 0
AiM GGM_EXTEND 8 0x20000000 13 2 8192 0 8 16
AiM GGM_EXTEND 8 0x20000000 14 4 8194 0 16 32
AiM GGM_EXTEND 8 0x20000000 15 4 8194 0 24 48
AiM GGM_EXTEND 8 0x20000000 0 2 8192 0 32 0
AiM GGM_EXTEND 8 0x20000000 1 2 8192 0 40 16
AiM GGM_EXTEND 8 0x20000000 2 4 8194 0 48 32
AiM GGM_EXTEND 8 0x20000000 3 4 8194 0 56 48
AiM GGM_EXTEND 8 0x10000000 4 0 8192 0 0 0
AiM GGM_EXTEND 8 0x10000000 5 0 8192 0 0 0
AiM GGM_EXTEND 8 0x10000000 6 0 8192 0 0 0
AiM GGM_EXTEND 8 0x10000000 7 0 8192 0 0 0
AiM GGM_EXTEND 8 0x10000000 8 0 8192 0 0 0
AiM GGM_EXTEND 8 0x10000000 9 0 8192 0 8 16
AiM GGM_EXTEND 8 0x10000000 10 0 8192 0 0 0
AiM GGM_EXTEND 8 0x10000000 11 0 8192 0 8 16
AiM GGM_EXTEND 8 0x10000000 12 2 8194 0 16 32
AiM GGM_EXTEND 8 0x10000000 13 2 8194 0 24 48
AiM GGM_EXTEND 8 0x10000000 14 2 8192 0 0 0
AiM GGM_EXTEND 8 0x10000000 15 2 8192 0 8 16
AiM GGM_EXTEND 8 0x10000000 0 4 8194 0 16 32
AiM GGM_EXTEND 8 0x10000000 1 4 8194 0 24 48
AiM GGM_EXTEND 8 0x10000000 2 2 8192 0 32 0
AiM GGM_EXTEND 8 0x10000000 3 2 8192 0 40 16
AiM GGM_EXTEND 8 0x10000000 4 4 8194 0 48 32
AiM GGM_EXTEND 8 0x10000000 5 4 8194 0 56 48
AiM GGM_EXTEND 8 0x08000000 6 0 8192 0 0 0
AiM GGM_EXTEND 8 0x08000000 7 0 8192 0 0 0
AiM GGM_EXTEND 8 0x08000000 8 0 8192 0 0 0
AiM GGM_EXTEND 8 0x08000000 9 0 8192 0 0 0
AiM GGM_EXTEND 8 0x08000000 10 0 8192 0 0 0
AiM GGM_EXTEND 8 0x08000000 11 0 8192 0 8 16
AiM GGM_EXTEND 8 0x08000000 12 0 8192 0 0 0
AiM GGM_EXTEND 8 0x08000000 13 0 8192 0 8 16
AiM GGM_EXTEND 8 0x08000000 14 2 8194 0 16 32
AiM GGM_EXTEND 8 0x08000000 15 2 8194 0 24 48
AiM GGM_EXTEND 8 0x08000000 0 2 8192 0 0 0
AiM GGM_EXTEND 8 0x08000000 1 2 8192 0 8 16
AiM GGM_EXTEND 8 0x08000000 2 4 8194 0 16 32
AiM GGM_EXTEND 8 0x08000000 3 4 8194 0 24 48
AiM GGM_EXTEND 8 0x08000000 4 2 8192 0 32 0
AiM GGM_EXTEND 8 0x08000000 5 2 8192 0 40 16
AiM GGM_EXTEND 8 0x08000000 6 4 8194 0 48 32
AiM GGM_EXTEND 8 0x08000000 7 4 8194 0 56 48
AiM GGM_EXTEND 8 0x04000000 8 0 8192 0 0 0
AiM GGM_EXTEND 8 0x04000000 9 0 8192 0 0 0
AiM GGM_EXTEND 8 0x04000000 10 0 8192 0 0 0
AiM GGM_EXTEND 8 0x04000000 11 0 8192 0 0 0
AiM GGM_EXTEND 8 0x04000000 12 0 8192 0 0 0
AiM GGM_EXTEND 8 0x04000000 13 0 8192 0 8 16
AiM GGM_EXTEND 8 0x04000000 14 0 8192 0 0 0
AiM GGM_EXTEND 8 0x04000000 15 0 8192 0 8 16
AiM GGM_EXTEND 8 0x04000000 0 2 8194 0 16 32
AiM GGM_EXTEND 8 0x04000000 1 2 8194 0 24 48
AiM GGM_EXTEND 8 0x04000000 2 2 8192 0 0 0
AiM GGM_EXTEND 8 0x04000000 3 2 8192 0 8 16
AiM GGM_EXTEND 8 0x04000000 4 4 8194 0 16 32
AiM GGM_EXTEND 8 0x04000000 5 4 8194 0 24 48
AiM GGM_EXTEND 8 0x04000000 6 2 8192 0 32 0
AiM GGM_EXTEND 8 0x04000000 7 2 8192 0 40 16
AiM GGM_EXTEND 8 0x04000000 8 4 8194 0 48 32
AiM GGM_EXTEND 8 0x04000000 9 4 8194 0 56 48
AiM GGM_EXTEND 8 0x02000000 10 0 8192 0 0 0
AiM GGM_EXTEND 8 0x02000000 11 0 8192 0 0 0
AiM GGM_EXTEND 8 0x02000000 12 0 8192 0 0 0
AiM GGM_EXTEND 8 0x02000000 13 0 8192 0 0 0
AiM GGM_EXTEND 8 0x02000000 14 0 8192 0 0 0
AiM GGM_EXTEND 8 0x02000000 15 0 8192 0 8 16
AiM GGM_EXTEND 8 0x02000000 0 0 8192 0 0 0
AiM GGM_EXTEND 8 0x02000000 1 0 8192 0 8 16
AiM GGM_EXTEND 8 0x02000000 2 2 8194 0 16 32
AiM GGM_EXTEND 8 0x02000000 3 2 8194 0 24 48
AiM GGM_EXTEND 8 0x02000000 4 2 8192 0 0 0
AiM GGM_EXTEND 8 0x02000000 5 2 8192 0 8 16
AiM GGM_EXTEND 8 0x02000000 6 4 8194 0 16 32
AiM GGM_EXTEND 8 0x02000000 7 4 8194 0 24 48
AiM GGM_EXTEND 8 0x02000000 8 2 8192 0 32 0
AiM GGM_EXTEND 8 0x02000000 9 2 8192 0 40 16
AiM GGM_EXTEND 8 0x02000000 10 4 8194 0 48 32
AiM GGM_EXTEND 8 0x02000000 11 4 8194 0 56 48
AiM GGM_EXTEND 8 0x01000000 12 0 8192 0 0 0
AiM GGM_EXTEND 8 0x01000000 13 0 8192 0 0 0
AiM GGM_EXTEND 8 0x01000000 14 0 8192 0 0 0
AiM GGM_EXTEND 8 0x01000000 15 0 8192 0 0 0
AiM GGM_EXTEND 8 0x01000000 0 0 8192 0 0 0
AiM GGM_EXTEND 8 0x01000000 1 0 8192 0 8 16
AiM GGM_EXTEND 8 0x01000000 2 0 8192 0 0 0
AiM GGM_EXTEND 8 0x01000000 3 0 8192 0 8 16
AiM GGM_EXTEND 8 0x01000000 4 2 8194 0 16 32
AiM GGM_EXTEND 8 0x01000000 5 2 8194 0 24 48
AiM GGM_EXTEND 8 0x01000000 6 2 8192 0 0 0
AiM GGM_EXTEND 8 0x01000000 7 2 8192 0 8 16
AiM GGM_EXTEND 8 0x01000000 8 4 8194 0 16 32
AiM GGM_EXTEND 8 0x01000000 9 4 8194 0 24 48
AiM GGM_EXTEND 8 0x01000000 10 2 8192 0 32 0
AiM GGM_EXTEND 8 0x01000000 11 2 8192 0 40 16
AiM GGM_EXTEND 8 0x01000000 12 4 8194 0 48 32
AiM GGM_EXTEND 8 0x01000000 13 4 8194 0 56 48
AiM GGM_EXTEND 8 0x80000000 14 0 8192 0 0 0
AiM GGM_EXTEND 8 0x80000000 15 0 8192 0 0 0
AiM GGM_EXTEND 8 0x80000000 0 0 8192 0 0 0
AiM GGM_EXTEND 8 0x80000000 1 0 8192 0 0 0
AiM GGM_EXTEND 8 0x80000000 2 0 8192 0 0 0
AiM GGM_EXTEND 8 0x80000000 3 0 8192 0 8 16
AiM GGM_EXTEND 8 0x80000000 4 0 8192 0 0 0
AiM GGM_EXTEND 8 0x80000000 5 0 8192 0 8 16
AiM GGM_EXTEND 8 0x80000000 6 2 8194 0 16 32
AiM GGM_EXTEND 8 0x80000000 7 2 8194 0 24 48
AiM GGM_EXTEND 8 0x80000000 8 2 8192 0 0 0
AiM GGM_EXTEND 8 0x80000000 9 2 8192 0 8 16
AiM GGM_EXTEND 8 0x80000000 10 4 8194 0 16 32
AiM GGM_EXTEND 8 0x80000000 11 4 8194 0 24 48
AiM GGM_EXTEND 8 0x80000000 12 2 8192 0 32 0
AiM GGM_EXTEND 8 0x80000000 13 2 8192 0 40 16
AiM GGM_EXTEND 8 0x80000000 14 4 8194 0 48 32
AiM GGM_EXTEND 8 0x80000000 15 4 8194 0 56 48
AiM GGM_EXTEND 8 0x40000000 0 1 8193 0 0 0
AiM GGM_EXTEND 8 0x40000000 1 1 8193 0 0 0
AiM GGM_EXTEND 8 0x40000000 2 1 8193 0 0 0
AiM GGM_EXTEND 8 0x40000000 3 1 8193 0 0 0
AiM GGM_EXTEND 8 0x40000000 4 1 8193 0 0 0
AiM GGM_EXTEND 8 0x40000000 5 1 8193 0 8 16
AiM GGM_EXTEND 8 0x40000000 6 1 8193 0 0 0
AiM GGM_EXTEND 8 0x40000000 7 1 8193 0 8 16
AiM GGM_EXTEND 8 0x40000000 8 3 8195 0 16 32
AiM GGM_EXTEND 8 0x40000000 9 3 8195 0 24 48
AiM GGM_EXTEND 8 0x40000000 10 3 8193 0 0 0
AiM GGM_EXTEND 8 0x40000000 11 3 8193 0 8 16
AiM GGM_EXTEND 8 0x40000000 12 5 8195 0 16 32
AiM GGM_EXTEND 8 0x40000000 13 5 8195 0 24 48
AiM GGM_EXTEND 8 0x40000000 14 3 8193 0 32 0
AiM GGM_EXTEND 8 0x40000000 15 3 8193 0 40 16
AiM GGM_EXTEND 8 0x40000000 0 5 8195 0 48 32
AiM GGM_EXTEND 8 0x40000000 1 5 8195 0 56 48
AiM GGM_EXTEND 8 0x20000000 2 1 8193 0 0 0
AiM GGM_EXTEND 8 0x20000000 3 1 8193 0 0 0
AiM GGM_EXTEND 8 0x20000000 4 1 8193 0 0 0
AiM GGM_EXTEND 8 0x20000000 5 1 8193 0 0 0
AiM GGM_EXTEND 8 0x20000000 6 1 8193 0 0 0
AiM GGM_EXTEND 8 0x20000000 7 1 8193 0 8 16
AiM GGM_EXTEND 8 0x20000000 8 1 8193 0 0 0
AiM GGM_EXTEND 8 0x20000000 9 1 8193 0 8 16
AiM GGM_EXTEND 8 0x20000000 10 3 8195 0 16 32
AiM GGM_EXTEND 8 0x20000000 11 3 8195 0 24 48
AiM GGM_EXTEND 8 0x20000000 12 3 8193 0 0 0
AiM GGM_EXTEND 8 0x20000000 13 3 8193 0 8 16
AiM GGM_EXTEND 8 0x20000000 14 5 8195 0 16 32
AiM GGM_EXTEND 8 0x20000000 15 5 8195 0 24 48
AiM GGM_EXTEND 8 0x20000000 0 3 8193 0 32 0
AiM GGM_EXTEND 8 0x20000000 1 3 8193 0 40 16
AiM GGM_EXTEND 8 0x20000000 2 5 8195 0 48 32
AiM GGM_EXTEND 8 0x20000000 3 5 8195 0 56 48
AiM GGM_EXTEND 8 0x10000000 4 1 8193 0 0 0
AiM GGM_EXTEND 8 0x10000000 5 1 8193 0 0 0
AiM GGM_EXTEND 8 0x10000000 6 1 8193 0 0 0
AiM GGM_EXTEND 8 0x10000000 7 1 8193 0 0 0
AiM GGM_EXTEND 8 0x10000000 8 1 8193 0 0 0
AiM GGM_EXTEND 8 0x10000000 9 1 8193 0 8 16
AiM GGM_EXTEND 8 0x10000000 10 1 8193 0 0 0
AiM GGM_EXTEND 8 0x10000000 11 1 8193 0 8 16
AiM GGM_EXTEND 8 0x10000000 12 3 8195 0 16 32
AiM GGM_EXTEND 8 0x10000000 13 3 8195 0 24 48
AiM GGM_EXTEND 8 0x10000000 14 3 8193 0 0 0
AiM GGM_EXTEND 8 0x10000000 15 3 8193 0 8 16
AiM GGM_EXTEND 8 0x10000000 0 5 8195 0 16 32
AiM GGM_EXTEND 8 0x10000000 1 5 8195 0 24 48
AiM GGM_EXTEND 8 0x10000000 2 3 8193 0 32 0
AiM GGM_EXTEND 8 0x10000000 3 3 8193 0 40 16
AiM GGM_EXTEND 8 0x10000000 4 5 8195 0 48 32
AiM GGM_EXTEND 8 0x10000000 5 5 8195 0 56 48
AiM GGM_EXTEND 8 0x08000000 6 1 8193 0 0 0
AiM GGM_EXTEND 8 0x08000000 7 1 8193 0 0 0
AiM GGM_EXTEND 8 0x08000000 8 1 8193 0 0 0
AiM GGM_EXTEND 8 0x08000000 9 1 8193 0 0 0
AiM GGM_EXTEND 8 0x08000000 10 1 8193 0 0 0
AiM GGM_EXTEND 8 0x08000000 11 1 8193 0 8 16
AiM GGM_EXTEND 8 0x08000000 12 1 8193 0 0 0
AiM GGM_EXTEND 8 0x08000000 13 1 8193 0 8 16
AiM GGM_EXTEND 8 0x08000000 14 3 8195 0 16 32
AiM GGM_EXTEND 8 0x08000000 15 3 8195 0 24 48
AiM GGM_EXTEND 8 0x08000000 0 3 8193 0 0 0
AiM GGM_EXTEND 8 0x08000000 1 3 8193 0 8 16
AiM GGM_EXTEND 8 0x08000000 2 5 8195 0 16 32
AiM GGM_EXTEND 8 0x08000000 3 5 8195 0 24 48
AiM GGM_EXTEND 8 0x08000000 4 3 8193 0 32 0
AiM GGM_EXTEND 8 0x08000000 5 3 8193 0 40 16
AiM GGM_EXTEND 8 0x08000000 6 5 8195 0 48 32
AiM GGM_EXTEND 8 0x08000000 7 5 8195 0 56 48
AiM GGM_EXTEND 8 0x04000000 8 1 8193 0 0 0
AiM GGM_EXTEND 8 0x04000000 9 1 8193 0 0 0
AiM GGM_EXTEND 8 0x04000000 10 1 8193 0 0 0
AiM GGM_EXTEND 8 0x04000000 11 1 8193 0 0 0
AiM GGM_EXTEND 8 0x04000000 12 1 8193 0 0 0
AiM GGM_EXTEND 8 0x04000000 13 1 8193 0 8 16
AiM GGM_EXTEND 8 0x04000000 14 1 8193 0 0 0
AiM GGM_EXTEND 8 0x04000000 15 1 8193 0 8 16
AiM GGM_EXTEND 8 0x04000000 0 3 8195 0 16 32
AiM GGM_EXTEND 8 0x04000000 1 3 8195 0 24 48
AiM GGM_EXTEND 8 0x04000000 2 3 8193 0 0 0
AiM GGM_EXTEND 8 0x04000000 3 3 8193 0 8 16
AiM GGM_EXTEND 8 0x04000000 4 5 8195 0 16 32
AiM GGM_EXTEND 8 0x04000000 5 5 8195 0 24 48
AiM GGM_EXTEND 8 0x04000000 6 3 8193 0 32 0
AiM GGM_EXTEND 8 0x04000000 7 3 8193 0 40 16
AiM GGM_EXTEND 8 0x04000000 8 5 8195 0 48 32
AiM GGM_EXTEND 8 0x04000000 9 5 8195 0 56 48
AiM GGM_EXTEND 8 0x02000000 10 1 8193 0 0 0
AiM GGM_EXTEND 8 0x02000000 11 1 8193 0 0 0
AiM GGM_EXTEND 8 0x02000000 12 1 8193 0 0 0
AiM GGM_EXTEND 8 0x02000000 13 1 8193 0 0 0
AiM GGM_EXTEND 8 0x02000000 14 1 8193 0 0 0
AiM GGM_EXTEND 8 0x02000000 15 1 8193 0 8 16
AiM GGM_EXTEND 8 0x02000000 0 1 8193 0 0 0
AiM GGM_EXTEND 8 0x02000000 1 1 8193 0 8 16
AiM GGM_EXTEND 8 0x02000000 2 3 8195 0 16 32
AiM GGM_EXTEND 8 0x02000000 3 3 8195 0 24 48
AiM GGM_EXTEND 8 0x02000000 4 3 8193 0 0 0
AiM GGM_EXTEND 8 0x02000000 5 3 8193 0 8 16
AiM GGM_EXTEND 8 0x02000000 6 5 8195 0 16 32
AiM GGM_EXTEND 8 0x02000000 7 5 8195 0 24 48
AiM GGM_EXTEND 8 0x02000000 8 3 8193 0 32 0
AiM GGM_EXTEND 8 0x02000000 9 3 8193 0 40 16
AiM GGM_EXTEND 8 0x02000000 10 5 8195 0 48 32
AiM GGM_EXTEND 8 0x02000000 11 5 8195 0 56 48
AiM GGM_EXTEND 8 0x01000000 12 1 8193 0 0 0
AiM GGM_EXTEND 8 0x01000000 13 1 8193 0 0 0
AiM GGM_EXTEND 8 0x01000000 14 1 8193 0 0 0
AiM GGM_EXTEND 8 0x01000000 15 1 8193 0 0 0
AiM GGM_EXTEND 8 0x01000000 0 1 8193 0 0 0
AiM GGM_EXTEND 8 0x01000000 1 1 8193 0 8 16
AiM GGM_EXTEND 8 0x01000000 2 1 8193 0 0 0
AiM GGM_EXTEND 8 0x01000000 3 1 8193 0 8 16
AiM GGM_EXTEND 8 0x01000000 4 3 8195 0 16 32
AiM GGM_EXTEND 8 0x01000000 5 3 8195 0 24 48
AiM GGM_EXTEND 8 0x01000000 6 3 8193 0 0 0
AiM GGM_EXTEND 8 0x01000000 7 3 8193 0 8 16
AiM GGM_EXTEND 8 0x01000000 8 5 8195 0 16 32
AiM GGM_EXTEND 8 0x01000000 9 5 8195 0 24 48
AiM GGM_EXTEND 8 0x01000000 10 3 8193 0 32 0
AiM GGM_EXTEND 8 0x01000000 11 3 8193 0 40 16
AiM GGM_EXTEND 8 0x01000000 12 5 8195 0 48 32
AiM GGM_EXTEND 8 0x01000000 13 5 8195 0 56 48
AiM GGM_EXTEND 8 0x80000000 14 1 8193 0 0 0
AiM GGM_EXTEND 8 0x80000000 15 1 8193 0 0 0
AiM GGM_EXTEND 8 0x80000000 0 1 8193 0 0 0
AiM GGM_EXTEND 8 0x80000000 1 1 8193 0 0 0
AiM GGM_EXTEND 8 0x80000000 2 1 8193 0 0 0
AiM GGM_EXTEND 8 0x80000000 3 1 8193 0 8 16
AiM GGM_EXTEND 8 0x80000000 4 1 8193 0 0 0
AiM GGM_EXTEND 8 0x80000000 5 1 8193 0 8 16
AiM GGM_EXTEND 8 0x80000000 6 3 8195 0 16 32
AiM GGM_EXTEND 8 0x80000000 7 3 8195 0 24 48
AiM GGM_EXTEND 8 0x80000000 8 3 8193 0 0 0
AiM GGM_EXTEND 8 0x80000000 9 3 8193 0 8 16
AiM GGM_EXTEND 8 0x80000000 10 5 8195 0 16 32
AiM GGM_EXTEND 8 0x80000000 11 5 8195 0 24 48
AiM GGM_EXTEND 8 0x80000000 12 3 8193 0 32 0
AiM GGM_EXTEND 8 0x80000000 13 3 8193 0 40 16
AiM GGM_EXTEND 8 0x80000000 14 5 8195 0 48 32
AiM GGM_EXTEND 8 0x80000000 15 5 8195 0 56 48
AiM EOC
