[AiMTrace] [info] Opening trace file freq/l40s_f2.25.trace with delimiter " "...
[AiMDRAMSystem] [info] AiMDRAMSystem: One intermediate level (rank/pseudochannel) between channel and bankgroup.
Frontend:
  impl: AiMTrace

MemorySystem:
  impl: AiMDRAM
  net_busy_cycles: 0  # total NIC-lane occupancy advanced by ISR_NET_DELAY (for U_NET)
  pim_done_cycles: 674914  # cycle at which the PIM ISR trace reached EOC (-1 if never)
  total_num_AiM_ISR_NET_DELAY_requests: 0  # total number of AiM ISR_NET_DELAY requests
  total_num_AiM_ISR_SYNC_requests: 53  # total number of AiM ISR_SYNC requests
  total_num_AiM_ISR_EOC_requests: 1  # total number of AiM ISR_EOC requests
  total_num_AiM_ISR_NET_WAIT_requests: 0  # total number of AiM ISR_NET_WAIT requests
  total_num_W_MEM_requests: 0  # total number of W MEM requests
  total_num_AiM_ISR_GGM_REDUCE_requests: 4240  # total number of AiM ISR_GGM_REDUCE requests
  total_num_ISR_full: 0  # total number of cycles that AiM DMA does not receive ISR because of lack of enough ISR space
  total_num_AiM_ISR_GGM_EXTEND_requests: 0  # total number of AiM ISR_GGM_EXTEND requests
  total_num_wait_read_stalls: 0  # total number of cycles that AiM DMA is stalled because of waiting for read operations from channels
  total_num_R_MEM_requests: 0  # total number of R MEM requests
  memory_system_cycles: 674915
  DRAM:
    impl: HBM2
  AddrMapper:
    impl: RoBaRaCoCh


  Controller:
    impl: AiM
    id: Channel 0
    CH0_agg_rdlat_p95: 0
    CH0_agg_rdlat_p50: 0
    CH0_agg_rdlat_mean: 0
    CH0_agg_rdlat_count: 0
    CH0_agg_q_mean: 0
    CH0_agg_row_hit: 0
    CH0_agg_wr_cols: 0
    CH0_dru_rdlat_p99: 0
    CH0_dru_rdlat_p50: 0
    CH0_dru_rdlat_mean: 0
    CH0_agg_q_p95: 0
    CH0_dru_rdlat_count: 0
    CH0_dru_wq_mean: 0
    CH0_dru_q_p99: 0
    CH0_agg_rd_cols: 0
    CH0_dru_q_p95: 0
    CH0_agg_row_conflict: 0
    CH0_agg_row_miss: 0
    CH0_dru_q_p50: 0
    CH0_agg_q_p99: 0
    CH0_dru_q_mean: 0
    CH0_dru_q_count: 0
    CH0_dru_row_conflict: 0
    CH0_dru_row_miss: 0
    CH0_dru_row_hit: 0
    CH0_dru_bus_cycles: 0
    CH0_dru_wr_cols: 0
    CH0_dru_rd_cols: 0
    CH0_dru_rdlat_p95: 0
    CH0_gpu_rdlat_p99: 0
    CH0_pim_allbank_cols: 34944
    CH0_num_UNKNOWN_commands: 0  # total number of UNKNOWN commands
    CH0_pim_q_mean: 3288.3557729750778
    CH0_gpu_q_p50: 0
    CH0_agg_bus_cycles: 0
    CH0_num_TMOD_commands: 0  # total number of TMOD commands
    CH0_num_REFsb_commands: 0  # total number of REFsb commands
    CH0_gpu_q_count: 0
    CH0_num_ABWR_commands: 14400  # total number of ABWR commands
    CH0_pim_row_miss: 58
    CH0_gpu_rdlat_p95: 0
    CH0_gpu_wq_mean: 0
    CH0_pim_row_hit: 34313
    CH0_idle_cycles: 117  # total number of idle cycles
    CH0_gpu_bus_cycles: 0
    CH0_pim_allbank_slot_cycles: 104832
    CH0_num_PREA_commands: 630  # total number of PREA commands
    CH0_num_ABRD_commands: 20544  # total number of ABRD commands
    CH0_pim_rd_cols: 0
    CH0_AiM_ISR_SYNC_cycles: 0  # total number of AiM ISR_SYNC cycles
    CH0_num_ACT16_commands: 631  # total number of ACT16 commands
    CH0_num_SYNC_commands: 0  # total number of SYNC commands
    CH0_num_RDA_commands: 0  # total number of RDA commands
    CH0_agg_wq_mean: 0
    CH0_num_WRA_commands: 0  # total number of WRA commands
    CH0_R_cycles: 0
    CH0_pim_wq_count: 14400
    CH0_num_REFab_commands: 157  # total number of REFab commands
    CH0_AiM_ISR_NET_WAIT_cycles: 0  # total number of AiM ISR_NET_WAIT cycles
    CH0_W_cycles: 0
    CH0_AiM_ISR_GGM_EXTEND_cycles: 0  # total number of AiM ISR_GGM_EXTEND cycles
    CH0_agg_q_count: 0
    CH0_dru_wq_count: 0
    CH0_num_ACT_commands: 0  # total number of ACT commands
    CH0_agg_rdlat_p99: 0
    CH0_gpu_row_conflict: 0
    CH0_AiM_ISR_GGM_REDUCE_cycles: 73874  # total number of AiM ISR_GGM_REDUCE cycles
    CH0_AiM_ISR_NET_DELAY_cycles: 0  # total number of AiM ISR_NET_DELAY cycles
    CH0_num_PRE_commands: 0  # total number of PRE commands
    CH0_num_EOC_commands: 0  # total number of EOC commands
    CH0_AiM_ISR_EOC_cycles: 0  # total number of AiM ISR_EOC cycles
    CH0_gpu_row_miss: 0
    CH0_num_WR_commands: 0  # total number of WR commands
    CH0_pim_row_conflict: 573
    CH0_pim_q_count: 20544
    CH0_pim_q_p99: 10678
    CH0_pim_q_p50: 2634
    CH0_pim_q_p95: 9290
    CH0_pim_rdlat_p50: 0
    CH0_gpu_wq_count: 0
    CH0_gpu_rdlat_p50: 0
    CH0_pim_wq_mean: 8265.4970138888893
    CH0_active_cycles: 164230  # total number of active cycles
    CH0_pim_rdlat_p95: 0
    CH0_pim_wr_cols: 0
    CH0_pim_rdlat_count: 0
    CH0_pim_rdlat_mean: 0
    CH0_agg_wq_count: 0
    CH0_pim_rdlat_p99: 0
    CH0_gpu_rd_cols: 0
    CH0_gpu_wr_cols: 0
    CH0_num_RD_commands: 0  # total number of RD commands
    CH0_gpu_row_hit: 0
    CH0_gpu_q_mean: 0
    CH0_gpu_q_p95: 0
    CH0_precharged_cycles: 510685  # total number of precharged cycles
    CH0_pim_bus_cycles: 0
    CH0_gpu_q_p99: 0
    CH0_agg_q_p50: 0
    CH0_gpu_rdlat_count: 0
    CH0_gpu_rdlat_mean: 0
    Scheduler:
      impl: FRFCFS
    RefreshManager:
      impl: AllBank



  Controller:
    impl: AiM
    id: Channel 1
    CH1_idle_cycles: 195  # total number of idle cycles
    CH1_agg_rdlat_p95: 0
    CH1_agg_rdlat_p50: 0
    CH1_agg_rdlat_count: 0
    CH1_agg_wq_count: 0
    CH1_agg_q_p99: 0
    CH1_pim_allbank_cols: 34944
    CH1_agg_q_p95: 0
    CH1_agg_q_p50: 0
    CH1_agg_q_mean: 0
    CH1_agg_row_hit: 0
    CH1_agg_rd_cols: 0
    CH1_dru_rdlat_p99: 0
    CH1_dru_rdlat_p50: 0
    CH1_dru_rdlat_mean: 0
    CH1_dru_rdlat_count: 0
    CH1_dru_wq_mean: 0
    CH1_dru_wq_count: 0
    CH1_dru_q_p99: 0
    CH1_dru_q_mean: 0
    CH1_dru_row_conflict: 0
    CH1_dru_bus_cycles: 0
    CH1_agg_wq_mean: 0
    CH1_dru_wr_cols: 0
    CH1_pim_row_hit: 34314
    CH1_dru_q_p50: 0
    CH1_num_PREA_commands: 629  # total number of PREA commands
    CH1_AiM_ISR_EOC_cycles: 0  # total number of AiM ISR_EOC cycles
    CH1_gpu_rd_cols: 0
    CH1_num_REFsb_commands: 0  # total number of REFsb commands
    CH1_agg_rdlat_p99: 0
    CH1_num_REFab_commands: 157  # total number of REFab commands
    CH1_num_ACT_commands: 0  # total number of ACT commands
    CH1_dru_row_hit: 0
    CH1_num_ABWR_commands: 14400  # total number of ABWR commands
    CH1_gpu_rdlat_count: 0
    CH1_dru_q_count: 0
    CH1_pim_rd_cols: 0
    CH1_num_ACT16_commands: 630  # total number of ACT16 commands
    CH1_num_SYNC_commands: 0  # total number of SYNC commands
    CH1_agg_rdlat_mean: 0
    CH1_gpu_wr_cols: 0
    CH1_AiM_ISR_GGM_EXTEND_cycles: 0  # total number of AiM ISR_GGM_EXTEND cycles
    CH1_dru_rdlat_p95: 0
    CH1_num_TMOD_commands: 0  # total number of TMOD commands
    CH1_pim_q_p95: 9290
    CH1_agg_wr_cols: 0
    CH1_pim_wq_mean: 8265.6009027777782
    CH1_num_RDA_commands: 0  # total number of RDA commands
    CH1_precharged_cycles: 510649  # total number of precharged cycles
    CH1_pim_wr_cols: 0
    CH1_dru_row_miss: 0
    CH1_pim_wq_count: 14400
    CH1_R_cycles: 0
    CH1_W_cycles: 0
    CH1_pim_row_miss: 57
    CH1_AiM_ISR_GGM_REDUCE_cycles: 74839  # total number of AiM ISR_GGM_REDUCE cycles
    CH1_pim_allbank_slot_cycles: 104832
    CH1_num_WRA_commands: 0  # total number of WRA commands
    CH1_num_UNKNOWN_commands: 0  # total number of UNKNOWN commands
    CH1_gpu_wq_count: 0
    CH1_gpu_rdlat_p95: 0
    CH1_gpu_bus_cycles: 0
    CH1_AiM_ISR_SYNC_cycles: 0  # total number of AiM ISR_SYNC cycles
    CH1_AiM_ISR_NET_DELAY_cycles: 0  # total number of AiM ISR_NET_DELAY cycles
    CH1_agg_q_count: 0
    CH1_gpu_q_count: 0
    CH1_num_EOC_commands: 0  # total number of EOC commands
    CH1_AiM_ISR_NET_WAIT_cycles: 0  # total number of AiM ISR_NET_WAIT cycles
    CH1_pim_q_count: 20544
    CH1_num_RD_commands: 0  # total number of RD commands
    CH1_num_WR_commands: 0  # total number of WR commands
    CH1_num_ABRD_commands: 20544  # total number of ABRD commands
    CH1_num_PRE_commands: 0  # total number of PRE commands
    CH1_pim_row_conflict: 573
    CH1_gpu_rdlat_p99: 0
    CH1_pim_rdlat_p95: 0
    CH1_dru_q_p95: 0
    CH1_pim_rdlat_mean: 0
    CH1_pim_q_mean: 3288.4431464174454
    CH1_pim_rdlat_count: 0
    CH1_agg_row_conflict: 0
    CH1_pim_q_p50: 2634
    CH1_active_cycles: 164266  # total number of active cycles
    CH1_pim_q_p99: 10678
    CH1_gpu_row_miss: 0
    CH1_pim_rdlat_p50: 0
    CH1_agg_bus_cycles: 0
    CH1_pim_rdlat_p99: 0
    CH1_gpu_row_conflict: 0
    CH1_gpu_row_hit: 0
    CH1_gpu_rdlat_mean: 0
    CH1_agg_row_miss: 0
    CH1_gpu_q_mean: 0
    CH1_pim_bus_cycles: 0
    CH1_gpu_q_p50: 0
    CH1_gpu_q_p95: 0
    CH1_gpu_q_p99: 0
    CH1_dru_rd_cols: 0
    CH1_gpu_wq_mean: 0
    CH1_gpu_rdlat_p50: 0
    Scheduler:
      impl: FRFCFS
    RefreshManager:
      impl: AllBank



